
  EPA STORM WATER MANAGEMENT MODEL - VERSION 5.2 (Build 5.2.4)
  PYSWMM TOOLKIT API - VERSION v1.0 (2026-02-26)
  ------------------------------------------------------------

  WARNING 03: negative offset ignored for Link B-J~4
  WARNING 03: negative offset ignored for Link B-J~5
  WARNING 02: maximum depth increased for Node A-J.1
  WARNING 02: maximum depth increased for Node A-J.2
  WARNING 02: maximum depth increased for Node B-J.1
  WARNING 02: maximum depth increased for Node B-J.2
  WARNING 02: maximum depth increased for Node B-J.3
  WARNING 02: maximum depth increased for Node B-J.4
  WARNING 02: maximum depth increased for Node B-J.5
  WARNING 02: maximum depth increased for Node B-J.6
  WARNING 02: maximum depth increased for Node J-D.1
  WARNING 02: maximum depth increased for Node J-D.2
  WARNING 02: maximum depth increased for Node J-D.3
  
  ****************
  Analysis Options
  ****************
  Flow Units ............... LPS
  Process Models:
    Rainfall/Runoff ........ NO
    RDII ................... NO
    Snowmelt ............... NO
    Groundwater ............ NO
    Flow Routing ........... YES
    Ponding Allowed ........ NO
    Water Quality .......... NO
  Flow Routing Method ...... DYNWAVE
  Surcharge Method ......... SLOT
  Starting Date ............ 01/01/2026 00:00:00
  Ending Date .............. 01/01/2026 02:00:00
  Antecedent Dry Days ...... 0.0
  Report Time Step ......... 00:00:10
  Routing Time Step ........ 0.50 sec
  Variable Time Step ....... YES
  Maximum Trials ........... 8
  Number of Threads ........ 1
  Head Tolerance ........... 0.001524 m
  
  
  **************************        Volume        Volume
  Flow Routing Continuity        hectare-m      10^6 ltr
  **************************     ---------     ---------
  Dry Weather Inflow .......         0.000         0.000
  Wet Weather Inflow .......         0.000         0.000
  Groundwater Inflow .......         0.000         0.000
  RDII Inflow ..............         0.000         0.000
  External Inflow ..........         0.072         0.721
  External Outflow .........         0.067         0.671
  Flooding Loss ............         0.003         0.033
  Evaporation Loss .........         0.000         0.000
  Exfiltration Loss ........         0.000         0.000
  Initial Stored Volume ....         0.000         0.000
  Final Stored Volume ......         0.002         0.017
  Continuity Error (%) .....        -0.010
  
  
  *************************
  Highest Continuity Errors
  *************************
  Node B-J.1 (13.25%)
  Node B-J.2 (9.89%)
  Node B-J.3 (9.42%)
  Node B-J.4 (9.34%)
  Node B-J.5 (7.88%)
  
  
  ***************************
  Time-Step Critical Elements
  ***************************
  None
  
  
  ********************************
  Highest Flow Instability Indexes
  ********************************
  All links are stable.
  
  
  *********************************
  Most Frequent Nonconverging Nodes
  *********************************
  Node OUT (0.08%)
  Node B-J.1 (0.01%)
  Node B-J.2 (0.01%)
  Node B-J.5 (0.01%)
  Node B-J.6 (0.01%)
  
  
  *************************
  Routing Time Step Summary
  *************************
  Minimum Time Step           :     0.50 sec
  Average Time Step           :     0.50 sec
  Maximum Time Step           :     0.50 sec
  % of Time in Steady State   :     0.00
  Average Iterations per Step :     2.03
  % of Steps Not Converging   :     0.08
  Time Step Frequencies       :
      0.500 -  0.500 sec      :   100.00 %
      0.500 -  0.500 sec      :     0.00 %
      0.500 -  0.500 sec      :     0.00 %
      0.500 -  0.500 sec      :     0.00 %
      0.500 -  0.500 sec      :     0.00 %
  
  
  ******************
  Node Depth Summary
  ******************
  
  ---------------------------------------------------------------------------------
                                 Average  Maximum  Maximum  Time of Max    Reported
                                   Depth    Depth      HGL   Occurrence   Max Depth
  Node                 Type       Meters   Meters   Meters  days hr:min      Meters
  ---------------------------------------------------------------------------------
  A-J.1                JUNCTION     3.95     4.02    41.54     0  00:10        4.02
  A-J.2                JUNCTION     3.57     3.65    41.13     0  00:10        3.65
  B-J.1                JUNCTION     1.83     1.90    40.70     0  00:10        1.90
  B-J.2                JUNCTION     2.04     2.12    40.70     0  00:11        2.12
  B-J.3                JUNCTION     2.26     2.33    40.70     0  00:11        2.33
  B-J.4                JUNCTION     2.47     2.54    40.70     0  00:11        2.54
  B-J.5                JUNCTION     2.68     2.76    40.70     0  00:12        2.76
  B-J.6                JUNCTION     2.90     2.97    40.70     0  00:10        2.97
  J-D.1                JUNCTION     2.76     2.83    40.22     0  00:10        2.83
  J-D.2                JUNCTION     2.32     2.37    39.71     0  00:10        2.37
  J-D.3                JUNCTION     1.85     1.89    39.18     0  00:10        1.89
  A                    STORAGE      4.31     4.38    41.95     0  00:07        4.38
  B                    STORAGE      1.62     1.69    40.70     0  00:09        1.69
  J                    STORAGE      3.19     3.26    40.70     0  00:10        3.26
  D                    STORAGE      1.39     1.42    38.63     0  00:10        1.42
  OUT                  OUTFALL      0.22     0.23    37.33     0  00:04        0.22
  
  
  *******************
  Node Inflow Summary
  *******************
  
  -------------------------------------------------------------------------------------------------
                                  Maximum  Maximum                  Lateral       Total        Flow
                                  Lateral    Total  Time of Max      Inflow      Inflow     Balance
                                   Inflow   Inflow   Occurrence      Volume      Volume       Error
  Node                 Type           LPS      LPS  days hr:min    10^6 ltr    10^6 ltr     Percent
  -------------------------------------------------------------------------------------------------
  A-J.1                JUNCTION      0.02    98.06     0  00:07    0.000146       0.682       0.073
  A-J.2                JUNCTION      0.02    98.02     0  00:07    0.000146       0.681       0.097
  B-J.1                JUNCTION      0.02    12.51     0  00:02     0.00014     0.00207      15.272
  B-J.2                JUNCTION      0.02    12.81     0  00:02     0.00014     0.00243      10.980
  B-J.3                JUNCTION      0.02    13.42     0  00:01     0.00014     0.00281      10.399
  B-J.4                JUNCTION      0.02    14.37     0  00:01     0.00014     0.00323      10.303
  B-J.5                JUNCTION      0.02    15.16     0  00:01     0.00014     0.00363       8.557
  B-J.6                JUNCTION      0.02    16.78     0  00:01     0.00014       0.004       6.713
  J-D.1                JUNCTION      0.02    95.21     0  00:10    0.000156       0.675       0.104
  J-D.2                JUNCTION      0.02    95.24     0  00:10    0.000156       0.675       0.102
  J-D.3                JUNCTION      0.02    95.26     0  00:10    0.000156       0.674       0.141
  A                    STORAGE      99.89    99.89     0  00:00       0.719       0.719       0.102
  B                    STORAGE       0.02    11.72     0  00:02     0.00014     0.00167       5.044
  J                    STORAGE       0.02    97.99     0  00:07    0.000156       0.682       0.129
  D                    STORAGE       0.00    95.26     0  00:10           0       0.673       0.123
  OUT                  OUTFALL       0.00    95.25     0  00:10           0       0.671       0.000
  
  
  **********************
  Node Surcharge Summary
  **********************
  
  Surcharging occurs when water rises above the top of the highest conduit.
  ---------------------------------------------------------------------
                                               Max. Height   Min. Depth
                                   Hours       Above Crown    Below Rim
  Node                 Type      Surcharged         Meters       Meters
  ---------------------------------------------------------------------
  A-J.1                JUNCTION        2.00          3.797        0.000
  A-J.2                JUNCTION        1.99          3.425        0.000
  B-J.1                JUNCTION        1.96          1.751        0.000
  B-J.2                JUNCTION        1.96          1.966        0.000
  B-J.3                JUNCTION        1.97          2.180        0.000
  B-J.4                JUNCTION        1.97          2.394        0.000
  B-J.5                JUNCTION        1.98          2.608        0.000
  B-J.6                JUNCTION        1.98          2.823        0.000
  J-D.1                JUNCTION        1.99          2.605        0.000
  J-D.2                JUNCTION        1.98          2.149        0.000
  J-D.3                JUNCTION        1.98          1.669        0.000
  
  
  *********************
  Node Flooding Summary
  *********************
  
  Flooding refers to all water that overflows a node, whether it ponds or not.
  --------------------------------------------------------------------------
                                                             Total   Maximum
                                 Maximum   Time of Max       Flood    Ponded
                        Hours       Rate    Occurrence      Volume     Depth
  Node                 Flooded       LPS   days hr:min    10^6 ltr    Meters
  --------------------------------------------------------------------------
  A                       1.88      4.92      0  00:10       0.033     0.000
  
  
  **********************
  Storage Volume Summary
  **********************
  
  ------------------------------------------------------------------------------------------------
                         Average    Avg   Evap  Exfil     Maximum    Max    Time of Max    Maximum
                          Volume   Pcnt   Pcnt   Pcnt      Volume   Pcnt     Occurrence    Outflow
  Storage Unit           1000 m³   Full   Loss   Loss     1000 m³   Full    days hr:min        LPS
  ------------------------------------------------------------------------------------------------
  A                        0.004   98.3    0.0    0.0       0.004  100.0       0  00:07      98.04
  B                        0.001   61.1    0.0    0.0       0.001   63.6       0  00:09       0.07
  J                        0.003   71.0    0.0    0.0       0.003   72.7       0  00:10      96.22
  D                        0.001   29.5    0.0    0.0       0.001   30.3       0  00:10      95.25
  
  
  ***********************
  Outfall Loading Summary
  ***********************
  
  -----------------------------------------------------------
                         Flow       Avg       Max       Total
                         Freq      Flow      Flow      Volume
  Outfall Node           Pcnt       LPS       LPS    10^6 ltr
  -----------------------------------------------------------
  OUT                   99.09     94.06     95.25       0.671
  -----------------------------------------------------------
  System                99.09     94.06     95.25       0.671
  
  
  ********************
  Link Flow Summary
  ********************
  
  -----------------------------------------------------------------------------
                                 Maximum  Time of Max   Maximum    Max/    Max/
                                  |Flow|   Occurrence   |Veloc|    Full    Full
  Link                 Type          LPS  days hr:min     m/sec    Flow   Depth
  -----------------------------------------------------------------------------
  A-J~0                CONDUIT     98.04     0  00:07      2.47    3.79    1.00
  A-J~1                CONDUIT     98.00     0  00:07      2.46    3.81    1.00
  A-J~2                CONDUIT     97.97     0  00:07      2.46    3.78    1.00
  B-J~0                CONDUIT     11.70     0  00:02      0.66    0.60    1.00
  B-J~1                CONDUIT     12.48     0  00:02      0.71    0.64    1.00
  B-J~2                CONDUIT     12.77     0  00:02      0.72    0.65    1.00
  B-J~3                CONDUIT     13.37     0  00:01      0.76    0.68    1.00
  B-J~4                CONDUIT     14.33     0  00:01      0.81    0.73    1.00
  B-J~5                CONDUIT     15.12     0  00:01      0.86    0.77    1.00
  B-J~6                CONDUIT     16.75     0  00:01      0.95    0.86    1.00
  J-D~0                CONDUIT     95.19     0  00:10      2.39    3.67    1.00
  J-D~1                CONDUIT     95.21     0  00:10      2.39    3.67    1.00
  J-D~2                CONDUIT     95.23     0  00:10      2.40    3.68    1.00
  J-D~3                CONDUIT     95.26     0  00:10      2.40    3.68    1.00
  D-out                CONDUIT     95.25     0  00:10      2.40    3.66    1.00
  
  
  ***************************
  Flow Classification Summary
  ***************************
  
  -------------------------------------------------------------------------------------
                      Adjusted    ---------- Fraction of Time in Flow Class ---------- 
                       /Actual         Up    Down  Sub   Sup   Up    Down  Norm  Inlet 
  Conduit               Length    Dry  Dry   Dry   Crit  Crit  Crit  Crit  Ltd   Ctrl  
  -------------------------------------------------------------------------------------
  A-J~0                   1.00   0.00  0.00  0.00  1.00  0.00  0.00  0.00  0.00  0.00
  A-J~1                   1.00   0.00  0.00  0.00  1.00  0.00  0.00  0.00  0.00  0.00
  A-J~2                   1.00   0.00  0.00  0.00  1.00  0.00  0.00  0.00  0.00  0.00
  B-J~0                   1.00   0.00  0.00  0.00  1.00  0.00  0.00  0.00  0.02  0.00
  B-J~1                   1.00   0.00  0.00  0.00  1.00  0.00  0.00  0.00  0.02  0.00
  B-J~2                   1.00   0.00  0.00  0.00  0.99  0.01  0.00  0.00  0.02  0.00
  B-J~3                   1.00   0.00  0.00  0.00  0.99  0.01  0.00  0.00  0.00  0.00
  B-J~4                   1.00   0.00  0.00  0.00  0.99  0.01  0.00  0.00  0.00  0.00
  B-J~5                   1.00   0.00  0.00  0.00  1.00  0.00  0.00  0.00  0.00  0.00
  B-J~6                   1.00   0.00  0.00  0.00  0.99  0.00  0.00  0.00  0.00  0.00
  J-D~0                   1.00   0.00  0.00  0.00  1.00  0.00  0.00  0.00  0.00  0.00
  J-D~1                   1.00   0.00  0.00  0.00  1.00  0.00  0.00  0.00  0.00  0.00
  J-D~2                   1.00   0.00  0.00  0.00  1.00  0.00  0.00  0.00  0.00  0.00
  J-D~3                   1.00   0.00  0.00  0.00  0.99  0.00  0.00  0.01  0.00  0.00
  D-out                   1.00   0.00  0.00  0.00  1.00  0.00  0.00  0.00  0.00  0.00
  
  
  *************************
  Conduit Surcharge Summary
  *************************
  
  ----------------------------------------------------------------------------
                                                           Hours        Hours 
                         --------- Hours Full --------   Above Full   Capacity
  Conduit                Both Ends  Upstream  Dnstream   Normal Flow   Limited
  ----------------------------------------------------------------------------
  A-J~0                       2.00      2.00      2.00      2.00         2.00
  A-J~1                       1.99      2.00      1.99      2.00         1.99
  A-J~2                       1.99      1.99      1.99      1.99         1.99
  B-J~0                       1.95      1.95      1.96      0.01         0.01
  B-J~1                       1.96      1.96      1.96      0.01         0.01
  B-J~2                       1.96      1.96      1.97      0.01         0.01
  B-J~3                       1.97      1.97      1.97      0.01         0.01
  B-J~4                       1.97      1.97      1.98      0.01         0.01
  B-J~5                       1.98      1.98      1.98      0.01         0.01
  B-J~6                       1.98      1.98      1.99      0.01         0.01
  J-D~0                       1.99      1.99      1.99      1.99         1.99
  J-D~1                       1.98      1.99      1.98      1.99         1.99
  J-D~2                       1.98      1.98      1.98      1.98         1.98
  J-D~3                       1.97      1.98      1.97      1.98         1.98
  D-out                       1.93      1.97      1.93      1.97         1.97
  

  Analysis begun on:  Wed Sep 16 00:41:45 2026
  Analysis ended on:  Wed Sep 16 00:41:46 2026
  Total elapsed time: 00:00:01