
  EPA STORM WATER MANAGEMENT MODEL - VERSION 5.2 (Build 5.2.4)
  PYSWMM TOOLKIT API - VERSION v1.0 (2026-02-26)
  ------------------------------------------------------------

  WARNING 08: elevation drop exceeds length for Conduit N779>MH4428606
  
  ****************
  Analysis Options
  ****************
  Flow Units ............... LPS
  Process Models:
    Rainfall/Runoff ........ NO
    RDII ................... NO
    Snowmelt ............... NO
    Groundwater ............ NO
    Flow Routing ........... YES
    Ponding Allowed ........ NO
    Water Quality .......... NO
  Flow Routing Method ...... DYNWAVE
  Surcharge Method ......... SLOT
  Starting Date ............ 01/01/2026 00:00:00
  Ending Date .............. 01/01/2026 08:00:00
  Antecedent Dry Days ...... 0.0
  Report Time Step ......... 00:00:10
  Routing Time Step ........ 0.50 sec
  Variable Time Step ....... YES
  Maximum Trials ........... 8
  Number of Threads ........ 1
  Head Tolerance ........... 0.001524 m
  
  
  **************************        Volume        Volume
  Flow Routing Continuity        hectare-m      10^6 ltr
  **************************     ---------     ---------
  Dry Weather Inflow .......         0.000         0.000
  Wet Weather Inflow .......         0.000         0.000
  Groundwater Inflow .......         0.000         0.000
  RDII Inflow ..............         0.000         0.000
  External Inflow ..........         0.122         1.222
  External Outflow .........         0.083         0.834
  Flooding Loss ............         0.023         0.228
  Evaporation Loss .........         0.000         0.000
  Exfiltration Loss ........         0.000         0.000
  Initial Stored Volume ....         0.000         0.001
  Final Stored Volume ......         0.015         0.154
  Continuity Error (%) .....         0.645
  
  
  *************************
  Highest Continuity Errors
  *************************
  Node MH4449882 (12.55%)
  Node MH4447346 (9.93%)
  Node N915 (7.73%)
  Node MH4447128 (6.58%)
  Node MH4449866 (5.98%)
  
  
  ***************************
  Time-Step Critical Elements
  ***************************
  Link N779>MH4428606 (98.61%)
  Link N644>MH4429136 (1.39%)
  
  
  ********************************
  Highest Flow Instability Indexes
  ********************************
  Link N644>MH4429136 (8)
  
  
  *********************************
  Most Frequent Nonconverging Nodes
  *********************************
  Convergence obtained at all time steps.
  
  
  *************************
  Routing Time Step Summary
  *************************
  Minimum Time Step           :     0.50 sec
  Average Time Step           :     0.50 sec
  Maximum Time Step           :     0.50 sec
  % of Time in Steady State   :     0.00
  Average Iterations per Step :     2.06
  % of Steps Not Converging   :     0.00
  Time Step Frequencies       :
      0.500 -  0.500 sec      :   100.00 %
      0.500 -  0.500 sec      :     0.00 %
      0.500 -  0.500 sec      :     0.00 %
      0.500 -  0.500 sec      :     0.00 %
      0.500 -  0.500 sec      :     0.00 %
  
  
  ******************
  Node Depth Summary
  ******************
  
  ---------------------------------------------------------------------------------
                                 Average  Maximum  Maximum  Time of Max    Reported
                                   Depth    Depth      HGL   Occurrence   Max Depth
  Node                 Type       Meters   Meters   Meters  days hr:min      Meters
  ---------------------------------------------------------------------------------
  N10                  JUNCTION     0.01     0.01    49.79     0  00:36        0.01
  N13                  JUNCTION     0.34     0.43    42.49     0  08:00        0.43
  N22                  JUNCTION     0.01     0.01    43.36     0  00:39        0.01
  N25                  JUNCTION     1.79     1.97    41.61     0  08:00        1.97
  N43                  JUNCTION     2.02     2.22    42.21     0  08:00        2.22
  N85                  JUNCTION     0.02     0.02    51.81     0  00:40        0.02
  N97                  JUNCTION     2.31     2.41    40.58     0  08:00        2.41
  N113                 JUNCTION     0.01     0.01    50.51     0  01:01        0.01
  N124                 JUNCTION     0.02     0.02    41.79     0  00:57        0.02
  N166                 JUNCTION     0.03     0.03    46.14     0  00:52        0.03
  N168                 JUNCTION     0.02     0.02    44.38     0  00:37        0.02
  N188                 JUNCTION     0.16     0.21    41.63     0  08:00        0.21
  N197                 JUNCTION     2.58     2.64    40.33     0  08:00        2.64
  N198                 JUNCTION     0.56     0.64    40.96     0  08:00        0.64
  N212                 JUNCTION     0.01     0.01    56.46     0  00:01        0.01
  N258                 JUNCTION     0.68     0.80    41.60     0  08:00        0.80
  N265                 JUNCTION     1.59     1.69    40.65     0  08:00        1.69
  N272                 JUNCTION     0.01     0.01    40.76     0  00:01        0.01
  N274                 JUNCTION     0.01     0.01    56.74     0  00:30        0.01
  N275                 JUNCTION     0.01     0.01    55.99     0  00:30        0.01
  N303                 JUNCTION     0.01     0.01    42.64     0  00:48        0.01
  N325                 JUNCTION     1.14     1.23    40.71     0  08:00        1.23
  N327                 JUNCTION     1.02     1.17    41.83     0  08:00        1.17
  N328                 JUNCTION     2.46     2.62    41.06     0  08:00        2.62
  N379                 JUNCTION     0.82     0.90    40.64     0  08:00        0.90
  N397                 JUNCTION     0.05     0.05    42.01     0  02:15        0.05
  N460                 JUNCTION     1.04     1.13    40.67     0  08:00        1.13
  N467                 JUNCTION     0.00     0.00    57.63     0  00:20        0.00
  N468                 JUNCTION     0.01     0.01    55.81     0  00:21        0.01
  N483                 JUNCTION     0.01     0.01    41.22     0  00:00        0.01
  N491                 JUNCTION     0.01     0.01    53.97     0  00:23        0.01
  N492                 JUNCTION     0.01     0.01    52.82     0  00:20        0.01
  N515                 JUNCTION     0.01     0.01    58.31     0  00:44        0.01
  N542                 JUNCTION     0.01     0.01    45.29     0  00:23        0.01
  N552                 JUNCTION     0.75     0.87    41.26     0  08:00        0.87
  N562                 JUNCTION     0.04     0.04    42.91     0  00:40        0.04
  N563                 JUNCTION     0.04     0.04    41.47     0  00:47        0.04
  N566                 JUNCTION     0.02     0.02    45.78     0  01:17        0.02
  N578                 JUNCTION     2.24     2.43    41.70     0  08:00        2.43
  N582                 JUNCTION     1.51     1.54    40.19     0  08:00        1.54
  N599                 JUNCTION     2.38     2.56    41.32     0  08:00        2.56
  N644                 JUNCTION     1.57     1.76    42.48     0  08:00        1.76
  N647                 JUNCTION     0.02     0.02    55.81     0  00:44        0.02
  N655                 JUNCTION     0.01     0.01    43.33     0  01:15        0.01
  N656                 JUNCTION     0.01     0.01    42.35     0  02:40        0.01
  N659                 JUNCTION     0.01     0.01    44.09     0  00:15        0.01
  N660                 JUNCTION     0.01     0.01    42.43     0  00:26        0.01
  N675                 JUNCTION     1.86     2.03    41.51     0  08:00        2.03
  N676                 JUNCTION     0.85     0.95    40.96     0  08:00        0.95
  N687                 JUNCTION     0.01     0.01    43.67     0  00:07        0.01
  N688                 JUNCTION     0.01     0.01    43.01     0  00:02        0.01
  N693                 JUNCTION     1.50     1.67    41.54     0  08:00        1.67
  N695                 JUNCTION     0.01     0.01    47.88     0  00:25        0.01
  N702                 JUNCTION     0.08     0.09    40.37     0  08:00        0.09
  N711                 JUNCTION     1.97     2.08    40.62     0  08:00        2.08
  N722                 JUNCTION     0.02     0.02    46.68     0  00:36        0.02
  N751                 JUNCTION     0.01     0.01    52.37     0  00:25        0.01
  N779                 JUNCTION     0.00     0.00    44.72     0  00:00        0.00
  N781                 JUNCTION     0.42     0.51    41.25     0  08:00        0.51
  N799                 JUNCTION     0.01     0.01    40.99     0  01:08        0.01
  N816                 JUNCTION     0.01     0.01    46.54     0  00:40        0.01
  N829                 JUNCTION     0.80     0.92    41.26     0  08:00        0.92
  N842                 JUNCTION     0.02     0.02    42.99     0  00:38        0.02
  N849                 JUNCTION     1.00     1.05    40.30     0  00:34        1.05
  N853                 JUNCTION     0.08     0.11    40.96     0  08:00        0.11
  N857                 JUNCTION     0.02     0.02    51.40     0  00:51        0.02
  N862                 JUNCTION     0.01     0.01    41.63     0  00:11        0.01
  N863                 JUNCTION     0.01     0.01    41.51     0  02:32        0.01
  N870                 JUNCTION     0.05     0.05    42.86     0  01:22        0.05
  N914                 JUNCTION     0.36     0.42    40.77     0  08:00        0.42
  N915                 JUNCTION     0.81     0.95    41.95     0  08:00        0.95
  N916                 JUNCTION     0.01     0.01    42.99     0  00:22        0.01
  N924                 JUNCTION     0.03     0.04    42.40     0  00:00        0.04
  N930                 JUNCTION     2.05     2.19    40.95     0  08:00        2.19
  N931                 JUNCTION     0.19     0.25    41.26     0  08:00        0.25
  N954                 JUNCTION     0.35     0.43    41.97     0  08:00        0.43
  N956                 JUNCTION     1.29     1.34    40.29     0  00:33        1.34
  N957                 JUNCTION     0.01     0.01    50.57     0  00:38        0.01
  N975                 JUNCTION     0.04     0.04    40.19     0  08:00        0.04
  N976                 JUNCTION     0.21     0.23    40.19     0  07:59        0.23
  N978                 JUNCTION     0.01     0.01    51.14     0  00:22        0.01
  N984                 JUNCTION     0.01     0.01    41.10     0  00:02        0.01
  N1003                JUNCTION     0.02     0.02    43.36     0  01:03        0.02
  N1007                JUNCTION     0.46     0.55    41.25     0  08:00        0.55
  MH4428367            STORAGE      0.01     0.01    47.08     0  00:37        0.01
  MH4428606            STORAGE      0.03     0.03    43.59     0  03:09        0.03
  MH4447602            STORAGE      0.02     0.02    42.68     0  01:54        0.02
  MH4429312            STORAGE      1.31     1.48    41.76     0  08:00        1.48
  MH4429136            STORAGE      1.83     2.03    42.48     0  08:00        2.03
  MH4448345            STORAGE      2.40     2.57    41.23     0  08:00        2.57
  MH4448419            STORAGE      2.48     2.65    41.21     0  08:00        2.65
  MH4427688            STORAGE      0.03     0.03    48.70     0  00:51        0.03
  MH4448853            STORAGE      2.14     2.25    40.60     0  08:00        2.25
  MH4428026            STORAGE      0.02     0.02    48.11     0  01:11        0.02
  MH4429035            STORAGE      0.01     0.01    43.31     0  00:57        0.01
  MH4449704            STORAGE      1.39     1.54    41.26     0  08:00        1.54
  MH4449118            STORAGE      1.89     2.06    41.25     0  08:00        2.06
  MH4447128            STORAGE      1.12     1.24    40.96     0  08:00        1.24
  MH4447726            STORAGE      1.65     1.79    40.96     0  08:00        1.79
  MH4428268            STORAGE      0.05     0.05    43.73     0  01:19        0.05
  MH4428636            STORAGE      0.06     0.07    42.02     0  08:00        0.07
  MH4447880            STORAGE      0.35     0.44    41.62     0  08:00        0.44
  MH4449785            STORAGE      2.55     2.65    40.57     0  08:00        2.65
  MH4447416            STORAGE      1.01     1.12    40.96     0  08:00        1.12
  MH4427425            STORAGE      0.01     0.01    55.81     0  01:06        0.01
  MH4449173            STORAGE      2.52     2.66    40.91     0  08:00        2.66
  MH4428713            STORAGE      0.03     0.03    40.67     0  08:00        0.03
  MH4428995            STORAGE      0.75     0.82    40.67     0  08:00        0.82
  MH4429357            STORAGE      1.33     1.43    40.66     0  08:00        1.43
  MH4449860            STORAGE      0.01     0.01    40.56     0  00:55        0.01
  MH4428765            STORAGE      0.01     0.01    40.85     0  00:50        0.01
  MH4429013            STORAGE      0.67     0.79    41.91     0  08:00        0.79
  MH8963773            STORAGE      1.77     1.88    40.63     0  08:00        1.88
  MH4426971            STORAGE      0.01     0.01    57.44     0  00:27        0.01
  MH4429645            STORAGE      0.04     0.04    42.21     0  01:55        0.04
  MH4449103            STORAGE      2.45     2.59    40.95     0  08:00        2.59
  MH4449849            STORAGE      2.27     2.36    40.52     0  08:00        2.36
  MH4447394            STORAGE      2.35     2.53    41.48     0  08:00        2.53
  MH4428426            STORAGE      0.01     0.01    49.22     0  00:34        0.01
  MH4428245            STORAGE      0.02     0.02    47.76     0  00:56        0.02
  MH4449882            STORAGE      1.34     1.49    41.26     0  08:00        1.49
  MH4429320            STORAGE      0.01     0.01    41.13     0  00:32        0.01
  MH4426673            STORAGE      0.01     0.01    59.15     0  00:39        0.01
  MH4428836            STORAGE      0.29     0.35    40.82     0  08:00        0.35
  MH4429107            STORAGE      0.92     1.01    40.76     0  08:00        1.01
  MH4448392            STORAGE      0.02     0.02    42.78     0  00:54        0.02
  MH4448813            STORAGE      0.02     0.02    42.19     0  01:51        0.02
  MH4427309            STORAGE      0.01     0.01    54.82     0  07:59        0.01
  MH4428797            STORAGE      0.02     0.02    44.06     0  01:21        0.02
  MH4449977            STORAGE      0.14     0.18    41.27     0  08:00        0.18
  MH4450193            STORAGE      2.59     2.63    40.19     0  08:00        2.63
  MH4428800            STORAGE      0.01     0.01    45.26     0  00:39        0.01
  MH4429411            STORAGE      0.20     0.27    42.48     0  08:00        0.27
  MH4427312            STORAGE      0.02     0.02    54.04     0  00:53        0.02
  MH4450100            STORAGE      0.01     0.01    40.33     0  00:55        0.01
  MH4450180            STORAGE      1.26     1.32    40.29     0  00:34        1.32
  MH4429471            STORAGE      0.50     0.58    40.96     0  08:00        0.58
  MH4429499            STORAGE      2.20     2.40    41.95     0  08:00        2.40
  MH4428146            STORAGE      0.02     0.02    45.05     0  00:36        0.02
  MH4450167            STORAGE      1.68     1.75    40.37     0  08:00        1.75
  MH4427714            STORAGE      0.01     0.01    49.74     0  00:36        0.01
  MH4450332            STORAGE      1.45     1.51    40.29     0  00:33        1.51
  MH4426979            STORAGE      0.01     0.01    57.48     0  00:51        0.01
  MH4427849            STORAGE      0.02     0.02    50.28     0  00:52        0.02
  MH4447346            STORAGE      0.39     0.46    40.96     0  08:00        0.46
  MH4427659            STORAGE      0.01     0.01    54.08     0  00:25        0.01
  MH4428583            STORAGE      0.03     0.03    41.00     0  01:13        0.03
  MH4427741            STORAGE      0.01     0.01    52.40     0  01:06        0.01
  MH4428137            STORAGE      0.02     0.02    44.44     0  00:37        0.02
  MH4449866            STORAGE      0.71     0.74    40.19     0  08:00        0.74
  MH4448929            STORAGE      1.15     1.30    41.56     0  08:00        1.30
  MH4428067            STORAGE      0.01     0.01    52.16     0  00:36        0.01
  MH4449503            STORAGE      0.03     0.03    41.67     0  01:43        0.03
  MH4428188            STORAGE      0.03     0.03    43.96     0  00:42        0.03
  MH4447452            STORAGE      1.78     1.89    40.63     0  08:00        1.89
  X385                 OUTFALL      0.01     0.01    57.02     0  00:29        0.01
  OUT                  OUTFALL      2.61     2.61    40.04     0  00:00        2.61
  X570                 OUTFALL      0.01     0.01    53.31     0  00:00        0.01
  X902                 OUTFALL      0.00     0.00    58.33     0  00:39        0.00
  
  
  *******************
  Node Inflow Summary
  *******************
  
  -------------------------------------------------------------------------------------------------
                                  Maximum  Maximum                  Lateral       Total        Flow
                                  Lateral    Total  Time of Max      Inflow      Inflow     Balance
                                   Inflow   Inflow   Occurrence      Volume      Volume       Error
  Node                 Type           LPS      LPS  days hr:min    10^6 ltr    10^6 ltr     Percent
  -------------------------------------------------------------------------------------------------
  N10                  JUNCTION      0.20     0.42     0  00:36     0.00576      0.0122       0.221
  N13                  JUNCTION      0.23     2.02     0  01:04     0.00676      0.0577       2.648
  N22                  JUNCTION      0.14     0.14     0  00:00     0.00396     0.00396       0.303
  N25                  JUNCTION      0.29     7.76     0  08:00     0.00834       0.213       0.801
  N43                  JUNCTION      0.24    11.42     0  08:00     0.00699       0.321       0.455
  N85                  JUNCTION      0.21     0.82     0  00:32     0.00596      0.0236       0.394
  N97                  JUNCTION      0.14    25.11     0  00:03     0.00416        0.24       1.180
  N113                 JUNCTION      0.19     0.66     0  01:00     0.00535       0.019       0.165
  N124                 JUNCTION      0.20     0.66     0  00:57     0.00564      0.0189       0.440
  N166                 JUNCTION      0.31     2.73     0  00:47     0.00901      0.0778       0.265
  N168                 JUNCTION      0.16     0.78     0  00:36     0.00458      0.0225       0.279
  N188                 JUNCTION      0.09     3.08     0  02:04     0.00267      0.0881       1.069
  N197                 JUNCTION      0.17    75.56     0  00:00     0.00489       0.862       0.320
  N198                 JUNCTION      0.17     1.36     0  00:44     0.00497      0.0118       3.418
  N212                 JUNCTION      0.09     0.09     0  00:00     0.00256     0.00256       0.086
  N258                 JUNCTION      0.22     3.91     0  00:57     0.00629       0.109       1.112
  N265                 JUNCTION      0.23    20.69     0  00:14     0.00676       0.197       1.670
  N272                 JUNCTION      0.09     0.09     0  00:00     0.00256     0.00256       0.083
  N274                 JUNCTION      0.11     0.17     0  00:27     0.00304     0.00477       0.204
  N275                 JUNCTION      0.15     0.32     0  00:30     0.00443     0.00919       0.228
  N303                 JUNCTION      0.25     0.25     0  00:00     0.00729     0.00729       0.472
  N325                 JUNCTION      0.13     9.76     0  00:18     0.00372        0.15       0.661
  N327                 JUNCTION      0.15     6.54     0  00:38     0.00444       0.182       0.586
  N328                 JUNCTION      0.18    27.81     0  08:00     0.00511        0.74       0.300
  N379                 JUNCTION      0.16     3.44     0  00:20     0.00471     0.00507       6.522
  N397                 JUNCTION      0.28     2.98     0  01:54     0.00806      0.0857       0.241
  N460                 JUNCTION      0.19     8.91     0  00:19     0.00551      0.0363       3.521
  N467                 JUNCTION      0.05     0.05     0  00:00     0.00145     0.00145       0.028
  N468                 JUNCTION      0.19     0.24     0  00:03     0.00537     0.00682       0.209
  N483                 JUNCTION      0.06     0.06     0  00:00     0.00179     0.00179       0.064
  N491                 JUNCTION      0.12     0.12     0  00:00     0.00346     0.00346       0.078
  N492                 JUNCTION      0.21     0.33     0  00:09     0.00605     0.00951       0.207
  N515                 JUNCTION      0.14     0.32     0  00:39     0.00404     0.00914       0.365
  N542                 JUNCTION      0.07     0.07     0  00:00      0.0021      0.0021       0.192
  N552                 JUNCTION      0.16     3.27     0  00:34     0.00464      0.0354       3.190
  N562                 JUNCTION      0.30     2.87     0  00:37     0.00855      0.0823       0.254
  N563                 JUNCTION      0.17     3.04     0  00:38     0.00494       0.087       0.350
  N566                 JUNCTION      0.10     1.20     0  01:11     0.00301      0.0342       0.216
  N578                 JUNCTION      0.17    12.16     0  08:00     0.00479       0.336       0.486
  N582                 JUNCTION      0.13    17.64     0  00:01     0.00365      0.0127       5.893
  N599                 JUNCTION      0.15    26.84     0  00:11     0.00436        0.67       0.384
  N644                 JUNCTION      8.64     8.64     0  00:00       0.249       0.249       0.003
  N647                 JUNCTION      0.16     0.68     0  00:51     0.00448      0.0194       0.344
  N655                 JUNCTION      0.19     0.29     0  01:25     0.00546     0.00839       0.259
  N656                 JUNCTION      0.14     0.43     0  01:02     0.00407      0.0124       0.286
  N659                 JUNCTION      0.14     0.14     0  00:00     0.00398     0.00398       0.145
  N660                 JUNCTION      0.14     0.28     0  00:14     0.00417     0.00814       0.253
  N675                 JUNCTION      0.17     5.45     0  00:21     0.00475       0.119       0.941
  N676                 JUNCTION      0.09     1.37     0  00:26     0.00245     0.00263       5.465
  N687                 JUNCTION      0.10     0.10     0  00:00     0.00274     0.00274       0.075
  N688                 JUNCTION      0.22     0.31     0  00:07     0.00623     0.00897       0.195
  N693                 JUNCTION      0.14     7.25     0  00:20     0.00408       0.115       0.893
  N695                 JUNCTION      0.17     0.44     0  00:14     0.00497      0.0127       0.251
  N702                 JUNCTION      0.11     0.15     0  00:34     0.00316     0.00316       3.631
  N711                 JUNCTION      0.27    17.51     0  00:07      0.0077       0.223       1.503
  N722                 JUNCTION      0.19     0.74     0  00:34     0.00546      0.0211       0.223
  N751                 JUNCTION      0.18     0.18     0  00:00     0.00517     0.00517       0.223
  N779                 JUNCTION      0.14     0.14     0  00:00     0.00412     0.00412      -0.000
  N781                 JUNCTION      0.31     0.76     0  00:50     0.00886       0.009       4.909
  N799                 JUNCTION      0.17     0.17     0  00:00     0.00487     0.00487       0.897
  N816                 JUNCTION      0.20     0.47     0  00:34      0.0058      0.0136       0.290
  N829                 JUNCTION      0.14     1.09     0  00:32     0.00399     0.00415       6.262
  N842                 JUNCTION      0.25     0.93     0  00:36     0.00728      0.0266       0.287
  N849                 JUNCTION      0.08     2.31     0  00:15     0.00222      0.0024       5.344
  N853                 JUNCTION      0.17     0.34     0  00:32     0.00486     0.00975       3.107
  N857                 JUNCTION      0.18     1.26     0  00:45     0.00506       0.036       0.205
  N862                 JUNCTION      0.06     0.06     0  00:00     0.00169     0.00169       0.104
  N863                 JUNCTION      0.17     0.23     0  00:10     0.00481      0.0065       0.207
  N870                 JUNCTION      0.18     4.28     0  01:04     0.00516       0.122       0.205
  N914                 JUNCTION      0.26     1.46     0  00:59     0.00746      0.0418       3.555
  N915                 JUNCTION      0.09     1.83     0  00:38     0.00254      0.0121       8.377
  N916                 JUNCTION      0.11     0.11     0  00:00     0.00324     0.00324       0.158
  N924                 JUNCTION      2.29     2.29     0  00:00       0.066       0.066       0.025
  N930                 JUNCTION      0.23     8.23     0  00:11     0.00664      0.0554       2.439
  N931                 JUNCTION      0.25     0.25     0  00:00     0.00724     0.00724       5.758
  N954                 JUNCTION      0.15     5.40     0  01:09     0.00437       0.153       0.644
  N956                 JUNCTION      0.05     2.38     0  00:11     0.00154     0.00168       8.447
  N957                 JUNCTION      0.26     0.26     0  00:00     0.00736     0.00736       0.384
  N975                 JUNCTION      0.06     0.06     0  00:00     0.00181     0.00181       1.091
  N976                 JUNCTION      0.09     0.80     0  00:19     0.00255     0.00444       5.457
  N978                 JUNCTION      0.27     0.27     0  00:00      0.0077      0.0077       0.146
  N984                 JUNCTION      0.20     0.20     0  00:00      0.0059      0.0059       0.205
  N1003                JUNCTION      0.10     0.10     0  00:00     0.00295     0.00295       0.636
  N1007                JUNCTION      0.25     0.62     0  00:48     0.00715     0.00725       4.537
  MH4428367            STORAGE       0.20     0.62     0  00:33     0.00576      0.0179       0.217
  MH4428606            STORAGE       0.24     1.79     0  03:04     0.00693      0.0512       0.408
  MH4447602            STORAGE       0.20     0.34     0  00:39     0.00578     0.00973       1.052
  MH4429312            STORAGE       0.27     7.47     0  00:30     0.00773       0.208       0.941
  MH4429136            STORAGE       0.24    13.50     0  00:23     0.00703       0.319       0.979
  MH4448345            STORAGE       0.02    27.44     0  08:00    0.000477       0.739       0.338
  MH4448419            STORAGE       0.19    27.63     0  08:00     0.00549       0.735       0.159
  MH4427688            STORAGE       0.34     2.41     0  00:46     0.00968       0.069       0.235
  MH4448853            STORAGE       0.28    22.25     0  00:05       0.008       0.235       1.292
  MH4428026            STORAGE       0.17     1.09     0  01:01     0.00494      0.0313       0.161
  MH4429035            STORAGE       0.22     0.46     0  00:39     0.00621      0.0133       0.417
  MH4449704            STORAGE       0.21     8.05     0  00:23     0.00615      0.0568       5.123
  MH4449118            STORAGE       0.23    11.64     0  00:18     0.00659      0.0791       4.938
  MH4447128            STORAGE       0.28     5.30     0  00:20     0.00817      0.0283       7.045
  MH4447726            STORAGE       0.23     8.58     0  00:15     0.00669      0.0506       4.820
  MH4428268            STORAGE       0.18     4.10     0  01:19     0.00524       0.117       0.246
  MH4428636            STORAGE       0.18     5.25     0  01:21     0.00515       0.149       0.264
  MH4447880            STORAGE       0.18     3.69     0  01:34     0.00522       0.105       1.238
  MH4449785            STORAGE       0.22    54.90     0  00:02     0.00629        1.06       0.570
  MH4447416            STORAGE       0.15     2.84     0  00:25     0.00427      0.0165       5.521
  MH4427425            STORAGE       0.28     0.37     0  00:01     0.00801      0.0106       0.586
  MH4449173            STORAGE       0.32    30.14     0  08:00     0.00935       0.801       0.209
  MH4428713            STORAGE       0.25     0.83     0  00:50     0.00724      0.0238       0.624
  MH4428995            STORAGE       0.22     5.96     0  00:25     0.00626       0.031       5.047
  MH4429357            STORAGE       0.26    21.16     0  00:17     0.00748       0.192       1.353
  MH4449860            STORAGE       0.10     0.20     0  00:01     0.00293     0.00549       0.416
  MH4428765            STORAGE       0.04     0.29     0  00:48     0.00121     0.00846       0.167
  MH4429013            STORAGE       0.16     6.39     0  01:02     0.00473        0.18       1.108
  MH8963773            STORAGE       0.03    17.64     0  00:13    0.000747       0.205       1.474
  MH4426971            STORAGE       0.10     0.10     0  00:00     0.00287     0.00287       0.213
  MH4429645            STORAGE       0.07     2.70     0  01:54     0.00211      0.0777       0.107
  MH4449103            STORAGE       0.02    29.82     0  08:00    0.000705       0.794       0.282
  MH4449849            STORAGE       0.06    12.81     0  00:03     0.00168       0.213       0.634
  MH4447394            STORAGE       0.21    29.73     0  00:12     0.00614        0.67       0.474
  MH4428426            STORAGE       0.47     0.47     0  00:00      0.0135      0.0135       0.309
  MH4428245            STORAGE       0.31     1.14     0  00:52     0.00882      0.0326       0.427
  MH4449882            STORAGE       0.10     4.39     0  00:24     0.00291     0.00842      14.347
  MH4429320            STORAGE       0.11     0.17     0  00:01     0.00312      0.0049       0.185
  MH4426673            STORAGE       0.19     0.19     0  00:00     0.00559     0.00559       0.267
  MH4428836            STORAGE       0.29     3.74     0  01:08     0.00842       0.106       2.176
  MH4429107            STORAGE       0.14     9.68     0  00:22      0.0039       0.149       1.823
  MH4448392            STORAGE       0.22     0.34     0  00:15     0.00646     0.00969       0.402
  MH4448813            STORAGE       0.30     0.63     0  00:54     0.00852      0.0182       0.697
  MH4427309            STORAGE       0.29     0.61     0  00:29     0.00847      0.0176       0.231
  MH4428797            STORAGE       0.28     0.82     0  00:40     0.00799      0.0236       0.436
  MH4449977            STORAGE       0.16     1.13     0  01:44     0.00472      0.0314       3.112
  MH4450193            STORAGE       0.11   111.54     0  00:00     0.00329       0.882       0.274
  MH4428800            STORAGE       0.52     0.52     0  00:00      0.0149      0.0149       0.341
  MH4429411            STORAGE       0.27     0.33     0  01:29     0.00768      0.0077       6.039
  MH4427312            STORAGE       0.17     1.08     0  00:51     0.00487       0.031       0.209
  MH4450100            STORAGE       0.05     0.24     0  00:55     0.00141     0.00686       0.230
  MH4450180            STORAGE       0.09     5.42     0  00:13     0.00261      0.0132       6.279
  MH4429471            STORAGE       0.25     1.98     0  00:40     0.00719      0.0171       6.006
  MH4429499            STORAGE       0.18    12.00     0  08:00     0.00518       0.336       0.581
  MH4428146            STORAGE       0.23     0.67     0  00:25     0.00673      0.0194       0.290
  MH4450167            STORAGE       0.24     8.40     0  08:00     0.00699       0.219       0.653
  MH4427714            STORAGE       0.22     0.55     0  00:20     0.00625      0.0157       0.290
  MH4450332            STORAGE       0.09     8.95     0  08:00     0.00272       0.232       0.337
  MH4426979            STORAGE       0.20     0.52     0  00:44     0.00584      0.0149       0.243
  MH4427849            STORAGE       0.29     0.63     0  00:36      0.0083      0.0182       0.466
  MH4447346            STORAGE       0.04     1.51     0  00:44     0.00105     0.00745      11.020
  MH4427659            STORAGE       0.14     0.14     0  00:00     0.00405     0.00405       0.133
  MH4428583            STORAGE       0.28     1.21     0  00:36     0.00804      0.0345       0.484
  MH4427741            STORAGE       0.11     0.48     0  01:06     0.00319      0.0137       0.147
  MH4428137            STORAGE       0.03     0.76     0  00:35    0.000731      0.0218       0.132
  MH4449866            STORAGE       0.13     9.50     0  00:01     0.00383     0.00891       6.360
  MH4448929            STORAGE       0.16     4.78     0  00:31     0.00471       0.113       0.889
  MH4428067            STORAGE       0.39     0.39     0  00:00      0.0112      0.0112       0.277
  MH4449503            STORAGE       0.31     0.95     0  01:18     0.00903       0.027       1.100
  MH4428188            STORAGE       1.81     2.57     0  00:36      0.0521      0.0738       0.124
  MH4447452            STORAGE       0.29    17.32     0  00:15     0.00827       0.214       0.596
  X385                 OUTFALL       0.00     0.04     0  00:29           0     0.00113       0.000
  OUT                  OUTFALL       0.00   111.42     0  00:00           0       0.882       0.000
  X570                 OUTFALL       0.00     0.14     0  00:23           0     0.00403       0.000
  X902                 OUTFALL       0.00     0.02     0  00:39           0    0.000469       0.000
  
  
  **********************
  Node Surcharge Summary
  **********************
  
  Surcharging occurs when water rises above the top of the highest conduit.
  ---------------------------------------------------------------------
                                               Max. Height   Min. Depth
                                   Hours       Above Crown    Below Rim
  Node                 Type      Surcharged         Meters       Meters
  ---------------------------------------------------------------------
  N13                  JUNCTION        6.58          0.281        3.698
  N25                  JUNCTION        7.70          1.823        2.819
  N43                  JUNCTION        7.72          2.066        2.385
  N97                  JUNCTION        7.93          2.187        1.494
  N188                 JUNCTION        5.61          0.065        2.463
  N197                 JUNCTION        7.99          2.413        1.612
  N198                 JUNCTION        7.35          0.495        1.604
  N258                 JUNCTION        7.26          0.655        2.170
  N265                 JUNCTION        7.74          1.465        0.482
  N325                 JUNCTION        7.69          1.084        0.823
  N327                 JUNCTION        7.43          1.016        2.335
  N328                 JUNCTION        7.86          2.395        1.602
  N379                 JUNCTION        7.65          0.757        1.195
  N460                 JUNCTION        7.66          0.978        0.776
  N552                 JUNCTION        7.39          0.720        2.154
  N578                 JUNCTION        7.78          2.284        2.396
  N582                 JUNCTION        7.98          1.394        1.777
  N599                 JUNCTION        7.81          2.334        1.624
  N644                 JUNCTION        7.56          1.609        2.475
  N675                 JUNCTION        7.74          1.883        2.001
  N676                 JUNCTION        7.53          0.803        1.062
  N693                 JUNCTION        7.66          1.515        1.958
  N711                 JUNCTION        7.84          1.855        1.391
  N781                 JUNCTION        7.06          0.361        1.556
  N829                 JUNCTION        7.42          0.771        1.302
  N849                 JUNCTION        7.73          0.904        0.902
  N914                 JUNCTION        7.24          0.271        1.448
  N915                 JUNCTION        7.33          0.801        2.076
  N930                 JUNCTION        7.81          2.042        2.017
  N931                 JUNCTION        6.12          0.101        2.364
  N954                 JUNCTION        6.68          0.284        3.229
  N956                 JUNCTION        7.78          1.190        0.000
  N976                 JUNCTION        7.44          0.084        1.774
  N1007                JUNCTION        7.11          0.401        1.627
  
  
  *********************
  Node Flooding Summary
  *********************
  
  Flooding refers to all water that overflows a node, whether it ponds or not.
  --------------------------------------------------------------------------
                                                             Total   Maximum
                                 Maximum   Time of Max       Flood    Ponded
                        Hours       Rate    Occurrence      Volume     Depth
  Node                 Flooded       LPS   days hr:min    10^6 ltr    Meters
  --------------------------------------------------------------------------
  MH4450332               7.44      8.95      0  08:00       0.228     0.000
  
  
  **********************
  Storage Volume Summary
  **********************
  
  ------------------------------------------------------------------------------------------------
                         Average    Avg   Evap  Exfil     Maximum    Max    Time of Max    Maximum
                          Volume   Pcnt   Pcnt   Pcnt      Volume   Pcnt     Occurrence    Outflow
  Storage Unit           1000 m³   Full   Loss   Loss     1000 m³   Full    days hr:min        LPS
  ------------------------------------------------------------------------------------------------
  MH4428367                0.000    0.4    0.0    0.0       0.000    0.4       0  00:37       0.62
  MH4428606                0.000    0.6    0.0    0.0       0.000    0.6       0  03:09       1.79
  MH4447602                0.000    0.7    0.0    0.0       0.000    0.7       0  01:54       0.34
  MH4429312                0.001   38.3    0.0    0.0       0.001   43.1       0  08:00       7.47
  MH4429136                0.002   40.6    0.0    0.0       0.002   45.0       0  08:00      11.18
  MH4448345                0.002   56.9    0.0    0.0       0.002   61.1       0  08:00      27.44
  MH4448419                0.002   58.0    0.0    0.0       0.002   62.0       0  08:00      27.63
  MH4427688                0.000    0.7    0.0    0.0       0.000    0.7       0  00:51       2.41
  MH4448853                0.002   54.8    0.0    0.0       0.002   57.5       0  08:00      16.91
  MH4428026                0.000    0.5    0.0    0.0       0.000    0.5       0  01:11       1.09
  MH4429035                0.000    0.4    0.0    0.0       0.000    0.4       0  00:57       0.46
  MH4449704                0.001   45.1    0.0    0.0       0.001   50.1       0  08:00       4.15
  MH4449118                0.002   50.9    0.0    0.0       0.002   55.5       0  08:00       6.34
  MH4447128                0.001   45.5    0.0    0.0       0.001   50.4       0  08:00       1.49
  MH4447726                0.001   44.2    0.0    0.0       0.002   47.8       0  08:00       5.66
  MH4428268                0.000    1.2    0.0    0.0       0.000    1.2       0  01:19       4.10
  MH4428636                0.000    1.8    0.0    0.0       0.000    1.8       0  08:00       5.25
  MH4447880                0.000   12.8    0.0    0.0       0.000   15.9       0  08:00       3.69
  MH4449785                0.002   57.6    0.0    0.0       0.002   59.9       0  08:00      49.98
  MH4447416                0.001   32.4    0.0    0.0       0.001   36.0       0  08:00       1.19
  MH4427425                0.000    0.5    0.0    0.0       0.000    0.5       0  01:06       0.37
  MH4449173                0.002   56.4    0.0    0.0       0.002   59.6       0  08:00      30.14
  MH4428713                0.000    1.1    0.0    0.0       0.000    1.3       0  08:00       0.83
  MH4428995                0.001   44.3    0.0    0.0       0.001   48.8       0  08:00       2.00
  MH4429357                0.001   74.1    0.0    0.0       0.001   79.5       0  08:00       8.18
  MH4449860                0.000    1.5    0.0    0.0       0.000    1.5       0  00:55       0.19
  MH4428765                0.000    0.7    0.0    0.0       0.000    0.8       0  00:50       0.29
  MH4429013                0.001   20.6    0.0    0.0       0.001   24.4       0  08:00       6.39
  MH8963773                0.002   70.0    0.0    0.0       0.002   74.2       0  08:00      14.46
  MH4426971                0.000    0.2    0.0    0.0       0.000    0.2       0  00:27       0.10
  MH4429645                0.000    1.7    0.0    0.0       0.000    1.7       0  01:55       2.70
  MH4449103                0.002   56.5    0.0    0.0       0.002   59.9       0  08:00      29.82
  MH4449849                0.002   55.4    0.0    0.0       0.002   57.7       0  08:00       8.04
  MH4447394                0.002   51.6    0.0    0.0       0.002   55.8       0  08:00      24.51
  MH4428426                0.000    0.3    0.0    0.0       0.000    0.3       0  00:34       0.47
  MH4428245                0.000    0.6    0.0    0.0       0.000    0.7       0  00:56       1.14
  MH4449882                0.001   45.3    0.0    0.0       0.001   50.4       0  08:00       0.95
  MH4429320                0.000    0.8    0.0    0.0       0.000    0.8       0  00:32       0.17
  MH4426673                0.000    0.4    0.0    0.0       0.000    0.4       0  00:39       0.19
  MH4428836                0.000   11.6    0.0    0.0       0.000   13.6       0  08:00       3.73
  MH4429107                0.001   38.6    0.0    0.0       0.001   42.2       0  08:00       5.32
  MH4448392                0.000    0.7    0.0    0.0       0.000    0.7       0  00:54       0.34
  MH4448813                0.000    1.0    0.0    0.0       0.000    1.0       0  01:18       0.63
  MH4427309                0.000    0.3    0.0    0.0       0.000    0.3       0  07:59       0.61
  MH4428797                0.000    0.6    0.0    0.0       0.000    0.6       0  01:21       0.82
  MH4449977                0.000    6.0    0.0    0.0       0.000    7.9       0  08:00       1.11
  MH4450193                0.002   59.2    0.0    0.0       0.002   60.0       0  08:00      85.48
  MH4428800                0.000    0.3    0.0    0.0       0.000    0.3       0  00:39       0.52
  MH4429411                0.000    8.2    0.0    0.0       0.000   11.0       0  08:00       0.27
  MH4427312                0.000    0.5    0.0    0.0       0.000    0.5       0  00:51       1.08
  MH4450100                0.000    0.5    0.0    0.0       0.000    0.5       0  00:55       0.24
  MH4450180                0.001   56.2    0.0    0.0       0.001   58.7       0  00:34       2.23
  MH4429471                0.000   22.2    0.0    0.0       0.001   25.9       0  08:00       0.59
  MH4429499                0.002   48.7    0.0    0.0       0.002   53.1       0  08:00      12.00
  MH4428146                0.000    0.6    0.0    0.0       0.000    0.6       0  00:36       0.67
  MH4450167                0.001   53.3    0.0    0.0       0.002   55.6       0  08:00       8.40
  MH4427714                0.000    0.5    0.0    0.0       0.000    0.5       0  00:36       0.55
  MH4450332                0.001   96.3    0.0    0.0       0.001  100.0       0  00:33       5.42
  MH4426979                0.000    0.5    0.0    0.0       0.000    0.5       0  00:51       0.52
  MH4427849                0.000    0.5    0.0    0.0       0.000    0.5       0  00:52       0.63
  MH4447346                0.000   19.2    0.0    0.0       0.000   22.9       0  08:00       0.24
  MH4427659                0.000    0.3    0.0    0.0       0.000    0.3       0  00:25       0.14
  MH4428583                0.000    1.2    0.0    0.0       0.000    1.2       0  01:13       1.21
  MH4427741                0.000    0.3    0.0    0.0       0.000    0.3       0  01:06       0.48
  MH4428137                0.000    0.5    0.0    0.0       0.000    0.5       0  00:37       0.76
  MH4449866                0.001   28.4    0.0    0.0       0.001   29.5       0  08:00       1.93
  MH4448929                0.001   33.8    0.0    0.0       0.001   38.3       0  08:00       5.05
  MH4428067                0.000    0.3    0.0    0.0       0.000    0.3       0  00:36       0.39
  MH4449503                0.000    1.4    0.0    0.0       0.000    1.4       0  01:43       0.97
  MH4428188                0.000    1.1    0.0    0.0       0.000    1.1       0  00:42       2.57
  MH4447452                0.002   62.6    0.0    0.0       0.002   66.4       0  08:00      15.78
  
  
  ***********************
  Outfall Loading Summary
  ***********************
  
  -----------------------------------------------------------
                         Flow       Avg       Max       Total
                         Freq      Flow      Flow      Volume
  Outfall Node           Pcnt       LPS       LPS    10^6 ltr
  -----------------------------------------------------------
  X385                  99.54      0.04      0.04       0.001
  OUT                  100.00     30.62    111.42       0.882
  X570                  99.86      0.14      0.14       0.004
  X902                   0.00      0.00      0.00       0.000
  -----------------------------------------------------------
  System                74.85     30.80    111.43       0.887
  
  
  ********************
  Link Flow Summary
  ********************
  
  -----------------------------------------------------------------------------
                                 Maximum  Time of Max   Maximum    Max/    Max/
                                  |Flow|   Occurrence   |Veloc|    Full    Full
  Link                 Type          LPS  days hr:min     m/sec    Flow   Depth
  -----------------------------------------------------------------------------
  N10>MH4428367        CONDUIT      0.42     0  00:33      0.61    0.01    0.08
  MH4428606>N13        CONDUIT      1.79     0  01:04      0.71    0.08    1.00
  N22>MH4447602        CONDUIT      0.14     0  00:39      0.29    0.01    0.09
  MH4429312>N25        CONDUIT      7.47     0  08:00      0.78    0.54    1.00
  MH4429136>N43        CONDUIT     11.18     0  08:00      0.86    0.89    1.00
  MH4448345>MH4448419  CONDUIT     27.44     0  08:00      0.69    0.50    1.00
  N13>MH4429136        CONDUIT      2.02     0  00:56      0.37    0.09    1.00
  N85>MH4427688        CONDUIT      0.82     0  00:40      0.81    0.02    0.11
  MH4448853>N97        CONDUIT     21.69     0  00:05      0.55    0.91    1.00
  N113>MH4428026       CONDUIT      0.66     0  01:01      0.65    0.02    0.11
  MH4429035>N124       CONDUIT      0.46     0  00:57      0.50    0.02    0.10
  MH4449704>MH4449118  CONDUIT      6.34     0  00:23      0.40    0.52    1.00
  MH4447128>MH4447726  CONDUIT      4.34     0  00:20      0.34    0.35    1.00
  N166>MH4428268       CONDUIT      2.73     0  00:51      0.74    0.10    0.26
  N168>MH4428636       CONDUIT      0.78     0  00:37      0.83    0.02    0.14
  N188>MH4447880       CONDUIT      3.08     0  01:34      0.66    0.22    1.00
  MH4449785>N197       CONDUIT     54.54     0  00:02      1.37    2.08    1.00
  N198>MH4447416       CONDUIT      1.19     0  00:44      0.41    0.07    1.00
  N212>MH4427425       CONDUIT      0.09     0  00:01      0.40    0.00    0.06
  MH4449173>MH4449785  CONDUIT     30.14     0  08:00      0.76    1.15    1.00
  MH4428713>MH4428995  CONDUIT      0.83     0  00:54      0.43    0.05    1.00
  MH4447880>N258       CONDUIT      3.69     0  00:57      0.72    0.26    1.00
  MH4429357>N265       CONDUIT     14.41     0  00:17      0.56    0.52    1.00
  N272>MH4449860       CONDUIT      0.09     0  00:01      0.33    0.01    0.07
  N274>N275            CONDUIT      0.17     0  00:30      0.32    0.01    0.07
  N303>MH4428765       CONDUIT      0.25     0  00:48      0.45    0.01    0.07
  MH4447416>MH4447726  CONDUIT      2.27     0  00:25      0.45    0.13    1.00
  N325>MH4429357       CONDUIT      5.45     0  08:00      0.61    0.50    1.00
  MH4429013>N327       CONDUIT      6.39     0  00:38      0.76    0.46    1.00
  MH4448419>N328       CONDUIT     27.63     0  08:00      0.69    1.28    1.00
  N379>MH8963773       CONDUIT      3.28     0  00:20      0.33    0.20    1.00
  MH4426971>X385       CONDUIT      0.04     0  00:29      0.21    0.00    0.03
  MH4429645>N397       CONDUIT      2.70     0  01:54      0.70    0.19    0.31
  N328>MH4449103       CONDUIT     27.81     0  08:00      0.70    1.29    1.00
  MH4449849>MH4449785  CONDUIT     12.53     0  00:03      0.71    1.11    1.00
  N25>MH4447394        CONDUIT      8.57     0  00:19      0.63    0.61    1.00
  MH4428426>MH4428245  CONDUIT      0.20     0  00:34      0.40    0.01    0.06
  MH4427688>N166       CONDUIT      2.41     0  00:47      0.92    0.09    0.21
  MH4428995>N460       CONDUIT      4.91     0  00:25      0.38    0.45    1.00
  N467>N468            CONDUIT      0.05     0  00:03      0.46    0.00    0.05
  MH4449882>MH4449704  CONDUIT      4.15     0  00:24      0.27    1.24    1.00
  N483>MH4429320       CONDUIT      0.07     0  00:01      0.27    0.00    0.06
  N491>N492            CONDUIT      0.12     0  00:09      0.44    0.00    0.06
  MH4426673>N515       CONDUIT      0.18     0  00:39      0.30    0.01    0.08
  MH4428836>MH4429107  CONDUIT      3.73     0  00:42      0.65    0.28    1.00
  MH4448392>MH4448813  CONDUIT      0.34     0  00:54      0.31    0.02    0.13
  MH4427309>N85        CONDUIT      0.61     0  00:32      0.72    0.02    0.10
  N542>MH4428797       CONDUIT      0.07     0  00:23      0.39    0.00    0.03
  MH4449977>N552       CONDUIT      1.11     0  01:30      0.52    0.07    1.00
  N562>N563            CONDUIT      2.87     0  00:38      0.89    0.13    0.25
  N566>MH4428268       CONDUIT      1.20     0  01:15      0.93    0.03    0.13
  N578>MH4447394       CONDUIT     12.16     0  08:00      0.74    1.14    1.00
  N582>MH4450193       CONDUIT     17.44     0  00:01      0.99    0.72    1.00
  MH4428800>MH4429035  CONDUIT      0.25     0  00:39      0.41    0.01    0.08
  MH4449118>MH4448345  CONDUIT      9.12     0  00:18      0.52    0.74    1.00
  MH4447394>N599       CONDUIT     24.51     0  08:00      0.62    1.04    1.00
  MH4429411>MH4429136  CONDUIT      0.27     0  00:40      0.10    0.01    1.00
  N644>MH4429136       CONDUIT     10.96     0  00:23      5.62    0.12    1.00
  N124>MH4429312       CONDUIT      0.66     0  00:48      0.61    0.03    1.00
  N647>MH4427312       CONDUIT      0.68     0  00:51      0.69    0.02    0.10
  MH4449103>MH4449173  CONDUIT     29.82     0  08:00      0.75    0.65    1.00
  N552>MH4449704       CONDUIT      2.00     0  00:34      0.42    0.12    1.00
  MH4450100>MH4450180  CONDUIT      0.24     0  00:55      0.61    0.01    1.00
  N655>N656            CONDUIT      0.29     0  01:02      0.40    0.01    0.09
  N599>MH4448345       CONDUIT     24.66     0  08:00      0.65    1.06    1.00
  N659>N660            CONDUIT      0.14     0  00:14      0.42    0.00    0.06
  MH4429471>MH4447128  CONDUIT      1.39     0  00:40      0.39    0.10    1.00
  N675>MH4447394       CONDUIT      5.93     0  00:21      0.52    0.42    1.00
  N676>MH4447128       CONDUIT      1.29     0  00:26      0.23    0.08    1.00
  MH4428245>MH4428606  CONDUIT      1.14     0  00:56      0.61    0.04    0.16
  N43>MH4429499        CONDUIT     11.42     0  08:00      0.81    0.91    1.00
  MH4447602>MH4429645  CONDUIT      0.34     0  01:54      0.31    0.03    0.11
  MH4429499>N578       CONDUIT     12.00     0  08:00      0.77    1.11    1.00
  N687>N688            CONDUIT      0.10     0  00:07      0.34    0.00    0.06
  N693>N675            CONDUIT      5.29     0  00:21      0.69    0.38    1.00
  N695>MH4428146       CONDUIT      0.44     0  00:25      0.65    0.01    0.09
  N702>MH4450167       CONDUIT      0.21     0  00:34      0.27    0.01    1.00
  N711>MH4448853       CONDUIT     16.91     0  00:15      0.43    0.71    1.00
  MH4427714>N722       CONDUIT      0.55     0  00:34      0.64    0.02    0.09
  MH4450332>MH4450167  CONDUIT      8.40     0  08:00      0.48    0.77    1.00
  N492>MH4427714       CONDUIT      0.33     0  00:20      0.64    0.01    0.08
  MH4450167>MH4449849  CONDUIT      8.04     0  08:00      0.46    0.69    1.00
  N327>MH4429312       CONDUIT      6.54     0  00:30      0.74    0.47    1.00
  N515>MH4426979       CONDUIT      0.32     0  00:44      0.41    0.02    0.09
  N751>MH4427849       CONDUIT      0.18     0  00:25      0.42    0.01    0.08
  N275>MH4427309       CONDUIT      0.32     0  00:29      0.44    0.01    0.09
  N779>MH4428606       CONDUIT      0.17     0  00:00      1.88    0.00    0.02
  N781>MH4449118       CONDUIT      0.45     0  00:50      0.43    0.02    1.00
  N460>MH4429357       CONDUIT      7.68     0  00:19      0.43    0.72    1.00
  MH4447346>N198       CONDUIT      1.27     0  00:44      0.28    0.07    1.00
  MH4427659>X570       CONDUIT      0.14     0  00:23      0.39    0.01    0.05
  MH4450193>OUT        CONDUIT    111.42     0  00:00      2.80    4.31    1.00
  N563>MH4428836       CONDUIT      3.04     0  00:48      0.85    0.14    1.00
  MH4428026>N566       CONDUIT      1.09     0  01:11      0.88    0.03    0.12
  N799>MH4428836       CONDUIT      0.18     0  01:08      0.24    0.02    0.67
  N816>MH4428797       CONDUIT      0.47     0  00:40      0.59    0.01    0.10
  MH4428426>N816       CONDUIT      0.27     0  00:34      0.46    0.01    0.07
  N829>MH4449882       CONDUIT      0.95     0  00:32      0.33    0.06    1.00
  N842>MH4428583       CONDUIT      0.93     0  00:36      0.57    0.03    0.16
  N849>MH4450180       CONDUIT      2.23     0  00:15      0.29    0.13    1.00
  MH4427425>MH4427741  CONDUIT      0.37     0  01:06      0.55    0.01    0.08
  MH4429320>N853       CONDUIT      0.17     0  00:32      0.24    0.01    0.41
  N857>MH4427688       CONDUIT      1.26     0  00:45      0.66    0.04    0.17
  N862>N863            CONDUIT      0.06     0  00:10      0.18    0.00    0.06
  MH4428268>N870       CONDUIT      4.10     0  01:04      0.87    0.21    0.31
  MH4428146>N842       CONDUIT      0.67     0  00:36      0.60    0.02    0.12
  MH4428800>MH4428606  CONDUIT      0.27     0  00:39      0.48    0.01    0.07
  N97>MH4449785        CONDUIT     24.84     0  00:03      0.62    1.04    1.00
  N722>MH4428137       CONDUIT      0.74     0  00:35      0.77    0.02    0.10
  MH4428765>MH4428713  CONDUIT      0.29     0  00:50      0.34    0.02    0.10
  MH4428797>MH4429013  CONDUIT      0.82     0  00:45      0.75    0.03    1.00
  N197>MH4450193       CONDUIT     75.39     0  00:00      1.90    2.91    1.00
  N863>MH4428836       CONDUIT      0.23     0  00:24      0.39    0.01    1.00
  MH4427741>N113       CONDUIT      0.48     0  01:00      0.63    0.01    0.09
  MH4426673>X902       CONDUIT      0.02     0  00:39      0.00    0.00    0.02
  MH4449866>N582       CONDUIT      9.22     0  00:01      0.52    0.38    1.00
  N468>MH4427312       CONDUIT      0.24     0  00:21      0.50    0.01    0.09
  MH4426971>N274       CONDUIT      0.06     0  00:27      0.20    0.00    0.05
  N853>MH4429471       CONDUIT      0.34     0  00:32      0.39    0.02    1.00
  N258>MH4448929       CONDUIT      3.91     0  08:00      0.67    0.28    1.00
  N660>MH4428713       CONDUIT      0.28     0  00:26      0.46    0.01    0.14
  N914>MH4429107       CONDUIT      1.46     0  08:00      0.35    0.11    1.00
  N915>MH4429499       CONDUIT      1.43     0  00:38      0.54    0.05    1.00
  N916>MH4448392       CONDUIT      0.11     0  00:15      0.25    0.01    0.08
  N924>MH4429645       CONDUIT      2.43     0  00:00      1.14    0.12    0.26
  N870>MH4428636       CONDUIT      4.28     0  01:21      0.72    0.22    0.38
  MH4447726>N930       CONDUIT      6.85     0  00:15      0.45    0.55    1.00
  N931>MH4449704       CONDUIT      0.25     0  00:19      0.39    0.01    1.00
  MH4427312>N857       CONDUIT      1.08     0  00:45      0.83    0.03    0.13
  N688>N915            CONDUIT      0.32     0  00:03      0.62    0.01    1.00
  N930>MH4449103       CONDUIT      6.69     0  00:15      0.38    0.54    1.00
  MH4428067>N10        CONDUIT      0.22     0  00:36      0.44    0.01    0.07
  MH4448813>MH4449503  CONDUIT      0.63     0  01:18      0.35    0.05    0.17
  MH4428188>N562       CONDUIT      2.57     0  00:37      0.85    0.12    0.24
  MH4428636>N954       CONDUIT      5.25     0  01:09      0.72    0.38    1.00
  N956>MH4450332       CONDUIT      2.33     0  00:11      0.23    0.15    1.00
  N957>MH4428026       CONDUIT      0.26     0  00:38      0.52    0.01    0.06
  MH8963773>MH4447452  CONDUIT     15.78     0  00:15      0.65    0.70    1.00
  N656>MH4447880       CONDUIT      0.43     0  01:04      0.40    0.02    1.00
  N954>MH4429013       CONDUIT      5.40     0  01:02      0.69    0.39    1.00
  MH4447452>N711       CONDUIT     17.04     0  00:15      0.43    0.71    1.00
  MH4428583>N914       CONDUIT      1.21     0  00:59      0.47    0.09    1.00
  N975>N976            CONDUIT      0.06     0  02:14      0.27    0.00    0.97
  MH4426979>N647       CONDUIT      0.52     0  00:51      0.58    0.02    0.10
  N978>N695            CONDUIT      0.27     0  00:14      0.62    0.01    0.07
  MH4429107>N325       CONDUIT      5.32     0  08:00      0.62    0.47    1.00
  N265>MH8963773       CONDUIT     14.46     0  00:14      0.36    0.59    1.00
  MH4427849>MH4428245  CONDUIT      0.63     0  00:52      0.54    0.03    0.12
  N397>N188            CONDUIT      2.98     0  02:04      0.68    0.22    0.87
  N984>MH4447346       CONDUIT      0.21     0  00:03      0.42    0.01    1.00
  MH4450180>MH4450332  CONDUIT      5.01     0  00:13      0.32    0.42    1.00
  MH4448929>N693       CONDUIT      5.05     0  00:21      0.67    0.38    1.00
  MH4428137>MH4428188  CONDUIT      0.76     0  00:36      0.39    0.02    0.17
  MH4428067>MH4427849  CONDUIT      0.17     0  00:36      0.42    0.01    0.06
  MH4449860>MH4450100  CONDUIT      0.19     0  00:55      0.31    0.02    0.08
  N976>MH4449866       CONDUIT      0.65     0  00:19      0.38    0.03    1.00
  MH4449503>MH4449977  CONDUIT      0.97     0  01:44      0.42    0.08    0.58
  N1003>N655           CONDUIT      0.10     0  01:25      0.11    0.03    0.11
  N1007>MH4449118      CONDUIT      0.37     0  00:48      0.44    0.02    1.00
  MH4428367>N168       CONDUIT      0.62     0  00:36      0.73    0.02    0.10
  MH4427659>MH4427741  CONDUIT      0.00     0  00:00      0.00    0.00    0.04
  
  
  ***************************
  Flow Classification Summary
  ***************************
  
  -------------------------------------------------------------------------------------
                      Adjusted    ---------- Fraction of Time in Flow Class ---------- 
                       /Actual         Up    Down  Sub   Sup   Up    Down  Norm  Inlet 
  Conduit               Length    Dry  Dry   Dry   Crit  Crit  Crit  Crit  Ltd   Ctrl  
  -------------------------------------------------------------------------------------
  N10>MH4428367           1.00   0.00  0.00  0.00  0.00  1.00  0.00  0.00  1.00  0.00
  MH4428606>N13           1.00   0.00  0.00  0.00  0.87  0.13  0.00  0.00  0.98  0.00
  N22>MH4447602           1.00   0.00  0.00  0.00  0.99  0.01  0.00  0.00  0.99  0.00
  MH4429312>N25           1.00   0.00  0.00  0.00  0.97  0.03  0.00  0.00  0.01  0.00
  MH4429136>N43           1.00   0.00  0.00  0.00  0.99  0.01  0.00  0.00  0.01  0.00
  MH4448345>MH4448419     1.00   0.00  0.00  0.00  0.99  0.01  0.00  0.00  0.01  0.00
  N13>MH4429136           1.00   0.00  0.00  0.00  1.00  0.00  0.00  0.00  0.12  0.00
  N85>MH4427688           1.00   0.00  0.00  0.00  0.00  0.00  0.00  1.00  0.00  0.00
  MH4448853>N97           1.00   0.00  0.00  0.00  1.00  0.00  0.00  0.00  0.00  0.00
  N113>MH4428026          1.00   0.00  0.00  0.00  0.00  1.00  0.00  0.00  1.00  0.00
  MH4429035>N124          1.00   0.00  0.00  0.00  0.00  1.00  0.00  0.00  0.99  0.00
  MH4449704>MH4449118     1.00   0.00  0.00  0.00  1.00  0.00  0.00  0.00  0.04  0.00
  MH4447128>MH4447726     1.00   0.00  0.00  0.00  1.00  0.00  0.00  0.00  0.03  0.00
  N166>MH4428268          1.00   0.00  0.00  0.00  0.00  1.00  0.00  0.00  0.99  0.00
  N168>MH4428636          1.00   0.00  0.00  0.00  0.00  0.98  0.00  0.02  0.98  0.00
  N188>MH4447880          1.00   0.00  0.00  0.00  0.99  0.01  0.00  0.00  0.19  0.00
  MH4449785>N197          1.00   0.00  0.00  0.00  1.00  0.00  0.00  0.00  0.00  0.00
  N198>MH4447416          1.00   0.00  0.00  0.00  0.96  0.04  0.00  0.00  0.05  0.00
  N212>MH4427425          1.00   0.00  0.00  0.00  0.99  0.01  0.00  0.00  1.00  0.00
  MH4449173>MH4449785     1.00   0.00  0.00  0.00  1.00  0.00  0.00  0.00  0.00  0.00
  MH4428713>MH4428995     1.00   0.00  0.00  0.00  0.99  0.01  0.00  0.00  0.36  0.00
  MH4447880>N258          1.00   0.00  0.00  0.00  0.93  0.07  0.00  0.00  0.10  0.00
  MH4429357>N265          1.00   0.00  0.00  0.00  1.00  0.00  0.00  0.00  0.02  0.00
  N272>MH4449860          1.00   0.00  0.00  0.00  1.00  0.00  0.00  0.00  1.00  0.00
  N274>N275               1.00   0.00  0.00  0.00  0.00  1.00  0.00  0.00  1.00  0.00
  N303>MH4428765          1.00   0.00  0.00  0.00  0.00  0.00  0.00  1.00  0.00  0.00
  MH4447416>MH4447726     1.00   0.00  0.00  0.00  0.97  0.00  0.00  0.03  0.01  0.00
  N325>MH4429357          1.00   0.00  0.00  0.00  1.00  0.00  0.00  0.00  0.01  0.00
  MH4429013>N327          1.00   0.00  0.00  0.00  0.94  0.06  0.00  0.00  0.05  0.00
  MH4448419>N328          1.00   0.00  0.00  0.00  1.00  0.00  0.00  0.00  0.01  0.00
  N379>MH8963773          1.00   0.00  0.00  0.00  0.98  0.00  0.00  0.02  0.02  0.00
  MH4426971>X385          1.00   0.00  0.00  0.00  0.01  0.99  0.00  0.00  0.01  0.00
  MH4429645>N397          1.00   0.00  0.00  0.00  0.00  1.00  0.00  0.00  0.99  0.00
  N328>MH4449103          1.00   0.00  0.00  0.00  1.00  0.00  0.00  0.00  0.00  0.00
  MH4449849>MH4449785     1.00   0.00  0.00  0.00  1.00  0.00  0.00  0.00  0.00  0.00
  N25>MH4447394           1.00   0.00  0.00  0.00  0.98  0.00  0.00  0.02  0.01  0.00
  MH4428426>MH4428245     1.00   0.00  0.00  0.00  0.00  0.00  0.00  1.00  0.00  0.00
  MH4427688>N166          1.00   0.00  0.00  0.00  0.00  1.00  0.00  0.00  0.99  0.00
  MH4428995>N460          1.00   0.00  0.00  0.00  1.00  0.00  0.00  0.00  0.03  0.00
  N467>N468               1.00   0.00  0.00  0.00  1.00  0.00  0.00  0.00  1.00  0.00
  MH4449882>MH4449704     1.00   0.00  0.00  0.00  0.96  0.00  0.00  0.04  0.00  0.00
  N483>MH4429320          1.00   0.00  0.00  0.00  1.00  0.00  0.00  0.00  1.00  0.00
  N491>N492               1.00   0.00  0.00  0.00  0.00  1.00  0.00  0.00  1.00  0.00
  MH4426673>N515          1.00   0.00  0.00  0.00  0.00  1.00  0.00  0.00  1.00  0.00
  MH4428836>MH4429107     1.00   0.00  0.00  0.00  0.98  0.02  0.00  0.00  0.07  0.00
  MH4448392>MH4448813     1.00   0.00  0.00  0.00  0.99  0.01  0.00  0.00  0.99  0.00
  MH4427309>N85           1.00   0.00  0.00  0.00  0.00  1.00  0.00  0.00  0.99  0.00
  N542>MH4428797          1.00   0.00  0.00  0.00  0.00  0.00  0.00  1.00  0.00  0.00
  MH4449977>N552          1.00   0.00  0.00  0.00  0.93  0.07  0.00  0.00  0.18  0.00
  N562>N563               1.00   0.00  0.00  0.00  0.00  1.00  0.00  0.00  0.99  0.00
  N566>MH4428268          1.00   0.00  0.00  0.00  0.00  0.00  0.00  1.00  0.00  0.00
  N578>MH4447394          1.00   0.00  0.00  0.00  0.97  0.00  0.00  0.03  0.00  0.00
  N582>MH4450193          1.00   0.00  0.00  0.00  1.00  0.00  0.00  0.00  0.00  0.00
  MH4428800>MH4429035     1.00   0.00  0.00  0.00  0.00  1.00  0.00  0.00  0.99  0.00
  MH4449118>MH4448345     1.00   0.00  0.00  0.00  0.99  0.01  0.00  0.00  0.01  0.00
  MH4447394>N599          1.00   0.00  0.00  0.00  1.00  0.00  0.00  0.00  0.00  0.00
  MH4429411>MH4429136     1.00   0.00  0.00  0.00  1.00  0.00  0.00  0.00  0.18  0.00
  N644>MH4429136          1.00   0.00  0.00  0.00  0.96  0.04  0.00  0.00  0.04  0.00
  N124>MH4429312          1.00   0.00  0.00  0.00  0.97  0.00  0.00  0.02  0.98  0.00
  N647>MH4427312          1.00   0.00  0.00  0.00  0.00  0.00  0.00  1.00  0.00  0.00
  MH4449103>MH4449173     1.00   0.00  0.00  0.00  1.00  0.00  0.00  0.00  0.01  0.00
  N552>MH4449704          1.00   0.00  0.00  0.00  0.99  0.01  0.00  0.00  0.06  0.00
  MH4450100>MH4450180     1.00   0.00  0.00  0.00  0.97  0.00  0.00  0.03  0.97  0.00
  N655>N656               1.00   0.00  0.00  0.00  0.00  1.00  0.00  0.00  1.00  0.00
  N599>MH4448345          1.00   0.00  0.00  0.00  1.00  0.00  0.00  0.00  0.00  0.00
  N659>N660               1.00   0.00  0.00  0.00  0.00  1.00  0.00  0.00  1.00  0.00
  MH4429471>MH4447128     1.00   0.00  0.00  0.00  0.96  0.00  0.00  0.04  0.03  0.00
  N675>MH4447394          1.00   0.00  0.00  0.00  0.99  0.00  0.00  0.01  0.01  0.00
  N676>MH4447128          1.00   0.00  0.00  0.00  1.00  0.00  0.00  0.00  0.05  0.00
  MH4428245>MH4428606     1.00   0.00  0.00  0.00  0.00  1.00  0.00  0.00  1.00  0.00
  N43>MH4429499           1.00   0.00  0.00  0.00  0.99  0.01  0.00  0.00  0.02  0.00
  MH4447602>MH4429645     1.00   0.00  0.00  0.00  0.00  0.00  0.00  1.00  0.00  0.00
  MH4429499>N578          1.00   0.00  0.00  0.00  0.99  0.01  0.00  0.00  0.01  0.00
  N687>N688               1.00   0.00  0.00  0.00  0.00  1.00  0.00  0.00  1.00  0.00
  N693>N675               1.00   0.00  0.00  0.00  0.98  0.02  0.00  0.00  0.01  0.00
  N695>MH4428146          1.00   0.00  0.00  0.00  0.00  1.00  0.00  0.00  1.00  0.00
  N702>MH4450167          1.00   0.00  0.00  0.00  0.96  0.00  0.00  0.04  0.03  0.00
  N711>MH4448853          1.00   0.00  0.00  0.00  1.00  0.00  0.00  0.00  0.00  0.00
  MH4427714>N722          1.00   0.00  0.00  0.00  0.00  1.00  0.00  0.00  1.00  0.00
  MH4450332>MH4450167     1.00   0.00  0.00  0.00  1.00  0.00  0.00  0.00  0.02  0.00
  N492>MH4427714          1.00   0.00  0.00  0.00  0.00  1.00  0.00  0.00  0.99  0.00
  MH4450167>MH4449849     1.00   0.00  0.00  0.00  1.00  0.00  0.00  0.00  0.00  0.00
  N327>MH4429312          1.00   0.00  0.00  0.00  0.98  0.02  0.00  0.00  0.05  0.00
  N515>MH4426979          1.00   0.00  0.00  0.00  0.00  1.00  0.00  0.00  0.99  0.00
  N751>MH4427849          1.00   0.00  0.00  0.00  0.99  0.01  0.00  0.00  1.00  0.00
  N275>MH4427309          1.00   0.00  0.00  0.00  0.00  1.00  0.00  0.00  1.00  0.00
  N779>MH4428606          1.00   0.00  0.00  0.00  0.00  0.00  0.00  1.00  0.00  0.00
  N781>MH4449118          1.00   0.00  0.00  0.00  0.97  0.00  0.00  0.03  0.07  0.00
  N460>MH4429357          1.00   0.00  0.00  0.00  1.00  0.00  0.00  0.00  0.02  0.00
  MH4447346>N198          1.00   0.00  0.00  0.00  1.00  0.00  0.00  0.00  0.09  0.00
  MH4427659>X570          1.00   0.00  0.00  0.00  0.00  1.00  0.00  0.00  1.00  0.00
  MH4450193>OUT           1.00   0.00  0.00  0.00  1.00  0.00  0.00  0.00  0.00  0.00
  N563>MH4428836          1.00   0.00  0.00  0.00  0.89  0.01  0.00  0.10  0.90  0.00
  MH4428026>N566          1.00   0.00  0.00  0.00  0.00  1.00  0.00  0.00  0.99  0.00
  N799>MH4428836          1.00   0.00  0.00  0.00  0.86  0.00  0.00  0.14  0.86  0.00
  N816>MH4428797          1.00   0.00  0.00  0.00  0.00  1.00  0.00  0.00  0.99  0.00
  MH4428426>N816          1.00   0.00  0.00  0.00  0.00  1.00  0.00  0.00  1.00  0.00
  N829>MH4449882          1.00   0.00  0.00  0.00  0.99  0.01  0.00  0.00  0.06  0.00
  N842>MH4428583          1.00   0.00  0.00  0.00  0.00  1.00  0.00  0.00  0.99  0.00
  N849>MH4450180          1.00   0.00  0.00  0.00  1.00  0.00  0.00  0.00  0.03  0.00
  MH4427425>MH4427741     1.00   0.00  0.00  0.00  0.00  0.00  0.00  1.00  0.00  0.00
  MH4429320>N853          1.00   0.00  0.00  0.00  1.00  0.00  0.00  0.00  1.00  0.00
  N857>MH4427688          1.00   0.00  0.00  0.00  0.00  1.00  0.00  0.00  1.00  0.00
  N862>N863               1.00   0.00  0.00  0.00  1.00  0.00  0.00  0.00  1.00  0.00
  MH4428268>N870          1.00   0.00  0.00  0.00  0.00  1.00  0.00  0.00  0.98  0.00
  MH4428146>N842          1.00   0.00  0.00  0.00  0.00  1.00  0.00  0.00  1.00  0.00
  MH4428800>MH4428606     1.00   0.00  0.00  0.00  0.00  0.00  0.00  1.00  0.00  0.00
  N97>MH4449785           1.00   0.00  0.00  0.00  1.00  0.00  0.00  0.00  0.00  0.00
  N722>MH4428137          1.00   0.00  0.00  0.00  0.00  1.00  0.00  0.00  0.99  0.00
  MH4428765>MH4428713     1.00   0.00  0.00  0.00  0.00  0.00  0.00  1.00  0.00  0.00
  MH4428797>MH4429013     1.00   0.00  0.00  0.00  0.91  0.06  0.00  0.02  0.98  0.00
  N197>MH4450193          1.00   0.00  0.00  0.00  1.00  0.00  0.00  0.00  0.00  0.00
  N863>MH4428836          1.00   0.00  0.00  0.00  0.99  0.01  0.00  0.00  1.00  0.00
  MH4427741>N113          1.00   0.00  0.00  0.00  0.00  1.00  0.00  0.00  1.00  0.00
  MH4426673>X902          1.00   0.00  0.00  0.00  0.00  1.00  0.00  0.00  0.00  0.00
  MH4449866>N582          1.00   0.00  0.00  0.00  1.00  0.00  0.00  0.00  0.00  0.00
  N468>MH4427312          1.00   0.00  0.00  0.00  0.99  0.01  0.00  0.00  1.00  0.00
  MH4426971>N274          1.00   0.00  0.00  0.00  1.00  0.00  0.00  0.00  1.00  0.00
  N853>MH4429471          1.00   0.00  0.00  0.00  0.99  0.01  0.00  0.00  0.19  0.00
  N258>MH4448929          1.00   0.00  0.00  0.00  0.94  0.00  0.00  0.06  0.02  0.00
  N660>MH4428713          1.00   0.00  0.00  0.00  0.99  0.01  0.00  0.00  1.00  0.00
  N914>MH4429107          1.00   0.00  0.00  0.00  0.99  0.01  0.00  0.00  0.06  0.00
  N915>MH4429499          1.00   0.00  0.00  0.00  0.99  0.00  0.00  0.01  0.06  0.00
  N916>MH4448392          1.00   0.00  0.00  0.00  1.00  0.00  0.00  0.00  1.00  0.00
  N924>MH4429645          1.00   0.00  0.00  0.00  0.00  1.00  0.00  0.00  1.00  0.00
  N870>MH4428636          1.00   0.00  0.00  0.00  0.00  1.00  0.00  0.00  1.00  0.00
  MH4447726>N930          1.00   0.00  0.00  0.00  1.00  0.00  0.00  0.00  0.01  0.00
  N931>MH4449704          1.00   0.00  0.00  0.00  0.96  0.00  0.00  0.04  0.10  0.00
  MH4427312>N857          1.00   0.00  0.00  0.00  0.00  1.00  0.00  0.00  0.99  0.00
  N688>N915               1.00   0.00  0.00  0.00  0.93  0.07  0.00  0.00  0.99  0.00
  N930>MH4449103          1.00   0.00  0.00  0.00  0.99  0.01  0.00  0.00  0.01  0.00
  MH4428067>N10           1.00   0.00  0.00  0.00  0.00  1.00  0.00  0.00  1.00  0.00
  MH4448813>MH4449503     1.00   0.00  0.00  0.00  1.00  0.00  0.00  0.00  0.98  0.00
  MH4428188>N562          1.00   0.00  0.00  0.00  0.00  1.00  0.00  0.00  0.99  0.00
  MH4428636>N954          1.00   0.00  0.00  0.00  0.87  0.13  0.00  0.00  0.51  0.00
  N956>MH4450332          1.00   0.00  0.00  0.00  1.00  0.00  0.00  0.00  0.02  0.00
  N957>MH4428026          1.00   0.00  0.00  0.00  0.00  0.00  0.00  1.00  0.00  0.00
  MH8963773>MH4447452     1.00   0.00  0.00  0.00  1.00  0.00  0.00  0.00  0.02  0.00
  N656>MH4447880          1.00   0.00  0.00  0.00  0.99  0.01  0.00  0.00  1.00  0.00
  N954>MH4429013          1.00   0.00  0.00  0.00  0.99  0.01  0.00  0.00  0.12  0.00
  MH4447452>N711          1.00   0.00  0.00  0.00  1.00  0.00  0.00  0.00  0.01  0.00
  MH4428583>N914          1.00   0.00  0.00  0.00  0.98  0.02  0.00  0.00  0.98  0.00
  N975>N976               1.00   0.00  0.00  0.00  1.00  0.00  0.00  0.00  0.13  0.00
  MH4426979>N647          1.00   0.00  0.00  0.00  0.00  1.00  0.00  0.00  0.99  0.00
  N978>N695               1.00   0.00  0.00  0.00  0.00  1.00  0.00  0.00  1.00  0.00
  MH4429107>N325          1.00   0.00  0.00  0.00  0.99  0.01  0.00  0.00  0.02  0.00
  N265>MH8963773          1.00   0.00  0.00  0.00  1.00  0.00  0.00  0.00  0.01  0.00
  MH4427849>MH4428245     1.00   0.00  0.00  0.00  0.00  1.00  0.00  0.00  0.99  0.00
  N397>N188               1.00   0.00  0.00  0.00  0.80  0.20  0.00  0.00  0.98  0.00
  N984>MH4447346          1.00   0.00  0.00  0.00  0.91  0.09  0.00  0.00  0.99  0.00
  MH4450180>MH4450332     1.00   0.00  0.00  0.00  0.98  0.00  0.00  0.02  0.00  0.00
  MH4448929>N693          1.00   0.00  0.00  0.00  0.97  0.03  0.00  0.00  0.01  0.00
  MH4428137>MH4428188     1.00   0.00  0.00  0.00  1.00  0.00  0.00  0.00  1.00  0.00
  MH4428067>MH4427849     1.00   0.00  0.00  0.00  0.00  0.00  0.00  1.00  0.00  0.00
  MH4449860>MH4450100     1.00   0.00  0.00  0.00  0.00  1.00  0.00  0.00  0.00  0.00
  N976>MH4449866          1.00   0.00  0.00  0.00  1.00  0.00  0.00  0.00  0.04  0.00
  MH4449503>MH4449977     1.00   0.00  0.00  0.00  0.78  0.00  0.00  0.22  0.78  0.00
  N1003>N655              1.00   0.00  0.00  0.00  1.00  0.00  0.00  0.00  0.00  0.00
  N1007>MH4449118         1.00   0.00  0.00  0.00  0.97  0.00  0.00  0.03  0.06  0.00
  MH4428367>N168          1.00   0.00  0.00  0.00  0.00  1.00  0.00  0.00  0.99  0.00
  MH4427659>MH4427741     1.00   0.00  1.00  0.00  0.00  0.00  0.00  0.00  0.00  0.00
  
  
  *************************
  Conduit Surcharge Summary
  *************************
  
  ----------------------------------------------------------------------------
                                                           Hours        Hours 
                         --------- Hours Full --------   Above Full   Capacity
  Conduit                Both Ends  Upstream  Dnstream   Normal Flow   Limited
  ----------------------------------------------------------------------------
  MH4428606>N13               0.01      0.01      6.58      0.01         0.01
  MH4429312>N25               7.56      7.56      7.70      0.01         0.01
  MH4429136>N43               7.65      7.65      7.72      0.01         0.01
  MH4448345>MH4448419         7.83      7.83      7.84      0.01         0.01
  N13>MH4429136               6.58      6.58      7.62      0.01         0.01
  MH4448853>N97               7.89      7.89      7.93      0.01         0.01
  MH4449704>MH4449118         7.61      7.61      7.72      0.01         0.01
  MH4447128>MH4447726         7.62      7.62      7.74      0.01         0.01
  N188>MH4447880              5.61      5.61      6.74      0.01         0.01
  MH4449785>N197              7.96      7.96      7.98      7.28         5.92
  N198>MH4447416              7.35      7.35      7.58      0.01         0.01
  MH4449173>MH4449785         7.91      7.91      7.96      6.90         5.16
  MH4428713>MH4428995         0.01      0.01      7.58      0.01         0.01
  MH4447880>N258              6.74      6.74      7.26      0.01         0.01
  MH4429357>N265              7.71      7.71      7.74      0.01         0.01
  MH4447416>MH4447726         7.58      7.58      7.73      0.01         0.01
  N325>MH4429357              7.69      7.69      7.71      0.01         0.01
  MH4429013>N327              7.15      7.15      7.43      0.01         0.01
  MH4448419>N328              7.84      7.84      7.86      7.22         6.97
  N379>MH8963773              7.65      7.65      7.78      0.01         0.01
  N328>MH4449103              7.86      7.86      7.89      7.24         7.01
  MH4449849>MH4449785         7.93      7.93      7.96      0.02         0.01
  N25>MH4447394               7.70      7.70      7.79      0.01         0.01
  MH4428995>N460              7.58      7.58      7.66      0.01         0.01
  MH4449882>MH4449704         7.58      7.58      7.59      0.03         0.01
  MH4428836>MH4429107         6.94      6.94      7.62      0.01         0.01
  MH4449977>N552              5.23      5.23      7.39      0.01         0.01
  N578>MH4447394              7.78      7.78      7.79      7.26         0.01
  N582>MH4450193              7.98      7.98      8.00      0.01         0.01
  MH4449118>MH4448345         7.72      7.72      7.83      0.01         0.01
  MH4447394>N599              7.79      7.79      7.81      6.29         0.01
  MH4429411>MH4429136         6.00      6.00      7.62      0.01         0.01
  N644>MH4429136              7.56      7.56      7.65      0.01         0.01
  N124>MH4429312              0.01      0.01      7.54      0.01         0.01
  MH4449103>MH4449173         7.89      7.89      7.91      0.01         0.01
  N552>MH4449704              7.39      7.39      7.61      0.01         0.01
  MH4450100>MH4450180         0.01      0.01      7.76      0.01         0.01
  N599>MH4448345              7.81      7.81      7.83      6.48         0.01
  MH4429471>MH4447128         7.29      7.29      7.61      0.01         0.01
  N675>MH4447394              7.74      7.74      7.79      0.01         0.01
  N676>MH4447128              7.53      7.53      7.62      0.01         0.01
  N43>MH4429499               7.72      7.72      7.77      0.01         0.01
  MH4429499>N578              7.77      7.77      7.78      7.28         0.01
  N693>N675                   7.66      7.66      7.74      0.01         0.01
  N702>MH4450167              0.01      0.01      7.64      0.01         0.01
  N711>MH4448853              7.84      7.84      7.89      0.01         0.01
  MH4450332>MH4450167         7.82      7.82      7.87      0.01         0.01
  MH4450167>MH4449849         7.87      7.87      7.93      0.01         0.01
  N327>MH4429312              7.43      7.43      7.56      0.01         0.01
  N781>MH4449118              7.06      7.06      7.71      0.01         0.01
  N460>MH4429357              7.66      7.66      7.71      0.01         0.01
  MH4447346>N198              7.10      7.10      7.35      0.01         0.01
  MH4450193>OUT               8.00      8.00      8.00      7.42         6.56
  N563>MH4428836              0.01      0.01      6.83      0.01         0.01
  N799>MH4428836              0.01      0.01      5.94      0.01         0.01
  N829>MH4449882              7.42      7.42      7.58      0.01         0.01
  N849>MH4450180              7.73      7.73      7.77      0.01         0.01
  N97>MH4449785               7.93      7.93      7.95      0.01         0.01
  MH4428797>MH4429013         0.01      0.01      7.10      0.01         0.01
  N197>MH4450193              7.98      7.98      8.00      7.35         6.36
  N863>MH4428836              0.01      0.01      6.94      0.01         0.01
  MH4449866>N582              7.92      7.92      7.98      0.01         0.01
  N853>MH4429471              0.01      0.01      7.29      0.01         0.01
  N258>MH4448929              7.26      7.26      7.49      0.01         0.01
  N914>MH4429107              7.24      7.24      7.62      0.01         0.01
  N915>MH4429499              7.33      7.33      7.76      0.01         0.01
  MH4447726>N930              7.74      7.74      7.81      0.01         0.01
  N931>MH4449704              6.12      6.12      7.59      0.01         0.01
  N688>N915                   0.01      0.01      7.33      0.01         0.01
  N930>MH4449103              7.81      7.81      7.90      0.01         0.01
  MH4428636>N954              0.01      0.01      6.68      0.01         0.01
  N956>MH4450332              7.78      7.78      7.82      0.01         0.01
  MH8963773>MH4447452         7.78      7.78      7.78      0.01         0.01
  N656>MH4447880              0.01      0.01      6.74      0.01         0.01
  N954>MH4429013              6.68      6.68      7.15      0.01         0.01
  MH4447452>N711              7.78      7.78      7.84      0.01         0.01
  MH4428583>N914              0.01      0.01      7.24      0.01         0.01
  N975>N976                   0.01      0.01      7.46      0.01         0.01
  MH4429107>N325              7.62      7.62      7.69      0.01         0.01
  N265>MH8963773              7.74      7.74      7.78      0.01         0.01
  N397>N188                   0.01      0.01      5.61      0.01         0.01
  N984>MH4447346              0.01      0.01      7.10      0.01         0.01
  MH4450180>MH4450332         7.77      7.77      7.82      0.01         0.01
  MH4448929>N693              7.50      7.50      7.66      0.01         0.01
  N976>MH4449866              7.44      7.44      7.92      0.01         0.01
  N1007>MH4449118             7.11      7.11      7.71      0.01         0.01
  

  Analysis begun on:  Thu Sep 24 05:17:15 2026
  Analysis ended on:  Thu Sep 24 05:17:19 2026
  Total elapsed time: 00:00:04