
  EPA STORM WATER MANAGEMENT MODEL - VERSION 5.2 (Build 5.2.4)
  PYSWMM TOOLKIT API - VERSION v1.0 (2026-02-26)
  ------------------------------------------------------------

  WARNING 08: elevation drop exceeds length for Conduit N779>MH4428606
  
  ****************
  Analysis Options
  ****************
  Flow Units ............... LPS
  Process Models:
    Rainfall/Runoff ........ NO
    RDII ................... NO
    Snowmelt ............... NO
    Groundwater ............ NO
    Flow Routing ........... YES
    Ponding Allowed ........ NO
    Water Quality .......... NO
  Flow Routing Method ...... DYNWAVE
  Surcharge Method ......... SLOT
  Starting Date ............ 01/01/2026 00:00:00
  Ending Date .............. 01/01/2026 08:00:00
  Antecedent Dry Days ...... 0.0
  Report Time Step ......... 00:00:10
  Routing Time Step ........ 0.50 sec
  Variable Time Step ....... YES
  Maximum Trials ........... 8
  Number of Threads ........ 1
  Head Tolerance ........... 0.001524 m
  
  
  **************************        Volume        Volume
  Flow Routing Continuity        hectare-m      10^6 ltr
  **************************     ---------     ---------
  Dry Weather Inflow .......         0.000         0.000
  Wet Weather Inflow .......         0.000         0.000
  Groundwater Inflow .......         0.000         0.000
  RDII Inflow ..............         0.000         0.000
  External Inflow ..........         0.122         1.220
  External Outflow .........         0.085         0.849
  Flooding Loss ............         0.021         0.211
  Evaporation Loss .........         0.000         0.000
  Exfiltration Loss ........         0.000         0.000
  Initial Stored Volume ....         0.000         0.001
  Final Stored Volume ......         0.015         0.153
  Continuity Error (%) .....         0.617
  
  
  *************************
  Highest Continuity Errors
  *************************
  Node MH4449882 (12.55%)
  Node MH4447346 (9.92%)
  Node N915 (7.74%)
  Node MH4447128 (6.61%)
  Node MH4449866 (6.00%)
  
  
  ***************************
  Time-Step Critical Elements
  ***************************
  Link N779>MH4428606 (98.59%)
  Link N644>MH4429136 (1.41%)
  
  
  ********************************
  Highest Flow Instability Indexes
  ********************************
  Link N644>MH4429136 (8)
  
  
  *********************************
  Most Frequent Nonconverging Nodes
  *********************************
  Node X385 (0.01%)
  Node OUT (0.01%)
  Node X570 (0.01%)
  Node X902 (0.01%)
  Node N197 (0.00%)
  
  
  *************************
  Routing Time Step Summary
  *************************
  Minimum Time Step           :     0.50 sec
  Average Time Step           :     0.50 sec
  Maximum Time Step           :     0.50 sec
  % of Time in Steady State   :     0.00
  Average Iterations per Step :     2.06
  % of Steps Not Converging   :     0.01
  Time Step Frequencies       :
      0.500 -  0.500 sec      :   100.00 %
      0.500 -  0.500 sec      :     0.00 %
      0.500 -  0.500 sec      :     0.00 %
      0.500 -  0.500 sec      :     0.00 %
      0.500 -  0.500 sec      :     0.00 %
  
  
  ******************
  Node Depth Summary
  ******************
  
  ---------------------------------------------------------------------------------
                                 Average  Maximum  Maximum  Time of Max    Reported
                                   Depth    Depth      HGL   Occurrence   Max Depth
  Node                 Type       Meters   Meters   Meters  days hr:min      Meters
  ---------------------------------------------------------------------------------
  N10                  JUNCTION     0.01     0.01    49.79     0  00:36        0.01
  N13                  JUNCTION     0.37     0.46    42.52     0  08:00        0.46
  N22                  JUNCTION     0.01     0.01    43.36     0  00:39        0.01
  N25                  JUNCTION     1.82     2.01    41.65     0  08:00        2.01
  N43                  JUNCTION     2.04     2.25    42.25     0  08:00        2.25
  N85                  JUNCTION     0.02     0.02    51.81     0  00:40        0.02
  N97                  JUNCTION     2.27     2.37    40.54     0  08:00        2.37
  N113                 JUNCTION     0.01     0.01    50.51     0  01:01        0.01
  N124                 JUNCTION     0.02     0.02    41.79     0  08:00        0.02
  N166                 JUNCTION     0.03     0.03    46.14     0  00:54        0.03
  N168                 JUNCTION     0.02     0.02    44.38     0  00:38        0.02
  N188                 JUNCTION     0.19     0.25    41.67     0  08:00        0.25
  N197                 JUNCTION     2.54     2.59    40.28     0  08:00        2.59
  N198                 JUNCTION     0.56     0.65    40.97     0  08:00        0.65
  N212                 JUNCTION     0.01     0.01    56.46     0  00:01        0.01
  N258                 JUNCTION     0.71     0.84    41.64     0  08:00        0.84
  N265                 JUNCTION     1.52     1.62    40.58     0  08:00        1.62
  N272                 JUNCTION     0.01     0.01    40.76     0  00:01        0.01
  N274                 JUNCTION     0.01     0.01    56.74     0  00:29        0.01
  N275                 JUNCTION     0.01     0.01    55.99     0  00:29        0.01
  N303                 JUNCTION     0.01     0.01    42.64     0  00:48        0.01
  N325                 JUNCTION     1.05     1.14    40.62     0  08:00        1.14
  N327                 JUNCTION     1.04     1.20    41.86     0  08:00        1.20
  N328                 JUNCTION     2.48     2.64    41.08     0  08:00        2.64
  N379                 JUNCTION     0.77     0.84    40.58     0  08:00        0.84
  N397                 JUNCTION     0.05     0.05    42.01     0  03:57        0.05
  N460                 JUNCTION     0.97     1.06    40.60     0  08:00        1.06
  N467                 JUNCTION     0.00     0.00    57.63     0  00:19        0.00
  N468                 JUNCTION     0.01     0.01    55.81     0  00:25        0.01
  N483                 JUNCTION     0.01     0.01    41.22     0  00:00        0.01
  N491                 JUNCTION     0.01     0.01    53.97     0  00:19        0.01
  N492                 JUNCTION     0.01     0.01    52.82     0  00:26        0.01
  N515                 JUNCTION     0.01     0.01    58.31     0  00:44        0.01
  N542                 JUNCTION     0.01     0.01    45.29     0  00:24        0.01
  N552                 JUNCTION     0.78     0.91    41.30     0  08:00        0.91
  N562                 JUNCTION     0.02     0.02    42.89     0  00:40        0.02
  N563                 JUNCTION     0.03     0.03    41.46     0  01:02        0.03
  N566                 JUNCTION     0.02     0.02    45.78     0  01:14        0.02
  N578                 JUNCTION     2.27     2.47    41.74     0  08:00        2.47
  N582                 JUNCTION     1.46     1.49    40.14     0  08:00        1.49
  N599                 JUNCTION     2.41     2.60    41.36     0  08:00        2.60
  N644                 JUNCTION     1.60     1.79    42.51     0  08:00        1.79
  N647                 JUNCTION     0.02     0.02    55.81     0  00:44        0.02
  N655                 JUNCTION     0.01     0.01    43.33     0  01:15        0.01
  N656                 JUNCTION     0.01     0.01    42.35     0  02:19        0.01
  N659                 JUNCTION     0.01     0.01    44.09     0  00:14        0.01
  N660                 JUNCTION     0.01     0.01    42.43     0  00:26        0.01
  N675                 JUNCTION     1.89     2.07    41.55     0  08:00        2.07
  N676                 JUNCTION     0.85     0.96    40.97     0  08:00        0.96
  N687                 JUNCTION     0.01     0.01    43.67     0  00:07        0.01
  N688                 JUNCTION     0.01     0.01    43.01     0  00:02        0.01
  N693                 JUNCTION     1.53     1.70    41.57     0  08:00        1.70
  N695                 JUNCTION     0.01     0.01    47.88     0  00:25        0.01
  N702                 JUNCTION     0.07     0.08    40.36     0  08:00        0.08
  N711                 JUNCTION     1.92     2.03    40.56     0  08:00        2.03
  N722                 JUNCTION     0.02     0.02    46.68     0  00:35        0.02
  N751                 JUNCTION     0.01     0.01    52.37     0  00:25        0.01
  N779                 JUNCTION     0.00     0.00    44.72     0  00:00        0.00
  N781                 JUNCTION     0.45     0.55    41.29     0  08:00        0.55
  N799                 JUNCTION     0.01     0.01    40.99     0  02:05        0.01
  N816                 JUNCTION     0.01     0.01    46.54     0  00:40        0.01
  N829                 JUNCTION     0.83     0.96    41.30     0  08:00        0.96
  N842                 JUNCTION     0.02     0.02    42.99     0  00:37        0.02
  N849                 JUNCTION     1.00     1.05    40.29     0  00:37        1.05
  N853                 JUNCTION     0.09     0.12    40.97     0  08:00        0.12
  N857                 JUNCTION     0.02     0.02    51.40     0  00:52        0.02
  N862                 JUNCTION     0.01     0.01    41.63     0  00:23        0.01
  N863                 JUNCTION     0.01     0.01    41.51     0  00:25        0.01
  N870                 JUNCTION     0.05     0.05    42.86     0  01:21        0.05
  N914                 JUNCTION     0.25     0.30    40.65     0  08:00        0.30
  N915                 JUNCTION     0.84     0.99    41.98     0  08:00        0.99
  N916                 JUNCTION     0.01     0.01    42.99     0  00:15        0.01
  N924                 JUNCTION     0.03     0.04    42.40     0  00:00        0.04
  N930                 JUNCTION     2.05     2.20    40.96     0  08:00        2.20
  N931                 JUNCTION     0.22     0.29    41.30     0  08:00        0.29
  N954                 JUNCTION     0.38     0.47    42.01     0  08:00        0.47
  N956                 JUNCTION     1.28     1.34    40.29     0  00:37        1.34
  N957                 JUNCTION     0.01     0.01    50.57     0  00:38        0.01
  N975                 JUNCTION     0.01     0.01    40.16     0  00:08        0.01
  N976                 JUNCTION     0.16     0.18    40.14     0  08:00        0.18
  N978                 JUNCTION     0.01     0.01    51.14     0  00:19        0.01
  N984                 JUNCTION     0.01     0.01    41.10     0  00:02        0.01
  N1003                JUNCTION     0.02     0.02    43.36     0  01:03        0.02
  N1007                JUNCTION     0.49     0.59    41.29     0  08:00        0.59
  MH4428367            STORAGE      0.01     0.01    47.08     0  00:36        0.01
  MH4428606            STORAGE      0.03     0.03    43.59     0  02:58        0.03
  MH4447602            STORAGE      0.02     0.02    42.68     0  01:54        0.02
  MH4429312            STORAGE      1.34     1.51    41.79     0  08:00        1.51
  MH4429136            STORAGE      1.86     2.06    42.51     0  08:00        2.06
  MH4448345            STORAGE      2.43     2.61    41.27     0  08:00        2.61
  MH4448419            STORAGE      2.51     2.69    41.25     0  08:00        2.69
  MH4427688            STORAGE      0.03     0.03    48.70     0  00:51        0.03
  MH4448853            STORAGE      2.10     2.20    40.55     0  08:00        2.20
  MH4428026            STORAGE      0.02     0.02    48.11     0  01:11        0.02
  MH4429035            STORAGE      0.01     0.01    43.31     0  00:57        0.01
  MH4449704            STORAGE      1.42     1.58    41.30     0  08:00        1.58
  MH4449118            STORAGE      1.92     2.09    41.29     0  08:00        2.09
  MH4447128            STORAGE      1.12     1.25    40.97     0  08:00        1.25
  MH4447726            STORAGE      1.65     1.79    40.97     0  08:00        1.79
  MH4428268            STORAGE      0.05     0.05    43.73     0  01:12        0.05
  MH4428636            STORAGE      0.08     0.10    42.06     0  08:00        0.10
  MH4447880            STORAGE      0.38     0.47    41.66     0  08:00        0.47
  MH4449785            STORAGE      2.52     2.62    40.53     0  08:00        2.62
  MH4447416            STORAGE      1.01     1.13    40.97     0  08:00        1.13
  MH4427425            STORAGE      0.01     0.01    55.81     0  01:06        0.01
  MH4449173            STORAGE      2.52     2.66    40.91     0  08:00        2.66
  MH4428713            STORAGE      0.02     0.02    40.66     0  00:55        0.02
  MH4428995            STORAGE      0.68     0.75    40.60     0  08:00        0.75
  MH4429357            STORAGE      1.26     1.36    40.59     0  08:00        1.36
  MH4449860            STORAGE      0.01     0.01    40.56     0  00:55        0.01
  MH4428765            STORAGE      0.01     0.01    40.85     0  00:50        0.01
  MH4429013            STORAGE      0.70     0.83    41.95     0  08:00        0.83
  MH8963773            STORAGE      1.71     1.82    40.58     0  08:00        1.82
  MH4426971            STORAGE      0.01     0.01    57.44     0  00:26        0.01
  MH4429645            STORAGE      0.04     0.04    42.21     0  01:54        0.04
  MH4449103            STORAGE      2.45     2.60    40.95     0  08:00        2.60
  MH4449849            STORAGE      2.23     2.33    40.49     0  08:00        2.33
  MH4447394            STORAGE      2.38     2.57    41.51     0  08:00        2.57
  MH4428426            STORAGE      0.01     0.01    49.22     0  00:34        0.01
  MH4428245            STORAGE      0.02     0.02    47.76     0  00:56        0.02
  MH4449882            STORAGE      1.37     1.53    41.30     0  08:00        1.53
  MH4429320            STORAGE      0.01     0.01    41.13     0  00:32        0.01
  MH4426673            STORAGE      0.01     0.01    59.15     0  00:39        0.01
  MH4428836            STORAGE      0.15     0.19    40.66     0  08:00        0.19
  MH4429107            STORAGE      0.81     0.89    40.64     0  08:00        0.89
  MH4448392            STORAGE      0.02     0.02    42.78     0  00:54        0.02
  MH4448813            STORAGE      0.02     0.02    42.19     0  01:18        0.02
  MH4427309            STORAGE      0.01     0.01    54.82     0  07:59        0.01
  MH4428797            STORAGE      0.02     0.02    44.06     0  01:17        0.02
  MH4449977            STORAGE      0.17     0.22    41.30     0  08:00        0.22
  MH4450193            STORAGE      2.54     2.57    40.14     0  08:00        2.57
  MH4428800            STORAGE      0.01     0.01    45.26     0  00:39        0.01
  MH4429411            STORAGE      0.23     0.31    42.51     0  08:00        0.31
  MH4427312            STORAGE      0.02     0.02    54.04     0  00:52        0.02
  MH4450100            STORAGE      0.01     0.01    40.33     0  00:55        0.01
  MH4450180            STORAGE      1.26     1.32    40.29     0  00:37        1.32
  MH4429471            STORAGE      0.50     0.58    40.97     0  08:00        0.58
  MH4429499            STORAGE      2.22     2.43    41.98     0  08:00        2.43
  MH4428146            STORAGE      0.02     0.02    45.05     0  00:36        0.02
  MH4450167            STORAGE      1.67     1.74    40.36     0  08:00        1.74
  MH4427714            STORAGE      0.01     0.01    49.74     0  00:35        0.01
  MH4450332            STORAGE      1.45     1.51    40.29     0  00:37        1.51
  MH4426979            STORAGE      0.01     0.01    57.48     0  00:51        0.01
  MH4427849            STORAGE      0.02     0.02    50.28     0  00:52        0.02
  MH4447346            STORAGE      0.39     0.47    40.97     0  08:00        0.47
  MH4427659            STORAGE      0.01     0.01    54.08     0  00:24        0.01
  MH4428583            STORAGE      0.03     0.03    41.00     0  02:26        0.03
  MH4427741            STORAGE      0.01     0.01    52.40     0  01:06        0.01
  MH4428137            STORAGE      0.02     0.02    44.44     0  00:36        0.02
  MH4449866            STORAGE      0.66     0.69    40.14     0  08:00        0.69
  MH4448929            STORAGE      1.18     1.34    41.60     0  08:00        1.34
  MH4428067            STORAGE      0.01     0.01    52.16     0  00:36        0.01
  MH4449503            STORAGE      0.03     0.03    41.67     0  01:34        0.03
  MH4428188            STORAGE      0.02     0.02    43.95     0  00:39        0.02
  MH4447452            STORAGE      1.73     1.83    40.57     0  08:00        1.83
  X385                 OUTFALL      0.01     0.01    57.02     0  00:26        0.01
  OUT                  OUTFALL      2.55     2.55    39.98     0  00:00        2.55
  X570                 OUTFALL      0.01     0.01    53.31     0  00:23        0.01
  X902                 OUTFALL      0.00     0.00    58.33     0  00:39        0.00
  
  
  *******************
  Node Inflow Summary
  *******************
  
  -------------------------------------------------------------------------------------------------
                                  Maximum  Maximum                  Lateral       Total        Flow
                                  Lateral    Total  Time of Max      Inflow      Inflow     Balance
                                   Inflow   Inflow   Occurrence      Volume      Volume       Error
  Node                 Type           LPS      LPS  days hr:min    10^6 ltr    10^6 ltr     Percent
  -------------------------------------------------------------------------------------------------
  N10                  JUNCTION      0.20     0.42     0  00:36     0.00576      0.0122       0.221
  N13                  JUNCTION      0.23     2.02     0  01:04     0.00676      0.0577       2.657
  N22                  JUNCTION      0.14     0.14     0  00:00     0.00396     0.00396       0.303
  N25                  JUNCTION      0.29     7.76     0  08:00     0.00834       0.212       0.803
  N43                  JUNCTION      0.24    11.42     0  08:00     0.00699       0.321       0.456
  N85                  JUNCTION      0.21     0.82     0  00:31     0.00596      0.0236       0.394
  N97                  JUNCTION      0.14    24.89     0  00:03     0.00416       0.198       1.431
  N113                 JUNCTION      0.19     0.66     0  01:00     0.00535       0.019       0.165
  N124                 JUNCTION      0.20     0.66     0  00:57     0.00564      0.0189       0.607
  N166                 JUNCTION      0.31     2.73     0  00:47     0.00901      0.0778       0.265
  N168                 JUNCTION      0.16     0.78     0  00:36     0.00458      0.0225       0.279
  N188                 JUNCTION      0.09     3.08     0  02:04     0.00267      0.0881       1.123
  N197                 JUNCTION      0.17    74.70     0  00:00     0.00489       0.875       0.313
  N198                 JUNCTION      0.17     1.34     0  00:45     0.00497      0.0118       3.421
  N212                 JUNCTION      0.09     0.09     0  00:00     0.00256     0.00256       0.086
  N258                 JUNCTION      0.22     3.91     0  00:56     0.00629       0.109       1.115
  N265                 JUNCTION      0.23    19.25     0  00:15     0.00676       0.155       2.149
  N272                 JUNCTION      0.09     0.09     0  00:00     0.00256     0.00256       0.083
  N274                 JUNCTION      0.11     0.17     0  00:26     0.00304     0.00477       0.205
  N275                 JUNCTION      0.15     0.32     0  00:29     0.00443     0.00919       0.228
  N303                 JUNCTION      0.25     0.25     0  00:00     0.00729     0.00729       0.472
  N325                 JUNCTION      0.13     9.12     0  00:19     0.00372       0.106       0.927
  N327                 JUNCTION      0.15     6.54     0  00:38     0.00444       0.182       0.589
  N328                 JUNCTION      0.18    29.41     0  08:00     0.00511       0.784       0.287
  N379                 JUNCTION      0.16     3.42     0  00:21     0.00471     0.00506       6.499
  N397                 JUNCTION      0.28     2.98     0  01:54     0.00806      0.0857       0.241
  N460                 JUNCTION      0.19     8.75     0  00:20     0.00551       0.036       3.520
  N467                 JUNCTION      0.05     0.05     0  00:00     0.00145     0.00145       0.028
  N468                 JUNCTION      0.19     0.24     0  00:03     0.00537     0.00682       0.209
  N483                 JUNCTION      0.06     0.06     0  00:00     0.00179     0.00179       0.064
  N491                 JUNCTION      0.12     0.12     0  00:00     0.00346     0.00346       0.078
  N492                 JUNCTION      0.21     0.33     0  00:09     0.00605     0.00951       0.207
  N515                 JUNCTION      0.14     0.32     0  00:39     0.00404     0.00914       0.365
  N542                 JUNCTION      0.07     0.07     0  00:00      0.0021      0.0021       0.192
  N552                 JUNCTION      0.16     3.39     0  00:34     0.00464      0.0352       3.214
  N562                 JUNCTION      0.30     1.27     0  00:36     0.00855      0.0363       0.318
  N563                 JUNCTION      0.17     1.44     0  00:39     0.00494      0.0411       0.430
  N566                 JUNCTION      0.10     1.20     0  01:11     0.00301      0.0342       0.216
  N578                 JUNCTION      0.17    12.16     0  08:00     0.00479       0.336       0.485
  N582                 JUNCTION      0.13    17.20     0  00:01     0.00365      0.0126       5.928
  N599                 JUNCTION      0.15    26.29     0  00:10     0.00436       0.669       0.390
  N644                 JUNCTION      8.64     8.64     0  00:00       0.249       0.249       0.003
  N647                 JUNCTION      0.16     0.68     0  00:51     0.00448      0.0194       0.344
  N655                 JUNCTION      0.19     0.29     0  01:25     0.00546     0.00839       0.259
  N656                 JUNCTION      0.14     0.43     0  01:02     0.00407      0.0124       0.286
  N659                 JUNCTION      0.14     0.14     0  00:00     0.00398     0.00398       0.145
  N660                 JUNCTION      0.14     0.28     0  00:14     0.00417     0.00814       0.253
  N675                 JUNCTION      0.17     5.38     0  00:21     0.00475       0.119       0.945
  N676                 JUNCTION      0.09     1.10     0  00:26     0.00245     0.00256       5.633
  N687                 JUNCTION      0.10     0.10     0  00:00     0.00274     0.00274       0.075
  N688                 JUNCTION      0.22     0.31     0  00:07     0.00623     0.00897       0.195
  N693                 JUNCTION      0.14     6.88     0  00:20     0.00408       0.115       0.897
  N695                 JUNCTION      0.17     0.44     0  00:14     0.00497      0.0127       0.251
  N702                 JUNCTION      0.11     0.16     0  00:38     0.00316     0.00316       3.167
  N711                 JUNCTION      0.27    17.73     0  00:13      0.0077       0.181       1.852
  N722                 JUNCTION      0.19     0.74     0  00:34     0.00546      0.0211       0.223
  N751                 JUNCTION      0.18     0.18     0  00:00     0.00517     0.00517       0.223
  N779                 JUNCTION      0.14     0.14     0  00:00     0.00412     0.00412      -0.000
  N781                 JUNCTION      0.31     0.81     0  00:50     0.00886     0.00902       4.927
  N799                 JUNCTION      0.17     0.17     0  00:00     0.00487     0.00487       0.898
  N816                 JUNCTION      0.20     0.47     0  00:34      0.0058      0.0136       0.290
  N829                 JUNCTION      0.14     1.24     0  00:33     0.00399     0.00415       6.294
  N842                 JUNCTION      0.25     0.93     0  00:36     0.00728      0.0266       0.287
  N849                 JUNCTION      0.08     2.43     0  00:15     0.00222     0.00239       5.371
  N853                 JUNCTION      0.17     0.34     0  00:32     0.00486     0.00975       3.263
  N857                 JUNCTION      0.18     1.26     0  00:45     0.00506       0.036       0.205
  N862                 JUNCTION      0.06     0.06     0  00:00     0.00169     0.00169       0.104
  N863                 JUNCTION      0.17     0.23     0  00:10     0.00481      0.0065       0.207
  N870                 JUNCTION      0.18     4.28     0  01:04     0.00516       0.122       0.205
  N914                 JUNCTION      0.26     1.46     0  00:59     0.00746      0.0418       3.447
  N915                 JUNCTION      0.09     1.85     0  00:38     0.00254      0.0121       8.395
  N916                 JUNCTION      0.11     0.11     0  00:00     0.00324     0.00324       0.158
  N924                 JUNCTION      2.29     2.29     0  00:00       0.066       0.066       0.025
  N930                 JUNCTION      0.23     8.13     0  00:11     0.00664      0.0552       2.451
  N931                 JUNCTION      0.25     0.25     0  00:00     0.00724     0.00724       5.793
  N954                 JUNCTION      0.15     5.40     0  01:09     0.00437       0.153       0.647
  N956                 JUNCTION      0.05     2.44     0  00:11     0.00154     0.00165       8.600
  N957                 JUNCTION      0.26     0.26     0  00:00     0.00736     0.00736       0.384
  N975                 JUNCTION      0.06     0.06     0  00:00     0.00181     0.00181       0.057
  N976                 JUNCTION      0.09     0.63     0  00:23     0.00255     0.00442       5.034
  N978                 JUNCTION      0.27     0.27     0  00:00      0.0077      0.0077       0.146
  N984                 JUNCTION      0.20     0.20     0  00:00      0.0059      0.0059       0.205
  N1003                JUNCTION      0.10     0.10     0  00:00     0.00295     0.00295       0.636
  N1007                JUNCTION      0.25     0.61     0  00:48     0.00715     0.00726       4.556
  MH4428367            STORAGE       0.20     0.62     0  00:33     0.00576      0.0179       0.217
  MH4428606            STORAGE       0.24     1.79     0  01:05     0.00693      0.0512       0.408
  MH4447602            STORAGE       0.20     0.34     0  00:39     0.00578     0.00973       1.052
  MH4429312            STORAGE       0.27     7.47     0  00:31     0.00773       0.207       0.945
  MH4429136            STORAGE       0.24    13.51     0  00:23     0.00703       0.319       0.981
  MH4448345            STORAGE       1.61    29.04     0  08:00      0.0465       0.783       0.315
  MH4448419            STORAGE       0.19    29.23     0  08:00     0.00549       0.779       0.145
  MH4427688            STORAGE       0.34     2.41     0  00:45     0.00968       0.069       0.235
  MH4448853            STORAGE       0.28    21.93     0  00:05       0.008       0.193       1.577
  MH4428026            STORAGE       0.17     1.09     0  01:01     0.00494      0.0313       0.161
  MH4429035            STORAGE       0.22     0.46     0  00:39     0.00621      0.0133       0.417
  MH4449704            STORAGE       0.21     7.85     0  00:24     0.00615      0.0566       5.149
  MH4449118            STORAGE       0.23    11.28     0  00:17     0.00659      0.0788       4.993
  MH4447128            STORAGE       0.28     5.14     0  00:20     0.00817      0.0282       7.079
  MH4447726            STORAGE       0.23     8.45     0  00:15     0.00669      0.0503       4.845
  MH4428268            STORAGE       0.18     4.10     0  01:16     0.00524       0.117       0.246
  MH4428636            STORAGE       0.18     5.25     0  01:21     0.00515       0.149       0.477
  MH4447880            STORAGE       0.18     3.69     0  01:28     0.00522       0.105       1.243
  MH4449785            STORAGE       0.22    54.20     0  00:02     0.00629        1.06       0.569
  MH4447416            STORAGE       0.15     2.70     0  00:25     0.00427      0.0164       5.546
  MH4427425            STORAGE       0.28     0.37     0  00:01     0.00801      0.0106       0.586
  MH4449173            STORAGE       0.32    31.74     0  08:00     0.00935       0.842       0.199
  MH4428713            STORAGE       0.25     0.83     0  00:50     0.00724      0.0238       0.449
  MH4428995            STORAGE       0.22     4.55     0  00:26     0.00626      0.0309       5.041
  MH4429357            STORAGE       0.26    19.26     0  00:17     0.00748       0.149       1.736
  MH4449860            STORAGE       0.10     0.20     0  00:01     0.00293     0.00549       0.416
  MH4428765            STORAGE       0.04     0.29     0  00:48     0.00121     0.00846       0.167
  MH4429013            STORAGE       0.16     6.39     0  01:02     0.00473        0.18       1.113
  MH8963773            STORAGE       0.03    17.45     0  00:13    0.000747       0.163       1.859
  MH4426971            STORAGE       0.10     0.10     0  00:00     0.00287     0.00287       0.182
  MH4429645            STORAGE       0.07     2.70     0  01:54     0.00211      0.0777       0.107
  MH4449103            STORAGE       0.02    31.41     0  08:00    0.000705       0.836       0.269
  MH4449849            STORAGE       0.06    12.67     0  00:03     0.00168       0.197       0.686
  MH4447394            STORAGE       0.21    29.08     0  00:12     0.00614       0.669       0.475
  MH4428426            STORAGE       0.47     0.47     0  00:00      0.0135      0.0135       0.309
  MH4428245            STORAGE       0.31     1.14     0  00:52     0.00882      0.0326       0.427
  MH4449882            STORAGE       0.10     4.26     0  00:24     0.00291     0.00844      14.347
  MH4429320            STORAGE       0.11     0.17     0  00:01     0.00312      0.0049       0.185
  MH4426673            STORAGE       0.19     0.19     0  00:00     0.00559     0.00559       0.256
  MH4428836            STORAGE       0.29     2.13     0  02:59     0.00842      0.0607       2.351
  MH4429107            STORAGE       0.14     8.54     0  00:23      0.0039       0.104       2.620
  MH4448392            STORAGE       0.22     0.34     0  00:15     0.00646     0.00969       0.402
  MH4448813            STORAGE       0.30     0.63     0  00:54     0.00852      0.0182       0.697
  MH4427309            STORAGE       0.29     0.61     0  00:28     0.00847      0.0176       0.231
  MH4428797            STORAGE       0.28     0.82     0  00:40     0.00799      0.0236       0.436
  MH4449977            STORAGE       0.16     1.13     0  01:35     0.00472      0.0314       3.592
  MH4450193            STORAGE       0.11   109.84     0  00:00     0.00329       0.895       0.269
  MH4428800            STORAGE       0.52     0.52     0  00:00      0.0149      0.0149       0.341
  MH4429411            STORAGE       0.27     0.37     0  01:26     0.00768     0.00774       6.036
  MH4427312            STORAGE       0.17     1.08     0  00:51     0.00487       0.031       0.209
  MH4450100            STORAGE       0.05     0.24     0  00:55     0.00141     0.00686       0.230
  MH4450180            STORAGE       0.09     5.53     0  00:13     0.00261      0.0132       6.294
  MH4429471            STORAGE       0.25     2.04     0  00:41     0.00719      0.0171       6.005
  MH4429499            STORAGE       0.18    12.00     0  08:00     0.00518       0.336       0.582
  MH4428146            STORAGE       0.23     0.67     0  00:25     0.00673      0.0194       0.290
  MH4450167            STORAGE       0.24     7.84     0  08:00     0.00699       0.203       0.706
  MH4427714            STORAGE       0.22     0.55     0  00:20     0.00625      0.0157       0.290
  MH4450332            STORAGE       0.09     8.40     0  08:00     0.00272       0.215       0.362
  MH4426979            STORAGE       0.20     0.52     0  00:44     0.00584      0.0149       0.243
  MH4427849            STORAGE       0.29     0.63     0  00:36      0.0083      0.0182       0.466
  MH4447346            STORAGE       0.04     1.52     0  00:45     0.00105     0.00746      11.014
  MH4427659            STORAGE       0.14     0.14     0  00:00     0.00405     0.00405       0.110
  MH4428583            STORAGE       0.28     1.21     0  00:36     0.00804      0.0345       0.484
  MH4427741            STORAGE       0.11     0.48     0  01:06     0.00319      0.0137       0.147
  MH4428137            STORAGE       0.03     0.76     0  00:35    0.000731      0.0218       0.127
  MH4449866            STORAGE       0.13     8.75     0  00:01     0.00383     0.00884       6.388
  MH4448929            STORAGE       0.16     4.71     0  00:31     0.00471       0.113       0.892
  MH4428067            STORAGE       0.39     0.39     0  00:00      0.0112      0.0112       0.277
  MH4449503            STORAGE       0.31     0.95     0  01:18     0.00903       0.027       1.100
  MH4428188            STORAGE       0.21     0.97     0  00:36     0.00605      0.0278       0.178
  MH4447452            STORAGE       0.29    17.86     0  00:13     0.00827       0.172       0.739
  X385                 OUTFALL       0.00     0.04     0  00:26           0     0.00113       0.000
  OUT                  OUTFALL       0.00   109.72     0  00:00           0       0.895       0.000
  X570                 OUTFALL       0.00     0.14     0  00:23           0     0.00404       0.000
  X902                 OUTFALL       0.00     0.02     0  00:39           0    0.000469       0.000
  
  
  **********************
  Node Surcharge Summary
  **********************
  
  Surcharging occurs when water rises above the top of the highest conduit.
  ---------------------------------------------------------------------
                                               Max. Height   Min. Depth
                                   Hours       Above Crown    Below Rim
  Node                 Type      Surcharged         Meters       Meters
  ---------------------------------------------------------------------
  N13                  JUNCTION        6.62          0.313        3.666
  N25                  JUNCTION        7.70          1.860        2.782
  N43                  JUNCTION        7.73          2.099        2.352
  N97                  JUNCTION        7.93          2.147        1.534
  N188                 JUNCTION        5.88          0.101        2.427
  N197                 JUNCTION        7.98          2.367        1.658
  N198                 JUNCTION        7.33          0.500        1.599
  N258                 JUNCTION        7.26          0.692        2.133
  N265                 JUNCTION        7.74          1.399        0.548
  N325                 JUNCTION        7.67          0.988        0.919
  N327                 JUNCTION        7.42          1.051        2.300
  N328                 JUNCTION        7.87          2.414        1.583
  N379                 JUNCTION        7.64          0.697        1.255
  N460                 JUNCTION        7.65          0.907        0.847
  N552                 JUNCTION        7.38          0.758        2.116
  N578                 JUNCTION        7.78          2.321        2.359
  N582                 JUNCTION        7.98          1.342        1.829
  N599                 JUNCTION        7.82          2.372        1.586
  N644                 JUNCTION        7.56          1.642        2.442
  N675                 JUNCTION        7.74          1.920        1.964
  N676                 JUNCTION        7.51          0.808        1.057
  N693                 JUNCTION        7.66          1.552        1.921
  N711                 JUNCTION        7.84          1.802        1.444
  N781                 JUNCTION        7.09          0.399        1.518
  N829                 JUNCTION        7.41          0.809        1.264
  N849                 JUNCTION        7.73          0.903        0.903
  N914                 JUNCTION        6.96          0.150        1.569
  N915                 JUNCTION        7.32          0.836        2.041
  N930                 JUNCTION        7.82          2.047        2.012
  N931                 JUNCTION        6.33          0.139        2.326
  N954                 JUNCTION        6.72          0.319        3.194
  N956                 JUNCTION        7.78          1.189        0.000
  N976                 JUNCTION        6.92          0.032        1.826
  N1007                JUNCTION        7.13          0.439        1.589
  
  
  *********************
  Node Flooding Summary
  *********************
  
  Flooding refers to all water that overflows a node, whether it ponds or not.
  --------------------------------------------------------------------------
                                                             Total   Maximum
                                 Maximum   Time of Max       Flood    Ponded
                        Hours       Rate    Occurrence      Volume     Depth
  Node                 Flooded       LPS   days hr:min    10^6 ltr    Meters
  --------------------------------------------------------------------------
  MH4450332               7.37      8.40      0  08:00       0.211     0.000
  
  
  **********************
  Storage Volume Summary
  **********************
  
  ------------------------------------------------------------------------------------------------
                         Average    Avg   Evap  Exfil     Maximum    Max    Time of Max    Maximum
                          Volume   Pcnt   Pcnt   Pcnt      Volume   Pcnt     Occurrence    Outflow
  Storage Unit           1000 m³   Full   Loss   Loss     1000 m³   Full    days hr:min        LPS
  ------------------------------------------------------------------------------------------------
  MH4428367                0.000    0.4    0.0    0.0       0.000    0.4       0  00:36       0.62
  MH4428606                0.000    0.6    0.0    0.0       0.000    0.6       0  02:58       1.79
  MH4447602                0.000    0.7    0.0    0.0       0.000    0.7       0  01:54       0.34
  MH4429312                0.001   39.1    0.0    0.0       0.001   44.1       0  08:00       7.47
  MH4429136                0.002   41.2    0.0    0.0       0.002   45.7       0  08:00      11.18
  MH4448345                0.002   57.7    0.0    0.0       0.002   62.0       0  08:00      29.04
  MH4448419                0.002   58.7    0.0    0.0       0.002   62.9       0  08:00      29.23
  MH4427688                0.000    0.7    0.0    0.0       0.000    0.7       0  00:51       2.41
  MH4448853                0.002   53.6    0.0    0.0       0.002   56.3       0  08:00      17.46
  MH4428026                0.000    0.5    0.0    0.0       0.000    0.5       0  01:11       1.09
  MH4429035                0.000    0.4    0.0    0.0       0.000    0.4       0  00:57       0.46
  MH4449704                0.001   46.1    0.0    0.0       0.001   51.3       0  08:00       4.02
  MH4449118                0.002   51.8    0.0    0.0       0.002   56.5       0  08:00       6.14
  MH4447128                0.001   45.6    0.0    0.0       0.001   50.6       0  08:00       1.46
  MH4447726                0.001   44.2    0.0    0.0       0.002   48.0       0  08:00       5.02
  MH4428268                0.000    1.2    0.0    0.0       0.000    1.2       0  01:12       4.10
  MH4428636                0.000    2.3    0.0    0.0       0.000    2.9       0  08:00       5.25
  MH4447880                0.000   13.9    0.0    0.0       0.000   17.2       0  08:00       3.69
  MH4449785                0.002   56.8    0.0    0.0       0.002   59.1       0  08:00      49.26
  MH4447416                0.001   32.4    0.0    0.0       0.001   36.2       0  08:00       1.16
  MH4427425                0.000    0.5    0.0    0.0       0.000    0.5       0  01:06       0.37
  MH4449173                0.002   56.4    0.0    0.0       0.002   59.7       0  08:00      31.74
  MH4428713                0.000    0.9    0.0    0.0       0.000    0.9       0  00:55       0.83
  MH4428995                0.001   40.3    0.0    0.0       0.001   44.6       0  08:00       1.64
  MH4429357                0.001   70.3    0.0    0.0       0.001   75.5       0  08:00       8.92
  MH4449860                0.000    1.5    0.0    0.0       0.000    1.5       0  00:55       0.19
  MH4428765                0.000    0.7    0.0    0.0       0.000    0.8       0  00:50       0.29
  MH4429013                0.001   21.4    0.0    0.0       0.001   25.4       0  08:00       6.39
  MH8963773                0.001   67.7    0.0    0.0       0.002   71.9       0  08:00      14.77
  MH4426971                0.000    0.2    0.0    0.0       0.000    0.2       0  00:26       0.10
  MH4429645                0.000    1.7    0.0    0.0       0.000    1.7       0  01:54       2.70
  MH4449103                0.002   56.6    0.0    0.0       0.002   60.1       0  08:00      31.41
  MH4449849                0.002   54.7    0.0    0.0       0.002   57.0       0  08:00       7.49
  MH4447394                0.002   52.3    0.0    0.0       0.002   56.6       0  08:00      24.51
  MH4428426                0.000    0.3    0.0    0.0       0.000    0.3       0  00:34       0.47
  MH4428245                0.000    0.6    0.0    0.0       0.000    0.7       0  00:56       1.14
  MH4449882                0.001   46.3    0.0    0.0       0.001   51.7       0  08:00       1.10
  MH4429320                0.000    0.8    0.0    0.0       0.000    0.8       0  00:32       0.17
  MH4426673                0.000    0.4    0.0    0.0       0.000    0.4       0  00:39       0.19
  MH4428836                0.000    6.1    0.0    0.0       0.000    7.4       0  08:00       2.13
  MH4429107                0.001   33.8    0.0    0.0       0.001   37.2       0  08:00       3.73
  MH4448392                0.000    0.7    0.0    0.0       0.000    0.7       0  00:54       0.34
  MH4448813                0.000    1.0    0.0    0.0       0.000    1.0       0  01:18       0.63
  MH4427309                0.000    0.3    0.0    0.0       0.000    0.3       0  07:59       0.61
  MH4428797                0.000    0.6    0.0    0.0       0.000    0.6       0  01:17       0.82
  MH4449977                0.000    7.2    0.0    0.0       0.000    9.6       0  08:00       1.11
  MH4450193                0.002   58.1    0.0    0.0       0.002   58.8       0  08:00      84.05
  MH4428800                0.000    0.3    0.0    0.0       0.000    0.3       0  00:39       0.52
  MH4429411                0.000    9.2    0.0    0.0       0.000   12.3       0  08:00       0.27
  MH4427312                0.000    0.5    0.0    0.0       0.000    0.5       0  00:45       1.08
  MH4450100                0.000    0.5    0.0    0.0       0.000    0.5       0  00:55       0.24
  MH4450180                0.001   56.1    0.0    0.0       0.001   58.7       0  00:37       2.35
  MH4429471                0.000   22.3    0.0    0.0       0.001   26.1       0  08:00       0.59
  MH4429499                0.002   49.3    0.0    0.0       0.002   53.9       0  08:00      12.00
  MH4428146                0.000    0.6    0.0    0.0       0.000    0.6       0  00:36       0.67
  MH4450167                0.001   53.0    0.0    0.0       0.002   55.2       0  08:00       7.84
  MH4427714                0.000    0.5    0.0    0.0       0.000    0.5       0  00:35       0.55
  MH4450332                0.001   96.1    0.0    0.0       0.001  100.0       0  00:37       5.29
  MH4426979                0.000    0.5    0.0    0.0       0.000    0.5       0  00:51       0.52
  MH4427849                0.000    0.5    0.0    0.0       0.000    0.5       0  00:52       0.63
  MH4447346                0.000   19.3    0.0    0.0       0.000   23.1       0  08:00       0.24
  MH4427659                0.000    0.3    0.0    0.0       0.000    0.3       0  00:24       0.14
  MH4428583                0.000    1.2    0.0    0.0       0.000    1.2       0  02:26       1.21
  MH4427741                0.000    0.3    0.0    0.0       0.000    0.3       0  01:06       0.48
  MH4428137                0.000    0.5    0.0    0.0       0.000    0.5       0  00:36       0.76
  MH4449866                0.001   26.3    0.0    0.0       0.001   27.5       0  08:00       2.14
  MH4448929                0.001   34.7    0.0    0.0       0.001   39.4       0  08:00       4.67
  MH4428067                0.000    0.3    0.0    0.0       0.000    0.3       0  00:36       0.39
  MH4449503                0.000    1.4    0.0    0.0       0.000    1.4       0  01:34       0.97
  MH4428188                0.000    0.7    0.0    0.0       0.000    0.7       0  00:39       0.97
  MH4447452                0.001   60.6    0.0    0.0       0.002   64.3       0  08:00      16.55
  
  
  ***********************
  Outfall Loading Summary
  ***********************
  
  -----------------------------------------------------------
                         Flow       Avg       Max       Total
                         Freq      Flow      Flow      Volume
  Outfall Node           Pcnt       LPS       LPS    10^6 ltr
  -----------------------------------------------------------
  X385                  99.54      0.04      0.04       0.001
  OUT                  100.00     31.06    109.72       0.895
  X570                  99.88      0.14      0.14       0.004
  X902                   0.00      0.00      0.00       0.000
  -----------------------------------------------------------
  System                74.85     31.24    109.73       0.900
  
  
  ********************
  Link Flow Summary
  ********************
  
  -----------------------------------------------------------------------------
                                 Maximum  Time of Max   Maximum    Max/    Max/
                                  |Flow|   Occurrence   |Veloc|    Full    Full
  Link                 Type          LPS  days hr:min     m/sec    Flow   Depth
  -----------------------------------------------------------------------------
  N10>MH4428367        CONDUIT      0.42     0  00:33      0.61    0.01    0.08
  MH4428606>N13        CONDUIT      1.79     0  01:04      0.71    0.08    1.00
  N22>MH4447602        CONDUIT      0.14     0  00:39      0.29    0.01    0.09
  MH4429312>N25        CONDUIT      7.47     0  08:00      0.78    0.54    1.00
  MH4429136>N43        CONDUIT     11.18     0  08:00      0.86    0.89    1.00
  MH4448345>MH4448419  CONDUIT     29.04     0  08:00      0.73    0.53    1.00
  N13>MH4429136        CONDUIT      2.02     0  00:55      0.37    0.09    1.00
  N85>MH4427688        CONDUIT      0.82     0  00:40      0.81    0.02    0.11
  MH4448853>N97        CONDUIT     21.36     0  00:05      0.54    0.90    1.00
  N113>MH4428026       CONDUIT      0.66     0  01:01      0.65    0.02    0.11
  MH4429035>N124       CONDUIT      0.46     0  00:57      0.50    0.02    0.13
  MH4449704>MH4449118  CONDUIT      6.14     0  00:24      0.40    0.50    1.00
  MH4447128>MH4447726  CONDUIT      4.18     0  00:20      0.33    0.34    1.00
  N166>MH4428268       CONDUIT      2.73     0  00:51      0.74    0.10    0.26
  N168>MH4428636       CONDUIT      0.78     0  00:37      0.83    0.02    0.27
  N188>MH4447880       CONDUIT      3.08     0  01:28      0.66    0.22    1.00
  MH4449785>N197       CONDUIT     53.84     0  00:02      1.35    2.05    1.00
  N198>MH4447416       CONDUIT      1.16     0  00:45      0.41    0.07    1.00
  N212>MH4427425       CONDUIT      0.09     0  00:01      0.40    0.00    0.06
  MH4449173>MH4449785  CONDUIT     31.74     0  08:00      0.80    1.21    1.00
  MH4428713>MH4428995  CONDUIT      0.83     0  00:54      0.43    0.05    1.00
  MH4447880>N258       CONDUIT      3.69     0  00:56      0.72    0.26    1.00
  MH4429357>N265       CONDUIT     14.15     0  00:17      0.49    0.51    1.00
  N272>MH4449860       CONDUIT      0.09     0  00:01      0.33    0.01    0.07
  N274>N275            CONDUIT      0.17     0  00:29      0.32    0.01    0.07
  N303>MH4428765       CONDUIT      0.25     0  00:48      0.45    0.01    0.07
  MH4447416>MH4447726  CONDUIT      2.14     0  00:25      0.45    0.12    1.00
  N325>MH4429357       CONDUIT      5.34     0  00:19      0.53    0.49    1.00
  MH4429013>N327       CONDUIT      6.39     0  00:38      0.76    0.46    1.00
  MH4448419>N328       CONDUIT     29.23     0  08:00      0.74    1.35    1.00
  N379>MH8963773       CONDUIT      3.26     0  00:21      0.33    0.20    1.00
  MH4426971>X385       CONDUIT      0.04     0  00:26      0.21    0.00    0.03
  MH4429645>N397       CONDUIT      2.70     0  01:54      0.70    0.19    0.31
  N328>MH4449103       CONDUIT     29.41     0  08:00      0.74    1.37    1.00
  MH4449849>MH4449785  CONDUIT     12.39     0  00:03      0.70    1.10    1.00
  N25>MH4447394        CONDUIT      8.43     0  00:19      0.62    0.60    1.00
  MH4428426>MH4428245  CONDUIT      0.20     0  00:34      0.40    0.01    0.06
  MH4427688>N166       CONDUIT      2.41     0  00:47      0.92    0.09    0.21
  MH4428995>N460       CONDUIT      3.50     0  00:26      0.37    0.32    1.00
  N467>N468            CONDUIT      0.05     0  00:03      0.46    0.00    0.05
  MH4449882>MH4449704  CONDUIT      4.02     0  00:24      0.27    1.20    1.00
  N483>MH4429320       CONDUIT      0.07     0  00:01      0.27    0.00    0.06
  N491>N492            CONDUIT      0.12     0  00:09      0.44    0.00    0.06
  MH4426673>N515       CONDUIT      0.18     0  00:39      0.31    0.01    0.08
  MH4428836>MH4429107  CONDUIT      2.13     0  01:02      0.48    0.16    1.00
  MH4448392>MH4448813  CONDUIT      0.34     0  00:54      0.31    0.02    0.13
  MH4427309>N85        CONDUIT      0.61     0  00:31      0.72    0.02    0.10
  N542>MH4428797       CONDUIT      0.07     0  00:23      0.39    0.00    0.03
  MH4449977>N552       CONDUIT      1.11     0  01:23      0.52    0.07    1.00
  N562>N563            CONDUIT      1.27     0  00:39      0.66    0.06    0.17
  N566>MH4428268       CONDUIT      1.20     0  01:12      0.93    0.03    0.13
  N578>MH4447394       CONDUIT     12.16     0  08:00      0.74    1.14    1.00
  N582>MH4450193       CONDUIT     16.99     0  00:01      0.96    0.71    1.00
  MH4428800>MH4429035  CONDUIT      0.25     0  00:39      0.41    0.01    0.08
  MH4449118>MH4448345  CONDUIT      8.80     0  00:17      0.50    0.71    1.00
  MH4447394>N599       CONDUIT     24.51     0  08:00      0.62    1.04    1.00
  MH4429411>MH4429136  CONDUIT      0.27     0  00:40      0.10    0.01    1.00
  N644>MH4429136       CONDUIT     10.97     0  00:23      5.62    0.12    1.00
  N124>MH4429312       CONDUIT      0.66     0  00:48      0.61    0.03    1.00
  N647>MH4427312       CONDUIT      0.68     0  00:51      0.69    0.02    0.10
  MH4449103>MH4449173  CONDUIT     31.41     0  08:00      0.79    0.69    1.00
  N552>MH4449704       CONDUIT      2.12     0  00:34      0.42    0.12    1.00
  MH4450100>MH4450180  CONDUIT      0.24     0  00:55      0.61    0.01    1.00
  N655>N656            CONDUIT      0.29     0  01:02      0.40    0.01    0.09
  N599>MH4448345       CONDUIT     24.66     0  08:00      0.62    1.06    1.00
  N659>N660            CONDUIT      0.14     0  00:14      0.42    0.00    0.06
  MH4429471>MH4447128  CONDUIT      1.46     0  00:41      0.39    0.10    1.00
  N675>MH4447394       CONDUIT      5.77     0  00:21      0.52    0.41    1.00
  N676>MH4447128       CONDUIT      1.02     0  00:26      0.23    0.06    1.00
  MH4428245>MH4428606  CONDUIT      1.14     0  00:56      0.61    0.04    0.16
  N43>MH4429499        CONDUIT     11.42     0  08:00      0.81    0.91    1.00
  MH4447602>MH4429645  CONDUIT      0.34     0  01:54      0.31    0.03    0.11
  MH4429499>N578       CONDUIT     12.00     0  08:00      0.77    1.11    1.00
  N687>N688            CONDUIT      0.10     0  00:07      0.34    0.00    0.06
  N693>N675            CONDUIT      5.22     0  00:21      0.69    0.37    1.00
  N695>MH4428146       CONDUIT      0.44     0  00:25      0.65    0.01    0.09
  N702>MH4450167       CONDUIT      0.18     0  00:38      0.27    0.01    1.00
  N711>MH4448853       CONDUIT     17.46     0  00:13      0.44    0.73    1.00
  MH4427714>N722       CONDUIT      0.55     0  00:34      0.64    0.02    0.09
  MH4450332>MH4450167  CONDUIT      7.84     0  08:00      0.44    0.72    1.00
  N492>MH4427714       CONDUIT      0.33     0  00:20      0.64    0.01    0.08
  MH4450167>MH4449849  CONDUIT      7.49     0  08:00      0.42    0.64    1.00
  N327>MH4429312       CONDUIT      6.54     0  00:31      0.74    0.47    1.00
  N515>MH4426979       CONDUIT      0.32     0  00:44      0.41    0.02    0.09
  N751>MH4427849       CONDUIT      0.18     0  00:25      0.42    0.01    0.08
  N275>MH4427309       CONDUIT      0.32     0  00:28      0.44    0.01    0.09
  N779>MH4428606       CONDUIT      0.17     0  00:00      1.88    0.00    0.02
  N781>MH4449118       CONDUIT      0.51     0  00:50      0.43    0.02    1.00
  N460>MH4429357       CONDUIT      7.51     0  00:20      0.43    0.70    1.00
  MH4447346>N198       CONDUIT      1.28     0  00:45      0.28    0.07    1.00
  MH4427659>X570       CONDUIT      0.14     0  00:23      0.39    0.01    0.05
  MH4450193>OUT        CONDUIT    109.72     0  00:00      2.76    4.25    1.00
  N563>MH4428836       CONDUIT      1.44     0  01:10      0.68    0.07    0.60
  MH4428026>N566       CONDUIT      1.09     0  01:11      0.88    0.03    0.12
  N799>MH4428836       CONDUIT      0.17     0  02:59      0.24    0.02    0.13
  N816>MH4428797       CONDUIT      0.47     0  00:40      0.59    0.01    0.10
  MH4428426>N816       CONDUIT      0.27     0  00:34      0.46    0.01    0.07
  N829>MH4449882       CONDUIT      1.10     0  00:33      0.33    0.06    1.00
  N842>MH4428583       CONDUIT      0.93     0  00:36      0.57    0.03    0.16
  N849>MH4450180       CONDUIT      2.35     0  00:15      0.29    0.14    1.00
  MH4427425>MH4427741  CONDUIT      0.37     0  01:06      0.55    0.01    0.08
  MH4429320>N853       CONDUIT      0.17     0  00:32      0.24    0.01    0.43
  N857>MH4427688       CONDUIT      1.26     0  00:45      0.66    0.04    0.17
  N862>N863            CONDUIT      0.06     0  00:10      0.18    0.00    0.06
  MH4428268>N870       CONDUIT      4.10     0  01:04      0.87    0.21    0.31
  MH4428146>N842       CONDUIT      0.67     0  00:36      0.60    0.02    0.12
  MH4428800>MH4428606  CONDUIT      0.27     0  00:39      0.48    0.01    0.07
  N97>MH4449785        CONDUIT     24.62     0  00:03      0.62    1.03    1.00
  N722>MH4428137       CONDUIT      0.74     0  00:35      0.77    0.02    0.10
  MH4428765>MH4428713  CONDUIT      0.29     0  00:50      0.34    0.02    0.10
  MH4428797>MH4429013  CONDUIT      0.82     0  00:45      0.75    0.03    1.00
  N197>MH4450193       CONDUIT     74.53     0  00:00      1.87    2.88    1.00
  N863>MH4428836       CONDUIT      0.23     0  00:23      0.40    0.01    0.66
  MH4427741>N113       CONDUIT      0.48     0  01:00      0.63    0.01    0.09
  MH4426673>X902       CONDUIT      0.02     0  00:39      0.00    0.00    0.02
  MH4449866>N582       CONDUIT      8.47     0  00:01      0.48    0.35    1.00
  N468>MH4427312       CONDUIT      0.24     0  00:21      0.50    0.01    0.09
  MH4426971>N274       CONDUIT      0.06     0  00:26      0.20    0.00    0.05
  N853>MH4429471       CONDUIT      0.34     0  00:32      0.39    0.02    1.00
  N258>MH4448929       CONDUIT      3.91     0  08:00      0.67    0.28    1.00
  N660>MH4428713       CONDUIT      0.28     0  00:26      0.46    0.01    0.11
  N914>MH4429107       CONDUIT      1.46     0  00:37      0.40    0.11    1.00
  N915>MH4429499       CONDUIT      1.45     0  00:38      0.54    0.05    1.00
  N916>MH4448392       CONDUIT      0.11     0  00:15      0.25    0.01    0.08
  N924>MH4429645       CONDUIT      2.43     0  00:00      1.14    0.12    0.26
  N870>MH4428636       CONDUIT      4.28     0  01:21      0.72    0.22    0.51
  MH4447726>N930       CONDUIT      6.72     0  00:15      0.44    0.54    1.00
  N931>MH4449704       CONDUIT      0.25     0  00:33      0.39    0.01    1.00
  MH4427312>N857       CONDUIT      1.08     0  00:45      0.83    0.03    0.13
  N688>N915            CONDUIT      0.32     0  00:03      0.62    0.01    1.00
  N930>MH4449103       CONDUIT      6.55     0  00:15      0.37    0.53    1.00
  MH4428067>N10        CONDUIT      0.22     0  00:36      0.44    0.01    0.07
  MH4448813>MH4449503  CONDUIT      0.63     0  01:18      0.35    0.05    0.17
  MH4428188>N562       CONDUIT      0.97     0  00:36      0.56    0.05    0.15
  MH4428636>N954       CONDUIT      5.25     0  01:09      0.72    0.38    1.00
  N956>MH4450332       CONDUIT      2.39     0  00:11      0.23    0.15    1.00
  N957>MH4428026       CONDUIT      0.26     0  00:38      0.52    0.01    0.06
  MH8963773>MH4447452  CONDUIT     16.55     0  00:14      0.66    0.74    1.00
  N656>MH4447880       CONDUIT      0.43     0  01:04      0.40    0.02    1.00
  N954>MH4429013       CONDUIT      5.40     0  01:02      0.69    0.39    1.00
  MH4447452>N711       CONDUIT     17.58     0  00:13      0.44    0.73    1.00
  MH4428583>N914       CONDUIT      1.21     0  00:59      0.47    0.09    1.00
  N975>N976            CONDUIT      0.06     0  00:05      0.27    0.00    0.66
  MH4426979>N647       CONDUIT      0.52     0  00:51      0.58    0.02    0.10
  N978>N695            CONDUIT      0.27     0  00:14      0.62    0.01    0.07
  MH4429107>N325       CONDUIT      4.81     0  00:23      0.56    0.42    1.00
  N265>MH8963773       CONDUIT     14.77     0  00:15      0.37    0.60    1.00
  MH4427849>MH4428245  CONDUIT      0.63     0  00:52      0.54    0.03    0.12
  N397>N188            CONDUIT      2.98     0  02:04      0.68    0.22    0.99
  N984>MH4447346       CONDUIT      0.21     0  00:03      0.42    0.01    1.00
  MH4450180>MH4450332  CONDUIT      5.12     0  00:13      0.32    0.43    1.00
  MH4448929>N693       CONDUIT      4.67     0  00:21      0.67    0.35    1.00
  MH4428137>MH4428188  CONDUIT      0.76     0  00:36      0.61    0.02    0.12
  MH4428067>MH4427849  CONDUIT      0.17     0  00:36      0.42    0.01    0.06
  MH4449860>MH4450100  CONDUIT      0.19     0  00:55      0.31    0.02    0.08
  N976>MH4449866       CONDUIT      0.54     0  00:24      0.38    0.02    1.00
  MH4449503>MH4449977  CONDUIT      0.97     0  01:35      0.42    0.08    0.70
  N1003>N655           CONDUIT      0.10     0  01:25      0.11    0.03    0.11
  N1007>MH4449118      CONDUIT      0.37     0  00:48      0.44    0.02    1.00
  MH4428367>N168       CONDUIT      0.62     0  00:36      0.73    0.02    0.10
  MH4427659>MH4427741  CONDUIT      0.00     0  00:00      0.00    0.00    0.04
  
  
  ***************************
  Flow Classification Summary
  ***************************
  
  -------------------------------------------------------------------------------------
                      Adjusted    ---------- Fraction of Time in Flow Class ---------- 
                       /Actual         Up    Down  Sub   Sup   Up    Down  Norm  Inlet 
  Conduit               Length    Dry  Dry   Dry   Crit  Crit  Crit  Crit  Ltd   Ctrl  
  -------------------------------------------------------------------------------------
  N10>MH4428367           1.00   0.00  0.00  0.00  0.00  1.00  0.00  0.00  1.00  0.00
  MH4428606>N13           1.00   0.00  0.00  0.00  0.87  0.13  0.00  0.00  0.98  0.00
  N22>MH4447602           1.00   0.00  0.00  0.00  0.99  0.01  0.00  0.00  0.99  0.00
  MH4429312>N25           1.00   0.00  0.00  0.00  0.97  0.03  0.00  0.00  0.01  0.00
  MH4429136>N43           1.00   0.00  0.00  0.00  0.99  0.01  0.00  0.00  0.01  0.00
  MH4448345>MH4448419     1.00   0.00  0.00  0.00  0.99  0.01  0.00  0.00  0.01  0.00
  N13>MH4429136           1.00   0.00  0.00  0.00  1.00  0.00  0.00  0.00  0.12  0.00
  N85>MH4427688           1.00   0.00  0.00  0.00  0.00  0.00  0.00  1.00  0.00  0.00
  MH4448853>N97           1.00   0.00  0.00  0.00  1.00  0.00  0.00  0.00  0.00  0.00
  N113>MH4428026          1.00   0.00  0.00  0.00  0.00  1.00  0.00  0.00  1.00  0.00
  MH4429035>N124          1.00   0.00  0.00  0.00  0.14  0.86  0.00  0.00  0.99  0.00
  MH4449704>MH4449118     1.00   0.00  0.00  0.00  1.00  0.00  0.00  0.00  0.04  0.00
  MH4447128>MH4447726     1.00   0.00  0.00  0.00  1.00  0.00  0.00  0.00  0.03  0.00
  N166>MH4428268          1.00   0.00  0.00  0.00  0.00  1.00  0.00  0.00  0.99  0.00
  N168>MH4428636          1.00   0.00  0.00  0.00  0.61  0.37  0.00  0.02  0.98  0.00
  N188>MH4447880          1.00   0.00  0.00  0.00  0.99  0.01  0.00  0.00  0.17  0.00
  MH4449785>N197          1.00   0.00  0.00  0.00  1.00  0.00  0.00  0.00  0.00  0.00
  N198>MH4447416          1.00   0.00  0.00  0.00  0.96  0.04  0.00  0.00  0.06  0.00
  N212>MH4427425          1.00   0.00  0.00  0.00  0.99  0.01  0.00  0.00  1.00  0.00
  MH4449173>MH4449785     1.00   0.00  0.00  0.00  1.00  0.00  0.00  0.00  0.00  0.00
  MH4428713>MH4428995     1.00   0.00  0.00  0.00  0.99  0.01  0.00  0.00  0.99  0.00
  MH4447880>N258          1.00   0.00  0.00  0.00  0.92  0.08  0.00  0.00  0.10  0.00
  MH4429357>N265          1.00   0.00  0.00  0.00  1.00  0.00  0.00  0.00  0.02  0.00
  N272>MH4449860          1.00   0.00  0.00  0.00  1.00  0.00  0.00  0.00  1.00  0.00
  N274>N275               1.00   0.00  0.00  0.00  0.00  1.00  0.00  0.00  1.00  0.00
  N303>MH4428765          1.00   0.00  0.00  0.00  0.00  0.00  0.00  1.00  0.00  0.00
  MH4447416>MH4447726     1.00   0.00  0.00  0.00  0.97  0.00  0.00  0.03  0.01  0.00
  N325>MH4429357          1.00   0.00  0.00  0.00  1.00  0.00  0.00  0.00  0.02  0.00
  MH4429013>N327          1.00   0.00  0.00  0.00  0.94  0.06  0.00  0.00  0.05  0.00
  MH4448419>N328          1.00   0.00  0.00  0.00  1.00  0.00  0.00  0.00  0.00  0.00
  N379>MH8963773          1.00   0.00  0.00  0.00  0.98  0.00  0.00  0.02  0.02  0.00
  MH4426971>X385          1.00   0.00  0.00  0.00  0.00  1.00  0.00  0.00  0.00  0.00
  MH4429645>N397          1.00   0.00  0.00  0.00  0.00  1.00  0.00  0.00  0.99  0.00
  N328>MH4449103          1.00   0.00  0.00  0.00  1.00  0.00  0.00  0.00  0.00  0.00
  MH4449849>MH4449785     1.00   0.00  0.00  0.00  1.00  0.00  0.00  0.00  0.00  0.00
  N25>MH4447394           1.00   0.00  0.00  0.00  0.98  0.00  0.00  0.02  0.01  0.00
  MH4428426>MH4428245     1.00   0.00  0.00  0.00  0.00  0.00  0.00  1.00  0.00  0.00
  MH4427688>N166          1.00   0.00  0.00  0.00  0.00  1.00  0.00  0.00  0.99  0.00
  MH4428995>N460          1.00   0.00  0.00  0.00  1.00  0.00  0.00  0.00  0.03  0.00
  N467>N468               1.00   0.00  0.00  0.00  1.00  0.00  0.00  0.00  1.00  0.00
  MH4449882>MH4449704     1.00   0.00  0.00  0.00  0.96  0.00  0.00  0.04  0.00  0.00
  N483>MH4429320          1.00   0.00  0.00  0.00  1.00  0.00  0.00  0.00  1.00  0.00
  N491>N492               1.00   0.00  0.00  0.00  0.00  1.00  0.00  0.00  1.00  0.00
  MH4426673>N515          1.00   0.00  0.00  0.00  0.00  1.00  0.00  0.00  1.00  0.00
  MH4428836>MH4429107     1.00   0.00  0.00  0.00  0.98  0.02  0.00  0.00  0.11  0.00
  MH4448392>MH4448813     1.00   0.00  0.00  0.00  0.99  0.01  0.00  0.00  0.99  0.00
  MH4427309>N85           1.00   0.00  0.00  0.00  0.00  1.00  0.00  0.00  0.99  0.00
  N542>MH4428797          1.00   0.00  0.00  0.00  0.00  0.00  0.00  1.00  0.00  0.00
  MH4449977>N552          1.00   0.00  0.00  0.00  0.93  0.07  0.00  0.00  0.17  0.00
  N562>N563               1.00   0.00  0.00  0.00  0.00  1.00  0.00  0.00  0.98  0.00
  N566>MH4428268          1.00   0.00  0.00  0.00  0.00  0.00  0.00  1.00  0.00  0.00
  N578>MH4447394          1.00   0.00  0.00  0.00  0.97  0.00  0.00  0.03  0.00  0.00
  N582>MH4450193          1.00   0.00  0.00  0.00  1.00  0.00  0.00  0.00  0.00  0.00
  MH4428800>MH4429035     1.00   0.00  0.00  0.00  0.00  1.00  0.00  0.00  0.99  0.00
  MH4449118>MH4448345     1.00   0.00  0.00  0.00  1.00  0.00  0.00  0.00  0.03  0.00
  MH4447394>N599          1.00   0.00  0.00  0.00  1.00  0.00  0.00  0.00  0.00  0.00
  MH4429411>MH4429136     1.00   0.00  0.00  0.00  1.00  0.00  0.00  0.00  0.18  0.00
  N644>MH4429136          1.00   0.00  0.00  0.00  0.96  0.04  0.00  0.00  0.04  0.00
  N124>MH4429312          1.00   0.00  0.00  0.00  0.97  0.00  0.00  0.02  0.51  0.00
  N647>MH4427312          1.00   0.00  0.00  0.00  0.00  0.00  0.00  1.00  0.00  0.00
  MH4449103>MH4449173     1.00   0.00  0.00  0.00  1.00  0.00  0.00  0.00  0.01  0.00
  N552>MH4449704          1.00   0.00  0.00  0.00  0.99  0.01  0.00  0.00  0.06  0.00
  MH4450100>MH4450180     1.00   0.00  0.00  0.00  0.97  0.00  0.00  0.03  0.97  0.00
  N655>N656               1.00   0.00  0.00  0.00  0.00  1.00  0.00  0.00  1.00  0.00
  N599>MH4448345          1.00   0.00  0.00  0.00  1.00  0.00  0.00  0.00  0.01  0.00
  N659>N660               1.00   0.00  0.00  0.00  0.00  1.00  0.00  0.00  1.00  0.00
  MH4429471>MH4447128     1.00   0.00  0.00  0.00  0.96  0.00  0.00  0.04  0.04  0.00
  N675>MH4447394          1.00   0.00  0.00  0.00  0.99  0.00  0.00  0.01  0.01  0.00
  N676>MH4447128          1.00   0.00  0.00  0.00  1.00  0.00  0.00  0.00  0.05  0.00
  MH4428245>MH4428606     1.00   0.00  0.00  0.00  0.00  1.00  0.00  0.00  1.00  0.00
  N43>MH4429499           1.00   0.00  0.00  0.00  0.99  0.01  0.00  0.00  0.02  0.00
  MH4447602>MH4429645     1.00   0.00  0.00  0.00  0.00  0.00  0.00  1.00  0.00  0.00
  MH4429499>N578          1.00   0.00  0.00  0.00  0.99  0.01  0.00  0.00  0.01  0.00
  N687>N688               1.00   0.00  0.00  0.00  0.00  1.00  0.00  0.00  1.00  0.00
  N693>N675               1.00   0.00  0.00  0.00  0.98  0.02  0.00  0.00  0.01  0.00
  N695>MH4428146          1.00   0.00  0.00  0.00  0.00  1.00  0.00  0.00  1.00  0.00
  N702>MH4450167          1.00   0.00  0.00  0.00  0.96  0.00  0.00  0.04  0.04  0.00
  N711>MH4448853          1.00   0.00  0.00  0.00  1.00  0.00  0.00  0.00  0.00  0.00
  MH4427714>N722          1.00   0.00  0.00  0.00  0.00  1.00  0.00  0.00  1.00  0.00
  MH4450332>MH4450167     1.00   0.00  0.00  0.00  1.00  0.00  0.00  0.00  0.02  0.00
  N492>MH4427714          1.00   0.00  0.00  0.00  0.00  1.00  0.00  0.00  0.99  0.00
  MH4450167>MH4449849     1.00   0.00  0.00  0.00  1.00  0.00  0.00  0.00  0.00  0.00
  N327>MH4429312          1.00   0.00  0.00  0.00  0.98  0.02  0.00  0.00  0.05  0.00
  N515>MH4426979          1.00   0.00  0.00  0.00  0.00  1.00  0.00  0.00  0.99  0.00
  N751>MH4427849          1.00   0.00  0.00  0.00  0.99  0.01  0.00  0.00  1.00  0.00
  N275>MH4427309          1.00   0.00  0.00  0.00  0.00  1.00  0.00  0.00  1.00  0.00
  N779>MH4428606          1.00   0.00  0.00  0.00  0.00  0.00  0.00  1.00  0.00  0.00
  N781>MH4449118          1.00   0.00  0.00  0.00  0.97  0.00  0.00  0.03  0.07  0.00
  N460>MH4429357          1.00   0.00  0.00  0.00  1.00  0.00  0.00  0.00  0.02  0.00
  MH4447346>N198          1.00   0.00  0.00  0.00  1.00  0.00  0.00  0.00  0.09  0.00
  MH4427659>X570          1.00   0.00  0.00  0.00  0.00  1.00  0.00  0.00  0.99  0.00
  MH4450193>OUT           1.00   0.00  0.00  0.00  1.00  0.00  0.00  0.00  0.00  0.00
  N563>MH4428836          1.00   0.00  0.00  0.00  0.84  0.01  0.00  0.15  0.85  0.00
  MH4428026>N566          1.00   0.00  0.00  0.00  0.00  1.00  0.00  0.00  0.99  0.00
  N799>MH4428836          1.00   0.00  0.00  0.00  0.64  0.00  0.00  0.36  0.63  0.00
  N816>MH4428797          1.00   0.00  0.00  0.00  0.00  1.00  0.00  0.00  0.99  0.00
  MH4428426>N816          1.00   0.00  0.00  0.00  0.00  1.00  0.00  0.00  1.00  0.00
  N829>MH4449882          1.00   0.00  0.00  0.00  0.99  0.01  0.00  0.00  0.06  0.00
  N842>MH4428583          1.00   0.00  0.00  0.00  0.00  1.00  0.00  0.00  0.99  0.00
  N849>MH4450180          1.00   0.00  0.00  0.00  1.00  0.00  0.00  0.00  0.03  0.00
  MH4427425>MH4427741     1.00   0.00  0.00  0.00  0.00  0.00  0.00  1.00  0.00  0.00
  MH4429320>N853          1.00   0.00  0.00  0.00  1.00  0.00  0.00  0.00  1.00  0.00
  N857>MH4427688          1.00   0.00  0.00  0.00  0.00  1.00  0.00  0.00  1.00  0.00
  N862>N863               1.00   0.00  0.00  0.00  1.00  0.00  0.00  0.00  1.00  0.00
  MH4428268>N870          1.00   0.00  0.00  0.00  0.00  1.00  0.00  0.00  0.98  0.00
  MH4428146>N842          1.00   0.00  0.00  0.00  0.00  1.00  0.00  0.00  1.00  0.00
  MH4428800>MH4428606     1.00   0.00  0.00  0.00  0.00  0.00  0.00  1.00  0.00  0.00
  N97>MH4449785           1.00   0.00  0.00  0.00  1.00  0.00  0.00  0.00  0.00  0.00
  N722>MH4428137          1.00   0.00  0.00  0.00  0.00  1.00  0.00  0.00  0.99  0.00
  MH4428765>MH4428713     1.00   0.00  0.00  0.00  0.00  0.00  0.00  1.00  0.00  0.00
  MH4428797>MH4429013     1.00   0.00  0.00  0.00  0.91  0.06  0.00  0.02  0.98  0.00
  N197>MH4450193          1.00   0.00  0.00  0.00  1.00  0.00  0.00  0.00  0.00  0.00
  N863>MH4428836          1.00   0.00  0.00  0.00  0.99  0.01  0.00  0.00  1.00  0.00
  MH4427741>N113          1.00   0.00  0.00  0.00  0.00  1.00  0.00  0.00  1.00  0.00
  MH4426673>X902          1.00   0.00  0.00  0.00  0.00  1.00  0.00  0.00  0.00  0.00
  MH4449866>N582          1.00   0.00  0.00  0.00  1.00  0.00  0.00  0.00  0.00  0.00
  N468>MH4427312          1.00   0.00  0.00  0.00  0.99  0.01  0.00  0.00  1.00  0.00
  MH4426971>N274          1.00   0.00  0.00  0.00  1.00  0.00  0.00  0.00  1.00  0.00
  N853>MH4429471          1.00   0.00  0.00  0.00  0.99  0.01  0.00  0.00  0.19  0.00
  N258>MH4448929          1.00   0.00  0.00  0.00  0.94  0.00  0.00  0.06  0.02  0.00
  N660>MH4428713          1.00   0.00  0.00  0.00  0.99  0.01  0.00  0.00  1.00  0.00
  N914>MH4429107          1.00   0.00  0.00  0.00  0.99  0.01  0.00  0.00  0.07  0.00
  N915>MH4429499          1.00   0.00  0.00  0.00  0.99  0.00  0.00  0.01  0.06  0.00
  N916>MH4448392          1.00   0.00  0.00  0.00  1.00  0.00  0.00  0.00  1.00  0.00
  N924>MH4429645          1.00   0.00  0.00  0.00  0.00  1.00  0.00  0.00  1.00  0.00
  N870>MH4428636          1.00   0.00  0.00  0.00  0.62  0.38  0.00  0.00  1.00  0.00
  MH4447726>N930          1.00   0.00  0.00  0.00  1.00  0.00  0.00  0.00  0.01  0.00
  N931>MH4449704          1.00   0.00  0.00  0.00  0.96  0.00  0.00  0.04  0.10  0.00
  MH4427312>N857          1.00   0.00  0.00  0.00  0.00  1.00  0.00  0.00  0.99  0.00
  N688>N915               1.00   0.00  0.00  0.00  0.93  0.07  0.00  0.00  0.99  0.00
  N930>MH4449103          1.00   0.00  0.00  0.00  0.99  0.01  0.00  0.00  0.01  0.00
  MH4428067>N10           1.00   0.00  0.00  0.00  0.00  1.00  0.00  0.00  1.00  0.00
  MH4448813>MH4449503     1.00   0.00  0.00  0.00  1.00  0.00  0.00  0.00  0.98  0.00
  MH4428188>N562          1.00   0.00  0.00  0.00  0.00  1.00  0.00  0.00  1.00  0.00
  MH4428636>N954          1.00   0.00  0.00  0.00  0.87  0.13  0.00  0.00  0.31  0.00
  N956>MH4450332          1.00   0.00  0.00  0.00  1.00  0.00  0.00  0.00  0.02  0.00
  N957>MH4428026          1.00   0.00  0.00  0.00  0.00  0.00  0.00  1.00  0.00  0.00
  MH8963773>MH4447452     1.00   0.00  0.00  0.00  1.00  0.00  0.00  0.00  0.02  0.00
  N656>MH4447880          1.00   0.00  0.00  0.00  0.99  0.01  0.00  0.00  1.00  0.00
  N954>MH4429013          1.00   0.00  0.00  0.00  0.99  0.01  0.00  0.00  0.12  0.00
  MH4447452>N711          1.00   0.00  0.00  0.00  1.00  0.00  0.00  0.00  0.01  0.00
  MH4428583>N914          1.00   0.00  0.00  0.00  0.98  0.02  0.00  0.00  0.98  0.00
  N975>N976               1.00   0.00  0.00  0.00  1.00  0.00  0.00  0.00  1.00  0.00
  MH4426979>N647          1.00   0.00  0.00  0.00  0.00  1.00  0.00  0.00  0.99  0.00
  N978>N695               1.00   0.00  0.00  0.00  0.00  1.00  0.00  0.00  1.00  0.00
  MH4429107>N325          1.00   0.00  0.00  0.00  1.00  0.00  0.00  0.00  0.02  0.00
  N265>MH8963773          1.00   0.00  0.00  0.00  1.00  0.00  0.00  0.00  0.01  0.00
  MH4427849>MH4428245     1.00   0.00  0.00  0.00  0.00  1.00  0.00  0.00  0.99  0.00
  N397>N188               1.00   0.00  0.00  0.00  0.81  0.19  0.00  0.00  0.98  0.00
  N984>MH4447346          1.00   0.00  0.00  0.00  0.91  0.09  0.00  0.00  0.99  0.00
  MH4450180>MH4450332     1.00   0.00  0.00  0.00  0.98  0.00  0.00  0.02  0.00  0.00
  MH4448929>N693          1.00   0.00  0.00  0.00  0.97  0.03  0.00  0.00  0.01  0.00
  MH4428137>MH4428188     1.00   0.00  0.00  0.00  0.00  1.00  0.00  0.00  1.00  0.00
  MH4428067>MH4427849     1.00   0.00  0.00  0.00  0.00  0.00  0.00  1.00  0.00  0.00
  MH4449860>MH4450100     1.00   0.00  0.00  0.00  0.00  1.00  0.00  0.00  0.00  0.00
  N976>MH4449866          1.00   0.00  0.00  0.00  1.00  0.00  0.00  0.00  0.04  0.00
  MH4449503>MH4449977     1.00   0.00  0.00  0.00  0.80  0.00  0.00  0.20  0.80  0.00
  N1003>N655              1.00   0.00  0.00  0.00  1.00  0.00  0.00  0.00  0.00  0.00
  N1007>MH4449118         1.00   0.00  0.00  0.00  0.97  0.00  0.00  0.03  0.06  0.00
  MH4428367>N168          1.00   0.00  0.00  0.00  0.00  1.00  0.00  0.00  0.99  0.00
  MH4427659>MH4427741     1.00   0.00  1.00  0.00  0.00  0.00  0.00  0.00  0.00  0.00
  
  
  *************************
  Conduit Surcharge Summary
  *************************
  
  ----------------------------------------------------------------------------
                                                           Hours        Hours 
                         --------- Hours Full --------   Above Full   Capacity
  Conduit                Both Ends  Upstream  Dnstream   Normal Flow   Limited
  ----------------------------------------------------------------------------
  MH4428606>N13               0.01      0.01      6.62      0.01         0.01
  MH4429312>N25               7.56      7.56      7.70      0.01         0.01
  MH4429136>N43               7.65      7.65      7.73      0.01         0.01
  MH4448345>MH4448419         7.83      7.83      7.84      0.01         0.01
  N13>MH4429136               6.62      6.62      7.62      0.01         0.01
  MH4448853>N97               7.89      7.89      7.93      0.01         0.01
  MH4449704>MH4449118         7.61      7.61      7.73      0.01         0.01
  MH4447128>MH4447726         7.62      7.62      7.74      0.01         0.01
  N188>MH4447880              5.88      5.88      6.78      0.01         0.01
  MH4449785>N197              7.96      7.96      7.98      7.36         6.32
  N198>MH4447416              7.33      7.33      7.57      0.01         0.01
  MH4449173>MH4449785         7.91      7.91      7.96      7.02         6.41
  MH4428713>MH4428995         0.01      0.01      7.56      0.01         0.01
  MH4447880>N258              6.78      6.78      7.26      0.01         0.01
  MH4429357>N265              7.69      7.69      7.74      0.01         0.01
  MH4447416>MH4447726         7.57      7.57      7.73      0.01         0.01
  N325>MH4429357              7.67      7.67      7.70      0.01         0.01
  MH4429013>N327              7.15      7.15      7.42      0.01         0.01
  MH4448419>N328              7.84      7.84      7.87      7.32         7.11
  N379>MH8963773              7.64      7.64      7.78      0.01         0.01
  N328>MH4449103              7.87      7.87      7.89      7.32         7.13
  MH4449849>MH4449785         7.93      7.93      7.96      0.02         0.01
  N25>MH4447394               7.70      7.70      7.79      0.01         0.01
  MH4428995>N460              7.56      7.56      7.65      0.01         0.01
  MH4449882>MH4449704         7.58      7.58      7.59      0.03         0.01
  MH4428836>MH4429107         5.89      5.89      7.60      0.01         0.01
  MH4449977>N552              5.72      5.72      7.38      0.01         0.01
  N578>MH4447394              7.78      7.78      7.79      7.26         0.01
  N582>MH4450193              7.98      7.98      8.00      0.01         0.01
  MH4449118>MH4448345         7.73      7.73      7.84      0.01         0.01
  MH4447394>N599              7.79      7.79      7.82      6.25         0.01
  MH4429411>MH4429136         6.12      6.12      7.62      0.01         0.01
  N644>MH4429136              7.56      7.56      7.65      0.01         0.01
  N124>MH4429312              0.01      0.01      7.53      0.01         0.01
  MH4449103>MH4449173         7.89      7.89      7.91      0.01         0.01
  N552>MH4449704              7.38      7.38      7.61      0.01         0.01
  MH4450100>MH4450180         0.01      0.01      7.76      0.01         0.01
  N599>MH4448345              7.82      7.82      7.83      6.49         0.01
  MH4429471>MH4447128         7.27      7.27      7.60      0.01         0.01
  N675>MH4447394              7.74      7.74      7.79      0.01         0.01
  N676>MH4447128              7.51      7.51      7.62      0.01         0.01
  N43>MH4429499               7.73      7.73      7.77      0.01         0.01
  MH4429499>N578              7.77      7.77      7.78      7.26         0.01
  N693>N675                   7.66      7.66      7.74      0.01         0.01
  N702>MH4450167              0.01      0.01      7.63      0.01         0.01
  N711>MH4448853              7.84      7.84      7.89      0.01         0.01
  MH4450332>MH4450167         7.82      7.82      7.87      0.01         0.01
  MH4450167>MH4449849         7.87      7.87      7.93      0.01         0.01
  N327>MH4429312              7.42      7.42      7.56      0.01         0.01
  N781>MH4449118              7.09      7.09      7.72      0.01         0.01
  N460>MH4429357              7.65      7.65      7.70      0.01         0.01
  MH4447346>N198              7.09      7.09      7.33      0.01         0.01
  MH4450193>OUT               8.00      8.00      8.00      7.49         6.77
  N563>MH4428836              0.01      0.01      3.79      0.01         0.01
  N829>MH4449882              7.41      7.41      7.58      0.01         0.01
  N849>MH4450180              7.73      7.73      7.77      0.01         0.01
  N97>MH4449785               7.93      7.93      7.95      0.01         0.01
  MH4428797>MH4429013         0.01      0.01      7.10      0.01         0.01
  N197>MH4450193              7.98      7.98      8.00      7.43         6.60
  N863>MH4428836              0.01      0.01      5.89      0.01         0.01
  MH4449866>N582              7.91      7.91      7.98      0.01         0.01
  N853>MH4429471              0.01      0.01      7.27      0.01         0.01
  N258>MH4448929              7.26      7.26      7.48      0.01         0.01
  N914>MH4429107              6.96      6.96      7.60      0.01         0.01
  N915>MH4429499              7.32      7.32      7.76      0.01         0.01
  MH4447726>N930              7.74      7.74      7.82      0.01         0.01
  N931>MH4449704              6.32      6.32      7.59      0.01         0.01
  N688>N915                   0.01      0.01      7.32      0.01         0.01
  N930>MH4449103              7.82      7.82      7.90      0.01         0.01
  MH4428636>N954              0.01      0.01      6.72      0.01         0.01
  N956>MH4450332              7.78      7.78      7.82      0.01         0.01
  MH8963773>MH4447452         7.78      7.78      7.78      0.01         0.01
  N656>MH4447880              0.01      0.01      6.78      0.01         0.01
  N954>MH4429013              6.72      6.72      7.15      0.01         0.01
  MH4447452>N711              7.78      7.78      7.84      0.01         0.01
  MH4428583>N914              0.01      0.01      6.96      0.01         0.01
  N975>N976                   0.01      0.01      7.02      0.01         0.01
  MH4429107>N325              7.60      7.60      7.67      0.01         0.01
  N265>MH8963773              7.74      7.74      7.78      0.01         0.01
  N397>N188                   0.01      0.01      5.88      0.01         0.01
  N984>MH4447346              0.01      0.01      7.09      0.01         0.01
  MH4450180>MH4450332         7.77      7.77      7.82      0.01         0.01
  MH4448929>N693              7.49      7.49      7.66      0.01         0.01
  N976>MH4449866              6.92      6.92      7.91      0.01         0.01
  MH4449503>MH4449977         0.01      0.01      5.27      0.01         0.01
  N1007>MH4449118             7.13      7.13      7.72      0.01         0.01
  

  Analysis begun on:  Thu Sep 24 04:53:34 2026
  Analysis ended on:  Thu Sep 24 04:53:37 2026
  Total elapsed time: 00:00:03