
  EPA STORM WATER MANAGEMENT MODEL - VERSION 5.2 (Build 5.2.4)
  PYSWMM TOOLKIT API - VERSION v1.0 (2026-02-26)
  ------------------------------------------------------------

  WARNING 08: elevation drop exceeds length for Conduit N779>MH4428606
  
  ****************
  Analysis Options
  ****************
  Flow Units ............... LPS
  Process Models:
    Rainfall/Runoff ........ NO
    RDII ................... NO
    Snowmelt ............... NO
    Groundwater ............ NO
    Flow Routing ........... YES
    Ponding Allowed ........ NO
    Water Quality .......... NO
  Flow Routing Method ...... DYNWAVE
  Surcharge Method ......... SLOT
  Starting Date ............ 01/01/2026 00:00:00
  Ending Date .............. 01/01/2026 02:00:00
  Antecedent Dry Days ...... 0.0
  Report Time Step ......... 00:00:10
  Routing Time Step ........ 0.50 sec
  Variable Time Step ....... YES
  Maximum Trials ........... 8
  Number of Threads ........ 1
  Head Tolerance ........... 0.001524 m
  
  
  **************************        Volume        Volume
  Flow Routing Continuity        hectare-m      10^6 ltr
  **************************     ---------     ---------
  Dry Weather Inflow .......         0.000         0.000
  Wet Weather Inflow .......         0.000         0.000
  Groundwater Inflow .......         0.000         0.000
  RDII Inflow ..............         0.000         0.000
  External Inflow ..........         0.032         0.319
  External Outflow .........         0.024         0.237
  Flooding Loss ............         0.000         0.000
  Evaporation Loss .........         0.000         0.000
  Exfiltration Loss ........         0.000         0.000
  Initial Stored Volume ....         0.000         0.000
  Final Stored Volume ......         0.008         0.077
  Continuity Error (%) .....         1.511
  
  
  *************************
  Highest Continuity Errors
  *************************
  Node MH4449849 (13.81%)
  Node MH4449118 (12.87%)
  Node MH4447726 (8.70%)
  Node MH4450167 (8.55%)
  Node MH4449882 (7.56%)
  
  
  ***************************
  Time-Step Critical Elements
  ***************************
  None
  
  
  ********************************
  Highest Flow Instability Indexes
  ********************************
  Link N779>MH4428606 (12)
  
  
  *********************************
  Most Frequent Nonconverging Nodes
  *********************************
  Convergence obtained at all time steps.
  
  
  *************************
  Routing Time Step Summary
  *************************
  Minimum Time Step           :     0.50 sec
  Average Time Step           :     0.50 sec
  Maximum Time Step           :     0.50 sec
  % of Time in Steady State   :     0.00
  Average Iterations per Step :     2.00
  % of Steps Not Converging   :     0.00
  Time Step Frequencies       :
      0.500 -  0.500 sec      :   100.00 %
      0.500 -  0.500 sec      :     0.00 %
      0.500 -  0.500 sec      :     0.00 %
      0.500 -  0.500 sec      :     0.00 %
      0.500 -  0.500 sec      :     0.00 %
  
  
  ******************
  Node Depth Summary
  ******************
  
  ---------------------------------------------------------------------------------
                                 Average  Maximum  Maximum  Time of Max    Reported
                                   Depth    Depth      HGL   Occurrence   Max Depth
  Node                 Type       Meters   Meters   Meters  days hr:min      Meters
  ---------------------------------------------------------------------------------
  N10                  JUNCTION     0.01     0.01    49.80     0  00:30        0.01
  N13                  JUNCTION     0.03     0.04    42.09     0  01:41        0.04
  N22                  JUNCTION     0.01     0.01    43.36     0  00:29        0.01
  N25                  JUNCTION     0.59     1.05    40.69     0  02:00        1.05
  N43                  JUNCTION     0.05     0.06    40.06     0  02:00        0.06
  N85                  JUNCTION     0.02     0.02    51.82     0  00:40        0.02
  N97                  JUNCTION     0.39     0.66    38.83     0  02:00        0.66
  N113                 JUNCTION     0.02     0.02    50.52     0  01:31        0.02
  N124                 JUNCTION     0.02     0.02    41.79     0  00:52        0.02
  N166                 JUNCTION     0.04     0.04    46.15     0  00:44        0.04
  N168                 JUNCTION     0.02     0.02    44.38     0  01:50        0.02
  N188                 JUNCTION     0.03     0.03    41.45     0  01:48        0.03
  N197                 JUNCTION     0.40     0.58    38.27     0  02:00        0.58
  N198                 JUNCTION     0.02     0.02    40.33     0  00:37        0.02
  N212                 JUNCTION     0.01     0.01    56.46     0  00:01        0.01
  N258                 JUNCTION     0.04     0.04    40.84     0  01:52        0.04
  N265                 JUNCTION     0.08     0.09    39.05     0  01:34        0.09
  N272                 JUNCTION     0.01     0.01    40.76     0  00:01        0.01
  N274                 JUNCTION     0.01     0.01    56.75     0  00:25        0.01
  N275                 JUNCTION     0.01     0.01    55.99     0  00:26        0.01
  N303                 JUNCTION     0.01     0.01    42.64     0  00:46        0.01
  N325                 JUNCTION     0.07     0.07    39.55     0  01:28        0.07
  N327                 JUNCTION     0.63     1.13    41.79     0  02:00        1.13
  N328                 JUNCTION     0.62     1.01    39.45     0  02:00        1.01
  N379                 JUNCTION     0.01     0.01    39.75     0  00:18        0.01
  N397                 JUNCTION     0.03     0.03    41.99     0  01:46        0.03
  N460                 JUNCTION     0.04     0.04    39.58     0  01:17        0.04
  N467                 JUNCTION     0.00     0.00    57.63     0  00:03        0.00
  N468                 JUNCTION     0.01     0.01    55.81     0  00:20        0.01
  N483                 JUNCTION     0.01     0.01    41.22     0  00:00        0.01
  N491                 JUNCTION     0.01     0.01    53.97     0  00:11        0.01
  N492                 JUNCTION     0.01     0.01    52.82     0  00:27        0.01
  N515                 JUNCTION     0.02     0.02    58.32     0  00:35        0.02
  N542                 JUNCTION     0.01     0.01    45.29     0  00:17        0.01
  N552                 JUNCTION     0.03     0.03    40.43     0  01:52        0.03
  N562                 JUNCTION     0.03     0.03    42.90     0  01:59        0.03
  N563                 JUNCTION     0.03     0.03    41.46     0  00:44        0.03
  N566                 JUNCTION     0.02     0.02    45.78     0  01:32        0.02
  N578                 JUNCTION     0.35     0.71    39.98     0  02:00        0.71
  N582                 JUNCTION     0.02     0.02    38.67     0  00:14        0.02
  N599                 JUNCTION     0.59     1.00    39.77     0  02:00        1.00
  N644                 JUNCTION     0.00     0.00    40.72     0  00:00        0.00
  N647                 JUNCTION     0.02     0.02    55.81     0  00:41        0.02
  N655                 JUNCTION     0.01     0.01    43.33     0  00:54        0.01
  N656                 JUNCTION     0.02     0.02    42.35     0  00:53        0.02
  N659                 JUNCTION     0.01     0.01    44.09     0  00:14        0.01
  N660                 JUNCTION     0.01     0.01    42.43     0  00:24        0.01
  N675                 JUNCTION     0.19     0.48    39.95     0  02:00        0.48
  N676                 JUNCTION     0.01     0.01    40.02     0  00:17        0.01
  N687                 JUNCTION     0.01     0.01    43.67     0  00:07        0.01
  N688                 JUNCTION     0.01     0.01    43.01     0  00:02        0.01
  N693                 JUNCTION     0.05     0.10    39.97     0  02:00        0.10
  N695                 JUNCTION     0.01     0.01    47.88     0  00:25        0.01
  N702                 JUNCTION     0.01     0.01    40.29     0  00:41        0.01
  N711                 JUNCTION     0.17     0.34    38.88     0  02:00        0.34
  N722                 JUNCTION     0.02     0.02    46.68     0  00:36        0.02
  N751                 JUNCTION     0.01     0.01    52.37     0  00:24        0.01
  N779                 JUNCTION     0.00     0.00    44.71     0  00:00        0.00
  N781                 JUNCTION     0.01     0.01    40.75     0  00:14        0.01
  N799                 JUNCTION     0.02     0.02    40.99     0  01:17        0.02
  N816                 JUNCTION     0.01     0.01    46.54     0  00:33        0.01
  N829                 JUNCTION     0.01     0.01    40.35     0  00:02        0.01
  N842                 JUNCTION     0.02     0.02    42.99     0  00:35        0.02
  N849                 JUNCTION     0.01     0.01    39.25     0  00:01        0.01
  N853                 JUNCTION     0.02     0.02    40.87     0  00:33        0.02
  N857                 JUNCTION     0.02     0.02    51.40     0  00:44        0.02
  N862                 JUNCTION     0.01     0.01    41.63     0  00:08        0.01
  N863                 JUNCTION     0.01     0.01    41.51     0  00:23        0.01
  N870                 JUNCTION     0.05     0.06    42.87     0  01:38        0.06
  N914                 JUNCTION     0.04     0.04    40.39     0  01:59        0.04
  N915                 JUNCTION     0.01     0.01    41.01     0  00:08        0.01
  N916                 JUNCTION     0.01     0.01    42.99     0  00:15        0.01
  N924                 JUNCTION     0.01     0.01    42.37     0  00:00        0.01
  N930                 JUNCTION     0.27     0.55    39.31     0  02:00        0.55
  N931                 JUNCTION     0.01     0.01    41.02     0  00:58        0.01
  N954                 JUNCTION     0.37     0.80    42.34     0  02:00        0.80
  N956                 JUNCTION     0.01     0.01    38.96     0  00:01        0.01
  N957                 JUNCTION     0.01     0.01    50.57     0  00:36        0.01
  N975                 JUNCTION     0.01     0.01    40.16     0  00:06        0.01
  N976                 JUNCTION     0.01     0.01    39.97     0  00:01        0.01
  N978                 JUNCTION     0.01     0.01    51.14     0  00:14        0.01
  N984                 JUNCTION     0.01     0.01    41.10     0  00:02        0.01
  N1003                JUNCTION     0.03     0.03    43.37     0  00:54        0.03
  N1007                JUNCTION     0.01     0.01    40.71     0  00:12        0.01
  MH4428367            STORAGE      0.02     0.02    47.08     0  00:32        0.02
  MH4428606            STORAGE      0.03     0.03    43.60     0  00:58        0.03
  MH4447602            STORAGE      0.02     0.02    42.68     0  01:42        0.02
  MH4429312            STORAGE      0.65     1.14    41.42     0  02:00        1.14
  MH4429136            STORAGE      0.05     0.05    40.50     0  01:50        0.05
  MH4448345            STORAGE      0.59     1.00    39.66     0  02:00        1.00
  MH4448419            STORAGE      0.66     1.07    39.63     0  02:00        1.07
  MH4427688            STORAGE      0.03     0.04    48.70     0  00:56        0.04
  MH4448853            STORAGE      0.27     0.50    38.85     0  02:00        0.50
  MH4428026            STORAGE      0.02     0.02    48.11     0  01:34        0.02
  MH4429035            STORAGE      0.02     0.02    43.31     0  00:46        0.02
  MH4449704            STORAGE      0.05     0.05    39.76     0  02:00        0.05
  MH4449118            STORAGE      0.22     0.51    39.71     0  02:00        0.51
  MH4447128            STORAGE      0.03     0.03    39.75     0  01:23        0.03
  MH4447726            STORAGE      0.06     0.15    39.33     0  02:00        0.15
  MH4428268            STORAGE      0.05     0.06    43.74     0  01:15        0.06
  MH4428636            STORAGE      0.18     0.49    42.44     0  02:00        0.49
  MH4447880            STORAGE      0.04     0.04    41.23     0  01:48        0.04
  MH4449785            STORAGE      0.59     0.90    38.81     0  02:00        0.90
  MH4447416            STORAGE      0.02     0.02    39.86     0  00:54        0.02
  MH4427425            STORAGE      0.01     0.01    55.81     0  01:09        0.01
  MH4449173            STORAGE      0.64     1.01    39.26     0  02:00        1.01
  MH4428713            STORAGE      0.03     0.03    40.67     0  00:58        0.03
  MH4428995            STORAGE      0.04     0.04    39.89     0  01:11        0.04
  MH4429357            STORAGE      0.07     0.08    39.32     0  01:32        0.08
  MH4449860            STORAGE      0.02     0.02    40.57     0  00:52        0.02
  MH4428765            STORAGE      0.02     0.02    40.86     0  00:49        0.02
  MH4429013            STORAGE      0.61     1.11    42.23     0  02:00        1.11
  MH8963773            STORAGE      0.09     0.14    38.90     0  02:00        0.14
  MH4426971            STORAGE      0.01     0.01    57.44     0  00:25        0.01
  MH4429645            STORAGE      0.02     0.02    42.18     0  01:43        0.02
  MH4449103            STORAGE      0.58     0.95    39.30     0  02:00        0.95
  MH4449849            STORAGE      0.38     0.65    38.82     0  02:00        0.65
  MH4447394            STORAGE      0.58     1.00    39.94     0  02:00        1.00
  MH4428426            STORAGE      0.01     0.01    49.23     0  00:32        0.01
  MH4428245            STORAGE      0.02     0.02    47.77     0  00:56        0.02
  MH4449882            STORAGE      0.04     0.04    39.81     0  02:00        0.04
  MH4429320            STORAGE      0.01     0.01    41.13     0  00:29        0.01
  MH4426673            STORAGE      0.01     0.01    59.15     0  00:35        0.01
  MH4428836            STORAGE      0.05     0.05    40.52     0  01:19        0.05
  MH4429107            STORAGE      0.07     0.07    39.83     0  01:24        0.07
  MH4448392            STORAGE      0.02     0.02    42.78     0  00:47        0.02
  MH4448813            STORAGE      0.03     0.03    42.19     0  01:16        0.03
  MH4427309            STORAGE      0.02     0.02    54.82     0  00:29        0.02
  MH4428797            STORAGE      0.02     0.02    44.06     0  00:43        0.02
  MH4449977            STORAGE      0.03     0.03    41.12     0  02:00        0.03
  MH4450193            STORAGE      0.29     0.40    37.96     0  02:00        0.40
  MH4428800            STORAGE      0.01     0.01    45.26     0  00:34        0.01
  MH4429411            STORAGE      0.01     0.01    42.21     0  00:42        0.01
  MH4427312            STORAGE      0.02     0.02    54.04     0  00:47        0.02
  MH4450100            STORAGE      0.01     0.01    40.33     0  01:00        0.01
  MH4450180            STORAGE      0.02     0.02    39.00     0  01:17        0.02
  MH4429471            STORAGE      0.02     0.02    40.41     0  01:21        0.02
  MH4429499            STORAGE      0.19     0.47    40.02     0  02:00        0.47
  MH4428146            STORAGE      0.02     0.02    45.05     0  00:35        0.02
  MH4450167            STORAGE      0.08     0.20    38.82     0  02:00        0.20
  MH4427714            STORAGE      0.02     0.02    49.74     0  00:32        0.02
  MH4450332            STORAGE      0.03     0.04    38.82     0  02:00        0.04
  MH4426979            STORAGE      0.02     0.02    57.48     0  00:36        0.02
  MH4427849            STORAGE      0.02     0.02    50.28     0  01:59        0.02
  MH4447346            STORAGE      0.01     0.01    40.51     0  00:49        0.01
  MH4427659            STORAGE      0.02     0.02    54.09     0  00:21        0.02
  MH4428583            STORAGE      0.03     0.03    41.01     0  00:55        0.03
  MH4427741            STORAGE      0.02     0.02    52.41     0  01:31        0.02
  MH4428137            STORAGE      0.02     0.02    44.45     0  00:37        0.02
  MH4449866            STORAGE      0.01     0.01    39.47     0  00:27        0.01
  MH4448929            STORAGE      0.04     0.04    40.30     0  01:52        0.04
  MH4428067            STORAGE      0.01     0.01    52.16     0  00:30        0.01
  MH4449503            STORAGE      0.03     0.03    41.67     0  01:59        0.03
  MH4428188            STORAGE      0.02     0.02    43.95     0  00:36        0.02
  MH4447452            STORAGE      0.09     0.15    38.90     0  02:00        0.15
  OUT                  OUTFALL      0.14     0.17    37.61     0  02:00        0.17
  
  
  *******************
  Node Inflow Summary
  *******************
  
  -------------------------------------------------------------------------------------------------
                                  Maximum  Maximum                  Lateral       Total        Flow
                                  Lateral    Total  Time of Max      Inflow      Inflow     Balance
                                   Inflow   Inflow   Occurrence      Volume      Volume       Error
  Node                 Type           LPS      LPS  days hr:min    10^6 ltr    10^6 ltr     Percent
  -------------------------------------------------------------------------------------------------
  N10                  JUNCTION      0.26     0.57     0  00:30      0.0019     0.00408       0.806
  N13                  JUNCTION      0.35     2.71     0  00:57      0.0025      0.0188       2.033
  N22                  JUNCTION      0.22     0.22     0  00:00     0.00158     0.00158       1.046
  N25                  JUNCTION      0.38    16.45     0  02:00     0.00272       0.107       2.179
  N43                  JUNCTION      0.34     3.77     0  01:02     0.00248      0.0257       1.689
  N85                  JUNCTION      0.29     1.15     0  00:29     0.00212     0.00813       1.451
  N97                  JUNCTION      0.21     9.31     0  00:35     0.00153      0.0526       5.378
  N113                 JUNCTION      0.24     1.09     0  01:31     0.00174     0.00771       0.580
  N124                 JUNCTION      0.26     0.90     0  00:46     0.00184     0.00638       1.410
  N166                 JUNCTION      0.42     3.76     0  00:41     0.00302      0.0262       0.990
  N168                 JUNCTION      0.22     1.05     0  00:32     0.00157     0.00746       1.034
  N188                 JUNCTION      0.14     1.17     0  01:46     0.00102     0.00812       1.405
  N197                 JUNCTION      0.22    41.84     0  02:00     0.00156       0.238       0.937
  N198                 JUNCTION      0.22     0.54     0  00:49     0.00159     0.00384       0.782
  N212                 JUNCTION      0.11     0.11     0  00:00    0.000825    0.000825       0.311
  N258                 JUNCTION      0.29     2.31     0  01:48      0.0021      0.0159       2.159
  N265                 JUNCTION      0.33     7.73     0  01:32     0.00237      0.0507       1.982
  N272                 JUNCTION      0.08     0.08     0  00:00     0.00059     0.00059       0.343
  N274                 JUNCTION      0.14     0.27     0  00:25     0.00102     0.00195       0.717
  N275                 JUNCTION      0.21     0.48     0  00:25     0.00151     0.00345       0.804
  N303                 JUNCTION      0.32     0.32     0  00:00     0.00228     0.00228       1.778
  N325                 JUNCTION      0.21     5.30     0  01:24      0.0015      0.0354       1.166
  N327                 JUNCTION      0.22    14.85     0  02:00     0.00158      0.0989       1.059
  N328                 JUNCTION      0.19    28.64     0  02:00      0.0014       0.171       1.172
  N379                 JUNCTION      0.25     0.25     0  00:00     0.00182     0.00182       2.167
  N397                 JUNCTION      0.35     1.03     0  01:43     0.00254      0.0072       1.347
  N460                 JUNCTION      0.28     1.75     0  01:11       0.002      0.0121       1.999
  N467                 JUNCTION      0.07     0.07     0  00:00     0.00053     0.00053       0.098
  N468                 JUNCTION      0.26     0.33     0  00:02     0.00188     0.00241       0.746
  N483                 JUNCTION      0.05     0.05     0  00:00    0.000349    0.000349       0.274
  N491                 JUNCTION      0.15     0.15     0  00:00     0.00105     0.00105       0.292
  N492                 JUNCTION      0.28     0.42     0  00:11     0.00201     0.00305       0.766
  N515                 JUNCTION      0.21     0.46     0  00:35     0.00148     0.00329       1.314
  N542                 JUNCTION      0.12     0.12     0  00:00    0.000856    0.000856       0.672
  N552                 JUNCTION      0.24     1.77     0  01:46     0.00172       0.012       1.307
  N562                 JUNCTION      0.39     1.69     0  00:32     0.00282      0.0119       1.195
  N563                 JUNCTION      0.25     1.94     0  00:36     0.00179      0.0135       1.630
  N566                 JUNCTION      0.16     1.80     0  01:13     0.00114      0.0127       0.782
  N578                 JUNCTION      0.24     4.81     0  00:50     0.00171      0.0306       4.057
  N582                 JUNCTION      0.17     0.56     0  00:27     0.00124     0.00396       1.386
  N599                 JUNCTION      0.21    24.36     0  01:56     0.00148       0.153       1.558
  N644                 JUNCTION      0.00     0.00     0  00:00    2.17e-05    2.17e-05       0.010 ltr
  N647                 JUNCTION      0.22     0.94     0  00:36     0.00159     0.00665       1.273
  N655                 JUNCTION      0.20     0.38     0  00:55     0.00147     0.00274       0.987
  N656                 JUNCTION      0.21     0.59     0  00:51      0.0015     0.00421       1.032
  N659                 JUNCTION      0.19     0.19     0  00:00     0.00139     0.00139       0.524
  N660                 JUNCTION      0.20     0.40     0  00:14     0.00147     0.00285       0.917
  N675                 JUNCTION      0.25     3.00     0  01:39     0.00177      0.0198       5.315
  N676                 JUNCTION      0.12     0.12     0  00:00    0.000848    0.000848       0.555
  N687                 JUNCTION      0.12     0.12     0  00:00    0.000831    0.000831       0.280
  N688                 JUNCTION      0.28     0.40     0  00:07     0.00203     0.00286       0.722
  N693                 JUNCTION      0.21     2.75     0  01:52      0.0015      0.0186       2.697
  N695                 JUNCTION      0.25     0.57     0  00:14     0.00181     0.00413       0.917
  N702                 JUNCTION      0.17     0.17     0  00:00      0.0012      0.0012       1.635
  N711                 JUNCTION      0.37     8.76     0  01:27     0.00263      0.0547       5.761
  N722                 JUNCTION      0.22     0.99     0  00:31     0.00162       0.007       0.834
  N751                 JUNCTION      0.27     0.27     0  00:00     0.00193     0.00193       0.779
  N779                 JUNCTION      0.00     0.00     0  00:00    1.95e-05    1.95e-05      -4.948 ltr
  N781                 JUNCTION      0.41     0.41     0  00:00     0.00294     0.00294       2.171
  N799                 JUNCTION      0.27     0.27     0  00:00     0.00196     0.00196       3.300
  N816                 JUNCTION      0.29     0.65     0  00:32     0.00207     0.00466       1.052
  N829                 JUNCTION      0.20     0.20     0  00:00     0.00146     0.00146       0.850
  N842                 JUNCTION      0.31     1.20     0  00:35     0.00221     0.00851       1.082
  N849                 JUNCTION      0.11     0.11     0  00:00    0.000757    0.000757       0.450
  N853                 JUNCTION      0.17     0.38     0  00:29     0.00121     0.00269       0.999
  N857                 JUNCTION      0.25     1.76     0  00:44     0.00182      0.0124       0.753
  N862                 JUNCTION      0.10     0.10     0  00:00    0.000708    0.000708       0.348
  N863                 JUNCTION      0.19     0.28     0  00:08     0.00134     0.00205       0.782
  N870                 JUNCTION      0.25     6.07     0  01:04      0.0018      0.0417       0.772
  N914                 JUNCTION      0.36     1.96     0  00:55     0.00259      0.0137       1.926
  N915                 JUNCTION      0.14     0.55     0  00:02     0.00102     0.00385       1.287
  N916                 JUNCTION      0.15     0.15     0  00:00     0.00111     0.00111       0.566
  N924                 JUNCTION      0.05     0.05     0  00:00    0.000345    0.000345       0.290
  N930                 JUNCTION      0.34     2.69     0  01:22     0.00242      0.0172       7.439
  N931                 JUNCTION      0.36     0.36     0  00:00     0.00256     0.00256       2.345
  N954                 JUNCTION      0.25     7.62     0  00:52     0.00178      0.0503       2.080
  N956                 JUNCTION      0.08     0.08     0  00:00    0.000549    0.000549       0.421
  N957                 JUNCTION      0.34     0.34     0  00:00     0.00241     0.00241       1.415
  N975                 JUNCTION      0.07     0.07     0  00:00    0.000524    0.000524       0.215
  N976                 JUNCTION      0.13     0.21     0  00:06    0.000971     0.00149       0.565
  N978                 JUNCTION      0.32     0.32     0  00:00     0.00233     0.00233       0.541
  N984                 JUNCTION      0.26     0.26     0  00:00     0.00189     0.00189       0.758
  N1003                JUNCTION      0.18     0.18     0  00:00      0.0013      0.0013       2.223
  N1007                JUNCTION      0.32     0.32     0  00:00     0.00233     0.00233       1.606
  MH4428367            STORAGE       0.26     0.83     0  00:29      0.0019     0.00595       0.811
  MH4428606            STORAGE       0.35     2.40     0  01:00     0.00251      0.0166       1.598
  MH4447602            STORAGE       0.30     0.52     0  00:29     0.00218     0.00375       4.028
  MH4429312            STORAGE       0.37    16.13     0  02:00     0.00269       0.107       1.901
  MH4429136            STORAGE       0.32     3.42     0  01:28     0.00233      0.0235       0.835
  MH4448345            STORAGE       0.03    28.23     0  01:59    0.000191       0.173       1.237
  MH4448419            STORAGE       0.28    28.48     0  01:59     0.00203       0.172       0.752
  MH4427688            STORAGE       0.44     3.34     0  00:43     0.00314      0.0234       0.883
  MH4448853            STORAGE       0.36     9.12     0  00:49      0.0026      0.0543       5.412
  MH4428026            STORAGE       0.22     1.64     0  01:13     0.00156      0.0116       0.584
  MH4429035            STORAGE       0.31     0.65     0  00:34     0.00225     0.00463       1.534
  MH4449704            STORAGE       0.33     2.82     0  02:00     0.00239      0.0191       1.783
  MH4449118            STORAGE       0.35     3.90     0  02:00      0.0025      0.0264      14.769
  MH4447128            STORAGE       0.40     1.29     0  01:21     0.00287     0.00907       1.642
  MH4447726            STORAGE       0.30     2.36     0  01:29     0.00219      0.0164       9.529
  MH4428268            STORAGE       0.25     5.82     0  01:43     0.00183      0.0403       0.924
  MH4428636            STORAGE       0.25     7.37     0  00:59      0.0018      0.0506       3.219
  MH4447880            STORAGE       0.26     2.02     0  01:48     0.00184       0.014       1.511
  MH4449785            STORAGE       0.31    41.65     0  02:00     0.00225       0.243       2.118
  MH4447416            STORAGE       0.22     0.76     0  00:37     0.00158     0.00539       1.972
  MH4427425            STORAGE       0.40     0.52     0  00:01     0.00287     0.00369       2.162
  MH4449173            STORAGE       0.46    31.42     0  02:00     0.00334       0.186       1.262
  MH4428713            STORAGE       0.37     1.17     0  00:50     0.00263     0.00832       1.657
  MH4428995            STORAGE       0.30     1.47     0  00:58     0.00217      0.0103       2.398
  MH4429357            STORAGE       0.35     7.40     0  01:28     0.00251      0.0494       1.979
  MH4449860            STORAGE       0.19     0.27     0  00:01     0.00134     0.00193       1.507
  MH4428765            STORAGE       0.09     0.41     0  00:46    0.000649     0.00289       0.618
  MH4429013            STORAGE       6.03    14.74     0  00:38      0.0434         0.1       2.163
  MH8963773            STORAGE       0.03     8.02     0  01:25    0.000232      0.0517       2.255
  MH4426971            STORAGE       0.13     0.13     0  00:00    0.000949    0.000949       0.450
  MH4429645            STORAGE       0.11     0.68     0  01:42    0.000778      0.0047       0.650
  MH4449103            STORAGE       0.04    30.99     0  02:00    0.000282       0.186       1.023
  MH4449849            STORAGE       0.09     3.55     0  00:24    0.000671     0.00912      16.021
  MH4447394            STORAGE       0.30    24.20     0  01:55     0.00219       0.155       1.756
  MH4428426            STORAGE       0.63     0.63     0  00:00     0.00452     0.00452       1.153
  MH4428245            STORAGE       0.45     1.64     0  00:46     0.00326      0.0116       1.551
  MH4449882            STORAGE       0.15     0.36     0  00:02      0.0011     0.00255       8.182
  MH4429320            STORAGE       0.16     0.21     0  00:00     0.00115      0.0015       0.684
  MH4426673            STORAGE       0.26     0.26     0  00:00     0.00184     0.00184       0.808
  MH4428836            STORAGE       0.43     2.92     0  01:17      0.0031      0.0203       1.604
  MH4429107            STORAGE       0.21     5.10     0  01:19     0.00149      0.0349       2.600
  MH4448392            STORAGE       0.29     0.45     0  00:15      0.0021     0.00321       1.505
  MH4448813            STORAGE       0.42     0.86     0  00:47     0.00301     0.00615       2.612
  MH4427309            STORAGE       0.37     0.85     0  00:25     0.00266     0.00608       0.858
  MH4428797            STORAGE       0.32     1.09     0  00:33     0.00233     0.00779       1.175
  MH4449977            STORAGE       0.24     1.54     0  01:59     0.00175      0.0104       0.684
  MH4450193            STORAGE       0.00    42.39     0  02:00           0        0.24       0.951
  MH4428800            STORAGE       0.70     0.70     0  00:00     0.00504     0.00504       1.270
  MH4429411            STORAGE       0.39     0.39     0  00:00     0.00281     0.00281       2.491
  MH4427312            STORAGE       0.23     1.51     0  00:40     0.00166      0.0106       0.775
  MH4450100            STORAGE       0.08     0.35     0  01:00    0.000563     0.00245       0.845
  MH4450180            STORAGE       0.13     0.58     0  01:01    0.000911     0.00408       1.461
  MH4429471            STORAGE       0.40     0.78     0  00:32     0.00288     0.00554       3.044
  MH4429499            STORAGE       0.26     4.57     0  01:35     0.00187       0.031       5.837
  MH4428146            STORAGE       0.32     0.89     0  00:24     0.00229     0.00638       1.084
  MH4450167            STORAGE       0.35     1.31     0  00:49     0.00253     0.00915       9.353
  MH4427714            STORAGE       0.34     0.76     0  00:26     0.00242     0.00545       1.058
  MH4450332            STORAGE       0.14     0.80     0  01:56     0.00102     0.00557       1.630
  MH4426979            STORAGE       0.26     0.72     0  00:35     0.00187     0.00512       0.907
  MH4427849            STORAGE       0.43     0.93     0  00:30     0.00312     0.00664       1.699
  MH4447346            STORAGE       0.06     0.33     0  00:03    0.000419      0.0023       1.217
  MH4427659            STORAGE       0.18     0.18     0  00:00     0.00129     0.00129       0.436
  MH4428583            STORAGE       0.41     1.61     0  00:35     0.00292      0.0113       1.833
  MH4427741            STORAGE       0.16     0.85     0  01:09     0.00114     0.00601       0.518
  MH4428137            STORAGE       0.04     1.03     0  00:33    0.000292     0.00723       0.473
  MH4449866            STORAGE       0.18     0.38     0  00:01     0.00127     0.00275       0.797
  MH4448929            STORAGE       0.23     2.55     0  01:52     0.00169      0.0172       0.629
  MH4428067            STORAGE       0.53     0.53     0  00:00     0.00382     0.00382       1.026
  MH4449503            STORAGE       0.43     1.29     0  01:16     0.00308     0.00905       4.279
  MH4428188            STORAGE       0.27     1.29     0  00:36     0.00194     0.00912       0.672
  MH4447452            STORAGE       0.37     8.39     0  01:28     0.00269      0.0532       1.848
  OUT                  OUTFALL       0.00    42.38     0  02:00           0       0.237       0.000
  
  
  **********************
  Node Surcharge Summary
  **********************
  
  Surcharging occurs when water rises above the top of the highest conduit.
  ---------------------------------------------------------------------
                                               Max. Height   Min. Depth
                                   Hours       Above Crown    Below Rim
  Node                 Type      Surcharged         Meters       Meters
  ---------------------------------------------------------------------
  N25                  JUNCTION        1.62          0.901        3.741
  N97                  JUNCTION        1.43          0.437        3.244
  N197                 JUNCTION        1.61          0.360        3.665
  N327                 JUNCTION        1.68          0.981        2.370
  N328                 JUNCTION        1.56          0.781        3.216
  N578                 JUNCTION        1.31          0.561        4.119
  N599                 JUNCTION        1.50          0.775        3.183
  N675                 JUNCTION        0.92          0.329        3.555
  N711                 JUNCTION        0.69          0.114        3.132
  N930                 JUNCTION        1.25          0.403        3.656
  N954                 JUNCTION        1.25          0.651        2.862
  
  
  *********************
  Node Flooding Summary
  *********************
  
  No nodes were flooded.
  
  
  **********************
  Storage Volume Summary
  **********************
  
  ------------------------------------------------------------------------------------------------
                         Average    Avg   Evap  Exfil     Maximum    Max    Time of Max    Maximum
                          Volume   Pcnt   Pcnt   Pcnt      Volume   Pcnt     Occurrence    Outflow
  Storage Unit           1000 m³   Full   Loss   Loss     1000 m³   Full    days hr:min        LPS
  ------------------------------------------------------------------------------------------------
  MH4428367                0.000    0.5    0.0    0.0       0.000    0.5       0  00:32       0.83
  MH4428606                0.000    0.7    0.0    0.0       0.000    0.7       0  00:58       2.36
  MH4447602                0.000    0.9    0.0    0.0       0.000    0.9       0  01:42       0.52
  MH4429312                0.001   18.8    0.0    0.0       0.001   33.2       0  02:00      16.08
  MH4429136                0.000    1.1    0.0    0.0       0.000    1.2       0  01:50       3.42
  MH4448345                0.001   13.9    0.0    0.0       0.001   23.7       0  02:00      28.20
  MH4448419                0.001   15.4    0.0    0.0       0.001   25.1       0  02:00      28.45
  MH4427688                0.000    0.8    0.0    0.0       0.000    0.8       0  00:56       3.34
  MH4448853                0.000    7.0    0.0    0.0       0.000   12.9       0  02:00       9.10
  MH4428026                0.000    0.6    0.0    0.0       0.000    0.6       0  01:34       1.64
  MH4429035                0.000    0.5    0.0    0.0       0.000    0.5       0  00:46       0.65
  MH4449704                0.000    1.5    0.0    0.0       0.000    1.6       0  02:00       2.82
  MH4449118                0.000    5.8    0.0    0.0       0.000   13.8       0  02:00       3.90
  MH4447128                0.000    1.3    0.0    0.0       0.000    1.3       0  01:23       1.29
  MH4447726                0.000    1.6    0.0    0.0       0.000    4.1       0  02:00       2.36
  MH4428268                0.000    1.4    0.0    0.0       0.000    1.5       0  01:15       5.82
  MH4428636                0.000    4.9    0.0    0.0       0.000   13.5       0  02:00       7.37
  MH4447880                0.000    1.4    0.0    0.0       0.000    1.4       0  01:48       2.02
  MH4449785                0.001   13.4    0.0    0.0       0.001   20.3       0  02:00      41.62
  MH4447416                0.000    0.7    0.0    0.0       0.000    0.7       0  00:54       0.76
  MH4427425                0.000    0.6    0.0    0.0       0.000    0.6       0  01:09       0.51
  MH4449173                0.001   14.2    0.0    0.0       0.001   22.6       0  02:00      31.39
  MH4428713                0.000    1.1    0.0    0.0       0.000    1.1       0  00:58       1.17
  MH4428995                0.000    2.1    0.0    0.0       0.000    2.2       0  01:11       1.47
  MH4429357                0.000    4.1    0.0    0.0       0.000    4.4       0  01:32       7.40
  MH4449860                0.000    1.7    0.0    0.0       0.000    1.7       0  00:52       0.27
  MH4428765                0.000    0.9    0.0    0.0       0.000    0.9       0  00:49       0.41
  MH4429013                0.001   18.8    0.0    0.0       0.001   34.1       0  02:00      14.63
  MH8963773                0.000    3.5    0.0    0.0       0.000    5.6       0  02:00       8.02
  MH4426971                0.000    0.2    0.0    0.0       0.000    0.2       0  00:25       0.13
  MH4429645                0.000    0.8    0.0    0.0       0.000    0.8       0  01:43       0.68
  MH4449103                0.001   13.4    0.0    0.0       0.001   21.9       0  02:00      30.96
  MH4449849                0.000    9.4    0.0    0.0       0.001   15.9       0  02:00       1.42
  MH4447394                0.000   12.7    0.0    0.0       0.001   21.9       0  02:00      24.15
  MH4428426                0.000    0.4    0.0    0.0       0.000    0.4       0  00:32       0.63
  MH4428245                0.000    0.8    0.0    0.0       0.000    0.8       0  00:56       1.64
  MH4449882                0.000    1.2    0.0    0.0       0.000    1.3       0  02:00       0.36
  MH4429320                0.000    0.8    0.0    0.0       0.000    0.8       0  00:29       0.21
  MH4426673                0.000    0.5    0.0    0.0       0.000    0.5       0  00:35       0.26
  MH4428836                0.000    1.8    0.0    0.0       0.000    1.9       0  01:19       2.92
  MH4429107                0.000    2.8    0.0    0.0       0.000    2.9       0  01:24       5.10
  MH4448392                0.000    0.8    0.0    0.0       0.000    0.8       0  00:47       0.45
  MH4448813                0.000    1.1    0.0    0.0       0.000    1.2       0  01:16       0.86
  MH4427309                0.000    0.4    0.0    0.0       0.000    0.4       0  00:29       0.85
  MH4428797                0.000    0.6    0.0    0.0       0.000    0.6       0  00:43       1.09
  MH4449977                0.000    1.3    0.0    0.0       0.000    1.3       0  02:00       1.54
  MH4450193                0.000    6.6    0.0    0.0       0.000    9.1       0  02:00      42.38
  MH4428800                0.000    0.3    0.0    0.0       0.000    0.3       0  00:34       0.70
  MH4429411                0.000    0.6    0.0    0.0       0.000    0.6       0  00:42       0.39
  MH4427312                0.000    0.6    0.0    0.0       0.000    0.6       0  00:47       1.51
  MH4450100                0.000    0.6    0.0    0.0       0.000    0.6       0  01:00       0.35
  MH4450180                0.000    1.0    0.0    0.0       0.000    1.0       0  01:17       0.58
  MH4429471                0.000    1.0    0.0    0.0       0.000    1.1       0  01:21       0.78
  MH4429499                0.000    4.3    0.0    0.0       0.000   10.4       0  02:00       4.57
  MH4428146                0.000    0.7    0.0    0.0       0.000    0.7       0  00:35       0.89
  MH4450167                0.000    2.5    0.0    0.0       0.000    6.5       0  02:00       1.31
  MH4427714                0.000    0.5    0.0    0.0       0.000    0.5       0  00:32       0.76
  MH4450332                0.000    1.8    0.0    0.0       0.000    2.6       0  02:00       0.80
  MH4426979                0.000    0.5    0.0    0.0       0.000    0.6       0  00:36       0.72
  MH4427849                0.000    0.6    0.0    0.0       0.000    0.6       0  01:59       0.93
  MH4447346                0.000    0.7    0.0    0.0       0.000    0.7       0  00:49       0.32
  MH4427659                0.000    0.7    0.0    0.0       0.000    0.7       0  00:21       0.18
  MH4428583                0.000    1.3    0.0    0.0       0.000    1.4       0  00:55       1.61
  MH4427741                0.000    0.4    0.0    0.0       0.000    0.4       0  01:31       0.85
  MH4428137                0.000    0.6    0.0    0.0       0.000    0.6       0  00:37       1.03
  MH4449866                0.000    0.5    0.0    0.0       0.000    0.5       0  00:27       0.38
  MH4448929                0.000    1.2    0.0    0.0       0.000    1.3       0  01:52       2.55
  MH4428067                0.000    0.4    0.0    0.0       0.000    0.4       0  00:30       0.53
  MH4449503                0.000    1.6    0.0    0.0       0.000    1.7       0  01:59       1.29
  MH4428188                0.000    0.8    0.0    0.0       0.000    0.8       0  00:36       1.29
  MH4447452                0.000    3.2    0.0    0.0       0.000    5.3       0  02:00       8.39
  
  
  ***********************
  Outfall Loading Summary
  ***********************
  
  -----------------------------------------------------------
                         Flow       Avg       Max       Total
                         Freq      Flow      Flow      Volume
  Outfall Node           Pcnt       LPS       LPS    10^6 ltr
  -----------------------------------------------------------
  OUT                   97.81     33.68     42.38       0.237
  -----------------------------------------------------------
  System                97.81     33.68     42.38       0.237
  
  
  ********************
  Link Flow Summary
  ********************
  
  -----------------------------------------------------------------------------
                                 Maximum  Time of Max   Maximum    Max/    Max/
                                  |Flow|   Occurrence   |Veloc|    Full    Full
  Link                 Type          LPS  days hr:min     m/sec    Flow   Depth
  -----------------------------------------------------------------------------
  N582>MH4450193       CONDUIT      0.56     0  00:14      0.56    0.02    1.00
  N197>MH4450193       CONDUIT     41.83     0  02:00      1.05    1.62    1.00
  MH4449785>N197       CONDUIT     41.62     0  02:00      1.05    1.58    1.00
  MH4449173>MH4449785  CONDUIT     31.39     0  02:00      0.79    1.20    1.00
  MH4449849>MH4449785  CONDUIT      2.14     0  00:24      0.45    0.19    1.00
  N97>MH4449785        CONDUIT      8.92     0  01:29      0.44    0.37    1.00
  MH4448853>N97        CONDUIT      9.10     0  00:35      0.55    0.38    1.00
  N711>MH4448853       CONDUIT      8.76     0  00:49      0.55    0.37    1.00
  MH4447452>N711       CONDUIT      8.39     0  01:27      0.54    0.35    1.00
  MH8963773>MH4447452  CONDUIT      8.02     0  01:28      0.52    0.36    0.65
  N379>MH8963773       CONDUIT      0.25     0  00:19      0.37    0.02    0.27
  N265>MH8963773       CONDUIT      7.73     0  01:25      0.52    0.31    0.50
  MH4429357>N265       CONDUIT      7.40     0  01:32      0.56    0.27    0.37
  N325>MH4429357       CONDUIT      5.30     0  01:28      0.59    0.48    0.51
  N460>MH4429357       CONDUIT      1.75     0  01:15      0.35    0.16    0.40
  MH4428995>N460       CONDUIT      1.47     0  01:11      0.41    0.14    0.26
  MH4428713>MH4428995  CONDUIT      1.17     0  00:58      0.48    0.08    0.22
  MH4428765>MH4428713  CONDUIT      0.41     0  00:49      0.37    0.03    0.11
  N660>MH4428713       CONDUIT      0.40     0  00:24      0.50    0.01    0.13
  N659>N660            CONDUIT      0.19     0  00:14      0.46    0.01    0.07
  N303>MH4428765       CONDUIT      0.32     0  00:46      0.49    0.01    0.08
  MH4429107>N325       CONDUIT      5.10     0  01:24      0.61    0.45    0.48
  MH4428836>MH4429107  CONDUIT      2.92     0  01:19      0.52    0.22    0.39
  N914>MH4429107       CONDUIT      1.96     0  00:57      0.43    0.14    0.36
  MH4428583>N914       CONDUIT      1.61     0  00:55      0.51    0.12    0.24
  N842>MH4428583       CONDUIT      1.20     0  00:35      0.60    0.04    0.19
  MH4428146>N842       CONDUIT      0.89     0  00:35      0.66    0.03    0.13
  N695>MH4428146       CONDUIT      0.57     0  00:24      0.70    0.02    0.10
  N978>N695            CONDUIT      0.32     0  00:14      0.63    0.01    0.08
  N563>MH4428836       CONDUIT      1.94     0  00:44      0.75    0.09    0.20
  N799>MH4428836       CONDUIT      0.27     0  01:17      0.28    0.03    0.11
  N863>MH4428836       CONDUIT      0.28     0  00:23      0.40    0.01    0.20
  N862>N863            CONDUIT      0.10     0  00:08      0.24    0.01    0.07
  N562>N563            CONDUIT      1.69     0  00:36      0.72    0.08    0.20
  MH4428188>N562       CONDUIT      1.29     0  00:32      0.61    0.06    0.18
  MH4428137>MH4428188  CONDUIT      1.03     0  00:36      0.67    0.03    0.14
  N722>MH4428137       CONDUIT      0.99     0  00:33      0.84    0.03    0.12
  MH4427714>N722       CONDUIT      0.76     0  00:31      0.72    0.02    0.11
  N492>MH4427714       CONDUIT      0.42     0  00:26      0.66    0.01    0.09
  N491>N492            CONDUIT      0.15     0  00:11      0.45    0.00    0.07
  MH4450167>MH4449849  CONDUIT      1.31     0  00:52      0.44    0.11    1.00
  N702>MH4450167       CONDUIT      0.17     0  00:41      0.31    0.01    0.07
  MH4450332>MH4450167  CONDUIT      0.80     0  00:49      0.31    0.07    0.81
  N956>MH4450332       CONDUIT      0.08     0  00:01      0.26    0.01    0.16
  MH4450180>MH4450332  CONDUIT      0.58     0  01:19      0.36    0.05    0.15
  MH4450100>MH4450180  CONDUIT      0.35     0  01:00      0.69    0.01    0.07
  N849>MH4450180       CONDUIT      0.11     0  00:01      0.32    0.01    0.10
  MH4449860>MH4450100  CONDUIT      0.27     0  01:00      0.34    0.02    0.09
  N272>MH4449860       CONDUIT      0.08     0  00:01      0.28    0.00    0.08
  MH4449103>MH4449173  CONDUIT     30.96     0  02:00      0.92    0.68    1.00
  N328>MH4449103       CONDUIT     28.64     0  02:00      0.79    1.33    1.00
  N930>MH4449103       CONDUIT      2.69     0  00:36      0.51    0.22    1.00
  MH4447726>N930       CONDUIT      2.36     0  01:22      0.52    0.19    1.00
  MH4447128>MH4447726  CONDUIT      1.29     0  01:23      0.37    0.10    0.61
  MH4447416>MH4447726  CONDUIT      0.76     0  01:29      0.49    0.04    0.45
  N198>MH4447416       CONDUIT      0.54     0  00:37      0.44    0.03    0.13
  MH4447346>N198       CONDUIT      0.32     0  00:49      0.31    0.02    0.11
  N984>MH4447346       CONDUIT      0.27     0  00:03      0.45    0.02    0.09
  MH4429471>MH4447128  CONDUIT      0.78     0  01:21      0.43    0.06    0.16
  N676>MH4447128       CONDUIT      0.12     0  00:17      0.25    0.01    0.14
  N853>MH4429471       CONDUIT      0.38     0  00:32      0.37    0.02    0.13
  MH4429320>N853       CONDUIT      0.21     0  00:29      0.26    0.01    0.09
  N483>MH4429320       CONDUIT      0.05     0  00:00      0.22    0.00    0.06
  MH4448419>N328       CONDUIT     28.45     0  02:00      0.72    1.32    1.00
  MH4448345>MH4448419  CONDUIT     28.20     0  01:59      0.84    0.52    1.00
  MH4449118>MH4448345  CONDUIT      3.90     0  00:44      0.53    0.31    1.00
  N599>MH4448345       CONDUIT     24.35     0  01:56      0.82    1.05    1.00
  MH4447394>N599       CONDUIT     24.15     0  01:56      0.67    1.03    1.00
  N25>MH4447394        CONDUIT     16.45     0  02:00      0.93    1.18    1.00
  N578>MH4447394       CONDUIT      4.81     0  00:36      0.53    0.45    1.00
  N675>MH4447394       CONDUIT      3.00     0  00:46      0.41    0.21    1.00
  N693>N675            CONDUIT      2.75     0  01:39      0.60    0.20    1.00
  MH4448929>N693       CONDUIT      2.55     0  01:52      0.58    0.19    0.47
  N258>MH4448929       CONDUIT      2.31     0  01:52      0.58    0.17    0.28
  MH4447880>N258       CONDUIT      2.02     0  01:48      0.54    0.14    0.27
  N188>MH4447880       CONDUIT      1.17     0  01:48      0.39    0.08    0.23
  N656>MH4447880       CONDUIT      0.59     0  00:51      0.45    0.02    0.18
  N655>N656            CONDUIT      0.38     0  00:51      0.43    0.02    0.10
  N1003>N655           CONDUIT      0.18     0  00:55      0.14    0.05    0.14
  N397>N188            CONDUIT      1.03     0  01:46      0.44    0.07    0.19
  MH4429645>N397       CONDUIT      0.68     0  01:43      0.35    0.05    0.17
  MH4447602>MH4429645  CONDUIT      0.52     0  01:42      0.36    0.04    0.14
  N924>MH4429645       CONDUIT      0.05     0  00:01      0.27    0.00    0.09
  N22>MH4447602        CONDUIT      0.22     0  00:29      0.35    0.01    0.11
  MH4429499>N578       CONDUIT      4.57     0  00:50      0.57    0.42    1.00
  N43>MH4429499        CONDUIT      3.77     0  01:35      0.55    0.30    1.00
  N915>MH4429499       CONDUIT      0.54     0  00:08      0.66    0.02    1.00
  N688>N915            CONDUIT      0.40     0  00:02      0.65    0.01    0.09
  N687>N688            CONDUIT      0.12     0  00:07      0.35    0.00    0.06
  MH4429136>N43        CONDUIT      3.42     0  01:02      0.59    0.27    0.38
  N13>MH4429136        CONDUIT      2.71     0  01:28      0.83    0.13    0.24
  MH4429411>MH4429136  CONDUIT      0.39     0  00:42      0.47    0.02    0.10
  N644>MH4429136       CONDUIT      0.00     0  00:00      0.04    0.00    0.18
  MH4428606>N13        CONDUIT      2.36     0  00:57      0.79    0.11    0.23
  MH4428245>MH4428606  CONDUIT      1.64     0  00:56      0.70    0.05    0.19
  N779>MH4428606       CONDUIT      0.04     0  00:00      0.00    0.00    0.00
  MH4428800>MH4428606  CONDUIT      0.37     0  00:34      0.53    0.01    0.08
  MH4428426>MH4428245  CONDUIT      0.26     0  00:32      0.44    0.01    0.07
  MH4427849>MH4428245  CONDUIT      0.93     0  00:46      0.60    0.04    0.15
  N751>MH4427849       CONDUIT      0.27     0  00:24      0.47    0.01    0.10
  MH4428067>MH4427849  CONDUIT      0.23     0  00:30      0.46    0.01    0.07
  MH4429312>N25        CONDUIT     16.08     0  02:00      0.92    1.15    1.00
  N124>MH4429312       CONDUIT      0.90     0  00:51      0.51    0.04    1.00
  N327>MH4429312       CONDUIT     14.85     0  02:00      0.88    1.07    1.00
  MH4429013>N327       CONDUIT     14.63     0  02:00      0.90    1.06    1.00
  MH4428797>MH4429013  CONDUIT      1.09     0  00:43      0.50    0.04    1.00
  N954>MH4429013       CONDUIT      7.62     0  00:38      0.58    0.55    1.00
  MH4428636>N954       CONDUIT      7.37     0  00:52      0.79    0.53    1.00
  N168>MH4428636       CONDUIT      1.05     0  00:32      0.89    0.03    1.00
  N870>MH4428636       CONDUIT      6.07     0  00:59      0.79    0.31    1.00
  MH4428268>N870       CONDUIT      5.82     0  01:04      0.96    0.29    0.38
  N166>MH4428268       CONDUIT      3.76     0  00:44      0.81    0.14    0.31
  N566>MH4428268       CONDUIT      1.80     0  01:37      1.05    0.05    0.15
  MH4428026>N566       CONDUIT      1.64     0  01:13      0.99    0.05    0.15
  N113>MH4428026       CONDUIT      1.09     0  01:13      0.78    0.03    0.13
  N957>MH4428026       CONDUIT      0.34     0  00:36      0.57    0.01    0.07
  MH4427741>N113       CONDUIT      0.85     0  01:31      0.77    0.02    0.11
  MH4427425>MH4427741  CONDUIT      0.51     0  01:09      0.61    0.02    0.09
  MH4427659>MH4427741  CONDUIT      0.18     0  00:21      0.33    0.00    0.08
  N212>MH4427425       CONDUIT      0.12     0  00:01      0.43    0.00    0.07
  MH4427688>N166       CONDUIT      3.34     0  00:41      1.02    0.12    0.24
  N85>MH4427688        CONDUIT      1.15     0  00:40      0.89    0.03    0.13
  N857>MH4427688       CONDUIT      1.76     0  00:39      0.73    0.05    0.19
  MH4427312>N857       CONDUIT      1.51     0  00:44      0.92    0.04    0.15
  N647>MH4427312       CONDUIT      0.94     0  00:40      0.76    0.03    0.12
  N468>MH4427312       CONDUIT      0.33     0  00:20      0.56    0.01    0.11
  N467>N468            CONDUIT      0.07     0  00:02      0.52    0.00    0.05
  MH4426979>N647       CONDUIT      0.72     0  00:36      0.65    0.02    0.12
  N515>MH4426979       CONDUIT      0.46     0  00:35      0.46    0.02    0.11
  MH4426673>N515       CONDUIT      0.26     0  00:35      0.34    0.01    0.09
  MH4427309>N85        CONDUIT      0.85     0  00:29      0.78    0.03    0.12
  N275>MH4427309       CONDUIT      0.48     0  00:25      0.51    0.02    0.10
  N274>N275            CONDUIT      0.27     0  00:25      0.39    0.01    0.08
  MH4426971>N274       CONDUIT      0.13     0  00:25      0.29    0.01    0.06
  MH4428367>N168       CONDUIT      0.83     0  00:32      0.80    0.02    0.11
  N10>MH4428367        CONDUIT      0.57     0  00:29      0.67    0.02    0.10
  MH4428067>N10        CONDUIT      0.31     0  00:30      0.49    0.01    0.08
  N542>MH4428797       CONDUIT      0.12     0  00:17      0.45    0.00    0.04
  N816>MH4428797       CONDUIT      0.65     0  00:33      0.61    0.02    0.11
  MH4428426>N816       CONDUIT      0.36     0  00:32      0.50    0.01    0.09
  MH4429035>N124       CONDUIT      0.65     0  00:46      0.54    0.03    0.12
  MH4428800>MH4429035  CONDUIT      0.34     0  00:34      0.44    0.01    0.10
  MH4449704>MH4449118  CONDUIT      2.82     0  02:00      0.50    0.23    1.00
  N781>MH4449118       CONDUIT      0.41     0  00:14      0.48    0.02    1.00
  N1007>MH4449118      CONDUIT      0.32     0  00:12      0.48    0.01    1.00
  MH4449882>MH4449704  CONDUIT      0.36     0  02:00      0.16    0.11    0.18
  N552>MH4449704       CONDUIT      1.77     0  01:52      0.46    0.10    0.27
  N931>MH4449704       CONDUIT      0.36     0  00:58      0.43    0.02    0.09
  MH4449977>N552       CONDUIT      1.54     0  01:46      0.57    0.09    0.21
  MH4449503>MH4449977  CONDUIT      1.29     0  01:59      0.45    0.11    0.22
  MH4448813>MH4449503  CONDUIT      0.86     0  01:16      0.38    0.07    0.20
  MH4448392>MH4448813  CONDUIT      0.45     0  00:47      0.33    0.03    0.15
  N916>MH4448392       CONDUIT      0.15     0  00:15      0.28    0.01    0.09
  N829>MH4449882       CONDUIT      0.21     0  00:02      0.37    0.01    0.17
  MH4449866>N582       CONDUIT      0.38     0  00:27      0.49    0.02    0.10
  N976>MH4449866       CONDUIT      0.21     0  00:01      0.41    0.01    0.08
  N975>N976            CONDUIT      0.07     0  00:06      0.26    0.00    0.06
  MH4450193>OUT        CONDUIT     42.38     0  02:00      1.07    1.64    1.00
  
  
  ***************************
  Flow Classification Summary
  ***************************
  
  -------------------------------------------------------------------------------------
                      Adjusted    ---------- Fraction of Time in Flow Class ---------- 
                       /Actual         Up    Down  Sub   Sup   Up    Down  Norm  Inlet 
  Conduit               Length    Dry  Dry   Dry   Crit  Crit  Crit  Crit  Ltd   Ctrl  
  -------------------------------------------------------------------------------------
  N582>MH4450193          1.00   0.00  0.00  0.00  0.87  0.00  0.00  0.12  0.88  0.00
  N197>MH4450193          1.00   0.00  0.00  0.00  1.00  0.00  0.00  0.00  0.05  0.00
  MH4449785>N197          1.00   0.00  0.00  0.00  1.00  0.00  0.00  0.00  0.03  0.00
  MH4449173>MH4449785     1.00   0.00  0.00  0.00  1.00  0.00  0.00  0.00  0.03  0.00
  MH4449849>MH4449785     1.00   0.00  0.00  0.00  0.86  0.00  0.00  0.14  0.06  0.00
  N97>MH4449785           1.00   0.00  0.00  0.00  0.86  0.00  0.00  0.14  0.06  0.00
  MH4448853>N97           1.00   0.00  0.00  0.00  1.00  0.00  0.00  0.00  0.08  0.00
  N711>MH4448853          1.00   0.00  0.00  0.00  1.00  0.00  0.00  0.00  0.26  0.00
  MH4447452>N711          1.00   0.00  0.00  0.00  1.00  0.00  0.00  0.00  0.58  0.00
  MH8963773>MH4447452     1.00   0.00  0.00  0.00  1.00  0.00  0.00  0.00  0.06  0.00
  N379>MH8963773          1.00   0.00  0.00  0.00  0.81  0.04  0.00  0.16  0.84  0.00
  N265>MH8963773          1.00   0.00  0.00  0.00  1.00  0.00  0.00  0.00  0.86  0.00
  MH4429357>N265          1.00   0.00  0.00  0.00  1.00  0.00  0.00  0.00  0.92  0.00
  N325>MH4429357          1.00   0.00  0.00  0.00  1.00  0.00  0.00  0.00  0.90  0.00
  N460>MH4429357          1.00   0.00  0.00  0.00  1.00  0.00  0.00  0.00  0.94  0.00
  MH4428995>N460          1.00   0.00  0.00  0.00  1.00  0.00  0.00  0.00  0.94  0.00
  MH4428713>MH4428995     1.00   0.00  0.00  0.00  0.95  0.05  0.00  0.00  0.95  0.00
  MH4428765>MH4428713     1.00   0.00  0.00  0.00  0.00  0.00  0.00  1.00  0.00  0.00
  N660>MH4428713          1.00   0.00  0.00  0.00  0.97  0.03  0.00  0.00  0.99  0.00
  N659>N660               1.00   0.00  0.00  0.00  0.00  1.00  0.00  0.00  0.99  0.00
  N303>MH4428765          1.00   0.00  0.00  0.00  0.00  0.00  0.00  1.00  0.00  0.00
  MH4429107>N325          1.00   0.00  0.00  0.00  1.00  0.00  0.00  0.00  0.92  0.00
  MH4428836>MH4429107     1.00   0.00  0.00  0.00  0.94  0.06  0.00  0.00  0.94  0.00
  N914>MH4429107          1.00   0.00  0.00  0.00  0.95  0.05  0.00  0.00  0.95  0.00
  MH4428583>N914          1.00   0.00  0.00  0.00  0.94  0.06  0.00  0.00  0.94  0.00
  N842>MH4428583          1.00   0.00  0.00  0.00  0.00  1.00  0.00  0.00  0.99  0.00
  MH4428146>N842          1.00   0.00  0.00  0.00  0.00  1.00  0.00  0.00  0.98  0.00
  N695>MH4428146          1.00   0.00  0.00  0.00  0.00  1.00  0.00  0.00  0.98  0.00
  N978>N695               1.00   0.00  0.00  0.00  0.00  1.00  0.00  0.00  0.99  0.00
  N563>MH4428836          1.00   0.00  0.00  0.00  0.00  0.00  0.00  1.00  0.00  0.00
  N799>MH4428836          1.00   0.00  0.00  0.00  0.00  0.00  0.00  1.00  0.00  0.00
  N863>MH4428836          1.00   0.00  0.00  0.00  0.98  0.02  0.00  0.00  0.99  0.00
  N862>N863               1.00   0.00  0.00  0.00  0.99  0.01  0.00  0.00  0.99  0.00
  N562>N563               1.00   0.00  0.00  0.00  0.00  1.00  0.00  0.00  0.94  0.00
  MH4428188>N562          1.00   0.00  0.00  0.00  0.01  0.99  0.00  0.00  1.00  0.00
  MH4428137>MH4428188     1.00   0.00  0.00  0.00  0.01  0.99  0.00  0.00  1.00  0.00
  N722>MH4428137          1.00   0.00  0.00  0.00  0.00  1.00  0.00  0.00  0.96  0.00
  MH4427714>N722          1.00   0.00  0.00  0.00  0.00  1.00  0.00  0.00  0.99  0.00
  N492>MH4427714          1.00   0.00  0.00  0.00  0.00  1.00  0.00  0.00  0.98  0.00
  N491>N492               1.00   0.00  0.00  0.00  0.00  1.00  0.00  0.00  1.00  0.00
  MH4450167>MH4449849     1.00   0.00  0.00  0.00  0.94  0.06  0.00  0.00  0.44  0.00
  N702>MH4450167          1.00   0.00  0.00  0.00  0.00  0.00  0.00  1.00  0.00  0.00
  MH4450332>MH4450167     1.00   0.00  0.00  0.00  1.00  0.00  0.00  0.00  0.93  0.00
  N956>MH4450332          1.00   0.00  0.00  0.00  0.99  0.01  0.00  0.00  0.99  0.00
  MH4450180>MH4450332     1.00   0.00  0.00  0.00  0.00  0.00  0.00  1.00  0.00  0.00
  MH4450100>MH4450180     1.00   0.00  0.00  0.00  0.00  0.00  0.00  1.00  0.00  0.00
  N849>MH4450180          1.00   0.00  0.00  0.00  0.98  0.02  0.00  0.00  0.99  0.00
  MH4449860>MH4450100     1.00   0.00  0.00  0.00  0.00  1.00  0.00  0.00  0.00  0.00
  N272>MH4449860          1.00   0.00  0.00  0.00  0.99  0.01  0.00  0.00  0.99  0.00
  MH4449103>MH4449173     1.00   0.00  0.00  0.00  0.95  0.05  0.00  0.00  0.06  0.00
  N328>MH4449103          1.00   0.00  0.00  0.00  1.00  0.00  0.00  0.00  0.00  0.00
  N930>MH4449103          1.00   0.00  0.00  0.00  0.93  0.07  0.00  0.00  0.23  0.00
  MH4447726>N930          1.00   0.00  0.00  0.00  1.00  0.00  0.00  0.00  0.65  0.00
  MH4447128>MH4447726     1.00   0.00  0.00  0.00  0.98  0.02  0.00  0.00  0.96  0.00
  MH4447416>MH4447726     1.00   0.00  0.00  0.00  0.24  0.01  0.00  0.75  0.25  0.00
  N198>MH4447416          1.00   0.00  0.00  0.00  0.00  1.00  0.00  0.00  0.96  0.00
  MH4447346>N198          1.00   0.00  0.00  0.00  1.00  0.00  0.00  0.00  1.00  0.00
  N984>MH4447346          1.00   0.00  0.00  0.00  0.00  1.00  0.00  0.00  0.97  0.00
  MH4429471>MH4447128     1.00   0.00  0.00  0.00  0.00  0.00  0.00  1.00  0.00  0.00
  N676>MH4447128          1.00   0.00  0.00  0.00  0.99  0.01  0.00  0.00  0.99  0.00
  N853>MH4429471          1.00   0.00  0.00  0.00  0.96  0.04  0.00  0.00  0.97  0.00
  MH4429320>N853          1.00   0.00  0.00  0.00  1.00  0.00  0.00  0.00  1.00  0.00
  N483>MH4429320          1.00   0.00  0.00  0.00  0.99  0.01  0.00  0.00  0.99  0.00
  MH4448419>N328          1.00   0.00  0.00  0.00  1.00  0.00  0.00  0.00  0.00  0.00
  MH4448345>MH4448419     1.00   0.00  0.00  0.00  0.97  0.03  0.00  0.00  0.06  0.00
  MH4449118>MH4448345     1.00   0.00  0.00  0.00  0.94  0.06  0.00  0.00  0.31  0.00
  N599>MH4448345          1.00   0.00  0.00  0.00  1.00  0.00  0.00  0.00  0.00  0.00
  MH4447394>N599          1.00   0.00  0.00  0.00  1.00  0.00  0.00  0.00  0.06  0.00
  N25>MH4447394           1.00   0.00  0.00  0.00  0.74  0.00  0.00  0.26  0.00  0.00
  N578>MH4447394          1.00   0.00  0.00  0.00  0.92  0.00  0.00  0.08  0.20  0.00
  N675>MH4447394          1.00   0.00  0.00  0.00  0.94  0.00  0.00  0.06  0.33  0.00
  N693>N675               1.00   0.00  0.00  0.00  0.61  0.39  0.00  0.00  0.72  0.00
  MH4448929>N693          1.00   0.00  0.00  0.00  0.19  0.81  0.00  0.00  0.88  0.00
  N258>MH4448929          1.00   0.00  0.00  0.00  0.00  0.00  0.00  1.00  0.00  0.00
  MH4447880>N258          1.00   0.00  0.00  0.00  0.02  0.98  0.00  0.00  0.93  0.00
  N188>MH4447880          1.00   0.00  0.00  0.00  1.00  0.00  0.00  0.00  0.99  0.00
  N656>MH4447880          1.00   0.00  0.00  0.00  0.96  0.04  0.00  0.00  0.98  0.00
  N655>N656               1.00   0.00  0.00  0.00  0.00  1.00  0.00  0.00  0.99  0.00
  N1003>N655              1.00   0.00  0.00  0.00  1.00  0.00  0.00  0.00  0.00  0.00
  N397>N188               1.00   0.00  0.00  0.00  0.00  1.00  0.00  0.00  0.94  0.00
  MH4429645>N397          1.00   0.00  0.00  0.00  1.00  0.00  0.00  0.00  1.00  0.00
  MH4447602>MH4429645     1.00   0.00  0.00  0.00  0.00  0.00  0.00  1.00  0.00  0.00
  N924>MH4429645          1.00   0.00  0.00  0.00  0.99  0.01  0.00  0.00  0.99  0.00
  N22>MH4447602           1.00   0.00  0.00  0.00  0.97  0.03  0.00  0.00  0.97  0.00
  MH4429499>N578          1.00   0.00  0.00  0.00  0.98  0.02  0.00  0.00  0.31  0.00
  N43>MH4429499           1.00   0.00  0.00  0.00  1.00  0.00  0.00  0.00  0.94  0.00
  N915>MH4429499          1.00   0.00  0.00  0.00  0.89  0.04  0.00  0.07  0.93  0.00
  N688>N915               1.00   0.00  0.00  0.00  0.00  1.00  0.00  0.00  0.98  0.00
  N687>N688               1.00   0.00  0.00  0.00  0.02  0.98  0.00  0.00  1.00  0.00
  MH4429136>N43           1.00   0.00  0.00  0.00  0.94  0.06  0.00  0.00  0.91  0.00
  N13>MH4429136           1.00   0.00  0.00  0.00  0.00  0.00  0.00  1.00  0.00  0.00
  MH4429411>MH4429136     1.00   0.00  0.00  0.00  0.00  0.91  0.00  0.09  0.91  0.00
  N644>MH4429136          1.00   0.00  0.00  0.00  1.00  0.00  0.00  0.00  1.00  0.00
  MH4428606>N13           1.00   0.00  0.00  0.00  0.00  1.00  0.00  0.00  0.93  0.00
  MH4428245>MH4428606     1.00   0.00  0.00  0.00  0.00  1.00  0.00  0.00  0.98  0.00
  N779>MH4428606          1.00   0.00  0.00  0.00  0.00  0.00  0.00  1.00  0.00  0.00
  MH4428800>MH4428606     1.00   0.00  0.00  0.00  0.00  0.00  0.00  1.00  0.00  0.00
  MH4428426>MH4428245     1.00   0.00  0.00  0.00  0.00  0.00  0.00  1.00  0.00  0.00
  MH4427849>MH4428245     1.00   0.00  0.00  0.00  0.00  1.00  0.00  0.00  0.97  0.00
  N751>MH4427849          1.00   0.00  0.00  0.00  0.96  0.04  0.00  0.00  0.99  0.00
  MH4428067>MH4427849     1.00   0.00  0.00  0.00  0.00  0.00  0.00  1.00  0.00  0.00
  MH4429312>N25           1.00   0.00  0.00  0.00  0.93  0.07  0.00  0.00  0.00  0.00
  N124>MH4429312          1.00   0.00  0.00  0.00  0.97  0.01  0.00  0.03  0.97  0.00
  N327>MH4429312          1.00   0.00  0.00  0.00  0.96  0.04  0.00  0.00  0.06  0.00
  MH4429013>N327          1.00   0.00  0.00  0.00  0.94  0.06  0.00  0.00  0.03  0.00
  MH4428797>MH4429013     1.00   0.00  0.00  0.00  0.95  0.05  0.00  0.01  0.99  0.00
  N954>MH4429013          1.00   0.00  0.00  0.00  1.00  0.00  0.00  0.00  0.32  0.00
  MH4428636>N954          1.00   0.00  0.00  0.00  0.69  0.31  0.00  0.00  0.34  0.00
  N168>MH4428636          1.00   0.00  0.00  0.00  0.55  0.39  0.00  0.06  0.94  0.00
  N870>MH4428636          1.00   0.00  0.00  0.00  0.53  0.47  0.00  0.00  0.99  0.00
  MH4428268>N870          1.00   0.00  0.00  0.00  0.01  0.99  0.00  0.00  0.93  0.00
  N166>MH4428268          1.00   0.00  0.00  0.00  0.00  1.00  0.00  0.00  0.98  0.00
  N566>MH4428268          1.00   0.00  0.00  0.00  0.00  0.00  0.00  1.00  0.00  0.00
  MH4428026>N566          1.00   0.00  0.00  0.00  0.00  1.00  0.00  0.00  0.96  0.00
  N113>MH4428026          1.00   0.00  0.00  0.00  0.00  1.00  0.00  0.00  0.99  0.00
  N957>MH4428026          1.00   0.00  0.00  0.00  0.00  0.00  0.00  1.00  0.00  0.00
  MH4427741>N113          1.00   0.00  0.00  0.00  0.00  1.00  0.00  0.00  1.00  0.00
  MH4427425>MH4427741     1.00   0.00  0.00  0.00  0.00  0.00  0.00  1.00  0.00  0.00
  MH4427659>MH4427741     1.00   0.00  0.01  0.00  0.89  0.10  0.00  0.00  0.99  0.00
  N212>MH4427425          1.00   0.00  0.00  0.00  0.97  0.03  0.00  0.00  0.99  0.00
  MH4427688>N166          1.00   0.00  0.00  0.00  0.00  1.00  0.00  0.00  0.95  0.00
  N85>MH4427688           1.00   0.00  0.00  0.00  0.00  0.00  0.00  1.00  0.00  0.00
  N857>MH4427688          1.00   0.00  0.00  0.00  0.00  1.00  0.00  0.00  0.99  0.00
  MH4427312>N857          1.00   0.00  0.00  0.00  0.00  1.00  0.00  0.00  0.98  0.00
  N647>MH4427312          1.00   0.00  0.00  0.00  0.00  0.00  0.00  1.00  0.00  0.00
  N468>MH4427312          1.00   0.00  0.00  0.00  0.94  0.06  0.00  0.00  0.98  0.00
  N467>N468               1.00   0.00  0.00  0.00  0.99  0.01  0.00  0.00  1.00  0.00
  MH4426979>N647          1.00   0.00  0.00  0.00  0.00  1.00  0.00  0.00  0.97  0.00
  N515>MH4426979          1.00   0.00  0.00  0.00  0.00  1.00  0.00  0.00  0.96  0.00
  MH4426673>N515          1.00   0.00  0.00  0.00  0.00  1.00  0.00  0.00  0.99  0.00
  MH4427309>N85           1.00   0.00  0.00  0.00  0.00  1.00  0.00  0.00  0.97  0.00
  N275>MH4427309          1.00   0.00  0.00  0.00  0.00  1.00  0.00  0.00  0.98  0.00
  N274>N275               1.00   0.00  0.00  0.00  0.00  1.00  0.00  0.00  1.00  0.00
  MH4426971>N274          1.00   0.00  0.00  0.00  0.01  0.99  0.00  0.00  1.00  0.00
  MH4428367>N168          1.00   0.00  0.00  0.00  0.00  1.00  0.00  0.00  0.97  0.00
  N10>MH4428367           1.00   0.00  0.00  0.00  0.00  1.00  0.00  0.00  0.98  0.00
  MH4428067>N10           1.00   0.00  0.00  0.00  0.00  1.00  0.00  0.00  1.00  0.00
  N542>MH4428797          1.00   0.00  0.00  0.00  0.00  0.00  0.00  1.00  0.00  0.00
  N816>MH4428797          1.00   0.00  0.00  0.00  0.00  1.00  0.00  0.00  0.98  0.00
  MH4428426>N816          1.00   0.00  0.00  0.00  0.00  1.00  0.00  0.00  1.00  0.00
  MH4429035>N124          1.00   0.00  0.00  0.00  0.00  1.00  0.00  0.00  0.97  0.00
  MH4428800>MH4429035     1.00   0.00  0.00  0.00  0.00  1.00  0.00  0.00  0.98  0.00
  MH4449704>MH4449118     1.00   0.00  0.00  0.00  1.00  0.00  0.00  0.00  1.00  0.00
  N781>MH4449118          1.00   0.00  0.00  0.00  0.62  0.26  0.00  0.12  0.88  0.00
  N1007>MH4449118         1.00   0.00  0.00  0.00  0.81  0.08  0.00  0.10  0.90  0.00
  MH4449882>MH4449704     1.00   0.00  0.00  0.00  0.00  0.00  0.00  1.00  0.00  0.00
  N552>MH4449704          1.00   0.00  0.00  0.00  0.98  0.02  0.00  0.00  0.99  0.00
  N931>MH4449704          1.00   0.00  0.00  0.00  0.00  0.00  0.00  1.00  0.00  0.00
  MH4449977>N552          1.00   0.00  0.00  0.00  0.01  0.99  0.00  0.00  0.98  0.00
  MH4449503>MH4449977     1.00   0.00  0.00  0.00  0.00  0.00  0.00  1.00  0.00  0.00
  MH4448813>MH4449503     1.00   0.00  0.00  0.00  0.98  0.02  0.00  0.00  0.92  0.00
  MH4448392>MH4448813     1.00   0.00  0.00  0.00  0.98  0.02  0.00  0.00  0.98  0.00
  N916>MH4448392          1.00   0.00  0.00  0.00  0.99  0.01  0.00  0.00  0.99  0.00
  N829>MH4449882          1.00   0.00  0.00  0.00  0.97  0.03  0.00  0.00  0.98  0.00
  MH4449866>N582          1.00   0.00  0.00  0.00  0.00  1.00  0.00  0.00  0.98  0.00
  N976>MH4449866          1.00   0.00  0.00  0.00  0.00  1.00  0.00  0.00  0.98  0.00
  N975>N976               1.00   0.00  0.00  0.00  0.99  0.01  0.00  0.00  1.00  0.00
  MH4450193>OUT           1.00   0.00  0.00  0.00  1.00  0.00  0.00  0.00  0.00  0.00
  
  
  *************************
  Conduit Surcharge Summary
  *************************
  
  ----------------------------------------------------------------------------
                                                           Hours        Hours 
                         --------- Hours Full --------   Above Full   Capacity
  Conduit                Both Ends  Upstream  Dnstream   Normal Flow   Limited
  ----------------------------------------------------------------------------
  N582>MH4450193              0.01      0.01      1.56      0.01         0.01
  N197>MH4450193              1.56      1.61      1.56      1.67         1.60
  MH4449785>N197              1.61      1.64      1.61      1.68         1.64
  MH4449173>MH4449785         1.62      1.62      1.64      1.45         1.39
  MH4449849>MH4449785         1.49      1.49      1.62      0.01         0.01
  N97>MH4449785               1.43      1.43      1.56      0.01         0.01
  MH4448853>N97               1.20      1.20      1.43      0.01         0.01
  N711>MH4448853              0.69      0.69      1.20      0.01         0.01
  MH4447452>N711              0.01      0.01      0.69      0.01         0.01
  MH4450167>MH4449849         0.48      0.48      1.49      0.01         0.01
  MH4450332>MH4450167         0.01      0.01      0.48      0.01         0.01
  MH4449103>MH4449173         1.55      1.55      1.62      0.01         0.01
  N328>MH4449103              1.55      1.56      1.55      1.72         1.56
  N930>MH4449103              1.25      1.25      1.61      0.01         0.01
  MH4447726>N930              0.01      0.01      1.25      0.01         0.01
  MH4447128>MH4447726         0.01      0.01      0.01      0.01         0.01
  MH4448419>N328              1.56      1.65      1.56      1.73         1.59
  MH4448345>MH4448419         1.52      1.52      1.65      0.01         0.01
  MH4449118>MH4448345         0.99      0.99      1.59      0.01         0.01
  N599>MH4448345              1.50      1.50      1.52      0.69         0.19
  MH4447394>N599              1.45      1.45      1.50      0.56         0.01
  N25>MH4447394               1.45      1.62      1.45      1.74         1.47
  N578>MH4447394              1.31      1.31      1.45      0.01         0.01
  N675>MH4447394              0.92      0.92      1.46      0.01         0.01
  N693>N675                   0.01      0.01      0.92      0.01         0.01
  MH4429499>N578              0.84      0.84      1.31      0.01         0.01
  N43>MH4429499               0.01      0.01      0.84      0.01         0.01
  N915>MH4429499              0.01      0.01      0.78      0.01         0.01
  MH4429312>N25               1.62      1.70      1.62      1.77         1.69
  N124>MH4429312              0.01      0.01      1.63      0.01         0.01
  N327>MH4429312              1.68      1.68      1.70      1.62         0.06
  MH4429013>N327              1.62      1.62      1.68      1.46         0.01
  MH4428797>MH4429013         0.01      0.01      1.52      0.01         0.01
  N954>MH4429013              1.25      1.25      1.62      0.01         0.01
  MH4428636>N954              0.78      0.78      1.25      0.01         0.01
  N168>MH4428636              0.01      0.01      0.66      0.01         0.01
  N870>MH4428636              0.01      0.01      0.78      0.01         0.01
  MH4449704>MH4449118         0.01      0.01      0.99      0.01         0.01
  N781>MH4449118              0.01      0.01      0.91      0.01         0.01
  N1007>MH4449118             0.01      0.01      0.91      0.01         0.01
  MH4450193>OUT               0.01      1.56      0.01      1.66         1.28
  

  Analysis begun on:  Wed Sep 16 18:52:12 2026
  Analysis ended on:  Wed Sep 16 18:52:14 2026
  Total elapsed time: 00:00:02