
  EPA STORM WATER MANAGEMENT MODEL - VERSION 5.2 (Build 5.2.4)
  PYSWMM TOOLKIT API - VERSION v1.0 (2026-02-26)
  ------------------------------------------------------------

  WARNING 08: elevation drop exceeds length for Conduit N779>MH4428606
  
  ****************
  Analysis Options
  ****************
  Flow Units ............... LPS
  Process Models:
    Rainfall/Runoff ........ NO
    RDII ................... NO
    Snowmelt ............... NO
    Groundwater ............ NO
    Flow Routing ........... YES
    Ponding Allowed ........ NO
    Water Quality .......... NO
  Flow Routing Method ...... DYNWAVE
  Surcharge Method ......... SLOT
  Starting Date ............ 01/01/2026 00:00:00
  Ending Date .............. 01/01/2026 02:00:00
  Antecedent Dry Days ...... 0.0
  Report Time Step ......... 00:00:10
  Routing Time Step ........ 0.50 sec
  Variable Time Step ....... YES
  Maximum Trials ........... 8
  Number of Threads ........ 1
  Head Tolerance ........... 0.001524 m
  
  
  **************************        Volume        Volume
  Flow Routing Continuity        hectare-m      10^6 ltr
  **************************     ---------     ---------
  Dry Weather Inflow .......         0.000         0.000
  Wet Weather Inflow .......         0.000         0.000
  Groundwater Inflow .......         0.000         0.000
  RDII Inflow ..............         0.000         0.000
  External Inflow ..........         0.033         0.333
  External Outflow .........         0.015         0.152
  Flooding Loss ............         0.003         0.029
  Evaporation Loss .........         0.000         0.000
  Exfiltration Loss ........         0.000         0.000
  Initial Stored Volume ....         0.000         0.001
  Final Stored Volume ......         0.015         0.146
  Continuity Error (%) .....         2.265
  
  
  *************************
  Highest Continuity Errors
  *************************
  Node MH4447346 (33.37%)
  Node MH4449882 (32.75%)
  Node N915 (27.01%)
  Node MH4447128 (23.63%)
  Node MH4429471 (20.65%)
  
  
  ***************************
  Time-Step Critical Elements
  ***************************
  Link N779>MH4428606 (94.26%)
  Link N644>MH4429136 (5.72%)
  
  
  ********************************
  Highest Flow Instability Indexes
  ********************************
  Link N644>MH4429136 (32)
  
  
  *********************************
  Most Frequent Nonconverging Nodes
  *********************************
  Node X385 (0.02%)
  Node OUT (0.02%)
  Node X570 (0.02%)
  Node X902 (0.02%)
  Node N197 (0.01%)
  
  
  *************************
  Routing Time Step Summary
  *************************
  Minimum Time Step           :     0.50 sec
  Average Time Step           :     0.50 sec
  Maximum Time Step           :     0.50 sec
  % of Time in Steady State   :     0.00
  Average Iterations per Step :     2.25
  % of Steps Not Converging   :     0.02
  Time Step Frequencies       :
      0.500 -  0.500 sec      :   100.00 %
      0.500 -  0.500 sec      :     0.00 %
      0.500 -  0.500 sec      :     0.00 %
      0.500 -  0.500 sec      :     0.00 %
      0.500 -  0.500 sec      :     0.00 %
  
  
  ******************
  Node Depth Summary
  ******************
  
  ---------------------------------------------------------------------------------
                                 Average  Maximum  Maximum  Time of Max    Reported
                                   Depth    Depth      HGL   Occurrence   Max Depth
  Node                 Type       Meters   Meters   Meters  days hr:min      Meters
  ---------------------------------------------------------------------------------
  N10                  JUNCTION     0.01     0.01    49.79     0  00:36        0.01
  N13                  JUNCTION     0.08     0.25    42.31     0  02:00        0.25
  N22                  JUNCTION     0.01     0.01    43.36     0  00:39        0.01
  N25                  JUNCTION     1.25     1.83    41.47     0  02:00        1.83
  N43                  JUNCTION     1.41     2.04    42.04     0  02:00        2.04
  N85                  JUNCTION     0.02     0.02    51.81     0  00:40        0.02
  N97                  JUNCTION     1.95     2.31    40.48     0  02:00        2.31
  N113                 JUNCTION     0.01     0.01    50.51     0  01:01        0.01
  N124                 JUNCTION     0.02     0.02    41.79     0  00:57        0.02
  N166                 JUNCTION     0.03     0.03    46.14     0  00:54        0.03
  N168                 JUNCTION     0.02     0.02    44.38     0  00:37        0.02
  N188                 JUNCTION     0.05     0.06    41.48     0  02:00        0.06
  N197                 JUNCTION     2.36     2.56    40.25     0  02:00        2.56
  N198                 JUNCTION     0.28     0.52    40.84     0  02:00        0.52
  N212                 JUNCTION     0.01     0.01    56.46     0  00:01        0.01
  N258                 JUNCTION     0.33     0.65    41.45     0  02:00        0.65
  N265                 JUNCTION     1.21     1.56    40.52     0  02:00        1.56
  N272                 JUNCTION     0.01     0.01    40.76     0  00:01        0.01
  N274                 JUNCTION     0.01     0.01    56.74     0  00:29        0.01
  N275                 JUNCTION     0.01     0.01    55.99     0  00:29        0.01
  N303                 JUNCTION     0.01     0.01    42.64     0  00:48        0.01
  N325                 JUNCTION     0.78     1.07    40.55     0  02:00        1.07
  N327                 JUNCTION     0.57     1.02    41.68     0  02:00        1.02
  N328                 JUNCTION     1.96     2.49    40.94     0  02:00        2.49
  N379                 JUNCTION     0.54     0.78    40.51     0  02:00        0.78
  N397                 JUNCTION     0.05     0.05    42.01     0  01:59        0.05
  N460                 JUNCTION     0.72     0.99    40.53     0  02:00        0.99
  N467                 JUNCTION     0.00     0.00    57.63     0  00:18        0.00
  N468                 JUNCTION     0.01     0.01    55.81     0  00:25        0.01
  N483                 JUNCTION     0.01     0.01    41.22     0  00:00        0.01
  N491                 JUNCTION     0.01     0.01    53.97     0  00:13        0.01
  N492                 JUNCTION     0.01     0.01    52.82     0  00:20        0.01
  N515                 JUNCTION     0.01     0.01    58.31     0  00:44        0.01
  N542                 JUNCTION     0.01     0.01    45.29     0  00:25        0.01
  N552                 JUNCTION     0.40     0.73    41.13     0  02:00        0.73
  N562                 JUNCTION     0.02     0.02    42.89     0  00:40        0.02
  N563                 JUNCTION     0.03     0.03    41.46     0  01:03        0.03
  N566                 JUNCTION     0.02     0.02    45.78     0  01:14        0.02
  N578                 JUNCTION     1.65     2.28    41.55     0  02:00        2.28
  N582                 JUNCTION     1.37     1.47    40.12     0  02:00        1.47
  N599                 JUNCTION     1.83     2.42    41.19     0  02:00        2.42
  N644                 JUNCTION     1.01     1.58    42.30     0  02:00        1.58
  N647                 JUNCTION     0.02     0.02    55.81     0  00:44        0.02
  N655                 JUNCTION     0.01     0.01    43.33     0  01:35        0.01
  N656                 JUNCTION     0.01     0.01    42.35     0  01:56        0.01
  N659                 JUNCTION     0.01     0.01    44.09     0  00:14        0.01
  N660                 JUNCTION     0.01     0.01    42.43     0  00:26        0.01
  N675                 JUNCTION     1.32     1.89    41.36     0  02:00        1.89
  N676                 JUNCTION     0.51     0.83    40.84     0  02:00        0.83
  N687                 JUNCTION     0.01     0.01    43.67     0  00:07        0.01
  N688                 JUNCTION     0.01     0.01    43.01     0  00:02        0.01
  N693                 JUNCTION     1.00     1.52    41.39     0  02:00        1.52
  N695                 JUNCTION     0.01     0.01    47.88     0  00:25        0.01
  N702                 JUNCTION     0.03     0.06    40.34     0  02:00        0.06
  N711                 JUNCTION     1.60     1.96    40.50     0  02:00        1.96
  N722                 JUNCTION     0.02     0.02    46.68     0  00:35        0.02
  N751                 JUNCTION     0.01     0.01    52.37     0  00:25        0.01
  N779                 JUNCTION     0.00     0.00    44.72     0  00:00        0.00
  N781                 JUNCTION     0.16     0.37    41.11     0  02:00        0.37
  N799                 JUNCTION     0.01     0.01    40.99     0  02:00        0.01
  N816                 JUNCTION     0.01     0.01    46.54     0  00:40        0.01
  N829                 JUNCTION     0.43     0.78    41.12     0  02:00        0.78
  N842                 JUNCTION     0.02     0.02    42.99     0  00:36        0.02
  N849                 JUNCTION     0.86     1.05    40.29     0  00:39        1.05
  N853                 JUNCTION     0.01     0.01    40.86     0  01:20        0.01
  N857                 JUNCTION     0.02     0.02    51.40     0  00:51        0.02
  N862                 JUNCTION     0.01     0.01    41.63     0  00:11        0.01
  N863                 JUNCTION     0.01     0.01    41.51     0  00:27        0.01
  N870                 JUNCTION     0.05     0.05    42.86     0  01:25        0.05
  N914                 JUNCTION     0.12     0.23    40.58     0  02:00        0.23
  N915                 JUNCTION     0.41     0.79    41.79     0  02:00        0.79
  N916                 JUNCTION     0.01     0.01    42.99     0  00:15        0.01
  N924                 JUNCTION     0.03     0.04    42.40     0  00:00        0.04
  N930                 JUNCTION     1.59     2.07    40.83     0  02:00        2.07
  N931                 JUNCTION     0.03     0.11    41.12     0  02:00        0.11
  N954                 JUNCTION     0.12     0.29    41.83     0  02:00        0.29
  N956                 JUNCTION     1.11     1.34    40.29     0  00:39        1.34
  N957                 JUNCTION     0.01     0.01    50.57     0  00:38        0.01
  N975                 JUNCTION     0.01     0.01    40.16     0  00:08        0.01
  N976                 JUNCTION     0.11     0.16    40.12     0  02:00        0.16
  N978                 JUNCTION     0.01     0.01    51.14     0  00:22        0.01
  N984                 JUNCTION     0.01     0.01    41.10     0  00:02        0.01
  N1003                JUNCTION     0.02     0.02    43.36     0  01:02        0.02
  N1007                JUNCTION     0.18     0.41    41.11     0  02:00        0.41
  MH4428367            STORAGE      0.01     0.01    47.08     0  00:36        0.01
  MH4428606            STORAGE      0.03     0.03    43.59     0  01:04        0.03
  MH4447602            STORAGE      0.02     0.02    42.68     0  01:54        0.02
  MH4429312            STORAGE      0.81     1.33    41.61     0  02:00        1.33
  MH4429136            STORAGE      1.24     1.85    42.30     0  02:00        1.85
  MH4448345            STORAGE      1.86     2.44    41.10     0  02:00        2.44
  MH4448419            STORAGE      1.94     2.52    41.08     0  02:00        2.52
  MH4427688            STORAGE      0.03     0.03    48.70     0  00:47        0.03
  MH4448853            STORAGE      1.77     2.14    40.49     0  02:00        2.14
  MH4428026            STORAGE      0.02     0.02    48.11     0  01:11        0.02
  MH4429035            STORAGE      0.01     0.01    43.31     0  00:57        0.01
  MH4449704            STORAGE      0.92     1.41    41.12     0  02:00        1.41
  MH4449118            STORAGE      1.37     1.92    41.11     0  02:00        1.92
  MH4447128            STORAGE      0.74     1.12    40.84     0  02:00        1.12
  MH4447726            STORAGE      1.21     1.67    40.84     0  02:00        1.67
  MH4428268            STORAGE      0.04     0.05    43.73     0  01:15        0.05
  MH4428636            STORAGE      0.06     0.06    42.02     0  01:52        0.06
  MH4447880            STORAGE      0.11     0.28    41.47     0  02:00        0.28
  MH4449785            STORAGE      2.21     2.55    40.47     0  02:00        2.55
  MH4447416            STORAGE      0.64     1.00    40.84     0  02:00        1.00
  MH4427425            STORAGE      0.01     0.01    55.81     0  01:06        0.01
  MH4449173            STORAGE      2.06     2.54    40.80     0  02:00        2.54
  MH4428713            STORAGE      0.02     0.02    40.66     0  00:54        0.02
  MH4428995            STORAGE      0.46     0.69    40.53     0  02:00        0.69
  MH4429357            STORAGE      0.97     1.29    40.53     0  02:00        1.29
  MH4449860            STORAGE      0.01     0.01    40.56     0  00:55        0.01
  MH4428765            STORAGE      0.01     0.01    40.85     0  00:50        0.01
  MH4429013            STORAGE      0.30     0.65    41.77     0  02:00        0.65
  MH8963773            STORAGE      1.39     1.75    40.51     0  02:00        1.75
  MH4426971            STORAGE      0.01     0.01    57.44     0  00:26        0.01
  MH4429645            STORAGE      0.04     0.04    42.21     0  01:54        0.04
  MH4449103            STORAGE      1.98     2.47    40.83     0  02:00        2.47
  MH4449849            STORAGE      1.94     2.28    40.44     0  02:00        2.28
  MH4447394            STORAGE      1.77     2.39    41.33     0  02:00        2.39
  MH4428426            STORAGE      0.01     0.01    49.22     0  00:34        0.01
  MH4428245            STORAGE      0.02     0.02    47.76     0  00:56        0.02
  MH4449882            STORAGE      0.87     1.35    41.12     0  02:00        1.35
  MH4429320            STORAGE      0.01     0.01    41.13     0  00:32        0.01
  MH4426673            STORAGE      0.01     0.01    59.15     0  00:39        0.01
  MH4428836            STORAGE      0.06     0.12    40.59     0  02:00        0.12
  MH4429107            STORAGE      0.57     0.82    40.57     0  02:00        0.82
  MH4448392            STORAGE      0.02     0.02    42.78     0  00:54        0.02
  MH4448813            STORAGE      0.02     0.02    42.19     0  01:18        0.02
  MH4427309            STORAGE      0.01     0.01    54.82     0  01:59        0.01
  MH4428797            STORAGE      0.02     0.02    44.06     0  01:29        0.02
  MH4449977            STORAGE      0.03     0.04    41.13     0  02:00        0.04
  MH4450193            STORAGE      2.45     2.56    40.12     0  02:00        2.56
  MH4428800            STORAGE      0.01     0.01    45.26     0  00:39        0.01
  MH4429411            STORAGE      0.02     0.09    42.30     0  02:00        0.09
  MH4427312            STORAGE      0.02     0.02    54.04     0  00:52        0.02
  MH4450100            STORAGE      0.01     0.01    40.33     0  00:55        0.01
  MH4450180            STORAGE      1.09     1.32    40.29     0  00:39        1.32
  MH4429471            STORAGE      0.23     0.46    40.84     0  02:00        0.46
  MH4429499            STORAGE      1.59     2.23    41.79     0  02:00        2.23
  MH4428146            STORAGE      0.02     0.02    45.05     0  00:36        0.02
  MH4450167            STORAGE      1.45     1.72    40.34     0  02:00        1.72
  MH4427714            STORAGE      0.01     0.01    49.74     0  00:34        0.01
  MH4450332            STORAGE      1.27     1.51    40.29     0  00:39        1.51
  MH4426979            STORAGE      0.01     0.01    57.48     0  00:51        0.01
  MH4427849            STORAGE      0.02     0.02    50.28     0  00:52        0.02
  MH4447346            STORAGE      0.15     0.34    40.84     0  02:00        0.34
  MH4427659            STORAGE      0.01     0.01    54.08     0  00:25        0.01
  MH4428583            STORAGE      0.03     0.03    41.00     0  01:19        0.03
  MH4427741            STORAGE      0.01     0.01    52.40     0  01:06        0.01
  MH4428137            STORAGE      0.02     0.02    44.44     0  00:36        0.02
  MH4449866            STORAGE      0.57     0.67    40.12     0  02:00        0.67
  MH4448929            STORAGE      0.69     1.15    41.41     0  02:00        1.15
  MH4428067            STORAGE      0.01     0.01    52.16     0  00:36        0.01
  MH4449503            STORAGE      0.03     0.03    41.67     0  01:58        0.03
  MH4428188            STORAGE      0.02     0.02    43.95     0  00:39        0.02
  MH4447452            STORAGE      1.40     1.77    40.51     0  02:00        1.77
  X385                 OUTFALL      0.00     0.01    57.02     0  00:26        0.01
  OUT                  OUTFALL      2.55     2.55    39.98     0  00:00        2.55
  X570                 OUTFALL      0.01     0.01    53.31     0  00:23        0.01
  X902                 OUTFALL      0.00     0.00    58.33     0  00:39        0.00
  
  
  *******************
  Node Inflow Summary
  *******************
  
  -------------------------------------------------------------------------------------------------
                                  Maximum  Maximum                  Lateral       Total        Flow
                                  Lateral    Total  Time of Max      Inflow      Inflow     Balance
                                   Inflow   Inflow   Occurrence      Volume      Volume       Error
  Node                 Type           LPS      LPS  days hr:min    10^6 ltr    10^6 ltr     Percent
  -------------------------------------------------------------------------------------------------
  N10                  JUNCTION      0.20     0.42     0  00:36     0.00144     0.00303       0.894
  N13                  JUNCTION      0.23     2.02     0  01:05     0.00169       0.014      11.167
  N22                  JUNCTION      0.14     0.14     0  00:00     0.00099     0.00099       1.222
  N25                  JUNCTION      0.29     7.69     0  00:20     0.00208      0.0455       3.822
  N43                  JUNCTION      0.24    11.37     0  00:17     0.00175      0.0752       1.951
  N85                  JUNCTION      0.21     0.82     0  00:31     0.00149     0.00582       1.613
  N97                  JUNCTION      0.14    24.89     0  00:03     0.00104      0.0531       5.544
  N113                 JUNCTION      0.19     0.66     0  01:00     0.00134     0.00467       0.674
  N124                 JUNCTION      0.20     0.66     0  00:57     0.00141     0.00465       1.811
  N166                 JUNCTION      0.31     2.73     0  00:47     0.00225      0.0189       1.097
  N168                 JUNCTION      0.16     0.78     0  00:36     0.00115     0.00554       1.140
  N188                 JUNCTION      0.09     3.08     0  01:49    0.000667      0.0217       1.331
  N197                 JUNCTION      0.17    74.70     0  00:00     0.00122       0.195       1.417
  N198                 JUNCTION      0.17     1.12     0  00:48     0.00124     0.00277      16.068
  N212                 JUNCTION      0.09     0.09     0  00:00    0.000641    0.000641       0.345
  N258                 JUNCTION      0.22     3.91     0  01:02     0.00157      0.0258       4.833
  N265                 JUNCTION      0.23    18.66     0  00:15     0.00169      0.0351      10.216
  N272                 JUNCTION      0.09     0.09     0  00:00    0.000639    0.000639       0.335
  N274                 JUNCTION      0.11     0.17     0  00:26     0.00076     0.00119       0.828
  N275                 JUNCTION      0.15     0.32     0  00:29     0.00111     0.00229       0.921
  N303                 JUNCTION      0.25     0.25     0  00:00     0.00182     0.00182       1.913
  N325                 JUNCTION      0.13     8.91     0  00:19    0.000929      0.0231       4.373
  N327                 JUNCTION      0.15     6.54     0  00:40     0.00111       0.041       2.625
  N328                 JUNCTION      0.18    26.90     0  02:00     0.00128       0.143       1.565
  N379                 JUNCTION      0.16     3.40     0  00:21     0.00118     0.00153      25.058
  N397                 JUNCTION      0.28     2.98     0  01:54     0.00201      0.0212       0.979
  N460                 JUNCTION      0.19     8.62     0  00:20     0.00138     0.00933      15.024
  N467                 JUNCTION      0.05     0.05     0  00:00    0.000362    0.000362       0.114
  N468                 JUNCTION      0.19     0.24     0  00:03     0.00134      0.0017       0.841
  N483                 JUNCTION      0.06     0.06     0  00:00    0.000447    0.000447       0.257
  N491                 JUNCTION      0.12     0.12     0  00:00    0.000865    0.000865       0.314
  N492                 JUNCTION      0.21     0.33     0  00:09     0.00151     0.00238       0.836
  N515                 JUNCTION      0.14     0.32     0  00:39     0.00101     0.00227       1.488
  N542                 JUNCTION      0.07     0.07     0  00:00    0.000524    0.000524       0.771
  N552                 JUNCTION      0.16     3.18     0  00:36     0.00116     0.00887      13.889
  N562                 JUNCTION      0.30     1.27     0  00:36     0.00214      0.0089       1.309
  N563                 JUNCTION      0.17     1.44     0  00:39     0.00123        0.01       1.790
  N566                 JUNCTION      0.10     1.20     0  01:11    0.000753     0.00838       0.887
  N578                 JUNCTION      0.17    11.80     0  02:00      0.0012      0.0743       2.221
  N582                 JUNCTION      0.13    17.20     0  00:01    0.000913     0.00373      23.312
  N599                 JUNCTION      0.15    26.59     0  00:11     0.00109       0.139       1.866
  N644                 JUNCTION      8.64     8.64     0  00:00      0.0622      0.0622       0.001
  N647                 JUNCTION      0.16     0.68     0  00:51     0.00112     0.00477       1.412
  N655                 JUNCTION      0.19     0.29     0  01:13     0.00136     0.00208       1.049
  N656                 JUNCTION      0.14     0.43     0  01:02     0.00102     0.00308       1.165
  N659                 JUNCTION      0.14     0.14     0  00:00    0.000995    0.000995       0.584
  N660                 JUNCTION      0.14     0.28     0  00:14     0.00104     0.00203       1.021
  N675                 JUNCTION      0.17     5.43     0  00:21     0.00119      0.0254       4.528
  N676                 JUNCTION      0.09     1.03     0  00:27    0.000613    0.000747      21.828
  N687                 JUNCTION      0.10     0.10     0  00:00    0.000686    0.000686       0.302
  N688                 JUNCTION      0.22     0.31     0  00:07     0.00156     0.00224       0.783
  N693                 JUNCTION      0.14     6.73     0  00:20     0.00102       0.025       4.197
  N695                 JUNCTION      0.17     0.44     0  00:14     0.00124     0.00316       1.013
  N702                 JUNCTION      0.11     0.14     0  00:39    0.000789    0.000789      10.238
  N711                 JUNCTION      0.27    17.26     0  00:15     0.00193      0.0452       7.843
  N722                 JUNCTION      0.19     0.74     0  00:34     0.00137     0.00523       0.909
  N751                 JUNCTION      0.18     0.18     0  00:00     0.00129     0.00129       0.898
  N779                 JUNCTION      0.14     0.14     0  00:00     0.00103     0.00103      -0.000
  N781                 JUNCTION      0.31     0.66     0  00:53     0.00221     0.00233      21.574
  N799                 JUNCTION      0.17     0.17     0  00:00     0.00122     0.00122       3.816
  N816                 JUNCTION      0.20     0.47     0  00:34     0.00145     0.00337       1.179
  N829                 JUNCTION      0.14     1.30     0  00:34    0.000998     0.00116      26.179
  N842                 JUNCTION      0.25     0.93     0  00:36     0.00182     0.00656       1.172
  N849                 JUNCTION      0.08     2.35     0  00:15    0.000556    0.000722      20.265
  N853                 JUNCTION      0.17     0.34     0  00:32     0.00122     0.00242       1.017
  N857                 JUNCTION      0.18     1.26     0  00:45     0.00127     0.00879       0.843
  N862                 JUNCTION      0.06     0.06     0  00:00    0.000422    0.000422       0.418
  N863                 JUNCTION      0.17     0.23     0  00:10      0.0012     0.00162       0.832
  N870                 JUNCTION      0.18     4.28     0  01:04     0.00129      0.0293       0.858
  N914                 JUNCTION      0.26     1.46     0  00:59     0.00187      0.0102      14.866
  N915                 JUNCTION      0.09     1.74     0  00:40    0.000636     0.00342      36.999
  N916                 JUNCTION      0.11     0.11     0  00:00    0.000809    0.000809       0.636
  N924                 JUNCTION      2.29     2.29     0  00:00      0.0165      0.0165       0.100
  N930                 JUNCTION      0.23     8.24     0  00:11     0.00166      0.0127      11.482
  N931                 JUNCTION      0.25     0.25     0  00:00     0.00181     0.00181      19.952
  N954                 JUNCTION      0.15     5.40     0  01:09     0.00109      0.0365       2.690
  N956                 JUNCTION      0.05     2.34     0  00:11    0.000385    0.000521      33.593
  N957                 JUNCTION      0.26     0.26     0  00:00     0.00184     0.00184       1.553
  N975                 JUNCTION      0.06     0.06     0  00:00    0.000452    0.000452       0.229
  N976                 JUNCTION      0.09     0.62     0  00:23    0.000638     0.00114      21.601
  N978                 JUNCTION      0.27     0.27     0  00:00     0.00192     0.00192       0.585
  N984                 JUNCTION      0.20     0.20     0  00:00     0.00147     0.00147       0.826
  N1003                JUNCTION      0.10     0.10     0  00:00    0.000737    0.000737       2.594
  N1007                JUNCTION      0.25     0.56     0  00:52     0.00179     0.00187      19.805
  MH4428367            STORAGE       0.20     0.62     0  00:33     0.00144     0.00445       0.882
  MH4428606            STORAGE       0.24     1.79     0  00:59     0.00173      0.0126       1.686
  MH4447602            STORAGE       0.20     0.34     0  00:39     0.00144     0.00242       4.361
  MH4429312            STORAGE       0.27     7.47     0  00:32     0.00193      0.0465       4.302
  MH4429136            STORAGE       0.24    13.58     0  00:23     0.00176      0.0781       4.085
  MH4448345            STORAGE       0.02    26.57     0  02:00    0.000119       0.149       1.681
  MH4448419            STORAGE       0.19    26.74     0  02:00     0.00137       0.142       0.823
  MH4427688            STORAGE       0.34     2.41     0  00:45     0.00242      0.0169       0.970
  MH4448853            STORAGE       0.28    21.91     0  00:05       0.002      0.0505       6.260
  MH4428026            STORAGE       0.17     1.09     0  01:01     0.00124     0.00769       0.657
  MH4429035            STORAGE       0.22     0.46     0  00:39     0.00155     0.00331       1.702
  MH4449704            STORAGE       0.21     7.65     0  00:24     0.00154      0.0151      22.151
  MH4449118            STORAGE       0.23    11.22     0  00:18     0.00165      0.0204      22.114
  MH4447128            STORAGE       0.28     5.18     0  00:20     0.00204     0.00781      30.938
  MH4447726            STORAGE       0.23     8.37     0  00:16     0.00167      0.0128      22.065
  MH4428268            STORAGE       0.18     4.10     0  01:19     0.00131      0.0283       1.022
  MH4428636            STORAGE       0.18     5.25     0  01:20     0.00129      0.0358       1.043
  MH4447880            STORAGE       0.18     3.69     0  01:48     0.00131      0.0257       5.050
  MH4449785            STORAGE       0.22    54.20     0  00:02     0.00157        0.22       2.795
  MH4447416            STORAGE       0.15     2.64     0  00:25     0.00107     0.00416      25.841
  MH4427425            STORAGE       0.28     0.37     0  00:01       0.002     0.00264       2.386
  MH4449173            STORAGE       0.32    29.12     0  02:00     0.00234       0.153       1.092
  MH4428713            STORAGE       0.25     0.83     0  00:50     0.00181     0.00588       1.841
  MH4428995            STORAGE       0.22     4.51     0  00:27     0.00156     0.00832      21.605
  MH4429357            STORAGE       0.26    19.04     0  00:17     0.00187      0.0342       8.020
  MH4449860            STORAGE       0.10     0.20     0  00:01    0.000733     0.00137       1.688
  MH4428765            STORAGE       0.04     0.29     0  00:48    0.000302     0.00209       0.679
  MH4429013            STORAGE       0.16     6.39     0  01:06     0.00118      0.0425       4.834
  MH8963773            STORAGE       0.03    17.06     0  00:13    0.000187      0.0387       8.286
  MH4426971            STORAGE       0.10     0.10     0  00:00    0.000718    0.000718       0.734
  MH4429645            STORAGE       0.07     2.70     0  01:54    0.000528      0.0193       0.431
  MH4449103            STORAGE       0.02    28.81     0  02:00    0.000176       0.154       1.466
  MH4449849            STORAGE       0.06    12.67     0  00:03    0.000419      0.0337       4.119
  MH4447394            STORAGE       0.21    28.93     0  00:12     0.00153       0.143       2.248
  MH4428426            STORAGE       0.47     0.47     0  00:00     0.00337     0.00337       1.248
  MH4428245            STORAGE       0.31     1.14     0  00:52     0.00221     0.00803       1.756
  MH4449882            STORAGE       0.10     4.12     0  00:25    0.000728     0.00321      48.694
  MH4429320            STORAGE       0.11     0.17     0  00:01    0.000779     0.00123       0.743
  MH4426673            STORAGE       0.19     0.19     0  00:00      0.0014      0.0014       1.030
  MH4428836            STORAGE       0.29     2.13     0  01:18      0.0021      0.0147       6.447
  MH4429107            STORAGE       0.14     8.48     0  00:23    0.000975      0.0244      12.185
  MH4448392            STORAGE       0.22     0.34     0  00:15     0.00162     0.00242       1.629
  MH4448813            STORAGE       0.30     0.63     0  00:54     0.00213      0.0045       2.876
  MH4427309            STORAGE       0.29     0.61     0  00:28     0.00212     0.00438       0.936
  MH4428797            STORAGE       0.28     0.82     0  00:40       0.002     0.00585       1.784
  MH4449977            STORAGE       0.16     1.11     0  01:58     0.00118     0.00746       1.145
  MH4450193            STORAGE       0.11   109.84     0  00:00    0.000822       0.204       1.194
  MH4428800            STORAGE       0.52     0.52     0  00:00     0.00373     0.00373       1.377
  MH4429411            STORAGE       0.27     0.27     0  00:00     0.00192     0.00192      16.704
  MH4427312            STORAGE       0.17     1.08     0  00:51     0.00122     0.00761       0.855
  MH4450100            STORAGE       0.05     0.24     0  00:55    0.000352     0.00169       0.941
  MH4450180            STORAGE       0.09     5.42     0  00:13    0.000652     0.00438      21.700
  MH4429471            STORAGE       0.25     1.91     0  00:43      0.0018     0.00465      26.016
  MH4429499            STORAGE       0.18    11.79     0  00:14      0.0013      0.0776       2.542
  MH4428146            STORAGE       0.23     0.67     0  00:25     0.00168     0.00481       1.179
  MH4450167            STORAGE       0.24     7.61     0  00:15     0.00175      0.0329       4.506
  MH4427714            STORAGE       0.22     0.55     0  00:20     0.00156     0.00392       1.177
  MH4450332            STORAGE       0.09     7.35     0  02:00     0.00068      0.0331       2.414
  MH4426979            STORAGE       0.20     0.52     0  00:44     0.00146      0.0037       0.991
  MH4427849            STORAGE       0.29     0.63     0  00:36     0.00207     0.00453       1.901
  MH4447346            STORAGE       0.04     1.29     0  00:47    0.000262     0.00216      50.092
  MH4427659            STORAGE       0.14     0.14     0  00:00     0.00101     0.00101       0.442
  MH4428583            STORAGE       0.28     1.21     0  00:36     0.00201     0.00849       1.999
  MH4427741            STORAGE       0.11     0.48     0  01:06    0.000797     0.00337       0.598
  MH4428137            STORAGE       0.03     0.76     0  00:35    0.000183     0.00536       0.519
  MH4449866            STORAGE       0.13     8.75     0  00:01    0.000957     0.00267      24.726
  MH4448929            STORAGE       0.16     4.49     0  00:32     0.00118      0.0258       3.954
  MH4428067            STORAGE       0.39     0.39     0  00:00     0.00281     0.00281       1.116
  MH4449503            STORAGE       0.31     0.95     0  01:18     0.00226     0.00661       4.719
  MH4428188            STORAGE       0.21     0.97     0  00:36     0.00151     0.00683       0.731
  MH4447452            STORAGE       0.29    17.43     0  00:15     0.00207      0.0415       3.131
  X385                 OUTFALL       0.00     0.04     0  00:26           0    0.000279       0.000
  OUT                  OUTFALL       0.00   109.72     0  00:00           0       0.203       0.000
  X570                 OUTFALL       0.00     0.14     0  00:23           0       0.001       0.000
  X902                 OUTFALL       0.00     0.02     0  00:39           0    0.000115       0.000
  
  
  **********************
  Node Surcharge Summary
  **********************
  
  Surcharging occurs when water rises above the top of the highest conduit.
  ---------------------------------------------------------------------
                                               Max. Height   Min. Depth
                                   Hours       Above Crown    Below Rim
  Node                 Type      Surcharged         Meters       Meters
  ---------------------------------------------------------------------
  N13                  JUNCTION        0.45          0.100        3.879
  N25                  JUNCTION        1.69          1.679        2.963
  N43                  JUNCTION        1.72          1.894        2.557
  N97                  JUNCTION        1.93          2.084        1.597
  N197                 JUNCTION        1.98          2.333        1.692
  N198                 JUNCTION        1.30          0.374        1.725
  N258                 JUNCTION        1.22          0.502        2.323
  N265                 JUNCTION        1.73          1.334        0.613
  N325                 JUNCTION        1.67          0.920        0.987
  N327                 JUNCTION        1.40          0.874        2.477
  N328                 JUNCTION        1.86          2.269        1.728
  N379                 JUNCTION        1.63          0.633        1.319
  N460                 JUNCTION        1.65          0.841        0.913
  N552                 JUNCTION        1.35          0.581        2.293
  N578                 JUNCTION        1.78          2.131        2.549
  N582                 JUNCTION        1.98          1.324        1.847
  N599                 JUNCTION        1.81          2.196        1.762
  N644                 JUNCTION        1.55          1.429        2.655
  N675                 JUNCTION        1.73          1.737        2.147
  N676                 JUNCTION        1.50          0.682        1.183
  N693                 JUNCTION        1.65          1.367        2.106
  N711                 JUNCTION        1.84          1.739        1.507
  N781                 JUNCTION        0.98          0.224        1.693
  N829                 JUNCTION        1.38          0.632        1.441
  N849                 JUNCTION        1.73          0.903        0.903
  N914                 JUNCTION        0.87          0.079        1.640
  N915                 JUNCTION        1.30          0.638        2.239
  N930                 JUNCTION        1.81          1.922        2.137
  N954                 JUNCTION        0.56          0.144        3.369
  N956                 JUNCTION        1.78          1.190        0.000
  N976                 JUNCTION        0.78          0.014        1.844
  N1007                JUNCTION        1.04          0.263        1.765
  
  
  *********************
  Node Flooding Summary
  *********************
  
  Flooding refers to all water that overflows a node, whether it ponds or not.
  --------------------------------------------------------------------------
                                                             Total   Maximum
                                 Maximum   Time of Max       Flood    Ponded
                        Hours       Rate    Occurrence      Volume     Depth
  Node                 Flooded       LPS   days hr:min    10^6 ltr    Meters
  --------------------------------------------------------------------------
  MH4450332               1.35      7.35      0  02:00       0.029     0.000
  
  
  **********************
  Storage Volume Summary
  **********************
  
  ------------------------------------------------------------------------------------------------
                         Average    Avg   Evap  Exfil     Maximum    Max    Time of Max    Maximum
                          Volume   Pcnt   Pcnt   Pcnt      Volume   Pcnt     Occurrence    Outflow
  Storage Unit           1000 m³   Full   Loss   Loss     1000 m³   Full    days hr:min        LPS
  ------------------------------------------------------------------------------------------------
  MH4428367                0.000    0.4    0.0    0.0       0.000    0.4       0  00:36       0.62
  MH4428606                0.000    0.6    0.0    0.0       0.000    0.6       0  01:04       1.79
  MH4447602                0.000    0.7    0.0    0.0       0.000    0.7       0  01:54       0.34
  MH4429312                0.001   23.6    0.0    0.0       0.001   38.9       0  02:00       7.40
  MH4429136                0.001   27.5    0.0    0.0       0.002   41.0       0  02:00      11.12
  MH4448345                0.002   44.1    0.0    0.0       0.002   57.9       0  02:00      26.55
  MH4448419                0.002   45.4    0.0    0.0       0.002   58.9       0  02:00      26.72
  MH4427688                0.000    0.6    0.0    0.0       0.000    0.7       0  00:47       2.41
  MH4448853                0.002   45.4    0.0    0.0       0.002   54.7       0  02:00      16.99
  MH4428026                0.000    0.5    0.0    0.0       0.000    0.5       0  01:11       1.09
  MH4429035                0.000    0.4    0.0    0.0       0.000    0.4       0  00:57       0.46
  MH4449704                0.001   29.8    0.0    0.0       0.001   45.6       0  02:00       3.88
  MH4449118                0.001   36.9    0.0    0.0       0.002   51.8       0  02:00       5.94
  MH4447128                0.001   30.1    0.0    0.0       0.001   45.5       0  02:00       1.32
  MH4447726                0.001   32.5    0.0    0.0       0.001   44.6       0  02:00       4.95
  MH4428268                0.000    1.2    0.0    0.0       0.000    1.2       0  01:11       4.10
  MH4428636                0.000    1.7    0.0    0.0       0.000    1.8       0  01:52       5.25
  MH4447880                0.000    4.1    0.0    0.0       0.000   10.2       0  02:00       3.69
  MH4449785                0.002   49.9    0.0    0.0       0.002   57.7       0  02:00      49.26
  MH4447416                0.001   20.7    0.0    0.0       0.001   32.2       0  02:00       0.95
  MH4427425                0.000    0.5    0.0    0.0       0.000    0.5       0  01:06       0.37
  MH4449173                0.002   46.1    0.0    0.0       0.002   57.0       0  02:00      29.10
  MH4428713                0.000    0.9    0.0    0.0       0.000    0.9       0  00:54       0.83
  MH4428995                0.000   27.5    0.0    0.0       0.001   40.6       0  02:00       1.63
  MH4429357                0.001   54.3    0.0    0.0       0.001   71.8       0  02:00       8.49
  MH4449860                0.000    1.5    0.0    0.0       0.000    1.5       0  00:55       0.19
  MH4428765                0.000    0.7    0.0    0.0       0.000    0.8       0  00:50       0.29
  MH4429013                0.000    9.3    0.0    0.0       0.001   20.0       0  02:00       6.39
  MH8963773                0.001   55.0    0.0    0.0       0.002   69.3       0  02:00      14.15
  MH4426971                0.000    0.2    0.0    0.0       0.000    0.2       0  00:26       0.10
  MH4429645                0.000    1.6    0.0    0.0       0.000    1.7       0  01:54       2.70
  MH4449103                0.002   45.7    0.0    0.0       0.002   57.2       0  02:00      28.79
  MH4449849                0.002   47.5    0.0    0.0       0.002   55.7       0  02:00       7.26
  MH4447394                0.002   39.0    0.0    0.0       0.002   52.6       0  02:00      23.85
  MH4428426                0.000    0.3    0.0    0.0       0.000    0.3       0  00:34       0.47
  MH4428245                0.000    0.6    0.0    0.0       0.000    0.7       0  00:56       1.14
  MH4449882                0.001   29.6    0.0    0.0       0.001   45.7       0  02:00       1.16
  MH4429320                0.000    0.8    0.0    0.0       0.000    0.8       0  00:32       0.17
  MH4426673                0.000    0.4    0.0    0.0       0.000    0.4       0  00:39       0.19
  MH4428836                0.000    2.3    0.0    0.0       0.000    4.6       0  02:00       2.13
  MH4429107                0.000   23.8    0.0    0.0       0.001   34.2       0  02:00       3.87
  MH4448392                0.000    0.7    0.0    0.0       0.000    0.7       0  00:54       0.34
  MH4448813                0.000    1.0    0.0    0.0       0.000    1.0       0  01:18       0.63
  MH4427309                0.000    0.3    0.0    0.0       0.000    0.3       0  01:59       0.61
  MH4428797                0.000    0.5    0.0    0.0       0.000    0.6       0  01:29       0.82
  MH4449977                0.000    1.1    0.0    0.0       0.000    1.8       0  02:00       1.11
  MH4450193                0.002   55.9    0.0    0.0       0.002   58.4       0  02:00      84.05
  MH4428800                0.000    0.3    0.0    0.0       0.000    0.3       0  00:39       0.52
  MH4429411                0.000    0.8    0.0    0.0       0.000    3.8       0  02:00       0.27
  MH4427312                0.000    0.5    0.0    0.0       0.000    0.5       0  00:52       1.08
  MH4450100                0.000    0.5    0.0    0.0       0.000    0.5       0  00:55       0.24
  MH4450180                0.001   48.6    0.0    0.0       0.001   58.6       0  00:39       2.27
  MH4429471                0.000   10.4    0.0    0.0       0.000   20.5       0  02:00       0.59
  MH4429499                0.001   35.2    0.0    0.0       0.002   49.5       0  02:00      11.63
  MH4428146                0.000    0.6    0.0    0.0       0.000    0.6       0  00:36       0.67
  MH4450167                0.001   46.1    0.0    0.0       0.001   54.7       0  02:00       6.79
  MH4427714                0.000    0.4    0.0    0.0       0.000    0.5       0  00:34       0.55
  MH4450332                0.001   84.2    0.0    0.0       0.001  100.0       0  00:39       5.37
  MH4426979                0.000    0.5    0.0    0.0       0.000    0.5       0  00:51       0.52
  MH4427849                0.000    0.5    0.0    0.0       0.000    0.5       0  00:52       0.63
  MH4447346                0.000    7.6    0.0    0.0       0.000   16.9       0  02:00       0.24
  MH4427659                0.000    0.3    0.0    0.0       0.000    0.3       0  00:25       0.14
  MH4428583                0.000    1.2    0.0    0.0       0.000    1.2       0  01:19       1.21
  MH4427741                0.000    0.3    0.0    0.0       0.000    0.3       0  01:06       0.48
  MH4428137                0.000    0.5    0.0    0.0       0.000    0.5       0  00:36       0.76
  MH4449866                0.000   22.8    0.0    0.0       0.001   26.7       0  02:00       2.14
  MH4448929                0.001   20.4    0.0    0.0       0.001   33.9       0  02:00       4.47
  MH4428067                0.000    0.3    0.0    0.0       0.000    0.3       0  00:36       0.39
  MH4449503                0.000    1.3    0.0    0.0       0.000    1.4       0  01:58       0.95
  MH4428188                0.000    0.7    0.0    0.0       0.000    0.7       0  00:39       0.97
  MH4447452                0.001   49.3    0.0    0.0       0.002   62.1       0  02:00      16.11
  
  
  ***********************
  Outfall Loading Summary
  ***********************
  
  -----------------------------------------------------------
                         Flow       Avg       Max       Total
                         Freq      Flow      Flow      Volume
  Outfall Node           Pcnt       LPS       LPS    10^6 ltr
  -----------------------------------------------------------
  X385                  98.15      0.04      0.04       0.000
  OUT                   99.99     28.23    109.72       0.203
  X570                  99.51      0.14      0.14       0.001
  X902                   0.00      0.00      0.00       0.000
  -----------------------------------------------------------
  System                74.41     28.41    109.73       0.205
  
  
  ********************
  Link Flow Summary
  ********************
  
  -----------------------------------------------------------------------------
                                 Maximum  Time of Max   Maximum    Max/    Max/
                                  |Flow|   Occurrence   |Veloc|    Full    Full
  Link                 Type          LPS  days hr:min     m/sec    Flow   Depth
  -----------------------------------------------------------------------------
  N10>MH4428367        CONDUIT      0.42     0  00:33      0.61    0.01    0.08
  MH4428606>N13        CONDUIT      1.79     0  01:05      0.71    0.08    0.93
  N22>MH4447602        CONDUIT      0.14     0  00:39      0.29    0.01    0.09
  MH4429312>N25        CONDUIT      7.40     0  00:20      0.78    0.53    1.00
  MH4429136>N43        CONDUIT     11.12     0  00:17      0.86    0.89    1.00
  MH4448345>MH4448419  CONDUIT     26.55     0  02:00      0.68    0.49    1.00
  N13>MH4429136        CONDUIT      2.02     0  00:58      0.37    0.09    1.00
  N85>MH4427688        CONDUIT      0.82     0  00:40      0.81    0.02    0.11
  MH4448853>N97        CONDUIT     21.35     0  00:05      0.54    0.90    1.00
  N113>MH4428026       CONDUIT      0.66     0  01:01      0.65    0.02    0.11
  MH4429035>N124       CONDUIT      0.46     0  00:57      0.50    0.02    0.10
  MH4449704>MH4449118  CONDUIT      5.94     0  00:24      0.40    0.48    1.00
  MH4447128>MH4447726  CONDUIT      4.22     0  00:20      0.34    0.34    1.00
  N166>MH4428268       CONDUIT      2.73     0  00:51      0.74    0.10    0.26
  N168>MH4428636       CONDUIT      0.78     0  00:37      0.83    0.02    0.13
  N188>MH4447880       CONDUIT      3.08     0  01:48      0.66    0.22    1.00
  MH4449785>N197       CONDUIT     53.84     0  00:02      1.35    2.05    1.00
  N198>MH4447416       CONDUIT      0.95     0  00:48      0.41    0.06    1.00
  N212>MH4427425       CONDUIT      0.09     0  00:01      0.40    0.00    0.06
  MH4449173>MH4449785  CONDUIT     29.10     0  02:00      0.73    1.11    1.00
  MH4428713>MH4428995  CONDUIT      0.83     0  00:54      0.43    0.05    1.00
  MH4447880>N258       CONDUIT      3.69     0  01:02      0.72    0.26    1.00
  MH4429357>N265       CONDUIT     13.91     0  00:17      0.50    0.50    1.00
  N272>MH4449860       CONDUIT      0.09     0  00:01      0.33    0.01    0.07
  N274>N275            CONDUIT      0.17     0  00:29      0.32    0.01    0.07
  N303>MH4428765       CONDUIT      0.25     0  00:48      0.45    0.01    0.07
  MH4447416>MH4447726  CONDUIT      2.08     0  00:25      0.45    0.12    1.00
  N325>MH4429357       CONDUIT      5.12     0  00:19      0.53    0.47    1.00
  MH4429013>N327       CONDUIT      6.39     0  00:40      0.76    0.46    1.00
  MH4448419>N328       CONDUIT     26.72     0  02:00      0.67    1.24    1.00
  N379>MH8963773       CONDUIT      3.24     0  00:21      0.33    0.20    1.00
  MH4426971>X385       CONDUIT      0.04     0  00:26      0.21    0.00    0.03
  MH4429645>N397       CONDUIT      2.70     0  01:54      0.70    0.19    0.31
  N328>MH4449103       CONDUIT     26.90     0  02:00      0.68    1.25    1.00
  MH4449849>MH4449785  CONDUIT     12.38     0  00:03      0.70    1.10    1.00
  N25>MH4447394        CONDUIT      8.48     0  00:19      0.63    0.61    1.00
  MH4428426>MH4428245  CONDUIT      0.20     0  00:34      0.40    0.01    0.06
  MH4427688>N166       CONDUIT      2.41     0  00:47      0.92    0.09    0.21
  MH4428995>N460       CONDUIT      3.47     0  00:27      0.37    0.32    1.00
  N467>N468            CONDUIT      0.05     0  00:03      0.46    0.00    0.05
  MH4449882>MH4449704  CONDUIT      3.88     0  00:25      0.26    1.16    1.00
  N483>MH4429320       CONDUIT      0.07     0  00:01      0.27    0.00    0.06
  N491>N492            CONDUIT      0.12     0  00:09      0.44    0.00    0.06
  MH4426673>N515       CONDUIT      0.18     0  00:39      0.31    0.01    0.08
  MH4428836>MH4429107  CONDUIT      2.13     0  01:07      0.48    0.16    1.00
  MH4448392>MH4448813  CONDUIT      0.34     0  00:54      0.31    0.02    0.13
  MH4427309>N85        CONDUIT      0.61     0  00:31      0.72    0.02    0.10
  N542>MH4428797       CONDUIT      0.07     0  00:26      0.39    0.00    0.03
  MH4449977>N552       CONDUIT      1.11     0  01:49      0.52    0.07    1.00
  N562>N563            CONDUIT      1.27     0  00:39      0.66    0.06    0.17
  N566>MH4428268       CONDUIT      1.20     0  01:14      0.93    0.03    0.13
  N578>MH4447394       CONDUIT     11.79     0  02:00      0.74    1.10    1.00
  N582>MH4450193       CONDUIT     16.99     0  00:01      0.96    0.71    1.00
  MH4428800>MH4429035  CONDUIT      0.25     0  00:39      0.41    0.01    0.08
  MH4449118>MH4448345  CONDUIT      8.67     0  00:18      0.49    0.70    1.00
  MH4447394>N599       CONDUIT     23.85     0  02:00      0.62    1.02    1.00
  MH4429411>MH4429136  CONDUIT      0.27     0  00:40      0.10    0.01    1.00
  N644>MH4429136       CONDUIT     11.05     0  00:23      5.62    0.12    1.00
  N124>MH4429312       CONDUIT      0.66     0  00:48      0.61    0.03    1.00
  N647>MH4427312       CONDUIT      0.68     0  00:51      0.69    0.02    0.10
  MH4449103>MH4449173  CONDUIT     28.79     0  02:00      0.72    0.63    1.00
  N552>MH4449704       CONDUIT      1.91     0  00:36      0.42    0.11    1.00
  MH4450100>MH4450180  CONDUIT      0.24     0  00:55      0.61    0.01    1.00
  N655>N656            CONDUIT      0.29     0  01:02      0.40    0.01    0.09
  N599>MH4448345       CONDUIT     24.00     0  02:00      0.65    1.03    1.00
  N659>N660            CONDUIT      0.14     0  00:14      0.42    0.00    0.06
  MH4429471>MH4447128  CONDUIT      1.32     0  00:43      0.39    0.09    1.00
  N675>MH4447394       CONDUIT      5.76     0  00:21      0.51    0.41    1.00
  N676>MH4447128       CONDUIT      0.94     0  00:27      0.23    0.06    1.00
  MH4428245>MH4428606  CONDUIT      1.14     0  00:56      0.61    0.04    0.16
  N43>MH4429499        CONDUIT     11.21     0  00:14      0.81    0.89    1.00
  MH4447602>MH4429645  CONDUIT      0.34     0  01:54      0.31    0.03    0.11
  MH4429499>N578       CONDUIT     11.63     0  02:00      0.77    1.08    1.00
  N687>N688            CONDUIT      0.10     0  00:07      0.34    0.00    0.06
  N693>N675            CONDUIT      5.26     0  00:21      0.69    0.37    1.00
  N695>MH4428146       CONDUIT      0.44     0  00:25      0.65    0.01    0.09
  N702>MH4450167       CONDUIT      0.17     0  00:40      0.27    0.01    1.00
  N711>MH4448853       CONDUIT     16.99     0  00:15      0.43    0.71    1.00
  MH4427714>N722       CONDUIT      0.55     0  00:34      0.64    0.02    0.09
  MH4450332>MH4450167  CONDUIT      6.79     0  02:00      0.38    0.63    1.00
  N492>MH4427714       CONDUIT      0.33     0  00:20      0.64    0.01    0.08
  MH4450167>MH4449849  CONDUIT      7.26     0  00:15      0.41    0.62    1.00
  N327>MH4429312       CONDUIT      6.54     0  00:32      0.74    0.47    1.00
  N515>MH4426979       CONDUIT      0.32     0  00:44      0.41    0.02    0.09
  N751>MH4427849       CONDUIT      0.18     0  00:25      0.42    0.01    0.08
  N275>MH4427309       CONDUIT      0.32     0  00:28      0.44    0.01    0.09
  N779>MH4428606       CONDUIT      0.17     0  00:00      1.88    0.00    0.02
  N781>MH4449118       CONDUIT      0.35     0  00:53      0.43    0.02    1.00
  N460>MH4429357       CONDUIT      7.38     0  00:20      0.42    0.69    1.00
  MH4447346>N198       CONDUIT      1.04     0  00:47      0.28    0.06    1.00
  MH4427659>X570       CONDUIT      0.14     0  00:23      0.39    0.01    0.05
  MH4450193>OUT        CONDUIT    109.72     0  00:00      2.76    4.25    1.00
  N563>MH4428836       CONDUIT      1.44     0  01:18      0.68    0.07    0.35
  MH4428026>N566       CONDUIT      1.09     0  01:11      0.88    0.03    0.12
  N799>MH4428836       CONDUIT      0.17     0  01:31      0.24    0.02    0.09
  N816>MH4428797       CONDUIT      0.47     0  00:40      0.59    0.01    0.10
  MH4428426>N816       CONDUIT      0.27     0  00:34      0.46    0.01    0.07
  N829>MH4449882       CONDUIT      1.16     0  00:34      0.33    0.07    1.00
  N842>MH4428583       CONDUIT      0.93     0  00:36      0.57    0.03    0.16
  N849>MH4450180       CONDUIT      2.27     0  00:15      0.29    0.13    1.00
  MH4427425>MH4427741  CONDUIT      0.37     0  01:06      0.55    0.01    0.08
  MH4429320>N853       CONDUIT      0.17     0  00:32      0.24    0.01    0.08
  N857>MH4427688       CONDUIT      1.26     0  00:45      0.66    0.04    0.17
  N862>N863            CONDUIT      0.06     0  00:10      0.18    0.00    0.06
  MH4428268>N870       CONDUIT      4.10     0  01:04      0.87    0.21    0.31
  MH4428146>N842       CONDUIT      0.67     0  00:36      0.60    0.02    0.12
  MH4428800>MH4428606  CONDUIT      0.27     0  00:39      0.48    0.01    0.07
  N97>MH4449785        CONDUIT     24.62     0  00:03      0.62    1.03    1.00
  N722>MH4428137       CONDUIT      0.74     0  00:35      0.77    0.02    0.10
  MH4428765>MH4428713  CONDUIT      0.29     0  00:50      0.34    0.02    0.10
  MH4428797>MH4429013  CONDUIT      0.82     0  00:45      0.75    0.03    1.00
  N197>MH4450193       CONDUIT     74.53     0  00:00      1.87    2.88    1.00
  N863>MH4428836       CONDUIT      0.23     0  00:23      0.40    0.01    0.42
  MH4427741>N113       CONDUIT      0.48     0  01:00      0.63    0.01    0.09
  MH4426673>X902       CONDUIT      0.02     0  00:39      0.00    0.00    0.02
  MH4449866>N582       CONDUIT      8.47     0  00:01      0.48    0.35    1.00
  N468>MH4427312       CONDUIT      0.24     0  00:21      0.50    0.01    0.09
  MH4426971>N274       CONDUIT      0.06     0  00:26      0.20    0.00    0.05
  N853>MH4429471       CONDUIT      0.34     0  00:32      0.39    0.02    1.00
  N258>MH4448929       CONDUIT      3.91     0  00:39      0.67    0.28    1.00
  N660>MH4428713       CONDUIT      0.28     0  00:26      0.46    0.01    0.11
  N914>MH4429107       CONDUIT      1.46     0  00:39      0.40    0.11    1.00
  N915>MH4429499       CONDUIT      1.34     0  00:40      0.54    0.04    1.00
  N916>MH4448392       CONDUIT      0.11     0  00:15      0.25    0.01    0.08
  N924>MH4429645       CONDUIT      2.43     0  00:00      1.14    0.12    0.26
  N870>MH4428636       CONDUIT      4.28     0  01:20      0.72    0.22    0.37
  MH4447726>N930       CONDUIT      6.64     0  00:16      0.45    0.53    1.00
  N931>MH4449704       CONDUIT      0.25     0  00:19      0.39    0.01    1.00
  MH4427312>N857       CONDUIT      1.08     0  00:45      0.83    0.03    0.13
  N688>N915            CONDUIT      0.32     0  00:03      0.62    0.01    1.00
  N930>MH4449103       CONDUIT      6.51     0  00:11      0.37    0.52    1.00
  MH4428067>N10        CONDUIT      0.22     0  00:36      0.44    0.01    0.07
  MH4448813>MH4449503  CONDUIT      0.63     0  01:18      0.35    0.05    0.17
  MH4428188>N562       CONDUIT      0.97     0  00:36      0.56    0.05    0.15
  MH4428636>N954       CONDUIT      5.25     0  01:09      0.72    0.38    1.00
  N956>MH4450332       CONDUIT      2.29     0  00:11      0.23    0.15    1.00
  N957>MH4428026       CONDUIT      0.26     0  00:38      0.52    0.01    0.06
  MH8963773>MH4447452  CONDUIT     16.11     0  00:15      0.65    0.72    1.00
  N656>MH4447880       CONDUIT      0.43     0  01:04      0.40    0.02    0.98
  N954>MH4429013       CONDUIT      5.40     0  01:05      0.69    0.39    1.00
  MH4447452>N711       CONDUIT     17.14     0  00:15      0.43    0.72    1.00
  MH4428583>N914       CONDUIT      1.21     0  00:59      0.47    0.09    0.86
  N975>N976            CONDUIT      0.06     0  00:05      0.27    0.00    0.60
  MH4426979>N647       CONDUIT      0.52     0  00:51      0.58    0.02    0.10
  N978>N695            CONDUIT      0.27     0  00:14      0.62    0.01    0.07
  MH4429107>N325       CONDUIT      4.75     0  00:23      0.56    0.42    1.00
  N265>MH8963773       CONDUIT     14.15     0  00:17      0.36    0.58    1.00
  MH4427849>MH4428245  CONDUIT      0.63     0  00:52      0.54    0.03    0.12
  N397>N188            CONDUIT      2.98     0  01:49      0.68    0.22    0.35
  N984>MH4447346       CONDUIT      0.21     0  00:03      0.42    0.01    1.00
  MH4450180>MH4450332  CONDUIT      5.01     0  00:13      0.32    0.42    1.00
  MH4448929>N693       CONDUIT      4.47     0  00:21      0.67    0.33    1.00
  MH4428137>MH4428188  CONDUIT      0.76     0  00:36      0.61    0.02    0.12
  MH4428067>MH4427849  CONDUIT      0.17     0  00:36      0.42    0.01    0.06
  MH4449860>MH4450100  CONDUIT      0.19     0  00:55      0.31    0.02    0.08
  N976>MH4449866       CONDUIT      0.52     0  00:25      0.38    0.02    1.00
  MH4449503>MH4449977  CONDUIT      0.95     0  01:58      0.42    0.08    0.19
  N1003>N655           CONDUIT      0.10     0  01:13      0.11    0.03    0.11
  N1007>MH4449118      CONDUIT      0.32     0  00:52      0.44    0.01    1.00
  MH4428367>N168       CONDUIT      0.62     0  00:36      0.73    0.02    0.10
  MH4427659>MH4427741  CONDUIT      0.00     0  00:00      0.00    0.00    0.04
  
  
  ***************************
  Flow Classification Summary
  ***************************
  
  -------------------------------------------------------------------------------------
                      Adjusted    ---------- Fraction of Time in Flow Class ---------- 
                       /Actual         Up    Down  Sub   Sup   Up    Down  Norm  Inlet 
  Conduit               Length    Dry  Dry   Dry   Crit  Crit  Crit  Crit  Ltd   Ctrl  
  -------------------------------------------------------------------------------------
  N10>MH4428367           1.00   0.00  0.00  0.00  0.00  1.00  0.00  0.00  0.98  0.00
  MH4428606>N13           1.00   0.00  0.00  0.00  0.45  0.55  0.00  0.00  0.93  0.00
  N22>MH4447602           1.00   0.00  0.00  0.00  0.97  0.03  0.00  0.00  0.97  0.00
  MH4429312>N25           1.00   0.00  0.00  0.00  0.88  0.12  0.00  0.00  0.04  0.00
  MH4429136>N43           1.00   0.00  0.00  0.00  0.98  0.02  0.00  0.00  0.05  0.00
  MH4448345>MH4448419     1.00   0.00  0.00  0.00  0.98  0.02  0.00  0.00  0.06  0.00
  N13>MH4429136           1.00   0.00  0.00  0.00  1.00  0.00  0.00  0.00  0.50  0.00
  N85>MH4427688           1.00   0.00  0.00  0.00  0.00  0.00  0.00  1.00  0.00  0.00
  MH4448853>N97           1.00   0.00  0.00  0.00  1.00  0.00  0.00  0.00  0.01  0.00
  N113>MH4428026          1.00   0.00  0.00  0.00  0.00  1.00  0.00  0.00  0.99  0.00
  MH4429035>N124          1.00   0.00  0.00  0.00  0.00  1.00  0.00  0.00  0.97  0.00
  MH4449704>MH4449118     1.00   0.00  0.00  0.00  1.00  0.00  0.00  0.00  0.16  0.00
  MH4447128>MH4447726     1.00   0.00  0.00  0.00  0.99  0.01  0.00  0.00  0.11  0.00
  N166>MH4428268          1.00   0.00  0.00  0.00  0.00  1.00  0.00  0.00  0.98  0.00
  N168>MH4428636          1.00   0.00  0.00  0.00  0.00  0.93  0.00  0.07  0.93  0.00
  N188>MH4447880          1.00   0.00  0.00  0.00  0.95  0.05  0.00  0.00  0.88  0.00
  MH4449785>N197          1.00   0.00  0.00  0.00  1.00  0.00  0.00  0.00  0.01  0.00
  N198>MH4447416          1.00   0.00  0.00  0.00  0.83  0.17  0.00  0.00  0.24  0.00
  N212>MH4427425          1.00   0.00  0.00  0.00  0.97  0.03  0.00  0.00  0.99  0.00
  MH4449173>MH4449785     1.00   0.00  0.00  0.00  1.00  0.00  0.00  0.00  0.01  0.00
  MH4428713>MH4428995     1.00   0.00  0.00  0.00  0.94  0.06  0.00  0.00  0.95  0.00
  MH4447880>N258          1.00   0.00  0.00  0.00  0.68  0.32  0.00  0.00  0.45  0.00
  MH4429357>N265          1.00   0.00  0.00  0.00  1.00  0.00  0.00  0.00  0.06  0.00
  N272>MH4449860          1.00   0.00  0.00  0.00  0.98  0.02  0.00  0.00  0.99  0.00
  N274>N275               1.00   0.00  0.00  0.00  0.00  1.00  0.00  0.00  1.00  0.00
  N303>MH4428765          1.00   0.00  0.00  0.00  0.00  0.00  0.00  1.00  0.00  0.00
  MH4447416>MH4447726     1.00   0.00  0.00  0.00  0.89  0.00  0.00  0.11  0.06  0.00
  N325>MH4429357          1.00   0.00  0.00  0.00  1.00  0.00  0.00  0.00  0.07  0.00
  MH4429013>N327          1.00   0.00  0.00  0.00  0.75  0.25  0.00  0.00  0.21  0.00
  MH4448419>N328          1.00   0.00  0.00  0.00  1.00  0.00  0.00  0.00  0.06  0.00
  N379>MH8963773          1.00   0.00  0.00  0.00  0.91  0.00  0.00  0.09  0.08  0.00
  MH4426971>X385          1.00   0.00  0.00  0.00  0.00  1.00  0.00  0.00  0.00  0.00
  MH4429645>N397          1.00   0.00  0.00  0.00  0.00  1.00  0.00  0.00  0.98  0.00
  N328>MH4449103          1.00   0.00  0.00  0.00  1.00  0.00  0.00  0.00  0.01  0.00
  MH4449849>MH4449785     1.00   0.00  0.00  0.00  0.99  0.00  0.00  0.01  0.01  0.00
  N25>MH4447394           1.00   0.00  0.00  0.00  0.91  0.02  0.00  0.08  0.03  0.00
  MH4428426>MH4428245     1.00   0.00  0.00  0.00  0.00  0.00  0.00  1.00  0.00  0.00
  MH4427688>N166          1.00   0.00  0.00  0.00  0.00  1.00  0.00  0.00  0.95  0.00
  MH4428995>N460          1.00   0.00  0.00  0.00  1.00  0.00  0.00  0.00  0.12  0.00
  N467>N468               1.00   0.00  0.00  0.00  0.99  0.01  0.00  0.00  1.00  0.00
  MH4449882>MH4449704     1.00   0.00  0.00  0.00  0.83  0.00  0.00  0.17  0.00  0.00
  N483>MH4429320          1.00   0.00  0.00  0.00  0.99  0.01  0.00  0.00  0.99  0.00
  N491>N492               1.00   0.00  0.00  0.00  0.00  1.00  0.00  0.00  0.99  0.00
  MH4426673>N515          1.00   0.00  0.00  0.00  0.00  1.00  0.00  0.00  0.99  0.00
  MH4428836>MH4429107     1.00   0.00  0.00  0.00  0.94  0.06  0.00  0.00  0.50  0.00
  MH4448392>MH4448813     1.00   0.00  0.00  0.00  0.98  0.02  0.00  0.00  0.97  0.00
  MH4427309>N85           1.00   0.00  0.00  0.00  0.00  1.00  0.00  0.00  0.96  0.00
  N542>MH4428797          1.00   0.00  0.00  0.00  0.00  0.00  0.00  1.00  0.00  0.00
  MH4449977>N552          1.00   0.00  0.00  0.00  0.72  0.28  0.00  0.00  0.90  0.00
  N562>N563               1.00   0.00  0.00  0.00  0.00  1.00  0.00  0.00  0.93  0.00
  N566>MH4428268          1.00   0.00  0.00  0.00  0.00  0.00  0.00  1.00  0.00  0.00
  N578>MH4447394          1.00   0.00  0.00  0.00  0.90  0.00  0.00  0.10  0.00  0.00
  N582>MH4450193          1.00   0.00  0.00  0.00  1.00  0.00  0.00  0.00  0.00  0.00
  MH4428800>MH4429035     1.00   0.00  0.00  0.00  0.00  1.00  0.00  0.00  0.98  0.00
  MH4449118>MH4448345     1.00   0.00  0.00  0.00  0.94  0.06  0.00  0.00  0.05  0.00
  MH4447394>N599          1.00   0.00  0.00  0.00  1.00  0.00  0.00  0.00  0.01  0.00
  MH4429411>MH4429136     1.00   0.00  0.00  0.00  1.00  0.00  0.00  0.00  0.79  0.00
  N644>MH4429136          1.00   0.00  0.00  0.00  0.83  0.17  0.00  0.00  0.18  0.00
  N124>MH4429312          1.00   0.00  0.00  0.00  0.90  0.02  0.00  0.09  0.91  0.00
  N647>MH4427312          1.00   0.00  0.00  0.00  0.00  0.00  0.00  1.00  0.00  0.00
  MH4449103>MH4449173     1.00   0.00  0.00  0.00  1.00  0.00  0.00  0.00  0.03  0.00
  N552>MH4449704          1.00   0.00  0.00  0.00  0.98  0.02  0.00  0.00  0.27  0.00
  MH4450100>MH4450180     1.00   0.00  0.00  0.00  0.90  0.00  0.00  0.10  0.90  0.00
  N655>N656               1.00   0.00  0.00  0.00  0.00  1.00  0.00  0.00  0.98  0.00
  N599>MH4448345          1.00   0.00  0.00  0.00  1.00  0.00  0.00  0.00  0.01  0.00
  N659>N660               1.00   0.00  0.00  0.00  0.00  1.00  0.00  0.00  0.99  0.00
  MH4429471>MH4447128     1.00   0.00  0.00  0.00  0.84  0.00  0.00  0.16  0.15  0.00
  N675>MH4447394          1.00   0.00  0.00  0.00  0.94  0.00  0.00  0.06  0.05  0.00
  N676>MH4447128          1.00   0.00  0.00  0.00  0.99  0.01  0.00  0.00  0.22  0.00
  MH4428245>MH4428606     1.00   0.00  0.00  0.00  0.00  1.00  0.00  0.00  1.00  0.00
  N43>MH4429499           1.00   0.00  0.00  0.00  0.97  0.03  0.00  0.00  0.07  0.00
  MH4447602>MH4429645     1.00   0.00  0.00  0.00  0.01  0.00  0.00  0.99  0.00  0.00
  MH4429499>N578          1.00   0.00  0.00  0.00  0.97  0.03  0.00  0.00  0.03  0.00
  N687>N688               1.00   0.00  0.00  0.00  0.01  0.99  0.00  0.00  1.00  0.00
  N693>N675               1.00   0.00  0.00  0.00  0.90  0.10  0.00  0.00  0.05  0.00
  N695>MH4428146          1.00   0.00  0.00  0.00  0.00  1.00  0.00  0.00  0.98  0.00
  N702>MH4450167          1.00   0.00  0.00  0.00  0.83  0.00  0.00  0.17  0.16  0.00
  N711>MH4448853          1.00   0.00  0.00  0.00  1.00  0.00  0.00  0.00  0.02  0.00
  MH4427714>N722          1.00   0.00  0.00  0.00  0.00  1.00  0.00  0.00  1.00  0.00
  MH4450332>MH4450167     1.00   0.00  0.00  0.00  1.00  0.00  0.00  0.00  0.07  0.00
  N492>MH4427714          1.00   0.00  0.00  0.00  0.00  1.00  0.00  0.00  0.98  0.00
  MH4450167>MH4449849     1.00   0.00  0.00  0.00  0.98  0.02  0.00  0.00  0.02  0.00
  N327>MH4429312          1.00   0.00  0.00  0.00  0.94  0.06  0.00  0.00  0.21  0.00
  N515>MH4426979          1.00   0.00  0.00  0.00  0.00  1.00  0.00  0.00  0.97  0.00
  N751>MH4427849          1.00   0.00  0.00  0.00  0.96  0.04  0.00  0.00  0.99  0.00
  N275>MH4427309          1.00   0.00  0.00  0.00  0.00  1.00  0.00  0.00  0.99  0.00
  N779>MH4428606          1.00   0.00  0.00  0.00  0.00  0.00  0.00  1.00  0.00  0.00
  N781>MH4449118          1.00   0.00  0.00  0.00  0.88  0.00  0.00  0.11  0.29  0.00
  N460>MH4429357          1.00   0.00  0.00  0.00  1.00  0.00  0.00  0.00  0.09  0.00
  MH4447346>N198          1.00   0.00  0.00  0.00  1.00  0.00  0.00  0.00  0.38  0.00
  MH4427659>X570          1.00   0.00  0.00  0.00  0.00  1.00  0.00  0.00  0.98  0.00
  MH4450193>OUT           1.00   0.00  0.00  0.00  1.00  0.00  0.00  0.00  0.00  0.00
  N563>MH4428836          1.00   0.00  0.00  0.00  0.27  0.07  0.00  0.65  0.35  0.00
  MH4428026>N566          1.00   0.00  0.00  0.00  0.00  1.00  0.00  0.00  0.96  0.00
  N799>MH4428836          1.00   0.00  0.00  0.00  0.00  0.00  0.00  1.00  0.00  0.00
  N816>MH4428797          1.00   0.00  0.00  0.00  0.00  1.00  0.00  0.00  0.98  0.00
  MH4428426>N816          1.00   0.00  0.00  0.00  0.00  1.00  0.00  0.00  0.99  0.00
  N829>MH4449882          1.00   0.00  0.00  0.00  0.97  0.03  0.00  0.00  0.24  0.00
  N842>MH4428583          1.00   0.00  0.00  0.00  0.00  1.00  0.00  0.00  0.98  0.00
  N849>MH4450180          1.00   0.00  0.00  0.00  0.98  0.02  0.00  0.00  0.11  0.00
  MH4427425>MH4427741     1.00   0.00  0.00  0.00  0.00  0.00  0.00  1.00  0.00  0.00
  MH4429320>N853          1.00   0.00  0.00  0.00  1.00  0.00  0.00  0.00  1.00  0.00
  N857>MH4427688          1.00   0.00  0.00  0.00  0.00  1.00  0.00  0.00  1.00  0.00
  N862>N863               1.00   0.00  0.00  0.00  1.00  0.00  0.00  0.00  0.99  0.00
  MH4428268>N870          1.00   0.00  0.00  0.00  0.01  0.99  0.00  0.00  0.92  0.00
  MH4428146>N842          1.00   0.00  0.00  0.00  0.00  1.00  0.00  0.00  0.99  0.00
  MH4428800>MH4428606     1.00   0.00  0.00  0.00  0.00  0.00  0.00  1.00  0.00  0.00
  N97>MH4449785           1.00   0.00  0.00  0.00  0.99  0.00  0.00  0.01  0.01  0.00
  N722>MH4428137          1.00   0.00  0.00  0.00  0.00  1.00  0.00  0.00  0.95  0.00
  MH4428765>MH4428713     1.00   0.00  0.00  0.00  0.00  0.00  0.00  1.00  0.00  0.00
  MH4428797>MH4429013     1.00   0.00  0.00  0.00  0.64  0.27  0.00  0.09  0.91  0.00
  N197>MH4450193          1.00   0.00  0.00  0.00  1.00  0.00  0.00  0.00  0.00  0.00
  N863>MH4428836          1.00   0.00  0.00  0.00  0.98  0.02  0.00  0.00  0.99  0.00
  MH4427741>N113          1.00   0.00  0.00  0.00  0.01  0.99  0.00  0.00  1.00  0.00
  MH4426673>X902          1.00   0.01  0.00  0.00  0.00  0.99  0.00  0.00  0.00  0.00
  MH4449866>N582          1.00   0.00  0.00  0.00  1.00  0.00  0.00  0.00  0.01  0.00
  N468>MH4427312          1.00   0.00  0.00  0.00  0.94  0.06  0.00  0.00  0.98  0.00
  MH4426971>N274          1.00   0.00  0.00  0.00  1.00  0.00  0.00  0.00  1.00  0.00
  N853>MH4429471          1.00   0.00  0.00  0.00  0.95  0.05  0.00  0.00  0.96  0.00
  N258>MH4448929          1.00   0.00  0.00  0.00  0.76  0.00  0.00  0.23  0.09  0.00
  N660>MH4428713          1.00   0.00  0.00  0.00  0.96  0.04  0.00  0.00  0.99  0.00
  N914>MH4429107          1.00   0.00  0.00  0.00  0.95  0.05  0.00  0.00  0.27  0.00
  N915>MH4429499          1.00   0.00  0.00  0.00  0.97  0.00  0.00  0.03  0.27  0.00
  N916>MH4448392          1.00   0.00  0.00  0.00  0.99  0.01  0.00  0.00  0.98  0.00
  N924>MH4429645          1.00   0.00  0.00  0.00  0.00  1.00  0.00  0.00  0.99  0.00
  N870>MH4428636          1.00   0.00  0.00  0.00  0.00  1.00  0.00  0.00  0.99  0.00
  MH4447726>N930          1.00   0.00  0.00  0.00  0.99  0.01  0.00  0.00  0.05  0.00
  N931>MH4449704          1.00   0.00  0.00  0.00  0.83  0.00  0.00  0.17  0.49  0.00
  MH4427312>N857          1.00   0.00  0.00  0.00  0.00  1.00  0.00  0.00  0.98  0.00
  N688>N915               1.00   0.00  0.00  0.00  0.70  0.30  0.00  0.00  0.97  0.00
  N930>MH4449103          1.00   0.00  0.00  0.00  0.96  0.04  0.00  0.00  0.04  0.00
  MH4428067>N10           1.00   0.00  0.00  0.00  0.00  1.00  0.00  0.00  1.00  0.00
  MH4448813>MH4449503     1.00   0.00  0.00  0.00  1.00  0.00  0.00  0.00  0.92  0.00
  MH4428188>N562          1.00   0.00  0.00  0.00  0.01  0.99  0.00  0.00  1.00  0.00
  MH4428636>N954          1.00   0.00  0.00  0.00  0.44  0.56  0.00  0.00  0.89  0.00
  N956>MH4450332          1.00   0.00  0.00  0.00  0.99  0.01  0.00  0.00  0.08  0.00
  N957>MH4428026          1.00   0.00  0.00  0.00  0.00  0.00  0.00  1.00  0.00  0.00
  MH8963773>MH4447452     1.00   0.00  0.00  0.00  1.00  0.00  0.00  0.00  0.07  0.00
  N656>MH4447880          1.00   0.00  0.00  0.00  0.98  0.02  0.00  0.00  0.98  0.00
  N954>MH4429013          1.00   0.00  0.00  0.00  0.96  0.04  0.00  0.00  0.51  0.00
  MH4447452>N711          1.00   0.00  0.00  0.00  1.00  0.00  0.00  0.00  0.03  0.00
  MH4428583>N914          1.00   0.00  0.00  0.00  0.93  0.07  0.00  0.00  0.94  0.00
  N975>N976               1.00   0.00  0.00  0.00  0.99  0.01  0.00  0.00  1.00  0.00
  MH4426979>N647          1.00   0.00  0.00  0.00  0.00  1.00  0.00  0.00  0.97  0.00
  N978>N695               1.00   0.00  0.00  0.00  0.00  1.00  0.00  0.00  0.99  0.00
  MH4429107>N325          1.00   0.00  0.00  0.00  1.00  0.00  0.00  0.00  0.08  0.00
  N265>MH8963773          1.00   0.00  0.00  0.00  1.00  0.00  0.00  0.00  0.03  0.00
  MH4427849>MH4428245     1.00   0.00  0.00  0.00  0.00  1.00  0.00  0.00  0.96  0.00
  N397>N188               1.00   0.00  0.00  0.00  0.04  0.96  0.00  0.00  0.92  0.00
  N984>MH4447346          1.00   0.00  0.00  0.00  0.62  0.38  0.00  0.00  0.96  0.00
  MH4450180>MH4450332     1.00   0.00  0.00  0.00  0.92  0.00  0.00  0.08  0.02  0.00
  MH4448929>N693          1.00   0.00  0.00  0.00  0.87  0.13  0.00  0.00  0.04  0.00
  MH4428137>MH4428188     1.00   0.00  0.00  0.00  0.01  0.99  0.00  0.00  1.00  0.00
  MH4428067>MH4427849     1.00   0.00  0.00  0.00  0.00  0.00  0.00  1.00  0.00  0.00
  MH4449860>MH4450100     1.00   0.00  0.00  0.00  0.01  0.99  0.00  0.00  0.00  0.00
  N976>MH4449866          1.00   0.00  0.00  0.00  0.99  0.01  0.00  0.00  0.16  0.00
  MH4449503>MH4449977     1.00   0.00  0.00  0.00  0.00  0.00  0.00  1.00  0.00  0.00
  N1003>N655              1.00   0.00  0.00  0.00  1.00  0.00  0.00  0.00  0.00  0.00
  N1007>MH4449118         1.00   0.00  0.00  0.00  0.88  0.00  0.00  0.11  0.27  0.00
  MH4428367>N168          1.00   0.00  0.00  0.00  0.00  1.00  0.00  0.00  0.97  0.00
  MH4427659>MH4427741     1.00   0.00  1.00  0.00  0.00  0.00  0.00  0.00  0.00  0.00
  
  
  *************************
  Conduit Surcharge Summary
  *************************
  
  ----------------------------------------------------------------------------
                                                           Hours        Hours 
                         --------- Hours Full --------   Above Full   Capacity
  Conduit                Both Ends  Upstream  Dnstream   Normal Flow   Limited
  ----------------------------------------------------------------------------
  MH4428606>N13               0.01      0.01      0.45      0.01         0.01
  MH4429312>N25               1.54      1.54      1.69      0.01         0.01
  MH4429136>N43               1.65      1.65      1.72      0.01         0.01
  MH4448345>MH4448419         1.83      1.83      1.84      0.01         0.01
  N13>MH4429136               0.45      0.45      1.62      0.01         0.01
  MH4448853>N97               1.89      1.89      1.93      0.01         0.01
  MH4449704>MH4449118         1.61      1.61      1.72      0.01         0.01
  MH4447128>MH4447726         1.61      1.61      1.73      0.01         0.01
  N188>MH4447880              0.01      0.01      0.61      0.01         0.01
  MH4449785>N197              1.96      1.96      1.98      1.29         0.01
  N198>MH4447416              1.30      1.30      1.56      0.01         0.01
  MH4449173>MH4449785         1.91      1.91      1.96      0.90         0.01
  MH4428713>MH4428995         0.01      0.01      1.55      0.01         0.01
  MH4447880>N258              0.61      0.61      1.22      0.01         0.01
  MH4429357>N265              1.69      1.69      1.73      0.01         0.01
  MH4447416>MH4447726         1.56      1.56      1.72      0.01         0.01
  N325>MH4429357              1.67      1.67      1.70      0.01         0.01
  MH4429013>N327              1.11      1.11      1.40      0.01         0.01
  MH4448419>N328              1.84      1.84      1.86      1.23         0.97
  N379>MH8963773              1.63      1.63      1.78      0.01         0.01
  N328>MH4449103              1.86      1.86      1.89      1.26         1.00
  MH4449849>MH4449785         1.93      1.93      1.96      0.02         0.01
  N25>MH4447394               1.69      1.69      1.79      0.01         0.01
  MH4428995>N460              1.55      1.55      1.65      0.01         0.01
  MH4449882>MH4449704         1.57      1.57      1.58      0.03         0.01
  MH4428836>MH4429107         0.01      0.01      1.59      0.01         0.01
  MH4449977>N552              0.01      0.01      1.35      0.01         0.01
  N578>MH4447394              1.78      1.78      1.79      1.23         0.01
  N582>MH4450193              1.98      1.98      2.00      0.01         0.01
  MH4449118>MH4448345         1.72      1.72      1.83      0.01         0.01
  MH4447394>N599              1.79      1.79      1.81      0.32         0.01
  MH4429411>MH4429136         0.01      0.01      1.62      0.01         0.01
  N644>MH4429136              1.55      1.55      1.65      0.01         0.01
  N124>MH4429312              0.01      0.01      1.52      0.01         0.01
  MH4449103>MH4449173         1.89      1.89      1.91      0.01         0.01
  N552>MH4449704              1.35      1.35      1.61      0.01         0.01
  MH4450100>MH4450180         0.01      0.01      1.76      0.01         0.01
  N599>MH4448345              1.81      1.81      1.83      0.45         0.01
  MH4429471>MH4447128         1.23      1.23      1.59      0.01         0.01
  N675>MH4447394              1.73      1.73      1.79      0.01         0.01
  N676>MH4447128              1.50      1.50      1.61      0.01         0.01
  N43>MH4429499               1.72      1.72      1.77      0.01         0.01
  MH4429499>N578              1.77      1.77      1.78      1.25         0.01
  N693>N675                   1.65      1.65      1.73      0.01         0.01
  N702>MH4450167              0.01      0.01      1.63      0.01         0.01
  N711>MH4448853              1.84      1.84      1.89      0.01         0.01
  MH4450332>MH4450167         1.82      1.82      1.87      0.01         0.01
  MH4450167>MH4449849         1.87      1.87      1.93      0.01         0.01
  N327>MH4429312              1.40      1.40      1.54      0.01         0.01
  N781>MH4449118              0.98      0.98      1.71      0.01         0.01
  N460>MH4429357              1.65      1.65      1.70      0.01         0.01
  MH4447346>N198              1.00      1.00      1.30      0.01         0.01
  MH4450193>OUT               2.00      2.00      2.00      1.45         0.52
  N829>MH4449882              1.38      1.38      1.57      0.01         0.01
  N849>MH4450180              1.73      1.73      1.77      0.01         0.01
  N97>MH4449785               1.93      1.93      1.95      0.01         0.01
  MH4428797>MH4429013         0.01      0.01      1.05      0.01         0.01
  N197>MH4450193              1.98      1.98      2.00      1.38         0.23
  MH4449866>N582              1.91      1.91      1.98      0.01         0.01
  N853>MH4429471              0.01      0.01      1.23      0.01         0.01
  N258>MH4448929              1.22      1.22      1.47      0.01         0.01
  N914>MH4429107              0.87      0.87      1.59      0.01         0.01
  N915>MH4429499              1.30      1.30      1.76      0.01         0.01
  MH4447726>N930              1.73      1.73      1.81      0.01         0.01
  N931>MH4449704              0.01      0.01      1.58      0.01         0.01
  N688>N915                   0.01      0.01      1.30      0.01         0.01
  N930>MH4449103              1.81      1.81      1.90      0.01         0.01
  MH4428636>N954              0.01      0.01      0.56      0.01         0.01
  N956>MH4450332              1.78      1.78      1.82      0.01         0.01
  MH8963773>MH4447452         1.78      1.78      1.78      0.01         0.01
  N656>MH4447880              0.01      0.01      0.61      0.01         0.01
  N954>MH4429013              0.56      0.56      1.11      0.01         0.01
  MH4447452>N711              1.78      1.78      1.84      0.01         0.01
  MH4428583>N914              0.01      0.01      0.87      0.01         0.01
  N975>N976                   0.01      0.01      0.91      0.01         0.01
  MH4429107>N325              1.59      1.59      1.67      0.01         0.01
  N265>MH8963773              1.73      1.73      1.78      0.01         0.01
  N984>MH4447346              0.01      0.01      1.00      0.01         0.01
  MH4450180>MH4450332         1.77      1.77      1.81      0.01         0.01
  MH4448929>N693              1.48      1.48      1.65      0.01         0.01
  N976>MH4449866              0.77      0.77      1.91      0.01         0.01
  N1007>MH4449118             1.04      1.04      1.71      0.01         0.01
  

  Analysis begun on:  Thu Sep 24 04:50:26 2026
  Analysis ended on:  Thu Sep 24 04:50:27 2026
  Total elapsed time: 00:00:01