
  EPA STORM WATER MANAGEMENT MODEL - VERSION 5.2 (Build 5.2.4)
  PYSWMM TOOLKIT API - VERSION v1.0 (2026-02-26)
  ------------------------------------------------------------

  WARNING 08: elevation drop exceeds length for Conduit N779>MH4428606
  
  ****************
  Analysis Options
  ****************
  Flow Units ............... LPS
  Process Models:
    Rainfall/Runoff ........ NO
    RDII ................... NO
    Snowmelt ............... NO
    Groundwater ............ NO
    Flow Routing ........... YES
    Ponding Allowed ........ NO
    Water Quality .......... NO
  Flow Routing Method ...... DYNWAVE
  Surcharge Method ......... SLOT
  Starting Date ............ 01/01/2026 00:00:00
  Ending Date .............. 01/01/2026 02:00:00
  Antecedent Dry Days ...... 0.0
  Report Time Step ......... 00:00:10
  Routing Time Step ........ 0.50 sec
  Variable Time Step ....... YES
  Maximum Trials ........... 8
  Number of Threads ........ 1
  Head Tolerance ........... 0.001524 m
  
  
  **************************        Volume        Volume
  Flow Routing Continuity        hectare-m      10^6 ltr
  **************************     ---------     ---------
  Dry Weather Inflow .......         0.000         0.000
  Wet Weather Inflow .......         0.000         0.000
  Groundwater Inflow .......         0.000         0.000
  RDII Inflow ..............         0.000         0.000
  External Inflow ..........         0.042         0.420
  External Outflow .........         0.029         0.295
  Flooding Loss ............         0.000         0.000
  Evaporation Loss .........         0.000         0.000
  Exfiltration Loss ........         0.000         0.000
  Initial Stored Volume ....         0.000         0.000
  Final Stored Volume ......         0.012         0.117
  Continuity Error (%) .....         1.990
  
  
  *************************
  Highest Continuity Errors
  *************************
  Node MH4449882 (26.87%)
  Node MH4450180 (13.85%)
  Node MH4447128 (13.82%)
  Node MH4449849 (12.83%)
  Node MH4449118 (11.45%)
  
  
  ***************************
  Time-Step Critical Elements
  ***************************
  None
  
  
  ********************************
  Highest Flow Instability Indexes
  ********************************
  All links are stable.
  
  
  *********************************
  Most Frequent Nonconverging Nodes
  *********************************
  Convergence obtained at all time steps.
  
  
  *************************
  Routing Time Step Summary
  *************************
  Minimum Time Step           :     0.50 sec
  Average Time Step           :     0.50 sec
  Maximum Time Step           :     0.50 sec
  % of Time in Steady State   :     0.00
  Average Iterations per Step :     2.00
  % of Steps Not Converging   :     0.00
  Time Step Frequencies       :
      0.500 -  0.500 sec      :   100.00 %
      0.500 -  0.500 sec      :     0.00 %
      0.500 -  0.500 sec      :     0.00 %
      0.500 -  0.500 sec      :     0.00 %
      0.500 -  0.500 sec      :     0.00 %
  
  
  ******************
  Node Depth Summary
  ******************
  
  ---------------------------------------------------------------------------------
                                 Average  Maximum  Maximum  Time of Max    Reported
                                   Depth    Depth      HGL   Occurrence   Max Depth
  Node                 Type       Meters   Meters   Meters  days hr:min      Meters
  ---------------------------------------------------------------------------------
  N10                  JUNCTION     0.01     0.01    49.80     0  00:28        0.01
  N13                  JUNCTION     0.04     0.04    42.10     0  01:03        0.04
  N22                  JUNCTION     0.01     0.01    43.36     0  00:25        0.01
  N25                  JUNCTION     0.75     1.37    41.01     0  02:00        1.37
  N43                  JUNCTION     0.28     0.68    40.68     0  02:00        0.68
  N85                  JUNCTION     0.02     0.02    51.82     0  00:36        0.02
  N97                  JUNCTION     0.87     1.40    39.57     0  02:00        1.40
  N113                 JUNCTION     0.02     0.02    50.52     0  00:59        0.02
  N124                 JUNCTION     0.02     0.02    41.79     0  00:46        0.02
  N166                 JUNCTION     0.04     0.04    46.15     0  00:41        0.04
  N168                 JUNCTION     0.02     0.02    44.39     0  01:56        0.02
  N188                 JUNCTION     0.03     0.03    41.45     0  01:40        0.03
  N197                 JUNCTION     0.66     0.99    38.68     0  02:00        0.99
  N198                 JUNCTION     0.02     0.02    40.34     0  00:38        0.02
  N212                 JUNCTION     0.01     0.01    56.46     0  00:00        0.01
  N258                 JUNCTION     0.05     0.05    40.84     0  01:19        0.05
  N265                 JUNCTION     0.54     1.00    39.96     0  02:00        1.00
  N272                 JUNCTION     0.01     0.01    40.76     0  00:08        0.01
  N274                 JUNCTION     0.01     0.01    56.75     0  00:25        0.01
  N275                 JUNCTION     0.02     0.02    55.99     0  00:25        0.02
  N303                 JUNCTION     0.01     0.01    42.64     0  00:41        0.01
  N325                 JUNCTION     0.54     0.94    40.42     0  02:00        0.94
  N327                 JUNCTION     0.49     1.04    41.70     0  02:00        1.04
  N328                 JUNCTION     1.02     1.65    40.10     0  02:00        1.65
  N379                 JUNCTION     0.03     0.13    39.87     0  02:00        0.13
  N397                 JUNCTION     0.03     0.03    41.99     0  01:40        0.03
  N460                 JUNCTION     0.21     0.52    40.06     0  02:00        0.52
  N467                 JUNCTION     0.00     0.00    57.63     0  00:03        0.00
  N468                 JUNCTION     0.01     0.01    55.81     0  00:20        0.01
  N483                 JUNCTION     0.01     0.01    41.22     0  00:00        0.01
  N491                 JUNCTION     0.01     0.01    53.97     0  00:07        0.01
  N492                 JUNCTION     0.01     0.01    52.82     0  00:18        0.01
  N515                 JUNCTION     0.02     0.02    58.32     0  01:00        0.02
  N542                 JUNCTION     0.01     0.01    45.29     0  00:15        0.01
  N552                 JUNCTION     0.04     0.04    40.43     0  01:44        0.04
  N562                 JUNCTION     0.03     0.03    42.90     0  00:46        0.03
  N563                 JUNCTION     0.03     0.03    41.46     0  00:41        0.03
  N566                 JUNCTION     0.03     0.03    45.79     0  01:07        0.03
  N578                 JUNCTION     0.71     1.31    40.58     0  02:00        1.31
  N582                 JUNCTION     0.02     0.02    38.67     0  00:13        0.02
  N599                 JUNCTION     0.97     1.62    40.38     0  02:00        1.62
  N644                 JUNCTION     0.00     0.00    40.72     0  02:00        0.00
  N647                 JUNCTION     0.02     0.02    55.81     0  01:02        0.02
  N655                 JUNCTION     0.01     0.01    43.33     0  00:56        0.01
  N656                 JUNCTION     0.02     0.02    42.36     0  00:56        0.02
  N659                 JUNCTION     0.01     0.01    44.09     0  00:12        0.01
  N660                 JUNCTION     0.01     0.01    42.43     0  00:21        0.01
  N675                 JUNCTION     0.53     1.08    40.56     0  02:00        1.08
  N676                 JUNCTION     0.01     0.01    40.02     0  02:00        0.01
  N687                 JUNCTION     0.01     0.01    43.67     0  00:06        0.01
  N688                 JUNCTION     0.01     0.01    43.01     0  00:02        0.01
  N693                 JUNCTION     0.28     0.71    40.58     0  02:00        0.71
  N695                 JUNCTION     0.01     0.01    47.88     0  00:23        0.01
  N702                 JUNCTION     0.01     0.01    40.29     0  00:36        0.01
  N711                 JUNCTION     0.72     1.22    39.76     0  02:00        1.22
  N722                 JUNCTION     0.02     0.02    46.68     0  00:34        0.02
  N751                 JUNCTION     0.01     0.01    52.37     0  00:21        0.01
  N779                 JUNCTION     0.00     0.00    44.71     0  00:07        0.00
  N781                 JUNCTION     0.02     0.02    40.76     0  00:32        0.02
  N799                 JUNCTION     0.02     0.02    41.00     0  01:09        0.02
  N816                 JUNCTION     0.02     0.02    46.54     0  00:31        0.02
  N829                 JUNCTION     0.01     0.05    40.39     0  02:00        0.05
  N842                 JUNCTION     0.06     0.06    43.03     0  01:29        0.06
  N849                 JUNCTION     0.07     0.26    39.50     0  02:00        0.26
  N853                 JUNCTION     0.02     0.02    40.87     0  01:02        0.02
  N857                 JUNCTION     0.03     0.03    51.41     0  00:43        0.03
  N862                 JUNCTION     0.01     0.01    41.63     0  00:11        0.01
  N863                 JUNCTION     0.01     0.01    41.51     0  01:58        0.01
  N870                 JUNCTION     0.06     0.07    42.88     0  01:50        0.07
  N914                 JUNCTION     0.38     0.74    41.09     0  02:00        0.74
  N915                 JUNCTION     0.02     0.02    41.01     0  00:07        0.02
  N916                 JUNCTION     0.01     0.01    42.99     0  00:15        0.01
  N924                 JUNCTION     0.01     0.01    42.37     0  00:00        0.01
  N930                 JUNCTION     0.67     1.21    39.98     0  02:00        1.21
  N931                 JUNCTION     0.02     0.02    41.03     0  00:14        0.02
  N954                 JUNCTION     0.23     0.62    42.15     0  02:00        0.62
  N956                 JUNCTION     0.22     0.55    39.50     0  02:00        0.55
  N957                 JUNCTION     0.01     0.01    50.57     0  00:31        0.01
  N975                 JUNCTION     0.01     0.01    40.16     0  00:05        0.01
  N976                 JUNCTION     0.01     0.01    39.97     0  00:01        0.01
  N978                 JUNCTION     0.01     0.01    51.14     0  00:12        0.01
  N984                 JUNCTION     0.01     0.02    41.11     0  00:02        0.02
  N1003                JUNCTION     0.03     0.03    43.37     0  00:56        0.03
  N1007                JUNCTION     0.01     0.01    40.71     0  00:08        0.01
  MH4428367            STORAGE      0.02     0.02    47.09     0  00:30        0.02
  MH4428606            STORAGE      0.04     0.04    43.60     0  01:00        0.04
  MH4447602            STORAGE      0.02     0.02    42.68     0  01:32        0.02
  MH4429312            STORAGE      0.61     1.19    41.47     0  02:00        1.19
  MH4429136            STORAGE      0.09     0.27    40.72     0  02:00        0.27
  MH4448345            STORAGE      0.98     1.63    40.29     0  02:00        1.63
  MH4448419            STORAGE      1.05     1.71    40.27     0  02:00        1.71
  MH4427688            STORAGE      0.04     0.04    48.71     0  01:26        0.04
  MH4448853            STORAGE      0.80     1.31    39.66     0  02:00        1.31
  MH4428026            STORAGE      0.02     0.02    48.12     0  01:02        0.02
  MH4429035            STORAGE      0.02     0.02    43.32     0  00:46        0.02
  MH4449704            STORAGE      0.26     0.67    40.39     0  02:00        0.67
  MH4449118            STORAGE      0.58     1.16    40.35     0  02:00        1.16
  MH4447128            STORAGE      0.08     0.27    39.99     0  02:00        0.27
  MH4447726            STORAGE      0.37     0.81    39.99     0  02:00        0.81
  MH4428268            STORAGE      0.06     0.06    43.75     0  01:17        0.06
  MH4428636            STORAGE      0.13     0.38    42.33     0  02:00        0.38
  MH4447880            STORAGE      0.04     0.04    41.23     0  01:51        0.04
  MH4449785            STORAGE      1.04     1.58    39.49     0  02:00        1.58
  MH4447416            STORAGE      0.04     0.15    39.99     0  02:00        0.15
  MH4427425            STORAGE      0.02     0.02    55.81     0  00:51        0.02
  MH4449173            STORAGE      1.05     1.67    39.92     0  02:00        1.67
  MH4428713            STORAGE      0.03     0.03    40.67     0  01:22        0.03
  MH4428995            STORAGE      0.07     0.22    40.07     0  02:00        0.22
  MH4429357            STORAGE      0.41     0.82    40.05     0  02:00        0.82
  MH4449860            STORAGE      0.02     0.02    40.57     0  01:19        0.02
  MH4428765            STORAGE      0.02     0.02    40.86     0  00:42        0.02
  MH4429013            STORAGE      0.36     0.85    41.97     0  02:00        0.85
  MH8963773            STORAGE      0.63     1.11    39.87     0  02:00        1.11
  MH4426971            STORAGE      0.01     0.01    57.44     0  00:22        0.01
  MH4429645            STORAGE      0.03     0.03    42.19     0  01:40        0.03
  MH4449103            STORAGE      0.99     1.61    39.96     0  02:00        1.61
  MH4449849            STORAGE      0.82     1.33    39.50     0  02:00        1.33
  MH4447394            STORAGE      0.94     1.59    40.53     0  02:00        1.59
  MH4428426            STORAGE      0.01     0.01    49.23     0  00:39        0.01
  MH4428245            STORAGE      0.03     0.03    47.77     0  00:45        0.03
  MH4449882            STORAGE      0.22     0.62    40.39     0  02:00        0.62
  MH4429320            STORAGE      0.01     0.01    41.13     0  01:02        0.01
  MH4426673            STORAGE      0.01     0.01    59.15     0  01:00        0.01
  MH4428836            STORAGE      0.12     0.36    40.83     0  02:00        0.36
  MH4429107            STORAGE      0.63     1.03    40.78     0  02:00        1.03
  MH4448392            STORAGE      0.02     0.02    42.78     0  00:46        0.02
  MH4448813            STORAGE      0.03     0.03    42.20     0  01:11        0.03
  MH4427309            STORAGE      0.02     0.02    54.83     0  00:26        0.02
  MH4428797            STORAGE      0.02     0.02    44.07     0  01:03        0.02
  MH4449977            STORAGE      0.03     0.03    41.12     0  01:43        0.03
  MH4450193            STORAGE      0.44     0.64    38.21     0  02:00        0.64
  MH4428800            STORAGE      0.01     0.01    45.26     0  00:09        0.01
  MH4429411            STORAGE      0.02     0.02    42.22     0  00:46        0.02
  MH4427312            STORAGE      0.02     0.02    54.04     0  01:12        0.02
  MH4450100            STORAGE      0.01     0.01    40.33     0  00:31        0.01
  MH4450180            STORAGE      0.22     0.53    39.50     0  02:00        0.53
  MH4429471            STORAGE      0.03     0.03    40.41     0  01:19        0.03
  MH4429499            STORAGE      0.54     1.08    40.64     0  02:00        1.08
  MH4428146            STORAGE      0.06     0.06    45.09     0  00:24        0.06
  MH4450167            STORAGE      0.46     0.89    39.50     0  02:00        0.89
  MH4427714            STORAGE      0.02     0.02    49.74     0  00:35        0.02
  MH4450332            STORAGE      0.34     0.72    39.50     0  02:00        0.72
  MH4426979            STORAGE      0.02     0.02    57.48     0  01:00        0.02
  MH4427849            STORAGE      0.02     0.02    50.29     0  00:42        0.02
  MH4447346            STORAGE      0.02     0.02    40.52     0  00:38        0.02
  MH4427659            STORAGE      0.02     0.02    54.09     0  00:18        0.02
  MH4428583            STORAGE      0.18     0.42    41.40     0  02:00        0.42
  MH4427741            STORAGE      0.02     0.02    52.41     0  00:53        0.02
  MH4428137            STORAGE      0.02     0.02    44.45     0  00:45        0.02
  MH4449866            STORAGE      0.01     0.01    39.47     0  00:25        0.01
  MH4448929            STORAGE      0.11     0.34    40.60     0  02:00        0.34
  MH4428067            STORAGE      0.01     0.01    52.16     0  00:27        0.01
  MH4449503            STORAGE      0.04     0.04    41.68     0  01:43        0.04
  MH4428188            STORAGE      0.03     0.03    43.96     0  00:45        0.03
  MH4447452            STORAGE      0.63     1.12    39.86     0  02:00        1.12
  OUT                  OUTFALL      0.16     0.19    37.63     0  02:00        0.19
  
  
  *******************
  Node Inflow Summary
  *******************
  
  -------------------------------------------------------------------------------------------------
                                  Maximum  Maximum                  Lateral       Total        Flow
                                  Lateral    Total  Time of Max      Inflow      Inflow     Balance
                                   Inflow   Inflow   Occurrence      Volume      Volume       Error
  Node                 Type           LPS      LPS  days hr:min    10^6 ltr    10^6 ltr     Percent
  -------------------------------------------------------------------------------------------------
  N10                  JUNCTION      0.34     0.73     0  00:27     0.00243     0.00525       0.757
  N13                  JUNCTION      0.47     3.58     0  00:59     0.00335      0.0249       1.873
  N22                  JUNCTION      0.30     0.30     0  00:00     0.00218     0.00218       0.956
  N25                  JUNCTION      0.50    14.00     0  00:27      0.0036      0.0877       2.507
  N43                  JUNCTION      0.44     4.97     0  01:06     0.00319      0.0319       4.282
  N85                  JUNCTION      0.39     1.47     0  00:26     0.00279      0.0104       1.354
  N97                  JUNCTION      0.28    18.83     0  02:00     0.00204       0.111       2.784
  N113                 JUNCTION      0.31     1.41     0  00:53     0.00221     0.00997       0.540
  N124                 JUNCTION      0.32     1.15     0  00:46     0.00232     0.00813       1.522
  N166                 JUNCTION      0.52     4.83     0  00:37     0.00373      0.0337       0.925
  N168                 JUNCTION      0.28     1.35     0  00:30     0.00203     0.00959       0.959
  N188                 JUNCTION      0.17     1.55     0  01:39     0.00122      0.0108       1.294
  N197                 JUNCTION      0.27    52.79     0  02:00     0.00196       0.295       0.766
  N198                 JUNCTION      0.28     0.69     0  00:38     0.00199     0.00489       0.733
  N212                 JUNCTION      0.14     0.14     0  00:00     0.00104     0.00104       0.294
  N258                 JUNCTION      0.38     3.03     0  01:33     0.00276      0.0208       1.995
  N265                 JUNCTION      0.43    18.10     0  00:40      0.0031       0.113       2.904
  N272                 JUNCTION      0.10     0.10     0  00:00    0.000749    0.000749       0.325
  N274                 JUNCTION      0.18     0.35     0  00:22      0.0013      0.0025       0.672
  N275                 JUNCTION      0.27     0.62     0  00:25     0.00195     0.00443       0.749
  N303                 JUNCTION      0.41     0.41     0  00:00     0.00298     0.00298       1.659
  N325                 JUNCTION      0.27    14.92     0  00:41     0.00192      0.0967       1.038
  N327                 JUNCTION      0.29    11.87     0  00:43     0.00207      0.0766       1.381
  N328                 JUNCTION      0.27    28.56     0  02:00     0.00191       0.168       1.228
  N379                 JUNCTION      0.34     0.34     0  00:00     0.00247     0.00247      12.529
  N397                 JUNCTION      0.46     1.38     0  01:39     0.00333     0.00967       1.236
  N460                 JUNCTION      0.37     2.30     0  01:10     0.00266      0.0147       8.794
  N467                 JUNCTION      0.08     0.08     0  00:00    0.000551    0.000551       0.097
  N468                 JUNCTION      0.34     0.42     0  00:02     0.00246     0.00301       0.708
  N483                 JUNCTION      0.06     0.06     0  00:00    0.000448    0.000448       0.256
  N491                 JUNCTION      0.18     0.18     0  00:00     0.00129     0.00129       0.277
  N492                 JUNCTION      0.37     0.54     0  00:07     0.00263     0.00392       0.719
  N515                 JUNCTION      0.27     0.60     0  01:00     0.00198     0.00429       1.219
  N542                 JUNCTION      0.14     0.14     0  00:00     0.00103     0.00103       0.642
  N552                 JUNCTION      0.32     2.32     0  01:43     0.00231      0.0158       1.204
  N562                 JUNCTION      0.51     2.18     0  00:45     0.00368      0.0153       1.110
  N563                 JUNCTION      0.31     2.49     0  00:33     0.00222      0.0174       1.514
  N566                 JUNCTION      0.21     2.33     0  00:51     0.00153      0.0164       0.724
  N578                 JUNCTION      0.31     6.32     0  00:30     0.00226      0.0375       3.689
  N582                 JUNCTION      0.24     0.72     0  00:25     0.00176     0.00511       1.288
  N599                 JUNCTION      0.27    24.38     0  00:23     0.00191       0.146       1.674
  N644                 JUNCTION      0.00     0.03     0  01:59    2.98e-05    2.99e-05       0.184
  N647                 JUNCTION      0.29     1.22     0  00:37      0.0021     0.00861       1.182
  N655                 JUNCTION      0.26     0.49     0  01:15     0.00189     0.00349       0.923
  N656                 JUNCTION      0.28     0.77     0  00:46     0.00199     0.00545       0.958
  N659                 JUNCTION      0.25     0.25     0  00:00     0.00182     0.00182       0.488
  N660                 JUNCTION      0.27     0.52     0  00:12     0.00193     0.00374       0.851
  N675                 JUNCTION      0.33     3.94     0  00:47     0.00237      0.0248       4.638
  N676                 JUNCTION      0.15     0.15     0  00:00      0.0011      0.0011       0.515
  N687                 JUNCTION      0.14     0.14     0  00:00     0.00102     0.00102       0.263
  N688                 JUNCTION      0.36     0.50     0  00:06     0.00257     0.00358       0.681
  N693                 JUNCTION      0.28     3.61     0  01:15       0.002      0.0234       4.255
  N695                 JUNCTION      0.31     0.73     0  00:12     0.00225     0.00524       1.030
  N702                 JUNCTION      0.22     0.22     0  00:00     0.00161     0.00161       1.514
  N711                 JUNCTION      0.46    18.91     0  00:28     0.00334       0.113       2.850
  N722                 JUNCTION      0.29     1.26     0  00:34      0.0021     0.00898       0.779
  N751                 JUNCTION      0.36     0.36     0  00:00      0.0026      0.0026       0.728
  N779                 JUNCTION      0.00     0.00     0  00:00    2.68e-05    2.68e-05      -0.363 ltr
  N781                 JUNCTION      0.52     0.52     0  00:00     0.00377     0.00377       2.036
  N799                 JUNCTION      0.35     0.35     0  00:00     0.00256     0.00256       2.968
  N816                 JUNCTION      0.36     0.83     0  00:39     0.00258      0.0059       0.989
  N829                 JUNCTION      0.27     0.27     0  00:00     0.00195     0.00195       3.377
  N842                 JUNCTION      0.40     9.64     0  00:24     0.00285       0.069       0.601
  N849                 JUNCTION      0.14     0.16     0  01:10    0.000978    0.000979      12.498
  N853                 JUNCTION      0.22     0.48     0  01:02      0.0016     0.00342       0.931
  N857                 JUNCTION      0.34     2.29     0  01:05     0.00242      0.0161       0.698
  N862                 JUNCTION      0.09     0.09     0  00:00    0.000682    0.000682       0.363
  N863                 JUNCTION      0.28     0.38     0  00:11     0.00203     0.00271       0.716
  N870                 JUNCTION      0.33     7.83     0  00:53     0.00235       0.054       0.718
  N914                 JUNCTION      0.47    10.62     0  00:41     0.00337      0.0739       2.021
  N915                 JUNCTION      0.19     0.70     0  00:02      0.0014     0.00496       1.196
  N916                 JUNCTION      0.18     0.18     0  00:00     0.00129     0.00129       0.552
  N924                 JUNCTION      0.07     0.07     0  00:00    0.000474    0.000474       0.268
  N930                 JUNCTION      0.42     4.79     0  00:27       0.003      0.0193       6.932
  N931                 JUNCTION      0.47     0.47     0  00:00     0.00337     0.00337       2.182
  N954                 JUNCTION      0.32     9.83     0  00:59     0.00233      0.0659       1.531
  N956                 JUNCTION      0.10     0.38     0  00:49    0.000724    0.000773      17.420
  N957                 JUNCTION      0.43     0.43     0  00:00     0.00307     0.00307       1.339
  N975                 JUNCTION      0.09     0.09     0  00:00    0.000627    0.000627       0.204
  N976                 JUNCTION      0.17     0.26     0  00:05     0.00124     0.00187       0.532
  N978                 JUNCTION      0.42     0.42     0  00:00     0.00301     0.00301       0.500
  N984                 JUNCTION      0.33     0.33     0  00:00     0.00238     0.00238       0.717
  N1003                JUNCTION      0.23     0.23     0  00:00     0.00163     0.00163       2.041
  N1007                JUNCTION      0.41     0.41     0  00:00     0.00295     0.00295       1.509
  MH4428367            STORAGE       0.34     1.07     0  00:27     0.00243     0.00764       0.753
  MH4428606            STORAGE       0.46     3.12     0  00:45     0.00332      0.0219       1.452
  MH4447602            STORAGE       0.41     0.71     0  00:25     0.00293     0.00509       3.660
  MH4429312            STORAGE       0.49    13.50     0  00:36     0.00351      0.0871       2.265
  MH4429136            STORAGE       0.42     4.55     0  01:59     0.00305      0.0312       7.696
  MH4448345            STORAGE       0.04    28.83     0  00:22    0.000262        0.17       1.288
  MH4448419            STORAGE       0.36    28.38     0  02:00     0.00257       0.169       0.791
  MH4427688            STORAGE       0.55     4.31     0  00:46     0.00397      0.0302       0.817
  MH4448853            STORAGE       0.46    19.07     0  00:25      0.0033       0.113       2.636
  MH4428026            STORAGE       0.28     2.12     0  00:58     0.00202       0.015       0.542
  MH4429035            STORAGE       0.40     0.83     0  00:09     0.00285     0.00591       1.427
  MH4449704            STORAGE       0.45     3.80     0  00:54     0.00326      0.0244      11.873
  MH4449118            STORAGE       0.47     5.12     0  00:49     0.00338      0.0308      12.935
  MH4447128            STORAGE       0.52     1.66     0  01:20     0.00376      0.0117      16.042
  MH4447726            STORAGE       0.40     3.93     0  00:47     0.00286      0.0191      12.869
  MH4428268            STORAGE       0.34     7.50     0  01:37     0.00247      0.0521       0.860
  MH4428636            STORAGE       0.33     9.51     0  00:56     0.00234      0.0654       2.432
  MH4447880            STORAGE       0.33     2.64     0  01:39     0.00234      0.0184       1.395
  MH4449785            STORAGE       0.41    52.60     0  02:00     0.00297         0.3       1.696
  MH4447416            STORAGE       0.29     0.98     0  00:38      0.0021     0.00696      10.067
  MH4427425            STORAGE       0.53     0.68     0  00:01     0.00379     0.00483       1.996
  MH4449173            STORAGE       0.61    31.85     0  02:00     0.00441       0.186       1.278
  MH4428713            STORAGE       0.48     1.53     0  00:42     0.00349      0.0109       1.529
  MH4428995            STORAGE       0.39     1.93     0  01:21     0.00283      0.0136      10.734
  MH4429357            STORAGE       0.47    17.68     0  00:41     0.00338       0.113       2.279
  MH4449860            STORAGE       0.25     0.35     0  00:08     0.00178     0.00253       1.390
  MH4428765            STORAGE       0.12     0.53     0  00:41     0.00083     0.00376       0.575
  MH4429013            STORAGE       0.33    11.58     0  00:59     0.00236      0.0772       2.612
  MH8963773            STORAGE       0.04    18.23     0  00:34    0.000288       0.112       2.386
  MH4426971            STORAGE       0.17     0.17     0  00:00     0.00121     0.00121       0.421
  MH4429645            STORAGE       0.14     0.92     0  01:32     0.00104      0.0064       0.591
  MH4449103            STORAGE       0.05    31.32     0  02:00    0.000388       0.185       1.061
  MH4449849            STORAGE       0.13     6.81     0  00:20    0.000922      0.0101      14.721
  MH4447394            STORAGE       0.40    24.85     0  00:24     0.00289       0.148       1.871
  MH4428426            STORAGE       0.81     0.81     0  00:00     0.00581     0.00581       1.073
  MH4428245            STORAGE       0.61     2.18     0  00:42     0.00436      0.0155       1.426
  MH4449882            STORAGE       0.21     1.29     0  01:09     0.00148     0.00385      36.739
  MH4429320            STORAGE       0.19     0.26     0  00:00     0.00139     0.00184       0.644
  MH4426673            STORAGE       0.32     0.32     0  00:00     0.00234     0.00234       0.751
  MH4428836            STORAGE       0.57     3.82     0  01:29     0.00414      0.0265       9.587
  MH4429107            STORAGE       0.28    14.70     0  00:16     0.00202      0.0983       2.754
  MH4448392            STORAGE       0.39     0.57     0  00:15     0.00282      0.0041       1.396
  MH4448813            STORAGE       0.55     1.12     0  00:46     0.00395     0.00798       2.416
  MH4427309            STORAGE       0.46     1.08     0  00:25     0.00331     0.00771       0.801
  MH4428797            STORAGE       0.45     1.42     0  00:31     0.00325      0.0101       1.511
  MH4449977            STORAGE       0.33     2.00     0  01:43     0.00235      0.0136       0.629
  MH4450193            STORAGE       0.00    53.51     0  02:00           0       0.297       0.780
  MH4428800            STORAGE       0.90     0.90     0  00:00      0.0065      0.0065       1.179
  MH4429411            STORAGE       0.52     0.52     0  00:00     0.00373     0.00373       2.268
  MH4427312            STORAGE       0.32     1.96     0  01:09     0.00231      0.0138       0.714
  MH4450100            STORAGE       0.11     0.46     0  00:28    0.000775     0.00325       0.778
  MH4450180            STORAGE       0.17     1.70     0  00:52     0.00119     0.00545      16.073
  MH4429471            STORAGE       0.51     0.99     0  00:30     0.00368     0.00706       2.836
  MH4429499            STORAGE       0.34     6.01     0  00:47     0.00248       0.038       4.914
  MH4428146            STORAGE       8.51     9.24     0  00:23      0.0613      0.0665       0.500
  MH4450167            STORAGE       0.47     2.82     0  00:31     0.00335      0.0102       9.500
  MH4427714            STORAGE       0.43     0.97     0  00:18     0.00307     0.00696       0.983
  MH4450332            STORAGE       0.19     1.67     0  00:42     0.00137      0.0066      12.471
  MH4426979            STORAGE       0.33     0.93     0  00:33     0.00235     0.00658       0.843
  MH4427849            STORAGE       0.58     1.23     0  00:27     0.00419     0.00884       1.559
  MH4447346            STORAGE       0.08     0.42     0  00:03    0.000577     0.00294       1.126
  MH4427659            STORAGE       0.22     0.22     0  00:00     0.00161     0.00161       0.408
  MH4428583            STORAGE       0.52    10.16     0  00:24     0.00373      0.0723       1.888
  MH4427741            STORAGE       0.21     1.10     0  00:51     0.00151     0.00782       0.479
  MH4428137            STORAGE       0.06     1.32     0  00:34    0.000402     0.00931       0.437
  MH4449866            STORAGE       0.21     0.47     0  00:01     0.00153     0.00339       0.754
  MH4448929            STORAGE       0.31     3.34     0  01:19     0.00222      0.0227       4.304
  MH4428067            STORAGE       0.69     0.69     0  00:00     0.00494     0.00494       0.955
  MH4449503            STORAGE       0.55     1.67     0  01:11     0.00398      0.0117       3.950
  MH4428188            STORAGE       0.35     1.67     0  00:45     0.00251      0.0118       0.622
  MH4447452            STORAGE       0.48    18.48     0  00:28     0.00348       0.112       1.375
  OUT                  OUTFALL       0.00    53.48     0  02:00           0       0.295       0.000
  
  
  **********************
  Node Surcharge Summary
  **********************
  
  Surcharging occurs when water rises above the top of the highest conduit.
  ---------------------------------------------------------------------
                                               Max. Height   Min. Depth
                                   Hours       Above Crown    Below Rim
  Node                 Type      Surcharged         Meters       Meters
  ---------------------------------------------------------------------
  N25                  JUNCTION        1.54          1.216        3.426
  N43                  JUNCTION        1.01          0.535        3.916
  N97                  JUNCTION        1.62          1.172        2.509
  N197                 JUNCTION        1.67          0.769        3.256
  N265                 JUNCTION        1.35          0.775        1.172
  N325                 JUNCTION        1.80          0.789        1.118
  N327                 JUNCTION        1.32          0.890        2.461
  N328                 JUNCTION        1.64          1.427        2.570
  N460                 JUNCTION        0.99          0.372        1.382
  N578                 JUNCTION        1.52          1.164        3.516
  N599                 JUNCTION        1.61          1.391        2.567
  N675                 JUNCTION        1.35          0.933        2.951
  N693                 JUNCTION        1.03          0.559        2.914
  N711                 JUNCTION        1.53          0.999        2.247
  N849                 JUNCTION        0.51          0.114        1.692
  N914                 JUNCTION        1.54          0.591        1.128
  N930                 JUNCTION        1.53          1.063        2.996
  N954                 JUNCTION        0.85          0.466        3.047
  N956                 JUNCTION        1.07          0.404        0.755
  
  
  *********************
  Node Flooding Summary
  *********************
  
  No nodes were flooded.
  
  
  **********************
  Storage Volume Summary
  **********************
  
  ------------------------------------------------------------------------------------------------
                         Average    Avg   Evap  Exfil     Maximum    Max    Time of Max    Maximum
                          Volume   Pcnt   Pcnt   Pcnt      Volume   Pcnt     Occurrence    Outflow
  Storage Unit           1000 m³   Full   Loss   Loss     1000 m³   Full    days hr:min        LPS
  ------------------------------------------------------------------------------------------------
  MH4428367                0.000    0.5    0.0    0.0       0.000    0.5       0  00:30       1.07
  MH4428606                0.000    0.8    0.0    0.0       0.000    0.9       0  01:00       3.12
  MH4447602                0.000    1.0    0.0    0.0       0.000    1.0       0  01:32       0.71
  MH4429312                0.001   17.7    0.0    0.0       0.001   34.8       0  02:00      13.50
  MH4429136                0.000    2.0    0.0    0.0       0.000    6.1       0  02:00       4.53
  MH4448345                0.001   23.2    0.0    0.0       0.001   38.7       0  02:00      28.03
  MH4448419                0.001   24.6    0.0    0.0       0.001   39.9       0  02:00      28.30
  MH4427688                0.000    0.9    0.0    0.0       0.000    0.9       0  01:26       4.31
  MH4448853                0.001   20.4    0.0    0.0       0.001   33.6       0  02:00      18.55
  MH4428026                0.000    0.7    0.0    0.0       0.000    0.7       0  01:02       2.12
  MH4429035                0.000    0.5    0.0    0.0       0.000    0.5       0  00:46       0.83
  MH4449704                0.000    8.3    0.0    0.0       0.001   21.8       0  02:00       3.71
  MH4449118                0.001   15.8    0.0    0.0       0.001   31.3       0  02:00       5.08
  MH4447128                0.000    3.3    0.0    0.0       0.000   11.1       0  02:00       1.66
  MH4447726                0.000   10.0    0.0    0.0       0.001   21.8       0  02:00       3.04
  MH4428268                0.000    1.6    0.0    0.0       0.000    1.7       0  01:17       7.50
  MH4428636                0.000    3.6    0.0    0.0       0.000   10.4       0  02:00       9.51
  MH4447880                0.000    1.6    0.0    0.0       0.000    1.6       0  01:51       2.64
  MH4449785                0.001   23.4    0.0    0.0       0.001   35.6       0  02:00      52.52
  MH4447416                0.000    1.2    0.0    0.0       0.000    4.8       0  02:00       0.98
  MH4427425                0.000    0.7    0.0    0.0       0.000    0.7       0  00:51       0.67
  MH4449173                0.001   23.6    0.0    0.0       0.001   37.3       0  02:00      31.76
  MH4428713                0.000    1.2    0.0    0.0       0.000    1.3       0  01:22       1.53
  MH4428995                0.000    4.0    0.0    0.0       0.000   13.1       0  02:00       1.93
  MH4429357                0.000   23.1    0.0    0.0       0.001   45.4       0  02:00      17.66
  MH4449860                0.000    2.0    0.0    0.0       0.000    2.0       0  01:19       0.35
  MH4428765                0.000    1.0    0.0    0.0       0.000    1.0       0  00:42       0.53
  MH4429013                0.000   11.1    0.0    0.0       0.001   26.1       0  02:00      11.58
  MH8963773                0.001   24.9    0.0    0.0       0.001   44.0       0  02:00      17.99
  MH4426971                0.000    0.3    0.0    0.0       0.000    0.3       0  00:22       0.17
  MH4429645                0.000    0.9    0.0    0.0       0.000    1.0       0  01:40       0.92
  MH4449103                0.001   23.0    0.0    0.0       0.001   37.1       0  02:00      31.24
  MH4449849                0.001   20.1    0.0    0.0       0.001   32.6       0  02:00       2.35
  MH4447394                0.001   20.6    0.0    0.0       0.001   34.9       0  02:00      24.12
  MH4428426                0.000    0.4    0.0    0.0       0.000    0.4       0  00:39       0.81
  MH4428245                0.000    0.9    0.0    0.0       0.000    0.9       0  00:45       2.18
  MH4449882                0.000    7.5    0.0    0.0       0.001   20.9       0  02:00       0.56
  MH4429320                0.000    0.9    0.0    0.0       0.000    0.9       0  01:02       0.26
  MH4426673                0.000    0.5    0.0    0.0       0.000    0.5       0  01:00       0.32
  MH4428836                0.000    4.7    0.0    0.0       0.000   14.1       0  02:00       3.79
  MH4429107                0.001   26.4    0.0    0.0       0.001   43.1       0  02:00      14.65
  MH4448392                0.000    0.9    0.0    0.0       0.000    0.9       0  00:46       0.57
  MH4448813                0.000    1.3    0.0    0.0       0.000    1.3       0  01:11       1.12
  MH4427309                0.000    0.5    0.0    0.0       0.000    0.5       0  00:26       1.08
  MH4428797                0.000    0.7    0.0    0.0       0.000    0.7       0  01:03       1.42
  MH4449977                0.000    1.4    0.0    0.0       0.000    1.5       0  01:43       2.00
  MH4450193                0.000   10.1    0.0    0.0       0.001   14.6       0  02:00      53.48
  MH4428800                0.000    0.3    0.0    0.0       0.000    0.3       0  00:09       0.90
  MH4429411                0.000    0.6    0.0    0.0       0.000    0.6       0  00:46       0.52
  MH4427312                0.000    0.7    0.0    0.0       0.000    0.7       0  01:12       1.96
  MH4450100                0.000    0.7    0.0    0.0       0.000    0.7       0  00:31       0.46
  MH4450180                0.000    9.6    0.0    0.0       0.000   23.6       0  02:00       0.78
  MH4429471                0.000    1.2    0.0    0.0       0.000    1.2       0  01:19       0.99
  MH4429499                0.000   11.9    0.0    0.0       0.001   24.0       0  02:00       6.01
  MH4428146                0.000    2.2    0.0    0.0       0.000    2.2       0  00:24       9.24
  MH4450167                0.000   14.7    0.0    0.0       0.001   28.1       0  02:00       1.74
  MH4427714                0.000    0.6    0.0    0.0       0.000    0.6       0  00:35       0.97
  MH4450332                0.000   22.6    0.0    0.0       0.001   48.0       0  02:00       1.05
  MH4426979                0.000    0.6    0.0    0.0       0.000    0.6       0  01:00       0.93
  MH4427849                0.000    0.7    0.0    0.0       0.000    0.7       0  00:42       1.23
  MH4447346                0.000    0.8    0.0    0.0       0.000    0.8       0  00:38       0.41
  MH4427659                0.000    0.7    0.0    0.0       0.000    0.7       0  00:18       0.22
  MH4428583                0.000    7.1    0.0    0.0       0.000   17.0       0  02:00      10.16
  MH4427741                0.000    0.5    0.0    0.0       0.000    0.5       0  00:53       1.10
  MH4428137                0.000    0.7    0.0    0.0       0.000    0.7       0  00:45       1.32
  MH4449866                0.000    0.6    0.0    0.0       0.000    0.6       0  00:25       0.47
  MH4448929                0.000    3.1    0.0    0.0       0.000   10.0       0  02:00       3.34
  MH4428067                0.000    0.4    0.0    0.0       0.000    0.4       0  00:27       0.69
  MH4449503                0.000    1.8    0.0    0.0       0.000    1.9       0  01:43       1.67
  MH4428188                0.000    0.9    0.0    0.0       0.000    0.9       0  00:45       1.67
  MH4447452                0.001   22.3    0.0    0.0       0.001   39.3       0  02:00      18.44
  
  
  ***********************
  Outfall Loading Summary
  ***********************
  
  -----------------------------------------------------------
                         Flow       Avg       Max       Total
                         Freq      Flow      Flow      Volume
  Outfall Node           Pcnt       LPS       LPS    10^6 ltr
  -----------------------------------------------------------
  OUT                   98.12     41.69     53.48       0.295
  -----------------------------------------------------------
  System                98.12     41.69     53.48       0.295
  
  
  ********************
  Link Flow Summary
  ********************
  
  -----------------------------------------------------------------------------
                                 Maximum  Time of Max   Maximum    Max/    Max/
                                  |Flow|   Occurrence   |Veloc|    Full    Full
  Link                 Type          LPS  days hr:min     m/sec    Flow   Depth
  -----------------------------------------------------------------------------
  N582>MH4450193       CONDUIT      0.72     0  00:13      0.61    0.03    1.00
  N197>MH4450193       CONDUIT     52.79     0  02:00      1.33    2.04    1.00
  MH4449785>N197       CONDUIT     52.52     0  02:00      1.32    2.00    1.00
  MH4449173>MH4449785  CONDUIT     31.76     0  02:00      0.80    1.21    1.00
  MH4449849>MH4449785  CONDUIT      4.94     0  00:20      0.49    0.44    1.00
  N97>MH4449785        CONDUIT     18.82     0  02:00      0.63    0.79    1.00
  MH4448853>N97        CONDUIT     18.55     0  02:00      0.66    0.78    1.00
  N711>MH4448853       CONDUIT     18.61     0  00:25      0.66    0.78    1.00
  MH4447452>N711       CONDUIT     18.44     0  00:28      0.66    0.77    1.00
  MH8963773>MH4447452  CONDUIT     17.99     0  00:28      0.65    0.80    1.00
  N379>MH8963773       CONDUIT      0.34     0  00:11      0.41    0.02    1.00
  N265>MH8963773       CONDUIT     17.85     0  00:34      0.65    0.73    1.00
  MH4429357>N265       CONDUIT     17.66     0  00:40      0.70    0.64    1.00
  N325>MH4429357       CONDUIT     14.92     0  00:41      0.84    1.36    1.00
  N460>MH4429357       CONDUIT      2.30     0  00:50      0.34    0.21    1.00
  MH4428995>N460       CONDUIT      1.93     0  01:10      0.45    0.18    1.00
  MH4428713>MH4428995  CONDUIT      1.53     0  01:21      0.52    0.10    0.84
  MH4428765>MH4428713  CONDUIT      0.53     0  00:42      0.40    0.04    0.13
  N660>MH4428713       CONDUIT      0.52     0  00:21      0.53    0.02    0.15
  N659>N660            CONDUIT      0.25     0  00:12      0.50    0.01    0.08
  N303>MH4428765       CONDUIT      0.41     0  00:41      0.53    0.02    0.09
  MH4429107>N325       CONDUIT     14.65     0  00:41      0.83    1.28    1.00
  MH4428836>MH4429107  CONDUIT      3.79     0  01:00      0.46    0.29    1.00
  N914>MH4429107       CONDUIT     10.62     0  00:16      0.93    0.77    1.00
  MH4428583>N914       CONDUIT     10.16     0  00:41      0.92    0.73    1.00
  N842>MH4428583       CONDUIT      9.64     0  00:24      1.50    0.35    1.00
  MH4428146>N842       CONDUIT      9.24     0  00:24      1.54    0.33    0.40
  N695>MH4428146       CONDUIT      0.73     0  00:23      0.21    0.02    0.25
  N978>N695            CONDUIT      0.42     0  00:12      0.74    0.01    0.09
  N563>MH4428836       CONDUIT      2.49     0  01:07      0.80    0.12    1.00
  N799>MH4428836       CONDUIT      0.38     0  01:29      0.30    0.04    0.73
  N863>MH4428836       CONDUIT      0.38     0  00:22      0.44    0.02    1.00
  N862>N863            CONDUIT      0.09     0  00:11      0.21    0.01    0.08
  N562>N563            CONDUIT      2.18     0  00:33      0.77    0.10    0.22
  MH4428188>N562       CONDUIT      1.67     0  00:45      0.66    0.08    0.20
  MH4428137>MH4428188  CONDUIT      1.32     0  00:45      0.72    0.04    0.16
  N722>MH4428137       CONDUIT      1.26     0  00:34      0.90    0.04    0.13
  MH4427714>N722       CONDUIT      0.97     0  00:34      0.77    0.03    0.12
  N492>MH4427714       CONDUIT      0.54     0  00:18      0.71    0.02    0.10
  N491>N492            CONDUIT      0.18     0  00:07      0.47    0.01    0.07
  MH4450167>MH4449849  CONDUIT      1.74     0  00:28      0.48    0.15    1.00
  N702>MH4450167       CONDUIT      0.22     0  00:37      0.34    0.01    0.08
  MH4450332>MH4450167  CONDUIT      1.05     0  00:36      0.33    0.10    1.00
  N956>MH4450332       CONDUIT      0.28     0  00:49      0.27    0.02    1.00
  MH4450180>MH4450332  CONDUIT      0.94     0  00:52      0.39    0.08    1.00
  MH4450100>MH4450180  CONDUIT      0.46     0  00:51      0.75    0.01    1.00
  N849>MH4450180       CONDUIT      0.14     0  00:01      0.34    0.01    1.00
  MH4449860>MH4450100  CONDUIT      0.35     0  00:28      0.37    0.03    0.10
  N272>MH4449860       CONDUIT      0.10     0  00:08      0.29    0.01    0.09
  MH4449103>MH4449173  CONDUIT     31.24     0  02:00      0.94    0.69    1.00
  N328>MH4449103       CONDUIT     28.55     0  02:00      0.78    1.33    1.00
  N930>MH4449103       CONDUIT      3.46     0  00:24      0.56    0.28    1.00
  MH4447726>N930       CONDUIT      3.04     0  00:38      0.55    0.24    1.00
  MH4447128>MH4447726  CONDUIT      1.66     0  01:14      0.40    0.13    1.00
  MH4447416>MH4447726  CONDUIT      0.98     0  00:41      0.53    0.06    1.00
  N198>MH4447416       CONDUIT      0.69     0  00:38      0.47    0.04    0.57
  MH4447346>N198       CONDUIT      0.41     0  00:38      0.33    0.02    0.12
  N984>MH4447346       CONDUIT      0.34     0  00:03      0.47    0.02    0.10
  MH4429471>MH4447128  CONDUIT      0.99     0  01:20      0.46    0.07    0.88
  N676>MH4447128       CONDUIT      0.15     0  00:15      0.27    0.01    0.95
  N853>MH4429471       CONDUIT      0.48     0  00:30      0.40    0.03    0.15
  MH4429320>N853       CONDUIT      0.26     0  01:02      0.28    0.02    0.10
  N483>MH4429320       CONDUIT      0.06     0  00:00      0.24    0.00    0.07
  MH4448419>N328       CONDUIT     28.30     0  02:00      0.71    1.31    1.00
  MH4448345>MH4448419  CONDUIT     28.03     0  02:00      0.85    0.51    1.00
  MH4449118>MH4448345  CONDUIT      5.08     0  00:28      0.59    0.41    1.00
  N599>MH4448345       CONDUIT     23.86     0  00:22      0.81    1.02    1.00
  MH4447394>N599       CONDUIT     24.12     0  00:23      0.68    1.03    1.00
  N25>MH4447394        CONDUIT     14.22     0  00:24      0.93    1.02    1.00
  N578>MH4447394       CONDUIT      6.32     0  00:26      0.62    0.59    1.00
  N675>MH4447394       CONDUIT      3.94     0  00:30      0.56    0.28    1.00
  N693>N675            CONDUIT      3.61     0  00:47      0.65    0.26    1.00
  MH4448929>N693       CONDUIT      3.34     0  01:15      0.62    0.25    1.00
  N258>MH4448929       CONDUIT      3.03     0  01:19      0.62    0.22    1.00
  MH4447880>N258       CONDUIT      2.64     0  01:33      0.58    0.19    0.31
  N188>MH4447880       CONDUIT      1.55     0  01:31      0.43    0.11    0.26
  N656>MH4447880       CONDUIT      0.77     0  00:53      0.49    0.03    0.21
  N655>N656            CONDUIT      0.49     0  00:46      0.46    0.02    0.11
  N1003>N655           CONDUIT      0.23     0  01:15      0.15    0.06    0.15
  N397>N188            CONDUIT      1.38     0  01:39      0.48    0.10    0.22
  MH4429645>N397       CONDUIT      0.92     0  01:39      0.38    0.07    0.19
  MH4447602>MH4429645  CONDUIT      0.71     0  01:32      0.39    0.06    0.16
  N924>MH4429645       CONDUIT      0.07     0  00:01      0.30    0.00    0.11
  N22>MH4447602        CONDUIT      0.30     0  00:25      0.39    0.02    0.13
  MH4429499>N578       CONDUIT      6.01     0  00:30      0.61    0.56    1.00
  N43>MH4429499        CONDUIT      4.97     0  00:47      0.59    0.40    1.00
  N915>MH4429499       CONDUIT      0.69     0  00:07      0.71    0.02    1.00
  N688>N915            CONDUIT      0.51     0  00:02      0.69    0.02    0.10
  N687>N688            CONDUIT      0.14     0  00:06      0.37    0.00    0.07
  MH4429136>N43        CONDUIT      4.53     0  01:06      0.63    0.36    1.00
  N13>MH4429136        CONDUIT      3.58     0  01:22      0.90    0.17    0.92
  MH4429411>MH4429136  CONDUIT      0.52     0  00:46      0.50    0.02    0.84
  N644>MH4429136       CONDUIT      0.03     0  01:59      0.05    0.00    0.92
  MH4428606>N13        CONDUIT      3.12     0  00:59      0.86    0.14    0.27
  MH4428245>MH4428606  CONDUIT      2.18     0  00:45      0.77    0.07    0.22
  N779>MH4428606       CONDUIT      0.04     0  00:00      0.00    0.00    0.01
  MH4428800>MH4428606  CONDUIT      0.47     0  00:09      0.57    0.02    0.09
  MH4428426>MH4428245  CONDUIT      0.34     0  00:39      0.48    0.01    0.08
  MH4427849>MH4428245  CONDUIT      1.23     0  00:42      0.66    0.05    0.17
  N751>MH4427849       CONDUIT      0.36     0  00:21      0.51    0.01    0.12
  MH4428067>MH4427849  CONDUIT      0.29     0  00:27      0.49    0.01    0.07
  MH4429312>N25        CONDUIT     13.50     0  00:27      0.91    0.97    1.00
  N124>MH4429312       CONDUIT      1.15     0  00:46      0.71    0.05    1.00
  N327>MH4429312       CONDUIT     11.87     0  00:36      0.84    0.86    1.00
  MH4429013>N327       CONDUIT     11.58     0  00:43      0.87    0.84    1.00
  MH4428797>MH4429013  CONDUIT      1.42     0  00:39      0.88    0.05    1.00
  N954>MH4429013       CONDUIT      9.83     0  00:59      0.80    0.71    1.00
  MH4428636>N954       CONDUIT      9.51     0  00:59      0.84    0.69    1.00
  N168>MH4428636       CONDUIT      1.35     0  00:30      0.96    0.04    1.00
  N870>MH4428636       CONDUIT      7.83     0  00:56      0.84    0.40    1.00
  MH4428268>N870       CONDUIT      7.50     0  00:53      1.02    0.38    0.43
  N166>MH4428268       CONDUIT      4.83     0  00:41      0.86    0.17    0.35
  N566>MH4428268       CONDUIT      2.33     0  01:02      1.14    0.07    0.17
  MH4428026>N566       CONDUIT      2.12     0  00:51      1.07    0.06    0.17
  N113>MH4428026       CONDUIT      1.41     0  00:58      0.85    0.04    0.15
  N957>MH4428026       CONDUIT      0.43     0  00:31      0.61    0.01    0.08
  MH4427741>N113       CONDUIT      1.10     0  00:53      0.84    0.03    0.13
  MH4427425>MH4427741  CONDUIT      0.67     0  00:51      0.66    0.02    0.11
  MH4427659>MH4427741  CONDUIT      0.22     0  00:18      0.35    0.01    0.09
  N212>MH4427425       CONDUIT      0.15     0  00:01      0.46    0.01    0.08
  MH4427688>N166       CONDUIT      4.31     0  00:37      1.09    0.16    0.27
  N85>MH4427688        CONDUIT      1.47     0  00:36      0.96    0.04    0.14
  N857>MH4427688       CONDUIT      2.29     0  00:43      0.79    0.07    0.22
  MH4427312>N857       CONDUIT      1.96     0  01:05      0.99    0.06    0.17
  N647>MH4427312       CONDUIT      1.22     0  01:03      0.82    0.04    0.14
  N468>MH4427312       CONDUIT      0.42     0  00:20      0.58    0.02    0.12
  N467>N468            CONDUIT      0.08     0  00:02      0.49    0.00    0.06
  MH4426979>N647       CONDUIT      0.93     0  00:37      0.70    0.03    0.13
  N515>MH4426979       CONDUIT      0.60     0  00:33      0.50    0.03    0.12
  MH4426673>N515       CONDUIT      0.32     0  01:00      0.36    0.02    0.10
  MH4427309>N85        CONDUIT      1.08     0  00:26      0.84    0.03    0.13
  N275>MH4427309       CONDUIT      0.62     0  00:25      0.55    0.02    0.11
  N274>N275            CONDUIT      0.35     0  00:25      0.41    0.01    0.09
  MH4426971>N274       CONDUIT      0.17     0  00:22      0.31    0.01    0.07
  MH4428367>N168       CONDUIT      1.07     0  00:30      0.86    0.03    0.13
  N10>MH4428367        CONDUIT      0.73     0  00:27      0.72    0.02    0.11
  MH4428067>N10        CONDUIT      0.40     0  00:27      0.53    0.01    0.09
  N542>MH4428797       CONDUIT      0.14     0  00:15      0.47    0.00    0.05
  N816>MH4428797       CONDUIT      0.83     0  00:31      0.70    0.03    0.13
  MH4428426>N816       CONDUIT      0.47     0  00:39      0.54    0.01    0.10
  MH4429035>N124       CONDUIT      0.83     0  00:46      0.61    0.03    0.13
  MH4428800>MH4429035  CONDUIT      0.43     0  00:09      0.48    0.02    0.11
  MH4449704>MH4449118  CONDUIT      3.71     0  00:49      0.54    0.30    1.00
  N781>MH4449118       CONDUIT      0.52     0  00:32      0.51    0.02    1.00
  N1007>MH4449118      CONDUIT      0.41     0  00:08      0.52    0.02    1.00
  MH4449882>MH4449704  CONDUIT      0.81     0  01:09      0.18    0.24    1.00
  N552>MH4449704       CONDUIT      2.32     0  01:41      0.49    0.14    1.00
  N931>MH4449704       CONDUIT      0.47     0  00:14      0.47    0.02    1.00
  MH4449977>N552       CONDUIT      2.00     0  01:43      0.61    0.12    0.24
  MH4449503>MH4449977  CONDUIT      1.67     0  01:43      0.49    0.14    0.25
  MH4448813>MH4449503  CONDUIT      1.12     0  01:11      0.42    0.09    0.23
  MH4448392>MH4448813  CONDUIT      0.57     0  00:46      0.35    0.04    0.17
  N916>MH4448392       CONDUIT      0.18     0  00:15      0.28    0.01    0.10
  N829>MH4449882       CONDUIT      0.28     0  00:02      0.40    0.02    1.00
  MH4449866>N582       CONDUIT      0.47     0  00:25      0.51    0.02    0.11
  N976>MH4449866       CONDUIT      0.26     0  00:01      0.44    0.01    0.09
  N975>N976            CONDUIT      0.09     0  00:05      0.27    0.00    0.06
  MH4450193>OUT        CONDUIT     53.48     0  02:00      1.35    2.07    1.00
  
  
  ***************************
  Flow Classification Summary
  ***************************
  
  -------------------------------------------------------------------------------------
                      Adjusted    ---------- Fraction of Time in Flow Class ---------- 
                       /Actual         Up    Down  Sub   Sup   Up    Down  Norm  Inlet 
  Conduit               Length    Dry  Dry   Dry   Crit  Crit  Crit  Crit  Ltd   Ctrl  
  -------------------------------------------------------------------------------------
  N582>MH4450193          1.00   0.00  0.00  0.00  0.88  0.01  0.00  0.12  0.88  0.00
  N197>MH4450193          1.00   0.00  0.00  0.00  1.00  0.00  0.00  0.00  0.05  0.00
  MH4449785>N197          1.00   0.00  0.00  0.00  1.00  0.00  0.00  0.00  0.03  0.00
  MH4449173>MH4449785     1.00   0.00  0.00  0.00  1.00  0.00  0.00  0.00  0.05  0.00
  MH4449849>MH4449785     1.00   0.00  0.00  0.00  0.87  0.00  0.00  0.13  0.03  0.00
  N97>MH4449785           1.00   0.00  0.00  0.00  0.85  0.00  0.00  0.15  0.01  0.00
  MH4448853>N97           1.00   0.00  0.00  0.00  1.00  0.00  0.00  0.00  0.02  0.00
  N711>MH4448853          1.00   0.00  0.00  0.00  1.00  0.00  0.00  0.00  0.05  0.00
  MH4447452>N711          1.00   0.00  0.00  0.00  1.00  0.00  0.00  0.00  0.06  0.00
  MH8963773>MH4447452     1.00   0.00  0.00  0.00  1.00  0.00  0.00  0.00  0.05  0.00
  N379>MH8963773          1.00   0.00  0.00  0.00  0.90  0.00  0.00  0.09  0.67  0.00
  N265>MH8963773          1.00   0.00  0.00  0.00  1.00  0.00  0.00  0.00  0.16  0.00
  MH4429357>N265          1.00   0.00  0.00  0.00  1.00  0.00  0.00  0.00  0.27  0.00
  N325>MH4429357          1.00   0.00  0.00  0.00  0.98  0.02  0.00  0.00  0.00  0.00
  N460>MH4429357          1.00   0.00  0.00  0.00  1.00  0.00  0.00  0.00  0.38  0.00
  MH4428995>N460          1.00   0.00  0.00  0.00  1.00  0.00  0.00  0.00  0.61  0.00
  MH4428713>MH4428995     1.00   0.00  0.00  0.00  0.95  0.05  0.00  0.00  0.96  0.00
  MH4428765>MH4428713     1.00   0.00  0.00  0.00  0.00  0.00  0.00  1.00  0.00  0.00
  N660>MH4428713          1.00   0.00  0.00  0.00  0.97  0.03  0.00  0.00  0.99  0.00
  N659>N660               1.00   0.00  0.00  0.00  0.00  1.00  0.00  0.00  0.99  0.00
  N303>MH4428765          1.00   0.00  0.00  0.00  0.00  0.00  0.00  1.00  0.00  0.00
  MH4429107>N325          1.00   0.00  0.00  0.00  0.98  0.02  0.00  0.00  0.03  0.00
  MH4428836>MH4429107     1.00   0.00  0.00  0.00  0.97  0.03  0.00  0.00  0.47  0.00
  N914>MH4429107          1.00   0.00  0.00  0.00  0.95  0.05  0.00  0.00  0.08  0.00
  MH4428583>N914          1.00   0.00  0.00  0.00  0.97  0.03  0.00  0.00  0.40  0.00
  N842>MH4428583          1.00   0.00  0.00  0.00  0.45  0.55  0.00  0.00  0.98  0.00
  MH4428146>N842          1.00   0.00  0.00  0.00  0.00  1.00  0.00  0.00  0.98  0.00
  N695>MH4428146          1.00   0.00  0.00  0.00  1.00  0.00  0.00  0.00  1.00  0.00
  N978>N695               1.00   0.00  0.00  0.00  0.00  1.00  0.00  0.00  0.99  0.00
  N563>MH4428836          1.00   0.00  0.00  0.00  0.39  0.05  0.00  0.57  0.43  0.00
  N799>MH4428836          1.00   0.00  0.00  0.00  0.25  0.00  0.00  0.75  0.25  0.00
  N863>MH4428836          1.00   0.00  0.00  0.00  0.98  0.02  0.00  0.00  0.99  0.00
  N862>N863               1.00   0.00  0.00  0.00  1.00  0.00  0.00  0.00  1.00  0.00
  N562>N563               1.00   0.00  0.00  0.00  0.00  1.00  0.00  0.00  0.94  0.00
  MH4428188>N562          1.00   0.00  0.00  0.00  0.00  1.00  0.00  0.00  1.00  0.00
  MH4428137>MH4428188     1.00   0.00  0.00  0.00  0.01  0.99  0.00  0.00  1.00  0.00
  N722>MH4428137          1.00   0.00  0.00  0.00  0.00  1.00  0.00  0.00  0.96  0.00
  MH4427714>N722          1.00   0.00  0.00  0.00  0.00  1.00  0.00  0.00  0.99  0.00
  N492>MH4427714          1.00   0.00  0.00  0.00  0.00  1.00  0.00  0.00  0.99  0.00
  N491>N492               1.00   0.00  0.00  0.00  0.00  1.00  0.00  0.00  1.00  0.00
  MH4450167>MH4449849     1.00   0.00  0.00  0.00  0.94  0.06  0.00  0.00  0.16  0.00
  N702>MH4450167          1.00   0.00  0.00  0.00  0.00  0.00  0.00  1.00  0.00  0.00
  MH4450332>MH4450167     1.00   0.00  0.00  0.00  1.00  0.00  0.00  0.00  0.30  0.00
  N956>MH4450332          1.00   0.00  0.00  0.00  0.99  0.01  0.00  0.00  0.38  0.00
  MH4450180>MH4450332     1.00   0.00  0.00  0.00  0.67  0.00  0.00  0.33  0.09  0.00
  MH4450100>MH4450180     1.00   0.00  0.00  0.00  0.56  0.01  0.00  0.43  0.57  0.00
  N849>MH4450180          1.00   0.00  0.00  0.00  0.98  0.02  0.00  0.00  0.57  0.00
  MH4449860>MH4450100     1.00   0.00  0.00  0.00  0.00  1.00  0.00  0.00  0.00  0.00
  N272>MH4449860          1.00   0.00  0.00  0.00  0.99  0.01  0.00  0.00  0.99  0.00
  MH4449103>MH4449173     1.00   0.00  0.00  0.00  0.94  0.06  0.00  0.00  0.06  0.00
  N328>MH4449103          1.00   0.00  0.00  0.00  1.00  0.00  0.00  0.00  0.00  0.00
  N930>MH4449103          1.00   0.00  0.00  0.00  0.93  0.07  0.00  0.00  0.13  0.00
  MH4447726>N930          1.00   0.00  0.00  0.00  1.00  0.00  0.00  0.00  0.27  0.00
  MH4447128>MH4447726     1.00   0.00  0.00  0.00  0.98  0.02  0.00  0.00  0.59  0.00
  MH4447416>MH4447726     1.00   0.00  0.00  0.00  0.64  0.01  0.00  0.35  0.43  0.00
  N198>MH4447416          1.00   0.00  0.00  0.00  0.21  0.79  0.00  0.00  0.96  0.00
  MH4447346>N198          1.00   0.00  0.00  0.00  1.00  0.00  0.00  0.00  1.00  0.00
  N984>MH4447346          1.00   0.00  0.00  0.00  0.00  1.00  0.00  0.00  0.97  0.00
  MH4429471>MH4447128     1.00   0.00  0.00  0.00  0.33  0.00  0.00  0.67  0.33  0.00
  N676>MH4447128          1.00   0.00  0.00  0.00  0.99  0.01  0.00  0.00  0.99  0.00
  N853>MH4429471          1.00   0.00  0.00  0.00  0.96  0.04  0.00  0.00  0.98  0.00
  MH4429320>N853          1.00   0.00  0.00  0.00  1.00  0.00  0.00  0.00  1.00  0.00
  N483>MH4429320          1.00   0.00  0.00  0.00  0.99  0.01  0.00  0.00  0.99  0.00
  MH4448419>N328          1.00   0.00  0.00  0.00  1.00  0.00  0.00  0.00  0.01  0.00
  MH4448345>MH4448419     1.00   0.00  0.00  0.00  0.98  0.02  0.00  0.00  0.08  0.00
  MH4449118>MH4448345     1.00   0.00  0.00  0.00  0.93  0.07  0.00  0.00  0.16  0.00
  N599>MH4448345          1.00   0.00  0.00  0.00  1.00  0.00  0.00  0.00  0.00  0.00
  MH4447394>N599          1.00   0.00  0.00  0.00  1.00  0.00  0.00  0.00  0.01  0.00
  N25>MH4447394           1.00   0.00  0.00  0.00  0.83  0.00  0.00  0.17  0.01  0.00
  N578>MH4447394          1.00   0.00  0.00  0.00  0.89  0.00  0.00  0.11  0.10  0.00
  N675>MH4447394          1.00   0.00  0.00  0.00  0.92  0.01  0.00  0.08  0.17  0.00
  N693>N675               1.00   0.00  0.00  0.00  0.75  0.25  0.00  0.00  0.30  0.00
  MH4448929>N693          1.00   0.00  0.00  0.00  0.63  0.37  0.00  0.00  0.51  0.00
  N258>MH4448929          1.00   0.00  0.00  0.00  0.34  0.00  0.00  0.66  0.34  0.00
  MH4447880>N258          1.00   0.00  0.00  0.00  0.01  0.99  0.00  0.00  0.93  0.00
  N188>MH4447880          1.00   0.00  0.00  0.00  1.00  0.00  0.00  0.00  0.99  0.00
  N656>MH4447880          1.00   0.00  0.00  0.00  0.96  0.04  0.00  0.00  0.98  0.00
  N655>N656               1.00   0.00  0.00  0.00  0.00  1.00  0.00  0.00  0.99  0.00
  N1003>N655              1.00   0.00  0.00  0.00  1.00  0.00  0.00  0.00  0.00  0.00
  N397>N188               1.00   0.00  0.00  0.00  0.00  1.00  0.00  0.00  0.93  0.00
  MH4429645>N397          1.00   0.00  0.00  0.00  1.00  0.00  0.00  0.00  1.00  0.00
  MH4447602>MH4429645     1.00   0.00  0.00  0.00  0.00  0.00  0.00  1.00  0.00  0.00
  N924>MH4429645          1.00   0.00  0.00  0.00  0.99  0.01  0.00  0.00  0.99  0.00
  N22>MH4447602           1.00   0.00  0.00  0.00  0.97  0.03  0.00  0.00  0.98  0.00
  MH4429499>N578          1.00   0.00  0.00  0.00  0.98  0.02  0.00  0.00  0.15  0.00
  N43>MH4429499           1.00   0.00  0.00  0.00  1.00  0.00  0.00  0.00  0.38  0.00
  N915>MH4429499          1.00   0.00  0.00  0.00  0.91  0.02  0.00  0.06  0.94  0.00
  N688>N915               1.00   0.00  0.00  0.00  0.00  1.00  0.00  0.00  0.98  0.00
  N687>N688               1.00   0.00  0.00  0.00  0.98  0.02  0.00  0.00  1.00  0.00
  MH4429136>N43           1.00   0.00  0.00  0.00  0.95  0.05  0.00  0.00  0.55  0.00
  N13>MH4429136           1.00   0.00  0.00  0.00  0.25  0.07  0.00  0.69  0.31  0.00
  MH4429411>MH4429136     1.00   0.00  0.00  0.00  0.89  0.04  0.00  0.06  0.93  0.00
  N644>MH4429136          1.00   0.00  0.00  0.00  1.00  0.00  0.00  0.00  1.00  0.00
  MH4428606>N13           1.00   0.00  0.00  0.00  0.00  1.00  0.00  0.00  0.93  0.00
  MH4428245>MH4428606     1.00   0.00  0.00  0.00  0.00  1.00  0.00  0.00  0.98  0.00
  N779>MH4428606          1.00   0.00  0.00  0.00  0.00  0.93  0.00  0.07  0.93  0.00
  MH4428800>MH4428606     1.00   0.00  0.00  0.00  0.00  0.93  0.00  0.07  0.92  0.00
  MH4428426>MH4428245     1.00   0.00  0.00  0.00  0.00  0.00  0.00  1.00  0.00  0.00
  MH4427849>MH4428245     1.00   0.00  0.00  0.00  0.00  1.00  0.00  0.00  0.97  0.00
  N751>MH4427849          1.00   0.00  0.00  0.00  0.96  0.04  0.00  0.00  0.99  0.00
  MH4428067>MH4427849     1.00   0.00  0.00  0.00  0.00  0.00  0.00  1.00  0.00  0.00
  MH4429312>N25           1.00   0.00  0.00  0.00  0.90  0.10  0.00  0.00  0.09  0.00
  N124>MH4429312          1.00   0.00  0.00  0.00  0.92  0.01  0.00  0.06  0.94  0.00
  N327>MH4429312          1.00   0.00  0.00  0.00  0.97  0.03  0.00  0.00  0.24  0.00
  MH4429013>N327          1.00   0.00  0.00  0.00  0.93  0.07  0.00  0.00  0.25  0.00
  MH4428797>MH4429013     1.00   0.00  0.00  0.00  0.91  0.03  0.00  0.06  0.94  0.00
  N954>MH4429013          1.00   0.00  0.00  0.00  0.98  0.02  0.00  0.00  0.47  0.00
  MH4428636>N954          1.00   0.00  0.00  0.00  0.93  0.07  0.00  0.00  0.54  0.00
  N168>MH4428636          1.00   0.00  0.00  0.00  0.92  0.03  0.00  0.05  0.95  0.00
  N870>MH4428636          1.00   0.00  0.00  0.00  0.34  0.66  0.00  0.00  0.99  0.00
  MH4428268>N870          1.00   0.00  0.00  0.00  0.01  0.99  0.00  0.00  0.93  0.00
  N166>MH4428268          1.00   0.00  0.00  0.00  0.00  1.00  0.00  0.00  0.98  0.00
  N566>MH4428268          1.00   0.00  0.00  0.00  0.00  0.00  0.00  1.00  0.00  0.00
  MH4428026>N566          1.00   0.00  0.00  0.00  0.00  1.00  0.00  0.00  0.96  0.00
  N113>MH4428026          1.00   0.00  0.00  0.00  0.00  1.00  0.00  0.00  0.99  0.00
  N957>MH4428026          1.00   0.00  0.00  0.00  0.00  0.00  0.00  1.00  0.00  0.00
  MH4427741>N113          1.00   0.00  0.00  0.00  0.00  1.00  0.00  0.00  1.00  0.00
  MH4427425>MH4427741     1.00   0.00  0.00  0.00  0.00  0.00  0.00  1.00  0.00  0.00
  MH4427659>MH4427741     1.00   0.00  0.01  0.00  0.94  0.05  0.00  0.00  0.99  0.00
  N212>MH4427425          1.00   0.00  0.00  0.00  0.97  0.03  0.00  0.00  0.99  0.00
  MH4427688>N166          1.00   0.00  0.00  0.00  0.00  1.00  0.00  0.00  0.95  0.00
  N85>MH4427688           1.00   0.00  0.00  0.00  0.00  0.00  0.00  1.00  0.00  0.00
  N857>MH4427688          1.00   0.00  0.00  0.00  0.00  1.00  0.00  0.00  0.99  0.00
  MH4427312>N857          1.00   0.00  0.00  0.00  0.00  1.00  0.00  0.00  0.98  0.00
  N647>MH4427312          1.00   0.00  0.00  0.00  0.00  0.00  0.00  1.00  0.00  0.00
  N468>MH4427312          1.00   0.00  0.00  0.00  0.95  0.05  0.00  0.00  0.99  0.00
  N467>N468               1.00   0.00  0.00  0.00  0.99  0.01  0.00  0.00  1.00  0.00
  MH4426979>N647          1.00   0.00  0.00  0.00  0.00  1.00  0.00  0.00  0.97  0.00
  N515>MH4426979          1.00   0.00  0.00  0.00  0.00  1.00  0.00  0.00  0.96  0.00
  MH4426673>N515          1.00   0.00  0.00  0.00  0.00  1.00  0.00  0.00  0.99  0.00
  MH4427309>N85           1.00   0.00  0.00  0.00  0.00  1.00  0.00  0.00  0.97  0.00
  N275>MH4427309          1.00   0.00  0.00  0.00  0.00  1.00  0.00  0.00  0.98  0.00
  N274>N275               1.00   0.00  0.00  0.00  0.00  1.00  0.00  0.00  1.00  0.00
  MH4426971>N274          1.00   0.00  0.00  0.00  0.00  1.00  0.00  0.00  1.00  0.00
  MH4428367>N168          1.00   0.00  0.00  0.00  0.00  1.00  0.00  0.00  0.97  0.00
  N10>MH4428367           1.00   0.00  0.00  0.00  0.00  1.00  0.00  0.00  0.98  0.00
  MH4428067>N10           1.00   0.00  0.00  0.00  0.00  1.00  0.00  0.00  1.00  0.00
  N542>MH4428797          1.00   0.00  0.00  0.00  0.00  0.00  0.00  1.00  0.00  0.00
  N816>MH4428797          1.00   0.00  0.00  0.00  0.00  1.00  0.00  0.00  0.98  0.00
  MH4428426>N816          1.00   0.00  0.00  0.00  0.00  1.00  0.00  0.00  0.99  0.00
  MH4429035>N124          1.00   0.00  0.00  0.00  0.00  1.00  0.00  0.00  0.97  0.00
  MH4428800>MH4429035     1.00   0.00  0.00  0.00  0.00  1.00  0.00  0.00  0.98  0.00
  MH4449704>MH4449118     1.00   0.00  0.00  0.00  1.00  0.00  0.00  0.00  0.41  0.00
  N781>MH4449118          1.00   0.00  0.00  0.00  0.88  0.04  0.00  0.08  0.92  0.00
  N1007>MH4449118         1.00   0.00  0.00  0.00  0.89  0.04  0.00  0.07  0.93  0.00
  MH4449882>MH4449704     1.00   0.00  0.00  0.00  0.84  0.00  0.00  0.16  0.01  0.00
  N552>MH4449704          1.00   0.00  0.00  0.00  0.98  0.02  0.00  0.00  0.99  0.00
  N931>MH4449704          1.00   0.00  0.00  0.00  0.58  0.30  0.00  0.12  0.88  0.00
  MH4449977>N552          1.00   0.00  0.00  0.00  0.00  1.00  0.00  0.00  0.98  0.00
  MH4449503>MH4449977     1.00   0.00  0.00  0.00  0.00  0.00  0.00  1.00  0.00  0.00
  MH4448813>MH4449503     1.00   0.00  0.00  0.00  0.97  0.03  0.00  0.00  0.93  0.00
  MH4448392>MH4448813     1.00   0.00  0.00  0.00  0.98  0.02  0.00  0.00  0.98  0.00
  N916>MH4448392          1.00   0.00  0.00  0.00  0.99  0.01  0.00  0.00  0.99  0.00
  N829>MH4449882          1.00   0.00  0.00  0.00  0.98  0.02  0.00  0.00  0.91  0.00
  MH4449866>N582          1.00   0.00  0.00  0.00  0.00  1.00  0.00  0.00  0.98  0.00
  N976>MH4449866          1.00   0.00  0.00  0.00  0.00  1.00  0.00  0.00  0.98  0.00
  N975>N976               1.00   0.00  0.00  0.00  0.99  0.01  0.00  0.00  1.00  0.00
  MH4450193>OUT           1.00   0.00  0.00  0.00  1.00  0.00  0.00  0.00  0.00  0.00
  
  
  *************************
  Conduit Surcharge Summary
  *************************
  
  ----------------------------------------------------------------------------
                                                           Hours        Hours 
                         --------- Hours Full --------   Above Full   Capacity
  Conduit                Both Ends  Upstream  Dnstream   Normal Flow   Limited
  ----------------------------------------------------------------------------
  N582>MH4450193              0.01      0.01      1.65      0.01         0.01
  N197>MH4450193              1.65      1.67      1.65      1.70         1.67
  MH4449785>N197              1.67      1.70      1.67      1.71         1.69
  MH4449173>MH4449785         1.68      1.68      1.70      1.26         1.15
  MH4449849>MH4449785         1.64      1.64      1.69      0.01         0.01
  N97>MH4449785               1.62      1.62      1.66      0.01         0.01
  MH4448853>N97               1.58      1.58      1.62      0.01         0.01
  N711>MH4448853              1.53      1.53      1.58      0.01         0.01
  MH4447452>N711              1.45      1.45      1.53      0.01         0.01
  MH8963773>MH4447452         1.45      1.45      1.45      0.01         0.01
  N379>MH8963773              0.01      0.01      1.45      0.01         0.01
  N265>MH8963773              1.35      1.35      1.45      0.01         0.01
  MH4429357>N265              1.22      1.22      1.35      0.01         0.01
  N325>MH4429357              1.29      1.80      1.29      1.84         1.76
  N460>MH4429357              0.99      0.99      1.29      0.01         0.01
  MH4428995>N460              0.22      0.22      0.99      0.01         0.01
  MH4428713>MH4428995         0.01      0.01      0.22      0.01         0.01
  MH4429107>N325              1.80      1.82      1.80      1.86         1.82
  MH4428836>MH4429107         0.58      0.58      1.82      0.01         0.01
  N914>MH4429107              1.54      1.54      1.82      0.01         0.01
  MH4428583>N914              0.79      0.79      1.54      0.01         0.01
  N842>MH4428583              0.01      0.01      0.79      0.01         0.01
  N563>MH4428836              0.01      0.01      0.50      0.01         0.01
  N799>MH4428836              0.01      0.01      0.12      0.01         0.01
  N863>MH4428836              0.01      0.01      0.58      0.01         0.01
  MH4450167>MH4449849         1.43      1.43      1.64      0.01         0.01
  MH4450332>MH4450167         1.25      1.25      1.43      0.01         0.01
  N956>MH4450332              1.07      1.07      1.25      0.01         0.01
  MH4450180>MH4450332         1.03      1.03      1.21      0.01         0.01
  MH4450100>MH4450180         0.01      0.01      0.98      0.01         0.01
  N849>MH4450180              0.51      0.51      1.03      0.01         0.01
  MH4449103>MH4449173         1.64      1.64      1.68      0.01         0.01
  N328>MH4449103              1.64      1.64      1.64      1.71         1.55
  N930>MH4449103              1.53      1.53      1.67      0.01         0.01
  MH4447726>N930              1.20      1.20      1.53      0.01         0.01
  MH4447128>MH4447726         0.42      0.42      1.20      0.01         0.01
  MH4447416>MH4447726         0.01      0.01      1.17      0.01         0.01
  N198>MH4447416              0.01      0.01      0.01      0.01         0.01
  MH4429471>MH4447128         0.01      0.01      0.29      0.01         0.01
  N676>MH4447128              0.01      0.01      0.42      0.01         0.01
  MH4448419>N328              1.64      1.69      1.64      1.71         1.52
  MH4448345>MH4448419         1.62      1.62      1.69      0.01         0.01
  MH4449118>MH4448345         1.40      1.40      1.66      0.01         0.01
  N599>MH4448345              1.61      1.61      1.62      0.07         0.01
  MH4447394>N599              1.58      1.58      1.61      0.06         0.01
  N25>MH4447394               1.54      1.54      1.58      0.03         0.01
  N578>MH4447394              1.52      1.52      1.58      0.01         0.01
  N675>MH4447394              1.35      1.35      1.59      0.01         0.01
  N693>N675                   1.03      1.03      1.35      0.01         0.01
  MH4448929>N693              0.51      0.51      1.03      0.01         0.01
  N258>MH4448929              0.01      0.01      0.43      0.01         0.01
  MH4429499>N578              1.34      1.34      1.52      0.01         0.01
  N43>MH4429499               1.01      1.01      1.34      0.01         0.01
  N915>MH4429499              0.01      0.01      1.31      0.01         0.01
  MH4429136>N43               0.30      0.30      1.01      0.01         0.01
  N13>MH4429136               0.01      0.01      0.19      0.01         0.01
  MH4429411>MH4429136         0.01      0.01      0.19      0.01         0.01
  N644>MH4429136              0.01      0.01      0.30      0.01         0.01
  MH4429312>N25               1.47      1.47      1.54      0.01         0.01
  N124>MH4429312              0.01      0.01      1.43      0.01         0.01
  N327>MH4429312              1.32      1.32      1.47      0.01         0.01
  MH4429013>N327              1.14      1.14      1.32      0.01         0.01
  MH4428797>MH4429013         0.01      0.01      1.07      0.01         0.01
  N954>MH4429013              0.85      0.85      1.14      0.01         0.01
  MH4428636>N954              0.47      0.47      0.85      0.01         0.01
  N168>MH4428636              0.01      0.01      0.36      0.01         0.01
  N870>MH4428636              0.01      0.01      0.47      0.01         0.01
  MH4449704>MH4449118         0.90      0.90      1.40      0.01         0.01
  N781>MH4449118              0.01      0.01      1.37      0.01         0.01
  N1007>MH4449118             0.01      0.01      1.37      0.01         0.01
  MH4449882>MH4449704         0.84      0.84      0.85      0.01         0.01
  N552>MH4449704              0.01      0.01      0.90      0.01         0.01
  N931>MH4449704              0.01      0.01      0.85      0.01         0.01
  N829>MH4449882              0.01      0.01      0.84      0.01         0.01
  MH4450193>OUT               0.01      1.65      0.01      1.69         1.57
  

  Analysis begun on:  Thu Sep 24 16:17:12 2026
  Analysis ended on:  Thu Sep 24 16:17:26 2026
  Total elapsed time: 00:00:14