
  EPA STORM WATER MANAGEMENT MODEL - VERSION 5.2 (Build 5.2.4)
  PYSWMM TOOLKIT API - VERSION v1.0 (2026-02-26)
  ------------------------------------------------------------

  WARNING 08: elevation drop exceeds length for Conduit N779>MH4428606
  
  ****************
  Analysis Options
  ****************
  Flow Units ............... LPS
  Process Models:
    Rainfall/Runoff ........ NO
    RDII ................... NO
    Snowmelt ............... NO
    Groundwater ............ NO
    Flow Routing ........... YES
    Ponding Allowed ........ NO
    Water Quality .......... NO
  Flow Routing Method ...... DYNWAVE
  Surcharge Method ......... SLOT
  Starting Date ............ 01/01/2026 00:00:00
  Ending Date .............. 01/01/2026 08:00:00
  Antecedent Dry Days ...... 0.0
  Report Time Step ......... 00:00:10
  Routing Time Step ........ 0.50 sec
  Variable Time Step ....... YES
  Maximum Trials ........... 8
  Number of Threads ........ 1
  Head Tolerance ........... 0.001524 m
  
  
  **************************        Volume        Volume
  Flow Routing Continuity        hectare-m      10^6 ltr
  **************************     ---------     ---------
  Dry Weather Inflow .......         0.000         0.000
  Wet Weather Inflow .......         0.000         0.000
  Groundwater Inflow .......         0.000         0.000
  RDII Inflow ..............         0.000         0.000
  External Inflow ..........         0.118         1.175
  External Outflow .........         0.082         0.822
  Flooding Loss ............         0.020         0.197
  Evaporation Loss .........         0.000         0.000
  Exfiltration Loss ........         0.000         0.000
  Initial Stored Volume ....         0.000         0.001
  Final Stored Volume ......         0.015         0.149
  Continuity Error (%) .....         0.621
  
  
  *************************
  Highest Continuity Errors
  *************************
  Node MH4449882 (12.57%)
  Node MH4447346 (9.93%)
  Node N915 (7.71%)
  Node MH4447128 (6.53%)
  Node MH4449866 (6.02%)
  
  
  ***************************
  Time-Step Critical Elements
  ***************************
  Link N779>MH4428606 (98.56%)
  Link N644>MH4429136 (1.43%)
  
  
  ********************************
  Highest Flow Instability Indexes
  ********************************
  Link N644>MH4429136 (8)
  
  
  *********************************
  Most Frequent Nonconverging Nodes
  *********************************
  Node X385 (0.01%)
  Node OUT (0.01%)
  Node X570 (0.01%)
  Node X902 (0.01%)
  Node N197 (0.00%)
  
  
  *************************
  Routing Time Step Summary
  *************************
  Minimum Time Step           :     0.50 sec
  Average Time Step           :     0.50 sec
  Maximum Time Step           :     0.50 sec
  % of Time in Steady State   :     0.00
  Average Iterations per Step :     2.06
  % of Steps Not Converging   :     0.01
  Time Step Frequencies       :
      0.500 -  0.500 sec      :   100.00 %
      0.500 -  0.500 sec      :     0.00 %
      0.500 -  0.500 sec      :     0.00 %
      0.500 -  0.500 sec      :     0.00 %
      0.500 -  0.500 sec      :     0.00 %
  
  
  ******************
  Node Depth Summary
  ******************
  
  ---------------------------------------------------------------------------------
                                 Average  Maximum  Maximum  Time of Max    Reported
                                   Depth    Depth      HGL   Occurrence   Max Depth
  Node                 Type       Meters   Meters   Meters  days hr:min      Meters
  ---------------------------------------------------------------------------------
  N10                  JUNCTION     0.01     0.01    49.79     0  00:36        0.01
  N13                  JUNCTION     0.29     0.38    42.43     0  08:00        0.38
  N22                  JUNCTION     0.01     0.01    43.36     0  00:39        0.01
  N25                  JUNCTION     1.74     1.91    41.55     0  08:00        1.91
  N43                  JUNCTION     1.96     2.16    42.15     0  08:00        2.16
  N85                  JUNCTION     0.02     0.02    51.81     0  00:40        0.02
  N97                  JUNCTION     2.24     2.34    40.51     0  08:00        2.34
  N113                 JUNCTION     0.01     0.01    50.51     0  01:01        0.01
  N124                 JUNCTION     0.02     0.02    41.79     0  00:57        0.02
  N166                 JUNCTION     0.03     0.03    46.14     0  00:51        0.03
  N168                 JUNCTION     0.02     0.02    44.38     0  00:37        0.02
  N188                 JUNCTION     0.12     0.15    41.57     0  08:00        0.15
  N197                 JUNCTION     2.52     2.57    40.26     0  08:00        2.57
  N198                 JUNCTION     0.50     0.58    40.89     0  08:00        0.58
  N212                 JUNCTION     0.01     0.01    56.46     0  00:01        0.01
  N258                 JUNCTION     0.63     0.74    41.54     0  08:00        0.74
  N265                 JUNCTION     1.49     1.59    40.55     0  08:00        1.59
  N272                 JUNCTION     0.01     0.01    40.76     0  00:01        0.01
  N274                 JUNCTION     0.01     0.01    56.74     0  00:29        0.01
  N275                 JUNCTION     0.01     0.01    55.99     0  00:30        0.01
  N303                 JUNCTION     0.01     0.01    42.64     0  00:48        0.01
  N325                 JUNCTION     1.02     1.10    40.58     0  08:00        1.10
  N327                 JUNCTION     0.96     1.10    41.77     0  08:00        1.10
  N328                 JUNCTION     2.40     2.55    41.00     0  08:00        2.55
  N379                 JUNCTION     0.74     0.81    40.54     0  08:00        0.81
  N397                 JUNCTION     0.05     0.05    42.01     0  02:04        0.05
  N460                 JUNCTION     0.94     1.02    40.56     0  08:00        1.02
  N467                 JUNCTION     0.00     0.00    57.63     0  00:24        0.00
  N468                 JUNCTION     0.01     0.01    55.81     0  00:23        0.01
  N483                 JUNCTION     0.01     0.01    41.22     0  00:00        0.01
  N491                 JUNCTION     0.01     0.01    53.97     0  00:13        0.01
  N492                 JUNCTION     0.01     0.01    52.82     0  00:20        0.01
  N515                 JUNCTION     0.01     0.01    58.31     0  00:44        0.01
  N542                 JUNCTION     0.01     0.01    45.29     0  00:26        0.01
  N552                 JUNCTION     0.70     0.80    41.20     0  08:00        0.80
  N562                 JUNCTION     0.02     0.02    42.89     0  00:41        0.02
  N563                 JUNCTION     0.03     0.03    41.46     0  01:05        0.03
  N566                 JUNCTION     0.02     0.02    45.78     0  01:20        0.02
  N578                 JUNCTION     2.18     2.37    41.64     0  08:00        2.37
  N582                 JUNCTION     1.45     1.48    40.13     0  08:00        1.48
  N599                 JUNCTION     2.32     2.49    41.26     0  08:00        2.49
  N644                 JUNCTION     1.52     1.70    42.42     0  08:00        1.70
  N647                 JUNCTION     0.02     0.02    55.81     0  00:44        0.02
  N655                 JUNCTION     0.01     0.01    43.33     0  01:23        0.01
  N656                 JUNCTION     0.01     0.01    42.35     0  03:33        0.01
  N659                 JUNCTION     0.01     0.01    44.09     0  00:14        0.01
  N660                 JUNCTION     0.01     0.01    42.43     0  00:26        0.01
  N675                 JUNCTION     1.80     1.97    41.44     0  08:00        1.97
  N676                 JUNCTION     0.78     0.88    40.89     0  08:00        0.88
  N687                 JUNCTION     0.01     0.01    43.67     0  00:07        0.01
  N688                 JUNCTION     0.01     0.01    43.01     0  00:02        0.01
  N693                 JUNCTION     1.44     1.60    41.47     0  08:00        1.60
  N695                 JUNCTION     0.01     0.01    47.88     0  00:25        0.01
  N702                 JUNCTION     0.06     0.07    40.35     0  08:00        0.07
  N711                 JUNCTION     1.89     1.99    40.53     0  08:00        1.99
  N722                 JUNCTION     0.02     0.02    46.68     0  00:35        0.02
  N751                 JUNCTION     0.01     0.01    52.37     0  00:25        0.01
  N779                 JUNCTION     0.00     0.00    44.72     0  00:00        0.00
  N781                 JUNCTION     0.37     0.44    41.18     0  08:00        0.44
  N799                 JUNCTION     0.01     0.01    40.99     0  02:05        0.01
  N816                 JUNCTION     0.01     0.01    46.54     0  00:40        0.01
  N829                 JUNCTION     0.74     0.85    41.19     0  08:00        0.85
  N842                 JUNCTION     0.02     0.02    42.99     0  00:37        0.02
  N849                 JUNCTION     1.00     1.05    40.29     0  00:39        1.05
  N853                 JUNCTION     0.03     0.05    40.90     0  08:00        0.05
  N857                 JUNCTION     0.02     0.02    51.40     0  00:53        0.02
  N862                 JUNCTION     0.01     0.01    41.63     0  00:23        0.01
  N863                 JUNCTION     0.01     0.01    41.51     0  00:26        0.01
  N870                 JUNCTION     0.05     0.05    42.86     0  01:22        0.05
  N914                 JUNCTION     0.23     0.27    40.62     0  08:00        0.27
  N915                 JUNCTION     0.76     0.89    41.89     0  08:00        0.89
  N916                 JUNCTION     0.01     0.01    42.99     0  00:15        0.01
  N924                 JUNCTION     0.03     0.04    42.40     0  00:00        0.04
  N930                 JUNCTION     1.99     2.12    40.89     0  08:00        2.12
  N931                 JUNCTION     0.14     0.18    41.19     0  08:00        0.18
  N954                 JUNCTION     0.30     0.37    41.91     0  08:00        0.37
  N956                 JUNCTION     1.28     1.34    40.29     0  00:39        1.34
  N957                 JUNCTION     0.01     0.01    50.57     0  00:38        0.01
  N975                 JUNCTION     0.01     0.01    40.16     0  00:08        0.01
  N976                 JUNCTION     0.16     0.17    40.13     0  08:00        0.17
  N978                 JUNCTION     0.01     0.01    51.14     0  00:22        0.01
  N984                 JUNCTION     0.01     0.01    41.10     0  00:02        0.01
  N1003                JUNCTION     0.02     0.02    43.36     0  01:03        0.02
  N1007                JUNCTION     0.40     0.48    41.18     0  08:00        0.48
  MH4428367            STORAGE      0.01     0.01    47.08     0  00:36        0.01
  MH4428606            STORAGE      0.03     0.03    43.59     0  02:45        0.03
  MH4447602            STORAGE      0.02     0.02    42.68     0  01:54        0.02
  MH4429312            STORAGE      1.26     1.41    41.69     0  08:00        1.41
  MH4429136            STORAGE      1.78     1.97    42.42     0  08:00        1.97
  MH4448345            STORAGE      2.34     2.51    41.17     0  08:00        2.51
  MH4448419            STORAGE      2.42     2.58    41.15     0  08:00        2.58
  MH4427688            STORAGE      0.03     0.03    48.70     0  00:47        0.03
  MH4448853            STORAGE      2.07     2.17    40.52     0  08:00        2.17
  MH4428026            STORAGE      0.02     0.02    48.11     0  01:11        0.02
  MH4429035            STORAGE      0.01     0.01    43.31     0  00:57        0.01
  MH4449704            STORAGE      1.33     1.48    41.19     0  08:00        1.48
  MH4449118            STORAGE      1.83     1.99    41.18     0  08:00        1.99
  MH4447128            STORAGE      1.06     1.17    40.89     0  08:00        1.17
  MH4447726            STORAGE      1.59     1.72    40.89     0  08:00        1.72
  MH4428268            STORAGE      0.05     0.05    43.73     0  01:13        0.05
  MH4428636            STORAGE      0.06     0.06    42.02     0  01:54        0.06
  MH4447880            STORAGE      0.30     0.37    41.56     0  08:00        0.37
  MH4449785            STORAGE      2.48     2.58    40.50     0  08:00        2.58
  MH4447416            STORAGE      0.95     1.05    40.89     0  08:00        1.05
  MH4427425            STORAGE      0.01     0.01    55.81     0  01:06        0.01
  MH4449173            STORAGE      2.45     2.59    40.84     0  08:00        2.59
  MH4428713            STORAGE      0.02     0.02    40.66     0  00:54        0.02
  MH4428995            STORAGE      0.65     0.72    40.56     0  08:00        0.72
  MH4429357            STORAGE      1.23     1.32    40.56     0  08:00        1.32
  MH4449860            STORAGE      0.01     0.01    40.56     0  00:55        0.01
  MH4428765            STORAGE      0.01     0.01    40.85     0  00:50        0.01
  MH4429013            STORAGE      0.62     0.73    41.85     0  08:00        0.73
  MH8963773            STORAGE      1.68     1.78    40.54     0  08:00        1.78
  MH4426971            STORAGE      0.01     0.01    57.44     0  00:27        0.01
  MH4429645            STORAGE      0.04     0.04    42.21     0  01:54        0.04
  MH4449103            STORAGE      2.38     2.52    40.88     0  08:00        2.52
  MH4449849            STORAGE      2.21     2.30    40.47     0  08:00        2.30
  MH4447394            STORAGE      2.29     2.47    41.41     0  08:00        2.47
  MH4428426            STORAGE      0.01     0.01    49.22     0  00:34        0.01
  MH4428245            STORAGE      0.02     0.02    47.76     0  00:56        0.02
  MH4449882            STORAGE      1.28     1.42    41.19     0  08:00        1.42
  MH4429320            STORAGE      0.01     0.01    41.13     0  00:32        0.01
  MH4426673            STORAGE      0.01     0.01    59.15     0  00:39        0.01
  MH4428836            STORAGE      0.13     0.16    40.63     0  08:00        0.16
  MH4429107            STORAGE      0.78     0.85    40.61     0  08:00        0.85
  MH4448392            STORAGE      0.02     0.02    42.78     0  00:54        0.02
  MH4448813            STORAGE      0.02     0.02    42.19     0  01:18        0.02
  MH4427309            STORAGE      0.01     0.01    54.82     0  07:59        0.01
  MH4428797            STORAGE      0.02     0.02    44.06     0  01:27        0.02
  MH4449977            STORAGE      0.09     0.12    41.20     0  08:00        0.12
  MH4450193            STORAGE      2.53     2.56    40.13     0  08:00        2.56
  MH4428800            STORAGE      0.01     0.01    45.26     0  00:39        0.01
  MH4429411            STORAGE      0.16     0.22    42.42     0  08:00        0.22
  MH4427312            STORAGE      0.02     0.02    54.04     0  00:53        0.02
  MH4450100            STORAGE      0.01     0.01    40.33     0  00:55        0.01
  MH4450180            STORAGE      1.26     1.32    40.29     0  00:39        1.32
  MH4429471            STORAGE      0.44     0.51    40.90     0  08:00        0.51
  MH4429499            STORAGE      2.14     2.34    41.89     0  08:00        2.34
  MH4428146            STORAGE      0.02     0.02    45.05     0  00:36        0.02
  MH4450167            STORAGE      1.66     1.73    40.35     0  08:00        1.73
  MH4427714            STORAGE      0.01     0.01    49.74     0  00:35        0.01
  MH4450332            STORAGE      1.45     1.51    40.29     0  00:39        1.51
  MH4426979            STORAGE      0.01     0.01    57.48     0  00:51        0.01
  MH4427849            STORAGE      0.02     0.02    50.28     0  00:52        0.02
  MH4447346            STORAGE      0.33     0.39    40.89     0  08:00        0.39
  MH4427659            STORAGE      0.01     0.01    54.08     0  00:23        0.01
  MH4428583            STORAGE      0.03     0.03    41.00     0  01:19        0.03
  MH4427741            STORAGE      0.01     0.01    52.40     0  01:06        0.01
  MH4428137            STORAGE      0.02     0.02    44.44     0  00:38        0.02
  MH4449866            STORAGE      0.65     0.68    40.13     0  08:00        0.68
  MH4448929            STORAGE      1.10     1.24    41.50     0  08:00        1.24
  MH4428067            STORAGE      0.01     0.01    52.16     0  00:36        0.01
  MH4449503            STORAGE      0.03     0.03    41.67     0  01:58        0.03
  MH4428188            STORAGE      0.02     0.02    43.95     0  00:36        0.02
  MH4447452            STORAGE      1.70     1.80    40.54     0  08:00        1.80
  X385                 OUTFALL      0.01     0.01    57.02     0  00:27        0.01
  OUT                  OUTFALL      2.55     2.55    39.98     0  00:00        2.55
  X570                 OUTFALL      0.01     0.01    53.31     0  00:00        0.01
  X902                 OUTFALL      0.00     0.00    58.33     0  00:39        0.00
  
  
  *******************
  Node Inflow Summary
  *******************
  
  -------------------------------------------------------------------------------------------------
                                  Maximum  Maximum                  Lateral       Total        Flow
                                  Lateral    Total  Time of Max      Inflow      Inflow     Balance
                                   Inflow   Inflow   Occurrence      Volume      Volume       Error
  Node                 Type           LPS      LPS  days hr:min    10^6 ltr    10^6 ltr     Percent
  -------------------------------------------------------------------------------------------------
  N10                  JUNCTION      0.20     0.42     0  00:36     0.00576      0.0122       0.221
  N13                  JUNCTION      0.23     2.02     0  01:04     0.00676      0.0577       2.624
  N22                  JUNCTION      0.14     0.14     0  00:00     0.00396     0.00396       0.303
  N25                  JUNCTION      0.29     7.76     0  08:00     0.00834       0.213       0.798
  N43                  JUNCTION      0.24    11.42     0  08:00     0.00699       0.321       0.453
  N85                  JUNCTION      0.21     0.82     0  00:32     0.00596      0.0236       0.394
  N97                  JUNCTION      0.14    24.89     0  00:03     0.00416       0.198       1.427
  N113                 JUNCTION      0.19     0.66     0  01:00     0.00535       0.019       0.165
  N124                 JUNCTION      0.20     0.66     0  00:57     0.00564      0.0189       0.440
  N166                 JUNCTION      0.31     2.73     0  00:47     0.00901      0.0778       0.265
  N168                 JUNCTION      0.16     0.78     0  00:36     0.00458      0.0225       0.279
  N188                 JUNCTION      0.09     3.08     0  02:03     0.00267      0.0881       0.892
  N197                 JUNCTION      0.17    74.70     0  00:00     0.00489        0.85       0.322
  N198                 JUNCTION      0.17     1.12     0  00:48     0.00497      0.0117       3.426
  N212                 JUNCTION      0.09     0.09     0  00:00     0.00256     0.00256       0.086
  N258                 JUNCTION      0.22     3.91     0  01:02     0.00629        0.11       1.105
  N265                 JUNCTION      0.23    18.66     0  00:15     0.00676       0.155       2.144
  N272                 JUNCTION      0.09     0.09     0  00:00     0.00256     0.00256       0.083
  N274                 JUNCTION      0.11     0.17     0  00:27     0.00304     0.00477       0.204
  N275                 JUNCTION      0.15     0.32     0  00:29     0.00443     0.00919       0.228
  N303                 JUNCTION      0.25     0.25     0  00:00     0.00729     0.00729       0.472
  N325                 JUNCTION      0.13     8.91     0  00:19     0.00372       0.106       0.923
  N327                 JUNCTION      0.15     6.54     0  00:40     0.00444       0.182       0.583
  N328                 JUNCTION      0.18    27.81     0  08:00     0.00511       0.741       0.299
  N379                 JUNCTION      0.16     3.40     0  00:21     0.00471     0.00506       6.451
  N397                 JUNCTION      0.28     2.98     0  01:54     0.00806      0.0857       0.241
  N460                 JUNCTION      0.19     8.62     0  00:20     0.00551       0.036       3.510
  N467                 JUNCTION      0.05     0.05     0  00:00     0.00145     0.00145       0.028
  N468                 JUNCTION      0.19     0.24     0  00:03     0.00537     0.00682       0.209
  N483                 JUNCTION      0.06     0.06     0  00:00     0.00179     0.00179       0.064
  N491                 JUNCTION      0.12     0.12     0  00:00     0.00346     0.00346       0.078
  N492                 JUNCTION      0.21     0.33     0  00:09     0.00605     0.00951       0.207
  N515                 JUNCTION      0.14     0.32     0  00:39     0.00404     0.00914       0.365
  N542                 JUNCTION      0.07     0.07     0  00:00      0.0021      0.0021       0.192
  N552                 JUNCTION      0.16     3.18     0  00:36     0.00464      0.0358       3.132
  N562                 JUNCTION      0.30     1.27     0  00:36     0.00855      0.0363       0.318
  N563                 JUNCTION      0.17     1.44     0  00:39     0.00494      0.0411       0.430
  N566                 JUNCTION      0.10     1.20     0  01:11     0.00301      0.0342       0.216
  N578                 JUNCTION      0.17    12.16     0  08:00     0.00479       0.337       0.485
  N582                 JUNCTION      0.13    17.20     0  00:01     0.00365      0.0126       5.936
  N599                 JUNCTION      0.15    26.59     0  00:11     0.00436        0.67       0.383
  N644                 JUNCTION      8.64     8.64     0  00:00       0.249       0.249       0.002
  N647                 JUNCTION      0.16     0.68     0  00:51     0.00448      0.0194       0.344
  N655                 JUNCTION      0.19     0.29     0  01:05     0.00546     0.00839       0.259
  N656                 JUNCTION      0.14     0.43     0  01:02     0.00407      0.0124       0.286
  N659                 JUNCTION      0.14     0.14     0  00:00     0.00398     0.00398       0.145
  N660                 JUNCTION      0.14     0.28     0  00:14     0.00417     0.00814       0.253
  N675                 JUNCTION      0.17     5.43     0  00:21     0.00475       0.119       0.936
  N676                 JUNCTION      0.09     1.03     0  00:27     0.00245     0.00259       5.502
  N687                 JUNCTION      0.10     0.10     0  00:00     0.00274     0.00274       0.075
  N688                 JUNCTION      0.22     0.31     0  00:07     0.00623     0.00897       0.195
  N693                 JUNCTION      0.14     6.73     0  00:20     0.00408       0.115       0.888
  N695                 JUNCTION      0.17     0.44     0  00:14     0.00497      0.0127       0.251
  N702                 JUNCTION      0.11     0.14     0  00:39     0.00316     0.00316       2.725
  N711                 JUNCTION      0.27    17.26     0  00:15      0.0077       0.181       1.849
  N722                 JUNCTION      0.19     0.74     0  00:34     0.00546      0.0211       0.223
  N751                 JUNCTION      0.18     0.18     0  00:00     0.00517     0.00517       0.223
  N779                 JUNCTION      0.14     0.14     0  00:00     0.00412     0.00412      -0.000
  N781                 JUNCTION      0.31     0.66     0  00:53     0.00886     0.00897       4.880
  N799                 JUNCTION      0.17     0.17     0  00:00     0.00487     0.00487       0.928
  N816                 JUNCTION      0.20     0.47     0  00:34      0.0058      0.0136       0.290
  N829                 JUNCTION      0.14     1.30     0  00:34     0.00399     0.00415       6.200
  N842                 JUNCTION      0.25     0.93     0  00:36     0.00728      0.0266       0.287
  N849                 JUNCTION      0.08     2.35     0  00:15     0.00222     0.00239       5.364
  N853                 JUNCTION      0.17     0.34     0  00:32     0.00486     0.00975       0.998
  N857                 JUNCTION      0.18     1.26     0  00:45     0.00506       0.036       0.205
  N862                 JUNCTION      0.06     0.06     0  00:00     0.00169     0.00169       0.104
  N863                 JUNCTION      0.17     0.23     0  00:10     0.00481      0.0065       0.207
  N870                 JUNCTION      0.18     4.28     0  01:04     0.00516       0.122       0.205
  N914                 JUNCTION      0.26     1.46     0  00:59     0.00746      0.0418       3.396
  N915                 JUNCTION      0.09     1.74     0  00:40     0.00254      0.0121       8.351
  N916                 JUNCTION      0.11     0.11     0  00:00     0.00324     0.00324       0.158
  N924                 JUNCTION      2.29     2.29     0  00:00       0.066       0.066       0.025
  N930                 JUNCTION      0.23     8.24     0  00:11     0.00664      0.0552       2.438
  N931                 JUNCTION      0.25     0.25     0  00:00     0.00724     0.00724       5.583
  N954                 JUNCTION      0.15     5.40     0  01:09     0.00437       0.153       0.639
  N956                 JUNCTION      0.05     2.34     0  00:11     0.00154     0.00167       8.479
  N957                 JUNCTION      0.26     0.26     0  00:00     0.00736     0.00736       0.384
  N975                 JUNCTION      0.06     0.06     0  00:00     0.00181     0.00181       0.057
  N976                 JUNCTION      0.09     0.62     0  00:23     0.00255     0.00441       4.924
  N978                 JUNCTION      0.27     0.27     0  00:00      0.0077      0.0077       0.146
  N984                 JUNCTION      0.20     0.20     0  00:00      0.0059      0.0059       0.205
  N1003                JUNCTION      0.10     0.10     0  00:00     0.00295     0.00295       0.636
  N1007                JUNCTION      0.25     0.56     0  00:52     0.00715     0.00723       4.506
  MH4428367            STORAGE       0.20     0.62     0  00:33     0.00576      0.0179       0.217
  MH4428606            STORAGE       0.24     1.79     0  01:01     0.00693      0.0512       0.408
  MH4447602            STORAGE       0.20     0.34     0  00:39     0.00578     0.00973       1.052
  MH4429312            STORAGE       0.27     7.47     0  08:00     0.00773       0.208       0.937
  MH4429136            STORAGE       0.24    13.43     0  00:24     0.00703       0.319       0.976
  MH4448345            STORAGE       0.02    27.44     0  08:00    0.000477        0.74       0.336
  MH4448419            STORAGE       0.19    27.63     0  08:00     0.00549       0.736       0.158
  MH4427688            STORAGE       0.34     2.41     0  00:45     0.00968       0.069       0.235
  MH4448853            STORAGE       0.28    21.91     0  00:05       0.008       0.193       1.570
  MH4428026            STORAGE       0.17     1.09     0  01:01     0.00494      0.0313       0.161
  MH4429035            STORAGE       0.22     0.46     0  00:39     0.00621      0.0133       0.417
  MH4449704            STORAGE       0.21     7.65     0  00:24     0.00615      0.0571       5.063
  MH4449118            STORAGE       0.23    11.22     0  00:18     0.00659      0.0793       4.909
  MH4447128            STORAGE       0.28     5.18     0  00:20     0.00817      0.0284       6.985
  MH4447726            STORAGE       0.23     8.37     0  00:16     0.00669      0.0503       4.825
  MH4428268            STORAGE       0.18     4.10     0  01:21     0.00524       0.117       0.246
  MH4428636            STORAGE       0.18     5.25     0  01:21     0.00515       0.149       0.248
  MH4447880            STORAGE       0.18     3.69     0  01:48     0.00522       0.105       1.226
  MH4449785            STORAGE       0.22    54.20     0  00:02     0.00629        1.02       0.591
  MH4447416            STORAGE       0.15     2.64     0  00:25     0.00427      0.0162       5.576
  MH4427425            STORAGE       0.28     0.37     0  00:01     0.00801      0.0106       0.586
  MH4449173            STORAGE       0.32    30.14     0  08:00     0.00935       0.801       0.208
  MH4428713            STORAGE       0.25     0.83     0  00:50     0.00724      0.0238       0.449
  MH4428995            STORAGE       0.22     4.51     0  00:27     0.00626      0.0309       5.031
  MH4429357            STORAGE       0.26    19.04     0  00:17     0.00748       0.149       1.731
  MH4449860            STORAGE       0.10     0.20     0  00:01     0.00293     0.00549       0.416
  MH4428765            STORAGE       0.04     0.29     0  00:48     0.00121     0.00846       0.167
  MH4429013            STORAGE       0.16     6.39     0  01:06     0.00473        0.18       1.103
  MH8963773            STORAGE       0.03    17.06     0  00:13    0.000747       0.163       1.853
  MH4426971            STORAGE       0.10     0.10     0  00:00     0.00287     0.00287       0.213
  MH4429645            STORAGE       0.07     2.70     0  01:54     0.00211      0.0777       0.107
  MH4449103            STORAGE       0.02    29.82     0  08:00    0.000705       0.795       0.281
  MH4449849            STORAGE       0.06    12.67     0  00:03     0.00168       0.182       0.740
  MH4447394            STORAGE       0.21    28.93     0  00:12     0.00614       0.671       0.472
  MH4428426            STORAGE       0.47     0.47     0  00:00      0.0135      0.0135       0.309
  MH4428245            STORAGE       0.31     1.14     0  00:52     0.00882      0.0326       0.427
  MH4449882            STORAGE       0.10     4.12     0  00:25     0.00291     0.00838      14.383
  MH4429320            STORAGE       0.11     0.17     0  00:01     0.00312      0.0049       0.185
  MH4426673            STORAGE       0.19     0.19     0  00:00     0.00559     0.00559       0.267
  MH4428836            STORAGE       0.29     2.13     0  01:18     0.00842      0.0607       2.007
  MH4429107            STORAGE       0.14     8.48     0  00:23      0.0039       0.105       2.608
  MH4448392            STORAGE       0.22     0.34     0  00:15     0.00646     0.00969       0.402
  MH4448813            STORAGE       0.30     0.63     0  00:54     0.00852      0.0182       0.697
  MH4427309            STORAGE       0.29     0.61     0  00:29     0.00847      0.0176       0.231
  MH4428797            STORAGE       0.28     0.82     0  00:40     0.00799      0.0236       0.436
  MH4449977            STORAGE       0.16     1.13     0  02:19     0.00472      0.0314       1.683
  MH4450193            STORAGE       0.11   109.84     0  00:00     0.00329        0.87       0.277
  MH4428800            STORAGE       0.52     0.52     0  00:00      0.0149      0.0149       0.341
  MH4429411            STORAGE       0.27     0.27     0  00:00     0.00768     0.00768       5.967
  MH4427312            STORAGE       0.17     1.08     0  00:53     0.00487       0.031       0.209
  MH4450100            STORAGE       0.05     0.24     0  00:55     0.00141     0.00686       0.230
  MH4450180            STORAGE       0.09     5.42     0  00:13     0.00261      0.0132       6.302
  MH4429471            STORAGE       0.25     1.91     0  00:43     0.00719      0.0173       5.903
  MH4429499            STORAGE       0.18    12.00     0  08:00     0.00518       0.336       0.579
  MH4428146            STORAGE       0.23     0.67     0  00:25     0.00673      0.0194       0.290
  MH4450167            STORAGE       0.24     7.61     0  00:15     0.00699       0.189       0.758
  MH4427714            STORAGE       0.22     0.55     0  00:20     0.00625      0.0157       0.290
  MH4450332            STORAGE       0.09     7.83     0  08:00     0.00272       0.201       0.389
  MH4426979            STORAGE       0.20     0.52     0  00:44     0.00584      0.0149       0.243
  MH4427849            STORAGE       0.29     0.63     0  00:36      0.0083      0.0182       0.466
  MH4447346            STORAGE       0.04     1.29     0  00:47     0.00105     0.00737      11.027
  MH4427659            STORAGE       0.14     0.14     0  00:00     0.00405     0.00405       0.133
  MH4428583            STORAGE       0.28     1.21     0  00:36     0.00804      0.0345       0.484
  MH4427741            STORAGE       0.11     0.48     0  01:06     0.00319      0.0137       0.147
  MH4428137            STORAGE       0.03     0.76     0  00:35    0.000731      0.0218       0.127
  MH4449866            STORAGE       0.13     8.75     0  00:01     0.00383     0.00881       6.403
  MH4448929            STORAGE       0.16     4.49     0  00:32     0.00471       0.113       0.882
  MH4428067            STORAGE       0.39     0.39     0  00:00      0.0112      0.0112       0.277
  MH4449503            STORAGE       0.31     0.95     0  01:18     0.00903       0.027       1.100
  MH4428188            STORAGE       0.21     0.97     0  00:36     0.00605      0.0278       0.178
  MH4447452            STORAGE       0.29    17.43     0  00:15     0.00827       0.172       0.739
  X385                 OUTFALL       0.00     0.04     0  00:27           0     0.00113       0.000
  OUT                  OUTFALL       0.00   109.72     0  00:00           0       0.869       0.000
  X570                 OUTFALL       0.00     0.14     0  00:23           0     0.00403       0.000
  X902                 OUTFALL       0.00     0.02     0  00:39           0    0.000469       0.000
  
  
  **********************
  Node Surcharge Summary
  **********************
  
  Surcharging occurs when water rises above the top of the highest conduit.
  ---------------------------------------------------------------------
                                               Max. Height   Min. Depth
                                   Hours       Above Crown    Below Rim
  Node                 Type      Surcharged         Meters       Meters
  ---------------------------------------------------------------------
  N13                  JUNCTION        6.45          0.225        3.754
  N25                  JUNCTION        7.69          1.760        2.882
  N43                  JUNCTION        7.72          2.008        2.443
  N97                  JUNCTION        7.93          2.112        1.569
  N188                 JUNCTION        2.98          0.001        2.527
  N197                 JUNCTION        7.98          2.348        1.677
  N198                 JUNCTION        7.30          0.427        1.672
  N258                 JUNCTION        7.22          0.591        2.234
  N265                 JUNCTION        7.73          1.365        0.582
  N325                 JUNCTION        7.67          0.954        0.953
  N327                 JUNCTION        7.40          0.955        2.396
  N328                 JUNCTION        7.86          2.328        1.669
  N379                 JUNCTION        7.63          0.663        1.289
  N460                 JUNCTION        7.65          0.872        0.882
  N552                 JUNCTION        7.35          0.654        2.220
  N578                 JUNCTION        7.78          2.222        2.458
  N582                 JUNCTION        7.98          1.332        1.839
  N599                 JUNCTION        7.81          2.268        1.690
  N644                 JUNCTION        7.55          1.553        2.531
  N675                 JUNCTION        7.73          1.819        2.065
  N676                 JUNCTION        7.50          0.734        1.131
  N693                 JUNCTION        7.65          1.451        2.022
  N711                 JUNCTION        7.84          1.768        1.478
  N781                 JUNCTION        6.98          0.295        1.622
  N829                 JUNCTION        7.38          0.705        1.368
  N849                 JUNCTION        7.73          0.903        0.903
  N914                 JUNCTION        6.87          0.116        1.603
  N915                 JUNCTION        7.30          0.740        2.137
  N930                 JUNCTION        7.81          1.974        2.085
  N931                 JUNCTION        5.37          0.035        2.430
  N954                 JUNCTION        6.56          0.224        3.289
  N956                 JUNCTION        7.78          1.190        0.000
  N976                 JUNCTION        6.78          0.022        1.836
  N1007                JUNCTION        7.04          0.334        1.694
  
  
  *********************
  Node Flooding Summary
  *********************
  
  Flooding refers to all water that overflows a node, whether it ponds or not.
  --------------------------------------------------------------------------
                                                             Total   Maximum
                                 Maximum   Time of Max       Flood    Ponded
                        Hours       Rate    Occurrence      Volume     Depth
  Node                 Flooded       LPS   days hr:min    10^6 ltr    Meters
  --------------------------------------------------------------------------
  MH4450332               7.35      7.83      0  08:00       0.197     0.000
  
  
  **********************
  Storage Volume Summary
  **********************
  
  ------------------------------------------------------------------------------------------------
                         Average    Avg   Evap  Exfil     Maximum    Max    Time of Max    Maximum
                          Volume   Pcnt   Pcnt   Pcnt      Volume   Pcnt     Occurrence    Outflow
  Storage Unit           1000 m³   Full   Loss   Loss     1000 m³   Full    days hr:min        LPS
  ------------------------------------------------------------------------------------------------
  MH4428367                0.000    0.4    0.0    0.0       0.000    0.4       0  00:36       0.62
  MH4428606                0.000    0.6    0.0    0.0       0.000    0.6       0  02:45       1.79
  MH4447602                0.000    0.7    0.0    0.0       0.000    0.7       0  01:54       0.34
  MH4429312                0.001   36.6    0.0    0.0       0.001   41.3       0  08:00       7.47
  MH4429136                0.002   39.5    0.0    0.0       0.002   43.8       0  08:00      11.18
  MH4448345                0.002   55.5    0.0    0.0       0.002   59.5       0  08:00      27.44
  MH4448419                0.002   56.6    0.0    0.0       0.002   60.5       0  08:00      27.63
  MH4427688                0.000    0.7    0.0    0.0       0.000    0.7       0  00:47       2.41
  MH4448853                0.002   52.8    0.0    0.0       0.002   55.4       0  08:00      16.99
  MH4428026                0.000    0.5    0.0    0.0       0.000    0.5       0  01:11       1.09
  MH4429035                0.000    0.4    0.0    0.0       0.000    0.4       0  00:57       0.46
  MH4449704                0.001   43.2    0.0    0.0       0.001   47.9       0  08:00       3.88
  MH4449118                0.002   49.3    0.0    0.0       0.002   53.7       0  08:00       5.94
  MH4447128                0.001   43.0    0.0    0.0       0.001   47.6       0  08:00       1.32
  MH4447726                0.001   42.5    0.0    0.0       0.001   46.0       0  08:00       4.95
  MH4428268                0.000    1.2    0.0    0.0       0.000    1.2       0  01:13       4.10
  MH4428636                0.000    1.7    0.0    0.0       0.000    1.8       0  01:54       5.25
  MH4447880                0.000   10.9    0.0    0.0       0.000   13.6       0  08:00       3.69
  MH4449785                0.002   56.1    0.0    0.0       0.002   58.3       0  08:00      49.26
  MH4447416                0.001   30.4    0.0    0.0       0.001   33.8       0  08:00       0.95
  MH4427425                0.000    0.5    0.0    0.0       0.000    0.5       0  01:06       0.37
  MH4449173                0.002   55.0    0.0    0.0       0.002   58.1       0  08:00      30.14
  MH4428713                0.000    0.9    0.0    0.0       0.000    0.9       0  00:54       0.83
  MH4428995                0.001   38.6    0.0    0.0       0.001   42.5       0  08:00       1.63
  MH4429357                0.001   68.6    0.0    0.0       0.001   73.6       0  08:00       8.49
  MH4449860                0.000    1.5    0.0    0.0       0.000    1.5       0  00:55       0.19
  MH4428765                0.000    0.7    0.0    0.0       0.000    0.8       0  00:50       0.29
  MH4429013                0.001   19.0    0.0    0.0       0.001   22.5       0  08:00       6.39
  MH8963773                0.001   66.5    0.0    0.0       0.002   70.5       0  08:00      14.15
  MH4426971                0.000    0.2    0.0    0.0       0.000    0.2       0  00:27       0.10
  MH4429645                0.000    1.7    0.0    0.0       0.000    1.7       0  01:54       2.70
  MH4449103                0.002   55.1    0.0    0.0       0.002   58.4       0  08:00      29.82
  MH4449849                0.002   54.0    0.0    0.0       0.002   56.3       0  08:00       7.26
  MH4447394                0.002   50.3    0.0    0.0       0.002   54.3       0  08:00      24.51
  MH4428426                0.000    0.3    0.0    0.0       0.000    0.3       0  00:34       0.47
  MH4428245                0.000    0.6    0.0    0.0       0.000    0.7       0  00:56       1.14
  MH4449882                0.001   43.3    0.0    0.0       0.001   48.2       0  08:00       1.16
  MH4429320                0.000    0.8    0.0    0.0       0.000    0.8       0  00:32       0.17
  MH4426673                0.000    0.4    0.0    0.0       0.000    0.4       0  00:39       0.19
  MH4428836                0.000    5.0    0.0    0.0       0.000    6.1       0  08:00       2.13
  MH4429107                0.001   32.6    0.0    0.0       0.001   35.7       0  08:00       3.87
  MH4448392                0.000    0.7    0.0    0.0       0.000    0.7       0  00:54       0.34
  MH4448813                0.000    1.0    0.0    0.0       0.000    1.0       0  01:18       0.63
  MH4427309                0.000    0.3    0.0    0.0       0.000    0.3       0  07:59       0.61
  MH4428797                0.000    0.6    0.0    0.0       0.000    0.6       0  01:27       0.82
  MH4449977                0.000    3.7    0.0    0.0       0.000    5.0       0  08:00       1.11
  MH4450193                0.002   57.9    0.0    0.0       0.002   58.6       0  08:00      84.05
  MH4428800                0.000    0.3    0.0    0.0       0.000    0.3       0  00:39       0.52
  MH4429411                0.000    6.4    0.0    0.0       0.000    8.8       0  08:00       0.27
  MH4427312                0.000    0.5    0.0    0.0       0.000    0.5       0  00:46       1.08
  MH4450100                0.000    0.5    0.0    0.0       0.000    0.5       0  00:55       0.24
  MH4450180                0.001   56.0    0.0    0.0       0.001   58.6       0  00:39       2.27
  MH4429471                0.000   19.5    0.0    0.0       0.000   22.8       0  08:00       0.59
  MH4429499                0.002   47.5    0.0    0.0       0.002   51.8       0  08:00      12.00
  MH4428146                0.000    0.6    0.0    0.0       0.000    0.6       0  00:36       0.67
  MH4450167                0.001   52.7    0.0    0.0       0.001   54.9       0  08:00       7.28
  MH4427714                0.000    0.5    0.0    0.0       0.000    0.5       0  00:35       0.55
  MH4450332                0.001   96.1    0.0    0.0       0.001  100.0       0  00:39       5.37
  MH4426979                0.000    0.5    0.0    0.0       0.000    0.5       0  00:51       0.52
  MH4427849                0.000    0.5    0.0    0.0       0.000    0.5       0  00:52       0.63
  MH4447346                0.000   16.3    0.0    0.0       0.000   19.5       0  08:00       0.24
  MH4427659                0.000    0.3    0.0    0.0       0.000    0.3       0  00:23       0.14
  MH4428583                0.000    1.2    0.0    0.0       0.000    1.2       0  01:19       1.21
  MH4427741                0.000    0.3    0.0    0.0       0.000    0.3       0  01:06       0.48
  MH4428137                0.000    0.5    0.0    0.0       0.000    0.5       0  00:38       0.76
  MH4449866                0.001   26.0    0.0    0.0       0.001   27.1       0  08:00       2.14
  MH4448929                0.001   32.1    0.0    0.0       0.001   36.4       0  08:00       4.47
  MH4428067                0.000    0.3    0.0    0.0       0.000    0.3       0  00:36       0.39
  MH4449503                0.000    1.4    0.0    0.0       0.000    1.4       0  01:58       0.96
  MH4428188                0.000    0.7    0.0    0.0       0.000    0.7       0  00:36       0.97
  MH4447452                0.001   59.6    0.0    0.0       0.002   63.1       0  08:00      16.11
  
  
  ***********************
  Outfall Loading Summary
  ***********************
  
  -----------------------------------------------------------
                         Flow       Avg       Max       Total
                         Freq      Flow      Flow      Volume
  Outfall Node           Pcnt       LPS       LPS    10^6 ltr
  -----------------------------------------------------------
  X385                  99.54      0.04      0.04       0.001
  OUT                  100.00     30.18    109.72       0.869
  X570                  99.86      0.14      0.14       0.004
  X902                   0.00      0.00      0.00       0.000
  -----------------------------------------------------------
  System                74.85     30.36    109.73       0.875
  
  
  ********************
  Link Flow Summary
  ********************
  
  -----------------------------------------------------------------------------
                                 Maximum  Time of Max   Maximum    Max/    Max/
                                  |Flow|   Occurrence   |Veloc|    Full    Full
  Link                 Type          LPS  days hr:min     m/sec    Flow   Depth
  -----------------------------------------------------------------------------
  N10>MH4428367        CONDUIT      0.42     0  00:33      0.61    0.01    0.08
  MH4428606>N13        CONDUIT      1.79     0  01:04      0.71    0.08    1.00
  N22>MH4447602        CONDUIT      0.14     0  00:39      0.29    0.01    0.09
  MH4429312>N25        CONDUIT      7.47     0  08:00      0.78    0.54    1.00
  MH4429136>N43        CONDUIT     11.18     0  08:00      0.86    0.89    1.00
  MH4448345>MH4448419  CONDUIT     27.44     0  08:00      0.69    0.50    1.00
  N13>MH4429136        CONDUIT      2.02     0  00:58      0.37    0.09    1.00
  N85>MH4427688        CONDUIT      0.82     0  00:40      0.81    0.02    0.11
  MH4448853>N97        CONDUIT     21.35     0  00:05      0.54    0.90    1.00
  N113>MH4428026       CONDUIT      0.66     0  01:01      0.65    0.02    0.11
  MH4429035>N124       CONDUIT      0.46     0  00:57      0.50    0.02    0.10
  MH4449704>MH4449118  CONDUIT      5.94     0  00:24      0.40    0.48    1.00
  MH4447128>MH4447726  CONDUIT      4.22     0  00:20      0.34    0.34    1.00
  N166>MH4428268       CONDUIT      2.73     0  00:51      0.74    0.10    0.26
  N168>MH4428636       CONDUIT      0.78     0  00:37      0.83    0.02    0.13
  N188>MH4447880       CONDUIT      3.08     0  01:48      0.66    0.22    1.00
  MH4449785>N197       CONDUIT     53.84     0  00:02      1.35    2.05    1.00
  N198>MH4447416       CONDUIT      0.95     0  00:48      0.41    0.06    1.00
  N212>MH4427425       CONDUIT      0.09     0  00:01      0.40    0.00    0.06
  MH4449173>MH4449785  CONDUIT     30.14     0  08:00      0.76    1.15    1.00
  MH4428713>MH4428995  CONDUIT      0.83     0  00:54      0.43    0.05    1.00
  MH4447880>N258       CONDUIT      3.69     0  01:02      0.72    0.26    1.00
  MH4429357>N265       CONDUIT     13.91     0  00:17      0.50    0.50    1.00
  N272>MH4449860       CONDUIT      0.09     0  00:01      0.33    0.01    0.07
  N274>N275            CONDUIT      0.17     0  00:29      0.32    0.01    0.07
  N303>MH4428765       CONDUIT      0.25     0  00:48      0.45    0.01    0.07
  MH4447416>MH4447726  CONDUIT      2.08     0  00:25      0.45    0.12    1.00
  N325>MH4429357       CONDUIT      5.12     0  00:19      0.53    0.47    1.00
  MH4429013>N327       CONDUIT      6.39     0  00:40      0.76    0.46    1.00
  MH4448419>N328       CONDUIT     27.63     0  08:00      0.69    1.28    1.00
  N379>MH8963773       CONDUIT      3.24     0  00:21      0.33    0.20    1.00
  MH4426971>X385       CONDUIT      0.04     0  00:27      0.21    0.00    0.03
  MH4429645>N397       CONDUIT      2.70     0  01:54      0.70    0.19    0.31
  N328>MH4449103       CONDUIT     27.81     0  08:00      0.70    1.29    1.00
  MH4449849>MH4449785  CONDUIT     12.38     0  00:03      0.70    1.10    1.00
  N25>MH4447394        CONDUIT      8.48     0  00:19      0.63    0.61    1.00
  MH4428426>MH4428245  CONDUIT      0.20     0  00:34      0.40    0.01    0.06
  MH4427688>N166       CONDUIT      2.41     0  00:47      0.92    0.09    0.21
  MH4428995>N460       CONDUIT      3.47     0  00:27      0.37    0.32    1.00
  N467>N468            CONDUIT      0.05     0  00:03      0.46    0.00    0.05
  MH4449882>MH4449704  CONDUIT      3.88     0  00:25      0.26    1.16    1.00
  N483>MH4429320       CONDUIT      0.07     0  00:01      0.27    0.00    0.06
  N491>N492            CONDUIT      0.12     0  00:09      0.44    0.00    0.06
  MH4426673>N515       CONDUIT      0.18     0  00:39      0.30    0.01    0.08
  MH4428836>MH4429107  CONDUIT      2.13     0  01:07      0.48    0.16    1.00
  MH4448392>MH4448813  CONDUIT      0.34     0  00:54      0.31    0.02    0.13
  MH4427309>N85        CONDUIT      0.61     0  00:32      0.72    0.02    0.10
  N542>MH4428797       CONDUIT      0.07     0  00:23      0.39    0.00    0.03
  MH4449977>N552       CONDUIT      1.11     0  01:49      0.52    0.07    1.00
  N562>N563            CONDUIT      1.27     0  00:39      0.66    0.06    0.17
  N566>MH4428268       CONDUIT      1.20     0  01:20      0.93    0.03    0.13
  N578>MH4447394       CONDUIT     12.16     0  08:00      0.74    1.14    1.00
  N582>MH4450193       CONDUIT     16.99     0  00:01      0.96    0.71    1.00
  MH4428800>MH4429035  CONDUIT      0.25     0  00:39      0.41    0.01    0.08
  MH4449118>MH4448345  CONDUIT      8.67     0  00:18      0.49    0.70    1.00
  MH4447394>N599       CONDUIT     24.51     0  08:00      0.62    1.04    1.00
  MH4429411>MH4429136  CONDUIT      0.27     0  00:40      0.10    0.01    1.00
  N644>MH4429136       CONDUIT     10.90     0  00:24      5.62    0.12    1.00
  N124>MH4429312       CONDUIT      0.66     0  00:48      0.61    0.03    1.00
  N647>MH4427312       CONDUIT      0.68     0  00:52      0.69    0.02    0.10
  MH4449103>MH4449173  CONDUIT     29.82     0  08:00      0.75    0.65    1.00
  N552>MH4449704       CONDUIT      1.91     0  00:36      0.42    0.11    1.00
  MH4450100>MH4450180  CONDUIT      0.24     0  00:55      0.61    0.01    1.00
  N655>N656            CONDUIT      0.29     0  01:02      0.40    0.01    0.09
  N599>MH4448345       CONDUIT     24.67     0  08:00      0.65    1.06    1.00
  N659>N660            CONDUIT      0.14     0  00:14      0.42    0.00    0.06
  MH4429471>MH4447128  CONDUIT      1.32     0  00:43      0.39    0.09    1.00
  N675>MH4447394       CONDUIT      5.76     0  00:21      0.51    0.41    1.00
  N676>MH4447128       CONDUIT      0.94     0  00:27      0.23    0.06    1.00
  MH4428245>MH4428606  CONDUIT      1.14     0  00:56      0.61    0.04    0.16
  N43>MH4429499        CONDUIT     11.42     0  08:00      0.81    0.91    1.00
  MH4447602>MH4429645  CONDUIT      0.34     0  01:54      0.31    0.03    0.11
  MH4429499>N578       CONDUIT     12.00     0  08:00      0.77    1.11    1.00
  N687>N688            CONDUIT      0.10     0  00:07      0.34    0.00    0.06
  N693>N675            CONDUIT      5.26     0  00:21      0.69    0.37    1.00
  N695>MH4428146       CONDUIT      0.44     0  00:25      0.65    0.01    0.09
  N702>MH4450167       CONDUIT      0.17     0  00:40      0.27    0.01    1.00
  N711>MH4448853       CONDUIT     16.99     0  00:15      0.43    0.71    1.00
  MH4427714>N722       CONDUIT      0.55     0  00:34      0.64    0.02    0.09
  MH4450332>MH4450167  CONDUIT      7.28     0  08:00      0.41    0.67    1.00
  N492>MH4427714       CONDUIT      0.33     0  00:20      0.64    0.01    0.08
  MH4450167>MH4449849  CONDUIT      7.26     0  00:15      0.41    0.62    1.00
  N327>MH4429312       CONDUIT      6.54     0  08:00      0.74    0.47    1.00
  N515>MH4426979       CONDUIT      0.32     0  00:44      0.41    0.02    0.09
  N751>MH4427849       CONDUIT      0.18     0  00:25      0.42    0.01    0.08
  N275>MH4427309       CONDUIT      0.32     0  00:29      0.44    0.01    0.09
  N779>MH4428606       CONDUIT      0.17     0  00:00      1.88    0.00    0.02
  N781>MH4449118       CONDUIT      0.35     0  00:53      0.43    0.02    1.00
  N460>MH4429357       CONDUIT      7.38     0  00:20      0.42    0.69    1.00
  MH4447346>N198       CONDUIT      1.04     0  00:47      0.28    0.06    1.00
  MH4427659>X570       CONDUIT      0.14     0  00:23      0.39    0.01    0.05
  MH4450193>OUT        CONDUIT    109.72     0  00:00      2.76    4.25    1.00
  N563>MH4428836       CONDUIT      1.44     0  01:18      0.68    0.07    0.48
  MH4428026>N566       CONDUIT      1.09     0  01:11      0.88    0.03    0.12
  N799>MH4428836       CONDUIT      0.17     0  02:05      0.24    0.02    0.09
  N816>MH4428797       CONDUIT      0.47     0  00:40      0.59    0.01    0.10
  MH4428426>N816       CONDUIT      0.27     0  00:34      0.46    0.01    0.07
  N829>MH4449882       CONDUIT      1.16     0  00:34      0.33    0.07    1.00
  N842>MH4428583       CONDUIT      0.93     0  00:36      0.57    0.03    0.16
  N849>MH4450180       CONDUIT      2.27     0  00:15      0.29    0.13    1.00
  MH4427425>MH4427741  CONDUIT      0.37     0  01:06      0.55    0.01    0.08
  MH4429320>N853       CONDUIT      0.17     0  00:32      0.24    0.01    0.19
  N857>MH4427688       CONDUIT      1.26     0  00:45      0.66    0.04    0.17
  N862>N863            CONDUIT      0.06     0  00:10      0.18    0.00    0.06
  MH4428268>N870       CONDUIT      4.10     0  01:04      0.87    0.21    0.31
  MH4428146>N842       CONDUIT      0.67     0  00:36      0.60    0.02    0.12
  MH4428800>MH4428606  CONDUIT      0.27     0  00:39      0.48    0.01    0.07
  N97>MH4449785        CONDUIT     24.62     0  00:03      0.62    1.03    1.00
  N722>MH4428137       CONDUIT      0.74     0  00:35      0.77    0.02    0.10
  MH4428765>MH4428713  CONDUIT      0.29     0  00:50      0.34    0.02    0.10
  MH4428797>MH4429013  CONDUIT      0.82     0  00:45      0.75    0.03    1.00
  N197>MH4450193       CONDUIT     74.53     0  00:00      1.87    2.88    1.00
  N863>MH4428836       CONDUIT      0.23     0  00:23      0.40    0.01    0.55
  MH4427741>N113       CONDUIT      0.48     0  01:00      0.63    0.01    0.09
  MH4426673>X902       CONDUIT      0.02     0  00:39      0.00    0.00    0.02
  MH4449866>N582       CONDUIT      8.47     0  00:01      0.48    0.35    1.00
  N468>MH4427312       CONDUIT      0.24     0  00:21      0.50    0.01    0.09
  MH4426971>N274       CONDUIT      0.06     0  00:27      0.20    0.00    0.05
  N853>MH4429471       CONDUIT      0.34     0  00:32      0.39    0.02    1.00
  N258>MH4448929       CONDUIT      3.91     0  08:00      0.67    0.28    1.00
  N660>MH4428713       CONDUIT      0.28     0  00:26      0.46    0.01    0.11
  N914>MH4429107       CONDUIT      1.46     0  00:39      0.40    0.11    1.00
  N915>MH4429499       CONDUIT      1.34     0  00:40      0.54    0.04    1.00
  N916>MH4448392       CONDUIT      0.11     0  00:15      0.25    0.01    0.08
  N924>MH4429645       CONDUIT      2.43     0  00:00      1.14    0.12    0.26
  N870>MH4428636       CONDUIT      4.28     0  01:20      0.72    0.22    0.37
  MH4447726>N930       CONDUIT      6.64     0  00:16      0.45    0.53    1.00
  N931>MH4449704       CONDUIT      0.25     0  00:19      0.39    0.01    1.00
  MH4427312>N857       CONDUIT      1.08     0  00:45      0.83    0.03    0.13
  N688>N915            CONDUIT      0.32     0  00:03      0.62    0.01    1.00
  N930>MH4449103       CONDUIT      6.51     0  00:11      0.37    0.52    1.00
  MH4428067>N10        CONDUIT      0.22     0  00:36      0.44    0.01    0.07
  MH4448813>MH4449503  CONDUIT      0.63     0  01:18      0.35    0.05    0.17
  MH4428188>N562       CONDUIT      0.97     0  00:36      0.56    0.05    0.15
  MH4428636>N954       CONDUIT      5.25     0  01:09      0.72    0.38    1.00
  N956>MH4450332       CONDUIT      2.29     0  00:11      0.23    0.15    1.00
  N957>MH4428026       CONDUIT      0.26     0  00:38      0.52    0.01    0.06
  MH8963773>MH4447452  CONDUIT     16.11     0  00:15      0.65    0.72    1.00
  N656>MH4447880       CONDUIT      0.43     0  01:04      0.40    0.02    1.00
  N954>MH4429013       CONDUIT      5.40     0  01:05      0.69    0.39    1.00
  MH4447452>N711       CONDUIT     17.14     0  00:15      0.43    0.72    1.00
  MH4428583>N914       CONDUIT      1.21     0  00:59      0.47    0.09    0.99
  N975>N976            CONDUIT      0.06     0  00:05      0.27    0.00    0.62
  MH4426979>N647       CONDUIT      0.52     0  00:51      0.58    0.02    0.10
  N978>N695            CONDUIT      0.27     0  00:14      0.62    0.01    0.07
  MH4429107>N325       CONDUIT      4.75     0  00:23      0.56    0.42    1.00
  N265>MH8963773       CONDUIT     14.15     0  00:17      0.36    0.58    1.00
  MH4427849>MH4428245  CONDUIT      0.63     0  00:52      0.54    0.03    0.12
  N397>N188            CONDUIT      2.98     0  02:03      0.68    0.22    0.66
  N984>MH4447346       CONDUIT      0.21     0  00:03      0.42    0.01    1.00
  MH4450180>MH4450332  CONDUIT      5.01     0  00:13      0.32    0.42    1.00
  MH4448929>N693       CONDUIT      4.47     0  00:21      0.67    0.33    1.00
  MH4428137>MH4428188  CONDUIT      0.76     0  00:36      0.61    0.02    0.12
  MH4428067>MH4427849  CONDUIT      0.17     0  00:36      0.42    0.01    0.06
  MH4449860>MH4450100  CONDUIT      0.19     0  00:55      0.31    0.02    0.08
  N976>MH4449866       CONDUIT      0.52     0  00:25      0.38    0.02    1.00
  MH4449503>MH4449977  CONDUIT      0.96     0  02:19      0.42    0.08    0.36
  N1003>N655           CONDUIT      0.10     0  01:05      0.11    0.03    0.11
  N1007>MH4449118      CONDUIT      0.32     0  00:52      0.44    0.01    1.00
  MH4428367>N168       CONDUIT      0.62     0  00:36      0.73    0.02    0.10
  MH4427659>MH4427741  CONDUIT      0.00     0  00:00      0.00    0.00    0.04
  
  
  ***************************
  Flow Classification Summary
  ***************************
  
  -------------------------------------------------------------------------------------
                      Adjusted    ---------- Fraction of Time in Flow Class ---------- 
                       /Actual         Up    Down  Sub   Sup   Up    Down  Norm  Inlet 
  Conduit               Length    Dry  Dry   Dry   Crit  Crit  Crit  Crit  Ltd   Ctrl  
  -------------------------------------------------------------------------------------
  N10>MH4428367           1.00   0.00  0.00  0.00  0.00  1.00  0.00  0.00  1.00  0.00
  MH4428606>N13           1.00   0.00  0.00  0.00  0.86  0.14  0.00  0.00  0.98  0.00
  N22>MH4447602           1.00   0.00  0.00  0.00  0.99  0.01  0.00  0.00  0.99  0.00
  MH4429312>N25           1.00   0.00  0.00  0.00  0.97  0.03  0.00  0.00  0.01  0.00
  MH4429136>N43           1.00   0.00  0.00  0.00  0.99  0.01  0.00  0.00  0.01  0.00
  MH4448345>MH4448419     1.00   0.00  0.00  0.00  0.99  0.01  0.00  0.00  0.01  0.00
  N13>MH4429136           1.00   0.00  0.00  0.00  1.00  0.00  0.00  0.00  0.12  0.00
  N85>MH4427688           1.00   0.00  0.00  0.00  0.00  0.00  0.00  1.00  0.00  0.00
  MH4448853>N97           1.00   0.00  0.00  0.00  1.00  0.00  0.00  0.00  0.00  0.00
  N113>MH4428026          1.00   0.00  0.00  0.00  0.00  1.00  0.00  0.00  1.00  0.00
  MH4429035>N124          1.00   0.00  0.00  0.00  0.00  1.00  0.00  0.00  0.99  0.00
  MH4449704>MH4449118     1.00   0.00  0.00  0.00  1.00  0.00  0.00  0.00  0.04  0.00
  MH4447128>MH4447726     1.00   0.00  0.00  0.00  1.00  0.00  0.00  0.00  0.03  0.00
  N166>MH4428268          1.00   0.00  0.00  0.00  0.00  1.00  0.00  0.00  0.99  0.00
  N168>MH4428636          1.00   0.00  0.00  0.00  0.00  0.98  0.00  0.02  0.98  0.00
  N188>MH4447880          1.00   0.00  0.00  0.00  0.99  0.01  0.00  0.00  0.22  0.00
  MH4449785>N197          1.00   0.00  0.00  0.00  1.00  0.00  0.00  0.00  0.00  0.00
  N198>MH4447416          1.00   0.00  0.00  0.00  0.96  0.04  0.00  0.00  0.06  0.00
  N212>MH4427425          1.00   0.00  0.00  0.00  0.99  0.01  0.00  0.00  1.00  0.00
  MH4449173>MH4449785     1.00   0.00  0.00  0.00  1.00  0.00  0.00  0.00  0.00  0.00
  MH4428713>MH4428995     1.00   0.00  0.00  0.00  0.99  0.01  0.00  0.00  0.99  0.00
  MH4447880>N258          1.00   0.00  0.00  0.00  0.92  0.08  0.00  0.00  0.11  0.00
  MH4429357>N265          1.00   0.00  0.00  0.00  1.00  0.00  0.00  0.00  0.02  0.00
  N272>MH4449860          1.00   0.00  0.00  0.00  1.00  0.00  0.00  0.00  1.00  0.00
  N274>N275               1.00   0.00  0.00  0.00  0.00  1.00  0.00  0.00  1.00  0.00
  N303>MH4428765          1.00   0.00  0.00  0.00  0.00  0.00  0.00  1.00  0.00  0.00
  MH4447416>MH4447726     1.00   0.00  0.00  0.00  0.97  0.00  0.00  0.03  0.02  0.00
  N325>MH4429357          1.00   0.00  0.00  0.00  1.00  0.00  0.00  0.00  0.02  0.00
  MH4429013>N327          1.00   0.00  0.00  0.00  0.94  0.06  0.00  0.00  0.05  0.00
  MH4448419>N328          1.00   0.00  0.00  0.00  1.00  0.00  0.00  0.00  0.01  0.00
  N379>MH8963773          1.00   0.00  0.00  0.00  0.98  0.00  0.00  0.02  0.02  0.00
  MH4426971>X385          1.00   0.00  0.00  0.00  0.01  0.99  0.00  0.00  0.01  0.00
  MH4429645>N397          1.00   0.00  0.00  0.00  0.00  1.00  0.00  0.00  0.99  0.00
  N328>MH4449103          1.00   0.00  0.00  0.00  1.00  0.00  0.00  0.00  0.00  0.00
  MH4449849>MH4449785     1.00   0.00  0.00  0.00  1.00  0.00  0.00  0.00  0.00  0.00
  N25>MH4447394           1.00   0.00  0.00  0.00  0.98  0.00  0.00  0.02  0.01  0.00
  MH4428426>MH4428245     1.00   0.00  0.00  0.00  0.00  0.00  0.00  1.00  0.00  0.00
  MH4427688>N166          1.00   0.00  0.00  0.00  0.00  1.00  0.00  0.00  0.99  0.00
  MH4428995>N460          1.00   0.00  0.00  0.00  1.00  0.00  0.00  0.00  0.03  0.00
  N467>N468               1.00   0.00  0.00  0.00  1.00  0.00  0.00  0.00  1.00  0.00
  MH4449882>MH4449704     1.00   0.00  0.00  0.00  0.96  0.00  0.00  0.04  0.00  0.00
  N483>MH4429320          1.00   0.00  0.00  0.00  1.00  0.00  0.00  0.00  1.00  0.00
  N491>N492               1.00   0.00  0.00  0.00  0.00  1.00  0.00  0.00  1.00  0.00
  MH4426673>N515          1.00   0.00  0.00  0.00  0.00  1.00  0.00  0.00  1.00  0.00
  MH4428836>MH4429107     1.00   0.00  0.00  0.00  0.98  0.02  0.00  0.00  0.12  0.00
  MH4448392>MH4448813     1.00   0.00  0.00  0.00  0.99  0.01  0.00  0.00  0.99  0.00
  MH4427309>N85           1.00   0.00  0.00  0.00  0.00  1.00  0.00  0.00  0.99  0.00
  N542>MH4428797          1.00   0.00  0.00  0.00  0.00  0.00  0.00  1.00  0.00  0.00
  MH4449977>N552          1.00   0.00  0.00  0.00  0.93  0.07  0.00  0.00  0.22  0.00
  N562>N563               1.00   0.00  0.00  0.00  0.00  1.00  0.00  0.00  0.98  0.00
  N566>MH4428268          1.00   0.00  0.00  0.00  0.00  0.00  0.00  1.00  0.00  0.00
  N578>MH4447394          1.00   0.00  0.00  0.00  0.97  0.00  0.00  0.03  0.00  0.00
  N582>MH4450193          1.00   0.00  0.00  0.00  1.00  0.00  0.00  0.00  0.00  0.00
  MH4428800>MH4429035     1.00   0.00  0.00  0.00  0.00  1.00  0.00  0.00  0.99  0.00
  MH4449118>MH4448345     1.00   0.00  0.00  0.00  0.99  0.01  0.00  0.00  0.01  0.00
  MH4447394>N599          1.00   0.00  0.00  0.00  1.00  0.00  0.00  0.00  0.00  0.00
  MH4429411>MH4429136     1.00   0.00  0.00  0.00  1.00  0.00  0.00  0.00  0.20  0.00
  N644>MH4429136          1.00   0.00  0.00  0.00  0.96  0.04  0.00  0.00  0.05  0.00
  N124>MH4429312          1.00   0.00  0.00  0.00  0.97  0.00  0.00  0.02  0.98  0.00
  N647>MH4427312          1.00   0.00  0.00  0.00  0.00  0.00  0.00  1.00  0.00  0.00
  MH4449103>MH4449173     1.00   0.00  0.00  0.00  1.00  0.00  0.00  0.00  0.01  0.00
  N552>MH4449704          1.00   0.00  0.00  0.00  0.99  0.01  0.00  0.00  0.07  0.00
  MH4450100>MH4450180     1.00   0.00  0.00  0.00  0.97  0.00  0.00  0.03  0.97  0.00
  N655>N656               1.00   0.00  0.00  0.00  0.00  1.00  0.00  0.00  1.00  0.00
  N599>MH4448345          1.00   0.00  0.00  0.00  1.00  0.00  0.00  0.00  0.00  0.00
  N659>N660               1.00   0.00  0.00  0.00  0.00  1.00  0.00  0.00  1.00  0.00
  MH4429471>MH4447128     1.00   0.00  0.00  0.00  0.96  0.00  0.00  0.04  0.04  0.00
  N675>MH4447394          1.00   0.00  0.00  0.00  0.99  0.00  0.00  0.01  0.01  0.00
  N676>MH4447128          1.00   0.00  0.00  0.00  1.00  0.00  0.00  0.00  0.05  0.00
  MH4428245>MH4428606     1.00   0.00  0.00  0.00  0.00  1.00  0.00  0.00  1.00  0.00
  N43>MH4429499           1.00   0.00  0.00  0.00  0.99  0.01  0.00  0.00  0.02  0.00
  MH4447602>MH4429645     1.00   0.00  0.00  0.00  0.00  0.00  0.00  1.00  0.00  0.00
  MH4429499>N578          1.00   0.00  0.00  0.00  0.99  0.01  0.00  0.00  0.01  0.00
  N687>N688               1.00   0.00  0.00  0.00  0.00  1.00  0.00  0.00  1.00  0.00
  N693>N675               1.00   0.00  0.00  0.00  0.98  0.02  0.00  0.00  0.01  0.00
  N695>MH4428146          1.00   0.00  0.00  0.00  0.00  1.00  0.00  0.00  1.00  0.00
  N702>MH4450167          1.00   0.00  0.00  0.00  0.96  0.00  0.00  0.04  0.04  0.00
  N711>MH4448853          1.00   0.00  0.00  0.00  1.00  0.00  0.00  0.00  0.00  0.00
  MH4427714>N722          1.00   0.00  0.00  0.00  0.00  1.00  0.00  0.00  1.00  0.00
  MH4450332>MH4450167     1.00   0.00  0.00  0.00  1.00  0.00  0.00  0.00  0.02  0.00
  N492>MH4427714          1.00   0.00  0.00  0.00  0.00  1.00  0.00  0.00  0.99  0.00
  MH4450167>MH4449849     1.00   0.00  0.00  0.00  1.00  0.00  0.00  0.00  0.00  0.00
  N327>MH4429312          1.00   0.00  0.00  0.00  0.98  0.02  0.00  0.00  0.05  0.00
  N515>MH4426979          1.00   0.00  0.00  0.00  0.00  1.00  0.00  0.00  0.99  0.00
  N751>MH4427849          1.00   0.00  0.00  0.00  0.99  0.01  0.00  0.00  1.00  0.00
  N275>MH4427309          1.00   0.00  0.00  0.00  0.00  1.00  0.00  0.00  1.00  0.00
  N779>MH4428606          1.00   0.00  0.00  0.00  0.00  0.00  0.00  1.00  0.00  0.00
  N781>MH4449118          1.00   0.00  0.00  0.00  0.97  0.00  0.00  0.03  0.07  0.00
  N460>MH4429357          1.00   0.00  0.00  0.00  1.00  0.00  0.00  0.00  0.02  0.00
  MH4447346>N198          1.00   0.00  0.00  0.00  1.00  0.00  0.00  0.00  0.09  0.00
  MH4427659>X570          1.00   0.00  0.00  0.00  0.00  1.00  0.00  0.00  1.00  0.00
  MH4450193>OUT           1.00   0.00  0.00  0.00  1.00  0.00  0.00  0.00  0.00  0.00
  N563>MH4428836          1.00   0.00  0.00  0.00  0.82  0.02  0.00  0.16  0.84  0.00
  MH4428026>N566          1.00   0.00  0.00  0.00  0.00  1.00  0.00  0.00  0.99  0.00
  N799>MH4428836          1.00   0.00  0.00  0.00  0.00  0.00  0.00  1.00  0.00  0.00
  N816>MH4428797          1.00   0.00  0.00  0.00  0.00  1.00  0.00  0.00  0.99  0.00
  MH4428426>N816          1.00   0.00  0.00  0.00  0.00  1.00  0.00  0.00  1.00  0.00
  N829>MH4449882          1.00   0.00  0.00  0.00  0.99  0.01  0.00  0.00  0.06  0.00
  N842>MH4428583          1.00   0.00  0.00  0.00  0.00  1.00  0.00  0.00  0.99  0.00
  N849>MH4450180          1.00   0.00  0.00  0.00  1.00  0.00  0.00  0.00  0.03  0.00
  MH4427425>MH4427741     1.00   0.00  0.00  0.00  0.00  0.00  0.00  1.00  0.00  0.00
  MH4429320>N853          1.00   0.00  0.00  0.00  1.00  0.00  0.00  0.00  1.00  0.00
  N857>MH4427688          1.00   0.00  0.00  0.00  0.00  1.00  0.00  0.00  1.00  0.00
  N862>N863               1.00   0.00  0.00  0.00  1.00  0.00  0.00  0.00  1.00  0.00
  MH4428268>N870          1.00   0.00  0.00  0.00  0.00  1.00  0.00  0.00  0.98  0.00
  MH4428146>N842          1.00   0.00  0.00  0.00  0.00  1.00  0.00  0.00  1.00  0.00
  MH4428800>MH4428606     1.00   0.00  0.00  0.00  0.00  0.00  0.00  1.00  0.00  0.00
  N97>MH4449785           1.00   0.00  0.00  0.00  1.00  0.00  0.00  0.00  0.00  0.00
  N722>MH4428137          1.00   0.00  0.00  0.00  0.00  1.00  0.00  0.00  0.99  0.00
  MH4428765>MH4428713     1.00   0.00  0.00  0.00  0.00  0.00  0.00  1.00  0.00  0.00
  MH4428797>MH4429013     1.00   0.00  0.00  0.00  0.91  0.07  0.00  0.02  0.98  0.00
  N197>MH4450193          1.00   0.00  0.00  0.00  1.00  0.00  0.00  0.00  0.00  0.00
  N863>MH4428836          1.00   0.00  0.00  0.00  0.99  0.01  0.00  0.00  1.00  0.00
  MH4427741>N113          1.00   0.00  0.00  0.00  0.00  1.00  0.00  0.00  1.00  0.00
  MH4426673>X902          1.00   0.00  0.00  0.00  0.00  1.00  0.00  0.00  0.00  0.00
  MH4449866>N582          1.00   0.00  0.00  0.00  1.00  0.00  0.00  0.00  0.00  0.00
  N468>MH4427312          1.00   0.00  0.00  0.00  0.99  0.01  0.00  0.00  1.00  0.00
  MH4426971>N274          1.00   0.00  0.00  0.00  1.00  0.00  0.00  0.00  1.00  0.00
  N853>MH4429471          1.00   0.00  0.00  0.00  0.99  0.01  0.00  0.00  0.29  0.00
  N258>MH4448929          1.00   0.00  0.00  0.00  0.94  0.00  0.00  0.06  0.02  0.00
  N660>MH4428713          1.00   0.00  0.00  0.00  0.99  0.01  0.00  0.00  1.00  0.00
  N914>MH4429107          1.00   0.00  0.00  0.00  0.99  0.01  0.00  0.00  0.07  0.00
  N915>MH4429499          1.00   0.00  0.00  0.00  0.99  0.00  0.00  0.01  0.07  0.00
  N916>MH4448392          1.00   0.00  0.00  0.00  1.00  0.00  0.00  0.00  1.00  0.00
  N924>MH4429645          1.00   0.00  0.00  0.00  0.00  1.00  0.00  0.00  1.00  0.00
  N870>MH4428636          1.00   0.00  0.00  0.00  0.00  1.00  0.00  0.00  1.00  0.00
  MH4447726>N930          1.00   0.00  0.00  0.00  1.00  0.00  0.00  0.00  0.01  0.00
  N931>MH4449704          1.00   0.00  0.00  0.00  0.96  0.00  0.00  0.04  0.12  0.00
  MH4427312>N857          1.00   0.00  0.00  0.00  0.00  1.00  0.00  0.00  0.99  0.00
  N688>N915               1.00   0.00  0.00  0.00  0.93  0.07  0.00  0.00  0.99  0.00
  N930>MH4449103          1.00   0.00  0.00  0.00  0.99  0.01  0.00  0.00  0.01  0.00
  MH4428067>N10           1.00   0.00  0.00  0.00  0.00  1.00  0.00  0.00  1.00  0.00
  MH4448813>MH4449503     1.00   0.00  0.00  0.00  1.00  0.00  0.00  0.00  0.98  0.00
  MH4428188>N562          1.00   0.00  0.00  0.00  0.00  1.00  0.00  0.00  1.00  0.00
  MH4428636>N954          1.00   0.00  0.00  0.00  0.86  0.14  0.00  0.00  0.97  0.00
  N956>MH4450332          1.00   0.00  0.00  0.00  1.00  0.00  0.00  0.00  0.02  0.00
  N957>MH4428026          1.00   0.00  0.00  0.00  0.00  0.00  0.00  1.00  0.00  0.00
  MH8963773>MH4447452     1.00   0.00  0.00  0.00  1.00  0.00  0.00  0.00  0.02  0.00
  N656>MH4447880          1.00   0.00  0.00  0.00  0.99  0.01  0.00  0.00  1.00  0.00
  N954>MH4429013          1.00   0.00  0.00  0.00  0.99  0.01  0.00  0.00  0.13  0.00
  MH4447452>N711          1.00   0.00  0.00  0.00  1.00  0.00  0.00  0.00  0.01  0.00
  MH4428583>N914          1.00   0.00  0.00  0.00  0.98  0.02  0.00  0.00  0.98  0.00
  N975>N976               1.00   0.00  0.00  0.00  1.00  0.00  0.00  0.00  1.00  0.00
  MH4426979>N647          1.00   0.00  0.00  0.00  0.00  1.00  0.00  0.00  0.99  0.00
  N978>N695               1.00   0.00  0.00  0.00  0.00  1.00  0.00  0.00  1.00  0.00
  MH4429107>N325          1.00   0.00  0.00  0.00  1.00  0.00  0.00  0.00  0.02  0.00
  N265>MH8963773          1.00   0.00  0.00  0.00  1.00  0.00  0.00  0.00  0.01  0.00
  MH4427849>MH4428245     1.00   0.00  0.00  0.00  0.00  1.00  0.00  0.00  0.99  0.00
  N397>N188               1.00   0.00  0.00  0.00  0.76  0.24  0.00  0.00  0.98  0.00
  N984>MH4447346          1.00   0.00  0.00  0.00  0.91  0.09  0.00  0.00  0.99  0.00
  MH4450180>MH4450332     1.00   0.00  0.00  0.00  0.98  0.00  0.00  0.02  0.00  0.00
  MH4448929>N693          1.00   0.00  0.00  0.00  0.97  0.03  0.00  0.00  0.01  0.00
  MH4428137>MH4428188     1.00   0.00  0.00  0.00  0.00  1.00  0.00  0.00  1.00  0.00
  MH4428067>MH4427849     1.00   0.00  0.00  0.00  0.00  0.00  0.00  1.00  0.00  0.00
  MH4449860>MH4450100     1.00   0.00  0.00  0.00  0.00  1.00  0.00  0.00  0.00  0.00
  N976>MH4449866          1.00   0.00  0.00  0.00  1.00  0.00  0.00  0.00  0.04  0.00
  MH4449503>MH4449977     1.00   0.00  0.00  0.00  0.71  0.00  0.00  0.29  0.71  0.00
  N1003>N655              1.00   0.00  0.00  0.00  1.00  0.00  0.00  0.00  0.00  0.00
  N1007>MH4449118         1.00   0.00  0.00  0.00  0.97  0.00  0.00  0.03  0.07  0.00
  MH4428367>N168          1.00   0.00  0.00  0.00  0.00  1.00  0.00  0.00  0.99  0.00
  MH4427659>MH4427741     1.00   0.00  1.00  0.00  0.00  0.00  0.00  0.00  0.00  0.00
  
  
  *************************
  Conduit Surcharge Summary
  *************************
  
  ----------------------------------------------------------------------------
                                                           Hours        Hours 
                         --------- Hours Full --------   Above Full   Capacity
  Conduit                Both Ends  Upstream  Dnstream   Normal Flow   Limited
  ----------------------------------------------------------------------------
  MH4428606>N13               0.01      0.01      6.45      0.01         0.01
  MH4429312>N25               7.54      7.54      7.69      0.01         0.01
  MH4429136>N43               7.65      7.65      7.72      0.01         0.01
  MH4448345>MH4448419         7.83      7.83      7.84      0.01         0.01
  N13>MH4429136               6.45      6.45      7.62      0.01         0.01
  MH4448853>N97               7.89      7.89      7.93      0.01         0.01
  MH4449704>MH4449118         7.61      7.61      7.72      0.01         0.01
  MH4447128>MH4447726         7.61      7.61      7.73      0.01         0.01
  N188>MH4447880              2.97      2.97      6.61      0.01         0.01
  MH4449785>N197              7.96      7.96      7.98      7.29         5.58
  N198>MH4447416              7.30      7.30      7.56      0.01         0.01
  MH4449173>MH4449785         7.91      7.91      7.96      6.90         5.39
  MH4428713>MH4428995         0.01      0.01      7.55      0.01         0.01
  MH4447880>N258              6.61      6.61      7.22      0.01         0.01
  MH4429357>N265              7.69      7.69      7.73      0.01         0.01
  MH4447416>MH4447726         7.56      7.56      7.72      0.01         0.01
  N325>MH4429357              7.67      7.67      7.70      0.01         0.01
  MH4429013>N327              7.11      7.11      7.40      0.01         0.01
  MH4448419>N328              7.84      7.84      7.86      7.23         6.97
  N379>MH8963773              7.63      7.63      7.78      0.01         0.01
  N328>MH4449103              7.86      7.86      7.89      7.26         7.00
  MH4449849>MH4449785         7.93      7.93      7.96      0.02         0.01
  N25>MH4447394               7.69      7.69      7.79      0.01         0.01
  MH4428995>N460              7.55      7.55      7.65      0.01         0.01
  MH4449882>MH4449704         7.57      7.57      7.58      0.03         0.01
  MH4428836>MH4429107         4.53      4.53      7.59      0.01         0.01
  MH4449977>N552              0.01      0.01      7.35      0.01         0.01
  N578>MH4447394              7.78      7.78      7.79      7.23         0.01
  N582>MH4450193              7.98      7.98      8.00      0.01         0.01
  MH4449118>MH4448345         7.72      7.72      7.83      0.01         0.01
  MH4447394>N599              7.79      7.79      7.81      6.32         0.01
  MH4429411>MH4429136         5.65      5.65      7.62      0.01         0.01
  N644>MH4429136              7.55      7.55      7.65      0.01         0.01
  N124>MH4429312              0.01      0.01      7.52      0.01         0.01
  MH4449103>MH4449173         7.89      7.89      7.91      0.01         0.01
  N552>MH4449704              7.35      7.35      7.61      0.01         0.01
  MH4450100>MH4450180         0.01      0.01      7.76      0.01         0.01
  N599>MH4448345              7.81      7.81      7.83      6.45         0.01
  MH4429471>MH4447128         7.23      7.23      7.59      0.01         0.01
  N675>MH4447394              7.73      7.73      7.79      0.01         0.01
  N676>MH4447128              7.50      7.50      7.61      0.01         0.01
  N43>MH4429499               7.72      7.72      7.77      0.01         0.01
  MH4429499>N578              7.77      7.77      7.78      7.25         0.01
  N693>N675                   7.65      7.65      7.73      0.01         0.01
  N702>MH4450167              0.01      0.01      7.63      0.01         0.01
  N711>MH4448853              7.84      7.84      7.89      0.01         0.01
  MH4450332>MH4450167         7.82      7.82      7.87      0.01         0.01
  MH4450167>MH4449849         7.87      7.87      7.93      0.01         0.01
  N327>MH4429312              7.40      7.40      7.54      0.01         0.01
  N781>MH4449118              6.98      6.98      7.71      0.01         0.01
  N460>MH4429357              7.65      7.65      7.70      0.01         0.01
  MH4447346>N198              7.00      7.00      7.30      0.01         0.01
  MH4450193>OUT               8.00      8.00      8.00      7.45         6.52
  N829>MH4449882              7.38      7.38      7.57      0.01         0.01
  N849>MH4450180              7.73      7.73      7.77      0.01         0.01
  N97>MH4449785               7.93      7.93      7.95      0.01         0.01
  MH4428797>MH4429013         0.01      0.01      7.05      0.01         0.01
  N197>MH4450193              7.98      7.98      8.00      7.38         6.23
  N863>MH4428836              0.01      0.01      4.53      0.01         0.01
  MH4449866>N582              7.91      7.91      7.98      0.01         0.01
  N853>MH4429471              0.01      0.01      7.23      0.01         0.01
  N258>MH4448929              7.22      7.22      7.47      0.01         0.01
  N914>MH4429107              6.87      6.87      7.59      0.01         0.01
  N915>MH4429499              7.30      7.30      7.76      0.01         0.01
  MH4447726>N930              7.73      7.73      7.81      0.01         0.01
  N931>MH4449704              5.37      5.37      7.58      0.01         0.01
  N688>N915                   0.01      0.01      7.30      0.01         0.01
  N930>MH4449103              7.81      7.81      7.90      0.01         0.01
  MH4428636>N954              0.01      0.01      6.56      0.01         0.01
  N956>MH4450332              7.78      7.78      7.82      0.01         0.01
  MH8963773>MH4447452         7.78      7.78      7.78      0.01         0.01
  N656>MH4447880              0.01      0.01      6.61      0.01         0.01
  N954>MH4429013              6.56      6.56      7.11      0.01         0.01
  MH4447452>N711              7.78      7.78      7.84      0.01         0.01
  MH4428583>N914              0.01      0.01      6.87      0.01         0.01
  N975>N976                   0.01      0.01      6.91      0.01         0.01
  MH4429107>N325              7.59      7.59      7.67      0.01         0.01
  N265>MH8963773              7.73      7.73      7.78      0.01         0.01
  N397>N188                   0.01      0.01      2.97      0.01         0.01
  N984>MH4447346              0.01      0.01      7.00      0.01         0.01
  MH4450180>MH4450332         7.77      7.77      7.81      0.01         0.01
  MH4448929>N693              7.48      7.48      7.65      0.01         0.01
  N976>MH4449866              6.77      6.77      7.91      0.01         0.01
  N1007>MH4449118             7.04      7.04      7.71      0.01         0.01
  

  Analysis begun on:  Thu Sep 24 05:17:59 2026
  Analysis ended on:  Thu Sep 24 05:18:02 2026
  Total elapsed time: 00:00:03