
  EPA STORM WATER MANAGEMENT MODEL - VERSION 5.2 (Build 5.2.4)
  PYSWMM TOOLKIT API - VERSION v1.0 (2026-02-26)
  ------------------------------------------------------------

  WARNING 03: negative offset ignored for Link B-J~4
  WARNING 03: negative offset ignored for Link B-J~5
  WARNING 02: maximum depth increased for Node A-J.1
  WARNING 02: maximum depth increased for Node A-J.2
  WARNING 02: maximum depth increased for Node B-J.1
  WARNING 02: maximum depth increased for Node B-J.2
  WARNING 02: maximum depth increased for Node B-J.3
  WARNING 02: maximum depth increased for Node B-J.4
  WARNING 02: maximum depth increased for Node B-J.5
  WARNING 02: maximum depth increased for Node B-J.6
  WARNING 02: maximum depth increased for Node J-D.1
  WARNING 02: maximum depth increased for Node J-D.2
  WARNING 02: maximum depth increased for Node J-D.3
  
  ****************
  Analysis Options
  ****************
  Flow Units ............... LPS
  Process Models:
    Rainfall/Runoff ........ NO
    RDII ................... NO
    Snowmelt ............... NO
    Groundwater ............ NO
    Flow Routing ........... YES
    Ponding Allowed ........ NO
    Water Quality .......... NO
  Flow Routing Method ...... DYNWAVE
  Surcharge Method ......... SLOT
  Starting Date ............ 01/01/2026 00:00:00
  Ending Date .............. 01/01/2026 02:00:00
  Antecedent Dry Days ...... 0.0
  Report Time Step ......... 00:00:10
  Routing Time Step ........ 0.50 sec
  Variable Time Step ....... YES
  Maximum Trials ........... 8
  Number of Threads ........ 1
  Head Tolerance ........... 0.001524 m
  
  
  **************************        Volume        Volume
  Flow Routing Continuity        hectare-m      10^6 ltr
  **************************     ---------     ---------
  Dry Weather Inflow .......         0.000         0.000
  Wet Weather Inflow .......         0.000         0.000
  Groundwater Inflow .......         0.000         0.000
  RDII Inflow ..............         0.000         0.000
  External Inflow ..........         0.033         0.327
  External Outflow .........         0.032         0.319
  Flooding Loss ............         0.000         0.000
  Evaporation Loss .........         0.000         0.000
  Exfiltration Loss ........         0.000         0.000
  Initial Stored Volume ....         0.000         0.000
  Final Stored Volume ......         0.001         0.008
  Continuity Error (%) .....         0.000
  
  
  *************************
  Highest Continuity Errors
  *************************
  Node B-J.5 (7.06%)
  Node B-J.6 (6.19%)
  
  
  ***************************
  Time-Step Critical Elements
  ***************************
  None
  
  
  ********************************
  Highest Flow Instability Indexes
  ********************************
  All links are stable.
  
  
  *********************************
  Most Frequent Nonconverging Nodes
  *********************************
  Convergence obtained at all time steps.
  
  
  *************************
  Routing Time Step Summary
  *************************
  Minimum Time Step           :     0.50 sec
  Average Time Step           :     0.50 sec
  Maximum Time Step           :     0.50 sec
  % of Time in Steady State   :     0.00
  Average Iterations per Step :     2.00
  % of Steps Not Converging   :     0.00
  Time Step Frequencies       :
      0.500 -  0.500 sec      :   100.00 %
      0.500 -  0.500 sec      :     0.00 %
      0.500 -  0.500 sec      :     0.00 %
      0.500 -  0.500 sec      :     0.00 %
      0.500 -  0.500 sec      :     0.00 %
  
  
  ******************
  Node Depth Summary
  ******************
  
  ---------------------------------------------------------------------------------
                                 Average  Maximum  Maximum  Time of Max    Reported
                                   Depth    Depth      HGL   Occurrence   Max Depth
  Node                 Type       Meters   Meters   Meters  days hr:min      Meters
  ---------------------------------------------------------------------------------
  A-J.1                JUNCTION     0.87     0.89    38.41     0  01:27        0.89
  A-J.2                JUNCTION     0.79     0.81    38.29     0  01:23        0.81
  B-J.1                JUNCTION     0.01     0.01    38.81     0  00:33        0.01
  B-J.2                JUNCTION     0.01     0.01    38.59     0  00:33        0.01
  B-J.3                JUNCTION     0.01     0.01    38.38     0  00:35        0.01
  B-J.4                JUNCTION     0.01     0.01    38.17     0  00:34        0.01
  B-J.5                JUNCTION     0.21     0.22    38.16     0  01:46        0.22
  B-J.6                JUNCTION     0.42     0.44    38.16     0  01:54        0.44
  J-D.1                JUNCTION     0.62     0.64    38.02     0  01:12        0.64
  J-D.2                JUNCTION     0.53     0.54    37.88     0  01:56        0.54
  J-D.3                JUNCTION     0.44     0.45    37.74     0  01:54        0.45
  A                    STORAGE      0.95     0.96    38.53     0  01:18        0.96
  B                    STORAGE      0.01     0.01    39.02     0  00:31        0.01
  J                    STORAGE      0.71     0.73    38.16     0  01:30        0.73
  D                    STORAGE      0.38     0.39    37.60     0  01:02        0.39
  OUT                  OUTFALL      0.17     0.18    37.28     0  01:06        0.18
  
  
  *******************
  Node Inflow Summary
  *******************
  
  -------------------------------------------------------------------------------------------------
                                  Maximum  Maximum                  Lateral       Total        Flow
                                  Lateral    Total  Time of Max      Inflow      Inflow     Balance
                                   Inflow   Inflow   Occurrence      Volume      Volume       Error
  Node                 Type           LPS      LPS  days hr:min    10^6 ltr    10^6 ltr     Percent
  -------------------------------------------------------------------------------------------------
  A-J.1                JUNCTION      0.08    44.48     0  01:23    0.000553       0.319       0.125
  A-J.2                JUNCTION      0.08    44.56     0  01:52    0.000553       0.319       0.184
  B-J.1                JUNCTION      0.07     0.15     0  00:31    0.000533     0.00106       0.525
  B-J.2                JUNCTION      0.07     0.22     0  00:32    0.000533     0.00159       0.477
  B-J.3                JUNCTION      0.07     0.30     0  00:32    0.000533     0.00211       0.379
  B-J.4                JUNCTION      0.07     0.37     0  00:34    0.000533     0.00264       0.418
  B-J.5                JUNCTION      0.07     2.74     0  00:04    0.000533     0.00329       7.592
  B-J.6                JUNCTION      0.07     3.75     0  00:02    0.000533     0.00389       6.594
  J-D.1                JUNCTION      0.08    45.24     0  01:43    0.000591       0.321       0.195
  J-D.2                JUNCTION      0.08    45.32     0  01:46    0.000591       0.321       0.193
  J-D.3                JUNCTION      0.08    45.40     0  01:16    0.000591       0.321       0.285
  A                    STORAGE      44.40    44.40     0  00:00        0.32        0.32       0.172
  B                    STORAGE       0.07     0.07     0  00:00    0.000533    0.000533       0.357
  J                    STORAGE       0.08    45.16     0  00:52    0.000591       0.323       0.242
  D                    STORAGE       0.00    45.40     0  01:35           0        0.32       0.247
  OUT                  OUTFALL       0.00    45.40     0  01:19           0       0.319       0.000
  
  
  **********************
  Node Surcharge Summary
  **********************
  
  Surcharging occurs when water rises above the top of the highest conduit.
  ---------------------------------------------------------------------
                                               Max. Height   Min. Depth
                                   Hours       Above Crown    Below Rim
  Node                 Type      Surcharged         Meters       Meters
  ---------------------------------------------------------------------
  A-J.1                JUNCTION        1.99          0.662        0.000
  A-J.2                JUNCTION        1.98          0.583        0.000
  B-J.5                JUNCTION        1.91          0.073        0.000
  B-J.6                JUNCTION        1.95          0.288        0.000
  J-D.1                JUNCTION        1.97          0.412        0.000
  J-D.2                JUNCTION        1.97          0.320        0.000
  J-D.3                JUNCTION        1.96          0.226        0.000
  
  
  *********************
  Node Flooding Summary
  *********************
  
  No nodes were flooded.
  
  
  **********************
  Storage Volume Summary
  **********************
  
  ------------------------------------------------------------------------------------------------
                         Average    Avg   Evap  Exfil     Maximum    Max    Time of Max    Maximum
                          Volume   Pcnt   Pcnt   Pcnt      Volume   Pcnt     Occurrence    Outflow
  Storage Unit           1000 m³   Full   Loss   Loss     1000 m³   Full    days hr:min        LPS
  ------------------------------------------------------------------------------------------------
  A                        0.001   21.6    0.0    0.0       0.001   22.0       0  01:18      44.40
  B                        0.000    0.2    0.0    0.0       0.000    0.3       0  00:31       0.07
  J                        0.001   15.8    0.0    0.0       0.001   16.2       0  00:56      45.16
  D                        0.000    8.1    0.0    0.0       0.000    8.3       0  01:02      45.40
  
  
  ***********************
  Outfall Loading Summary
  ***********************
  
  -----------------------------------------------------------
                         Flow       Avg       Max       Total
                         Freq      Flow      Flow      Volume
  Outfall Node           Pcnt       LPS       LPS    10^6 ltr
  -----------------------------------------------------------
  OUT                   98.76     44.91     45.40       0.319
  -----------------------------------------------------------
  System                98.76     44.91     45.40       0.319
  
  
  ********************
  Link Flow Summary
  ********************
  
  -----------------------------------------------------------------------------
                                 Maximum  Time of Max   Maximum    Max/    Max/
                                  |Flow|   Occurrence   |Veloc|    Full    Full
  Link                 Type          LPS  days hr:min     m/sec    Flow   Depth
  -----------------------------------------------------------------------------
  A-J~0                CONDUIT     44.40     0  01:23      1.12    1.72    1.00
  A-J~1                CONDUIT     44.48     0  01:52      1.12    1.73    1.00
  A-J~2                CONDUIT     44.56     0  00:59      1.28    1.72    1.00
  B-J~0                CONDUIT      0.07     0  00:31      0.20    0.00    0.05
  B-J~1                CONDUIT      0.15     0  00:32      0.28    0.01    0.07
  B-J~2                CONDUIT      0.22     0  00:32      0.33    0.01    0.08
  B-J~3                CONDUIT      0.30     0  00:34      0.37    0.02    0.09
  B-J~4                CONDUIT      0.37     0  00:26      0.40    0.02    0.79
  B-J~5                CONDUIT      2.32     0  00:04      0.37    0.12    1.00
  B-J~6                CONDUIT      3.37     0  00:02      0.24    0.17    1.00
  J-D~0                CONDUIT     45.16     0  01:43      1.14    1.74    1.00
  J-D~1                CONDUIT     45.24     0  01:46      1.14    1.75    1.00
  J-D~2                CONDUIT     45.32     0  01:16      1.22    1.75    1.00
  J-D~3                CONDUIT     45.40     0  01:35      1.14    1.75    1.00
  D-out                CONDUIT     45.40     0  01:19      1.14    1.74    1.00
  
  
  ***************************
  Flow Classification Summary
  ***************************
  
  -------------------------------------------------------------------------------------
                      Adjusted    ---------- Fraction of Time in Flow Class ---------- 
                       /Actual         Up    Down  Sub   Sup   Up    Down  Norm  Inlet 
  Conduit               Length    Dry  Dry   Dry   Crit  Crit  Crit  Crit  Ltd   Ctrl  
  -------------------------------------------------------------------------------------
  A-J~0                   1.00   0.00  0.00  0.00  1.00  0.00  0.00  0.00  0.00  0.00
  A-J~1                   1.00   0.00  0.00  0.00  1.00  0.00  0.00  0.00  0.00  0.00
  A-J~2                   1.00   0.00  0.00  0.00  1.00  0.00  0.00  0.00  0.00  0.00
  B-J~0                   1.00   0.00  0.00  0.00  1.00  0.00  0.00  0.00  1.00  0.00
  B-J~1                   1.00   0.00  0.00  0.00  0.00  1.00  0.00  0.00  1.00  0.00
  B-J~2                   1.00   0.00  0.00  0.00  0.00  1.00  0.00  0.00  1.00  0.00
  B-J~3                   1.00   0.00  0.00  0.00  0.00  1.00  0.00  0.00  0.99  0.00
  B-J~4                   1.00   0.00  0.00  0.00  0.97  0.03  0.00  0.00  0.98  0.00
  B-J~5                   1.00   0.00  0.00  0.00  0.98  0.01  0.00  0.00  0.01  0.00
  B-J~6                   1.00   0.00  0.00  0.00  0.99  0.00  0.00  0.01  0.01  0.00
  J-D~0                   1.00   0.00  0.00  0.00  1.00  0.00  0.00  0.00  0.00  0.00
  J-D~1                   1.00   0.00  0.00  0.00  1.00  0.00  0.00  0.00  0.00  0.00
  J-D~2                   1.00   0.00  0.00  0.00  1.00  0.00  0.00  0.00  0.00  0.00
  J-D~3                   1.00   0.00  0.00  0.00  0.98  0.00  0.00  0.02  0.00  0.00
  D-out                   1.00   0.00  0.00  0.00  1.00  0.00  0.00  0.00  0.00  0.00
  
  
  *************************
  Conduit Surcharge Summary
  *************************
  
  ----------------------------------------------------------------------------
                                                           Hours        Hours 
                         --------- Hours Full --------   Above Full   Capacity
  Conduit                Both Ends  Upstream  Dnstream   Normal Flow   Limited
  ----------------------------------------------------------------------------
  A-J~0                       1.99      1.99      1.99      1.99         1.99
  A-J~1                       1.98      1.99      1.98      1.99         1.99
  A-J~2                       1.98      1.98      1.98      1.99         1.98
  B-J~4                       0.01      0.01      1.91      0.01         0.01
  B-J~5                       1.91      1.91      1.95      0.01         0.01
  B-J~6                       1.95      1.95      1.98      0.01         0.01
  J-D~0                       1.97      1.98      1.97      1.98         1.97
  J-D~1                       1.97      1.97      1.97      1.98         1.97
  J-D~2                       1.96      1.97      1.96      1.98         1.96
  J-D~3                       1.95      1.96      1.95      1.97         1.95
  D-out                       0.01      1.96      0.01      1.96         1.94
  

  Analysis begun on:  Wed Sep 16 00:44:00 2026
  Analysis ended on:  Wed Sep 16 00:44:00 2026
  Total elapsed time: < 1 sec