
  EPA STORM WATER MANAGEMENT MODEL - VERSION 5.2 (Build 5.2.4)
  PYSWMM TOOLKIT API - VERSION v1.0 (2026-02-26)
  ------------------------------------------------------------

  WARNING 08: elevation drop exceeds length for Conduit N779>MH4428606
  
  ****************
  Analysis Options
  ****************
  Flow Units ............... LPS
  Process Models:
    Rainfall/Runoff ........ NO
    RDII ................... NO
    Snowmelt ............... NO
    Groundwater ............ NO
    Flow Routing ........... YES
    Ponding Allowed ........ NO
    Water Quality .......... NO
  Flow Routing Method ...... DYNWAVE
  Surcharge Method ......... SLOT
  Starting Date ............ 01/01/2026 00:00:00
  Ending Date .............. 01/01/2026 02:00:00
  Antecedent Dry Days ...... 0.0
  Report Time Step ......... 00:00:10
  Routing Time Step ........ 0.50 sec
  Variable Time Step ....... YES
  Maximum Trials ........... 8
  Number of Threads ........ 1
  Head Tolerance ........... 0.001524 m
  
  
  **************************        Volume        Volume
  Flow Routing Continuity        hectare-m      10^6 ltr
  **************************     ---------     ---------
  Dry Weather Inflow .......         0.000         0.000
  Wet Weather Inflow .......         0.000         0.000
  Groundwater Inflow .......         0.000         0.000
  RDII Inflow ..............         0.000         0.000
  External Inflow ..........         0.017         0.170
  External Outflow .........         0.014         0.138
  Flooding Loss ............         0.000         0.000
  Evaporation Loss .........         0.000         0.000
  Exfiltration Loss ........         0.000         0.000
  Initial Stored Volume ....         0.000         0.001
  Final Stored Volume ......         0.003         0.032
  Continuity Error (%) .....        -0.104
  
  
  *************************
  Highest Continuity Errors
  *************************
  Node MH4449882 (11.33%)
  Node MH4447602 (5.43%)
  Node MH4449503 (5.20%)
  Node MH4429471 (3.62%)
  Node MH4448813 (3.23%)
  
  
  ***************************
  Time-Step Critical Elements
  ***************************
  Link N779>MH4428606 (94.99%)
  Link N644>MH4429136 (5.01%)
  
  
  ********************************
  Highest Flow Instability Indexes
  ********************************
  Link N644>MH4429136 (150)
  
  
  *********************************
  Most Frequent Nonconverging Nodes
  *********************************
  Convergence obtained at all time steps.
  
  
  *************************
  Routing Time Step Summary
  *************************
  Minimum Time Step           :     0.50 sec
  Average Time Step           :     0.50 sec
  Maximum Time Step           :     0.50 sec
  % of Time in Steady State   :     0.00
  Average Iterations per Step :     3.12
  % of Steps Not Converging   :     0.00
  Time Step Frequencies       :
      0.500 -  0.500 sec      :   100.00 %
      0.500 -  0.500 sec      :     0.00 %
      0.500 -  0.500 sec      :     0.00 %
      0.500 -  0.500 sec      :     0.00 %
      0.500 -  0.500 sec      :     0.00 %
  
  
  ******************
  Node Depth Summary
  ******************
  
  ---------------------------------------------------------------------------------
                                 Average  Maximum  Maximum  Time of Max    Reported
                                   Depth    Depth      HGL   Occurrence   Max Depth
  Node                 Type       Meters   Meters   Meters  days hr:min      Meters
  ---------------------------------------------------------------------------------
  N10                  JUNCTION     0.01     0.01    49.79     0  00:43        0.01
  N13                  JUNCTION     0.02     0.02    42.08     0  01:37        0.02
  N22                  JUNCTION     0.01     0.01    43.36     0  00:40        0.01
  N25                  JUNCTION     0.06     0.06    39.70     0  01:24        0.06
  N43                  JUNCTION     0.08     0.08    40.08     0  01:20        0.08
  N85                  JUNCTION     0.01     0.01    51.81     0  00:48        0.01
  N97                  JUNCTION     0.06     0.07    38.24     0  02:00        0.07
  N113                 JUNCTION     0.01     0.01    50.51     0  01:28        0.01
  N124                 JUNCTION     0.01     0.01    41.78     0  01:11        0.01
  N166                 JUNCTION     0.02     0.03    46.13     0  01:05        0.03
  N168                 JUNCTION     0.01     0.01    44.38     0  00:54        0.01
  N188                 JUNCTION     0.04     0.04    41.46     0  02:00        0.04
  N197                 JUNCTION     0.14     0.17    37.86     0  02:00        0.17
  N198                 JUNCTION     0.01     0.01    40.33     0  00:52        0.01
  N212                 JUNCTION     0.01     0.01    56.46     0  00:01        0.01
  N258                 JUNCTION     0.04     0.04    40.84     0  02:00        0.04
  N265                 JUNCTION     0.05     0.06    39.02     0  01:56        0.06
  N272                 JUNCTION     0.01     0.01    40.76     0  00:01        0.01
  N274                 JUNCTION     0.01     0.01    56.74     0  00:37        0.01
  N275                 JUNCTION     0.01     0.01    55.98     0  00:38        0.01
  N303                 JUNCTION     0.01     0.01    42.64     0  00:59        0.01
  N325                 JUNCTION     0.04     0.05    39.53     0  01:52        0.05
  N327                 JUNCTION     0.05     0.06    40.72     0  01:23        0.06
  N328                 JUNCTION     0.13     0.15    38.60     0  02:00        0.15
  N379                 JUNCTION     0.01     0.01    39.74     0  01:13        0.01
  N397                 JUNCTION     0.04     0.04    42.00     0  02:00        0.04
  N460                 JUNCTION     0.02     0.03    39.57     0  01:29        0.03
  N467                 JUNCTION     0.00     0.00    57.63     0  00:04        0.00
  N468                 JUNCTION     0.01     0.01    55.81     0  00:26        0.01
  N483                 JUNCTION     0.01     0.01    41.22     0  00:00        0.01
  N491                 JUNCTION     0.01     0.01    53.97     0  00:08        0.01
  N492                 JUNCTION     0.01     0.01    52.82     0  00:24        0.01
  N515                 JUNCTION     0.01     0.01    58.31     0  00:54        0.01
  N542                 JUNCTION     0.00     0.00    45.29     0  00:22        0.00
  N552                 JUNCTION     0.02     0.02    40.42     0  02:00        0.02
  N562                 JUNCTION     0.02     0.02    42.89     0  00:45        0.02
  N563                 JUNCTION     0.02     0.02    41.45     0  01:02        0.02
  N566                 JUNCTION     0.01     0.02    45.78     0  01:32        0.02
  N578                 JUNCTION     0.09     0.09    39.36     0  01:22        0.09
  N582                 JUNCTION     0.01     0.01    38.66     0  00:45        0.01
  N599                 JUNCTION     0.12     0.13    38.90     0  02:00        0.13
  N644                 JUNCTION     0.02     0.04    40.76     0  00:00        0.03
  N647                 JUNCTION     0.01     0.01    55.80     0  01:00        0.01
  N655                 JUNCTION     0.01     0.01    43.33     0  01:26        0.01
  N656                 JUNCTION     0.01     0.01    42.35     0  01:26        0.01
  N659                 JUNCTION     0.01     0.01    44.09     0  00:17        0.01
  N660                 JUNCTION     0.01     0.01    42.43     0  00:33        0.01
  N675                 JUNCTION     0.04     0.04    39.52     0  02:00        0.04
  N676                 JUNCTION     0.01     0.01    40.02     0  00:19        0.01
  N687                 JUNCTION     0.01     0.01    43.67     0  00:08        0.01
  N688                 JUNCTION     0.01     0.01    43.01     0  00:03        0.01
  N693                 JUNCTION     0.04     0.04    39.91     0  02:00        0.04
  N695                 JUNCTION     0.01     0.01    47.88     0  00:27        0.01
  N702                 JUNCTION     0.01     0.01    40.29     0  00:53        0.01
  N711                 JUNCTION     0.05     0.06    38.60     0  02:00        0.06
  N722                 JUNCTION     0.01     0.01    46.67     0  00:45        0.01
  N751                 JUNCTION     0.01     0.01    52.37     0  00:28        0.01
  N779                 JUNCTION     0.00     0.00    44.71     0  00:00        0.00
  N781                 JUNCTION     0.01     0.01    40.75     0  01:07        0.01
  N799                 JUNCTION     0.01     0.01    40.99     0  01:54        0.01
  N816                 JUNCTION     0.01     0.01    46.54     0  00:43        0.01
  N829                 JUNCTION     0.01     0.01    40.35     0  00:03        0.01
  N842                 JUNCTION     0.02     0.02    42.99     0  00:45        0.02
  N849                 JUNCTION     0.01     0.01    39.25     0  00:01        0.01
  N853                 JUNCTION     0.01     0.01    40.86     0  00:35        0.01
  N857                 JUNCTION     0.02     0.02    51.40     0  01:00        0.02
  N862                 JUNCTION     0.01     0.01    41.63     0  00:12        0.01
  N863                 JUNCTION     0.01     0.01    41.50     0  00:28        0.01
  N870                 JUNCTION     0.04     0.04    42.85     0  01:17        0.04
  N914                 JUNCTION     0.03     0.03    40.38     0  01:11        0.03
  N915                 JUNCTION     0.01     0.01    41.01     0  00:30        0.01
  N916                 JUNCTION     0.01     0.01    42.99     0  00:02        0.01
  N924                 JUNCTION     0.03     0.03    42.39     0  00:00        0.03
  N930                 JUNCTION     0.03     0.03    38.79     0  01:48        0.03
  N931                 JUNCTION     0.01     0.01    41.02     0  02:00        0.01
  N954                 JUNCTION     0.05     0.05    41.59     0  01:33        0.05
  N956                 JUNCTION     0.00     0.01    38.96     0  00:01        0.01
  N957                 JUNCTION     0.01     0.01    50.57     0  00:45        0.01
  N975                 JUNCTION     0.01     0.01    40.16     0  00:00        0.01
  N976                 JUNCTION     0.01     0.01    39.97     0  00:02        0.01
  N978                 JUNCTION     0.01     0.01    51.14     0  00:18        0.01
  N984                 JUNCTION     0.01     0.01    41.10     0  00:03        0.01
  N1003                JUNCTION     0.01     0.01    43.36     0  01:59        0.01
  N1007                JUNCTION     0.01     0.01    40.71     0  01:00        0.01
  MH4428367            STORAGE      0.01     0.01    47.08     0  00:54        0.01
  MH4428606            STORAGE      0.02     0.02    43.59     0  01:36        0.02
  MH4447602            STORAGE      0.01     0.01    42.67     0  02:00        0.01
  MH4429312            STORAGE      0.06     0.06    40.34     0  01:55        0.06
  MH4429136            STORAGE      0.08     0.08    40.53     0  01:37        0.08
  MH4448345            STORAGE      0.08     0.08    38.74     0  02:00        0.08
  MH4448419            STORAGE      0.13     0.15    38.71     0  02:00        0.15
  MH4427688            STORAGE      0.02     0.02    48.69     0  01:02        0.02
  MH4448853            STORAGE      0.05     0.06    38.41     0  02:00        0.06
  MH4428026            STORAGE      0.01     0.01    48.11     0  01:34        0.01
  MH4429035            STORAGE      0.01     0.01    43.31     0  01:04        0.01
  MH4449704            STORAGE      0.03     0.03    39.75     0  02:00        0.03
  MH4449118            STORAGE      0.03     0.04    39.23     0  02:00        0.04
  MH4447128            STORAGE      0.02     0.02    39.74     0  01:43        0.02
  MH4447726            STORAGE      0.03     0.03    39.20     0  01:45        0.03
  MH4428268            STORAGE      0.04     0.04    43.72     0  01:32        0.04
  MH4428636            STORAGE      0.05     0.05    42.01     0  01:23        0.05
  MH4447880            STORAGE      0.04     0.04    41.23     0  02:00        0.04
  MH4449785            STORAGE      0.14     0.16    38.08     0  02:00        0.16
  MH4447416            STORAGE      0.01     0.01    39.85     0  01:11        0.01
  MH4427425            STORAGE      0.01     0.01    55.80     0  02:00        0.01
  MH4449173            STORAGE      0.12     0.14    38.39     0  02:00        0.14
  MH4428713            STORAGE      0.02     0.02    40.66     0  01:19        0.02
  MH4428995            STORAGE      0.02     0.02    39.87     0  01:26        0.02
  MH4429357            STORAGE      0.05     0.05    39.29     0  01:56        0.05
  MH4449860            STORAGE      0.01     0.01    40.56     0  01:04        0.01
  MH4428765            STORAGE      0.01     0.01    40.85     0  01:00        0.01
  MH4429013            STORAGE      0.05     0.06    41.17     0  01:23        0.06
  MH8963773            STORAGE      0.05     0.06    38.82     0  02:00        0.06
  MH4426971            STORAGE      0.00     0.00    57.44     0  00:31        0.00
  MH4429645            STORAGE      0.03     0.03    42.19     0  02:00        0.03
  MH4449103            STORAGE      0.09     0.10    38.45     0  02:00        0.10
  MH4449849            STORAGE      0.02     0.02    38.19     0  00:25        0.02
  MH4447394            STORAGE      0.12     0.13    39.07     0  02:00        0.13
  MH4428426            STORAGE      0.01     0.01    49.22     0  00:41        0.01
  MH4428245            STORAGE      0.01     0.01    47.76     0  01:59        0.01
  MH4449882            STORAGE      0.02     0.03    39.80     0  02:00        0.03
  MH4429320            STORAGE      0.01     0.01    41.13     0  00:33        0.01
  MH4426673            STORAGE      0.01     0.01    59.15     0  00:45        0.01
  MH4428836            STORAGE      0.03     0.03    40.50     0  01:57        0.03
  MH4429107            STORAGE      0.04     0.05    39.80     0  02:00        0.05
  MH4448392            STORAGE      0.01     0.01    42.78     0  01:06        0.01
  MH4448813            STORAGE      0.02     0.02    42.19     0  01:35        0.02
  MH4427309            STORAGE      0.01     0.01    54.82     0  00:43        0.01
  MH4428797            STORAGE      0.01     0.01    44.06     0  01:02        0.01
  MH4449977            STORAGE      0.02     0.02    41.11     0  02:00        0.02
  MH4450193            STORAGE      0.14     0.17    37.74     0  02:00        0.17
  MH4428800            STORAGE      0.01     0.01    45.26     0  00:48        0.01
  MH4429411            STORAGE      0.01     0.01    42.21     0  01:08        0.01
  MH4427312            STORAGE      0.01     0.01    54.03     0  01:00        0.01
  MH4450100            STORAGE      0.01     0.01    40.33     0  01:17        0.01
  MH4450180            STORAGE      0.01     0.02    38.99     0  01:21        0.02
  MH4429471            STORAGE      0.02     0.02    40.40     0  01:41        0.02
  MH4429499            STORAGE      0.08     0.09    39.64     0  01:40        0.09
  MH4428146            STORAGE      0.01     0.01    45.05     0  00:45        0.01
  MH4450167            STORAGE      0.02     0.02    38.64     0  01:30        0.02
  MH4427714            STORAGE      0.01     0.01    49.74     0  00:41        0.01
  MH4450332            STORAGE      0.02     0.02    38.80     0  01:29        0.02
  MH4426979            STORAGE      0.01     0.01    57.47     0  01:00        0.01
  MH4427849            STORAGE      0.01     0.01    50.28     0  01:12        0.01
  MH4447346            STORAGE      0.01     0.01    40.51     0  00:46        0.01
  MH4427659            STORAGE      0.01     0.01    54.08     0  00:25        0.01
  MH4428583            STORAGE      0.02     0.02    41.00     0  01:04        0.02
  MH4427741            STORAGE      0.01     0.01    52.40     0  01:28        0.01
  MH4428137            STORAGE      0.01     0.01    44.44     0  00:46        0.01
  MH4449866            STORAGE      0.01     0.01    39.47     0  00:34        0.01
  MH4448929            STORAGE      0.04     0.04    40.30     0  02:00        0.04
  MH4428067            STORAGE      0.01     0.01    52.16     0  00:42        0.01
  MH4449503            STORAGE      0.02     0.02    41.66     0  02:00        0.02
  MH4428188            STORAGE      0.02     0.02    43.95     0  00:45        0.02
  MH4447452            STORAGE      0.05     0.06    38.80     0  02:00        0.06
  X385                 OUTFALL      0.00     0.00    57.02     0  00:32        0.00
  OUT                  OUTFALL      0.18     0.18    37.61     0  00:00        0.18
  X570                 OUTFALL      0.01     0.01    53.31     0  00:25        0.01
  X902                 OUTFALL      0.00     0.00    58.33     0  00:45        0.00
  
  
  *******************
  Node Inflow Summary
  *******************
  
  -------------------------------------------------------------------------------------------------
                                  Maximum  Maximum                  Lateral       Total        Flow
                                  Lateral    Total  Time of Max      Inflow      Inflow     Balance
                                   Inflow   Inflow   Occurrence      Volume      Volume       Error
  Node                 Type           LPS      LPS  days hr:min    10^6 ltr    10^6 ltr     Percent
  -------------------------------------------------------------------------------------------------
  N10                  JUNCTION      0.13     0.27     0  00:42    0.000948     0.00194       1.009
  N13                  JUNCTION      0.13     1.15     0  01:36    0.000901     0.00791       1.889
  N22                  JUNCTION      0.06     0.06     0  00:00    0.000436    0.000436       1.517
  N25                  JUNCTION      0.19     4.86     0  01:22     0.00134      0.0316       2.460
  N43                  JUNCTION      0.15     6.71     0  01:14     0.00108      0.0471       1.334
  N85                  JUNCTION      0.12     0.54     0  00:43    0.000866     0.00379       1.833
  N97                  JUNCTION      0.08     4.14     0  01:59    0.000562      0.0244       3.300
  N113                 JUNCTION      0.13     0.41     0  01:28    0.000903     0.00287       0.772
  N124                 JUNCTION      0.12     0.42     0  01:04    0.000882     0.00295       2.078
  N166                 JUNCTION      0.21     1.75     0  00:59     0.00152      0.0121       1.252
  N168                 JUNCTION      0.10     0.50     0  00:52    0.000714     0.00355       1.301
  N188                 JUNCTION      0.06     1.80     0  01:59    0.000398      0.0126       1.239
  N197                 JUNCTION      0.12    23.06     0  02:00    0.000853       0.138       1.205
  N198                 JUNCTION      0.12     0.28     0  00:46    0.000861     0.00196       0.942
  N212                 JUNCTION      0.06     0.06     0  00:00    0.000439    0.000439       0.369
  N258                 JUNCTION      0.13     2.32     0  01:59    0.000954      0.0159       2.175
  N265                 JUNCTION      0.14     3.41     0  01:56     0.00101      0.0217       2.575
  N272                 JUNCTION      0.07     0.07     0  00:00    0.000491    0.000491       0.346
  N274                 JUNCTION      0.07     0.11     0  00:31    0.000492    0.000785       0.917
  N275                 JUNCTION      0.10     0.21     0  00:37    0.000697     0.00147       1.045
  N303                 JUNCTION      0.16     0.16     0  00:00     0.00117     0.00117       2.155
  N325                 JUNCTION      0.06     2.39     0  01:49    0.000461      0.0156       1.492
  N327                 JUNCTION      0.09     4.10     0  01:19    0.000646       0.027       1.147
  N328                 JUNCTION      0.12    16.69     0  02:00    0.000877       0.105       1.224
  N379                 JUNCTION      0.08     0.08     0  00:00    0.000571    0.000571       2.935
  N397                 JUNCTION      0.19     1.74     0  01:59     0.00136      0.0124       1.140
  N460                 JUNCTION      0.11     0.73     0  01:25    0.000763     0.00493       2.652
  N467                 JUNCTION      0.04     0.04     0  00:00    0.000264    0.000264       0.117
  N468                 JUNCTION      0.11     0.15     0  00:03      0.0008     0.00106       0.942
  N483                 JUNCTION      0.05     0.05     0  00:00    0.000354    0.000354       0.269
  N491                 JUNCTION      0.09     0.09     0  00:00    0.000643    0.000643       0.335
  N492                 JUNCTION      0.13     0.22     0  00:08    0.000928     0.00157       0.933
  N515                 JUNCTION      0.08     0.20     0  00:45    0.000549     0.00143       1.715
  N542                 JUNCTION      0.04     0.04     0  00:00    0.000283    0.000283       0.865
  N552                 JUNCTION      0.09     0.76     0  01:59    0.000615     0.00505       1.715
  N562                 JUNCTION      0.20     0.82     0  00:42     0.00141     0.00573       1.490
  N563                 JUNCTION      0.10     0.93     0  00:45    0.000753      0.0064       2.052
  N566                 JUNCTION      0.05     0.74     0  01:13    0.000384      0.0052       1.025
  N578                 JUNCTION      0.09     7.16     0  01:28    0.000684      0.0489       1.915
  N582                 JUNCTION      0.07     0.26     0  00:34    0.000507     0.00185       1.732
  N599                 JUNCTION      0.10    14.82     0  01:59     0.00069      0.0962       1.330
  N644                 JUNCTION      5.11     5.11     0  00:00      0.0368      0.0368      -0.354
  N647                 JUNCTION      0.09     0.43     0  01:00     0.00065     0.00302       1.613
  N655                 JUNCTION      0.13     0.19     0  01:40    0.000968     0.00138       1.155
  N656                 JUNCTION      0.08     0.27     0  01:26    0.000553     0.00192       1.343
  N659                 JUNCTION      0.08     0.08     0  00:00    0.000595    0.000595       0.671
  N660                 JUNCTION      0.09     0.17     0  00:17    0.000616     0.00121       1.168
  N675                 JUNCTION      0.09     2.57     0  01:59    0.000628      0.0171       1.518
  N676                 JUNCTION      0.05     0.05     0  00:00    0.000375    0.000375       0.693
  N687                 JUNCTION      0.07     0.07     0  00:00    0.000512    0.000512       0.322
  N688                 JUNCTION      0.15     0.22     0  00:08     0.00105     0.00156       0.859
  N693                 JUNCTION      0.08     2.49     0  02:00    0.000553      0.0167       1.200
  N695                 JUNCTION      0.11     0.30     0  00:18    0.000757     0.00212       1.135
  N702                 JUNCTION      0.06     0.06     0  00:00      0.0004      0.0004       2.143
  N711                 JUNCTION      0.18     3.87     0  01:58     0.00127      0.0237       2.620
  N722                 JUNCTION      0.13     0.48     0  00:41    0.000916     0.00338       1.025
  N751                 JUNCTION      0.09     0.09     0  00:00    0.000673    0.000673       1.057
  N779                 JUNCTION      0.08     0.08     0  00:00    0.000607    0.000607       0.003
  N781                 JUNCTION      0.20     0.20     0  00:00     0.00145     0.00145       2.681
  N799                 JUNCTION      0.08     0.08     0  00:00    0.000588    0.000588       4.828
  N816                 JUNCTION      0.13     0.30     0  00:41      0.0009     0.00213       1.341
  N829                 JUNCTION      0.08     0.08     0  00:00    0.000544    0.000544       1.105
  N842                 JUNCTION      0.17     0.61     0  00:43     0.00122     0.00432       1.320
  N849                 JUNCTION      0.05     0.05     0  00:00     0.00035     0.00035       0.554
  N853                 JUNCTION      0.12     0.24     0  00:33     0.00085     0.00174       1.110
  N857                 JUNCTION      0.10     0.77     0  00:54    0.000714     0.00538       0.980
  N862                 JUNCTION      0.04     0.04     0  00:00     0.00029     0.00029       0.463
  N863                 JUNCTION      0.11     0.15     0  00:11    0.000791     0.00108       0.916
  N870                 JUNCTION      0.11     2.71     0  01:14    0.000778      0.0184       0.986
  N914                 JUNCTION      0.16     0.94     0  01:03     0.00114      0.0065       2.415
  N915                 JUNCTION      0.04     0.26     0  00:04     0.00028     0.00183       1.551
  N916                 JUNCTION      0.08     0.08     0  00:00    0.000566    0.000566       0.686
  N924                 JUNCTION      1.35     1.35     0  00:00     0.00972     0.00972       0.115
  N930                 JUNCTION      0.15     1.26     0  01:45     0.00105     0.00846       2.011
  N931                 JUNCTION      0.15     0.15     0  00:00     0.00106     0.00106       3.026
  N954                 JUNCTION      0.08     3.40     0  01:19    0.000586      0.0228       1.187
  N956                 JUNCTION      0.03     0.03     0  00:00    0.000222    0.000222       0.526
  N957                 JUNCTION      0.17     0.17     0  00:00     0.00123     0.00123       1.720
  N975                 JUNCTION      0.05     0.05     0  00:00    0.000356    0.000356       0.238
  N976                 JUNCTION      0.05     0.10     0  00:00    0.000386    0.000741       0.696
  N978                 JUNCTION      0.19     0.19     0  00:00     0.00137     0.00137       0.629
  N984                 JUNCTION      0.14     0.14     0  00:00     0.00102     0.00102       0.900
  N1003                JUNCTION      0.06     0.06     0  00:00    0.000429    0.000429       3.038
  N1007                JUNCTION      0.17     0.17     0  00:00     0.00121     0.00121       1.948
  MH4428367            STORAGE       0.13     0.40     0  00:36    0.000948     0.00287       1.003
  MH4428606            STORAGE       0.14     1.03     0  01:04    0.000972     0.00717       1.989
  MH4447602            STORAGE       0.10     0.16     0  00:40    0.000741     0.00117       5.743
  MH4429312            STORAGE       0.16     4.68     0  01:23     0.00116      0.0308       1.362
  MH4429136            STORAGE       0.15     7.31     0  01:13     0.00109      0.0468       1.510
  MH4448345            STORAGE       0.01    16.45     0  02:00    5.25e-05       0.105       0.713
  MH4448419            STORAGE       0.12    16.57     0  02:00    0.000866       0.105       0.740
  MH4427688            STORAGE       0.23     1.54     0  01:04     0.00164      0.0107       1.111
  MH4448853            STORAGE       0.19     4.06     0  01:58     0.00135      0.0245       2.445
  MH4428026            STORAGE       0.11     0.69     0  01:30    0.000806     0.00486       0.750
  MH4429035            STORAGE       0.14     0.30     0  00:48    0.000998     0.00211       1.946
  MH4449704            STORAGE       0.10     1.14     0  02:00    0.000729     0.00751       2.400
  MH4449118            STORAGE       0.12     1.62     0  02:00    0.000829      0.0107       2.527
  MH4447128            STORAGE       0.17     0.61     0  01:41     0.00121     0.00424       2.076
  MH4447726            STORAGE       0.15     1.11     0  01:44     0.00105     0.00763       2.458
  MH4428268            STORAGE       0.11     2.60     0  01:42    0.000786      0.0178       1.172
  MH4428636            STORAGE       0.11     3.32     0  01:23    0.000777      0.0225       1.154
  MH4447880            STORAGE       0.12     2.18     0  01:59    0.000837      0.0152       1.458
  MH4449785            STORAGE       0.13    22.94     0  02:00    0.000902       0.139       1.887
  MH4447416            STORAGE       0.08     0.36     0  00:52    0.000575     0.00251       2.486
  MH4427425            STORAGE       0.16     0.22     0  00:01     0.00114     0.00158       2.747
  MH4449173            STORAGE       0.19    18.14     0  02:00     0.00134       0.113       1.221
  MH4428713            STORAGE       0.14     0.49     0  01:00     0.00101     0.00346       2.166
  MH4428995            STORAGE       0.13     0.62     0  01:20    0.000951     0.00432       3.111
  MH4429357            STORAGE       0.16     3.27     0  01:52     0.00114      0.0213       2.604
  MH4449860            STORAGE       0.04     0.12     0  00:02    0.000322    0.000812       1.984
  MH4428765            STORAGE       0.02     0.18     0  01:00    0.000133     0.00128       0.775
  MH4429013            STORAGE       0.09     4.01     0  01:20    0.000626      0.0267       1.168
  MH8963773            STORAGE       0.02     3.51     0  01:55    0.000135      0.0219       1.459
  MH4426971            STORAGE       0.07     0.07     0  00:00    0.000473    0.000473       0.827
  MH4429645            STORAGE       0.04     1.55     0  02:00    0.000285      0.0111       0.483
  MH4449103            STORAGE       0.01    17.96     0  02:00    7.76e-05       0.113       0.721
  MH4449849            STORAGE       0.03     0.53     0  01:29    0.000184     0.00361       2.904
  MH4447394            STORAGE       0.12    14.72     0  02:00    0.000885      0.0965       0.963
  MH4428426            STORAGE       0.30     0.30     0  00:00     0.00216     0.00216       1.395
  MH4428245            STORAGE       0.16     0.64     0  01:12     0.00118     0.00448       2.096
  MH4449882            STORAGE       0.05     0.13     0  00:03    0.000373    0.000911      12.780
  MH4429320            STORAGE       0.08     0.13     0  00:01    0.000553    0.000906       0.816
  MH4426673            STORAGE       0.13     0.13     0  00:00     0.00093     0.00093       1.055
  MH4428836            STORAGE       0.16     1.32     0  01:57     0.00114     0.00904       2.042
  MH4429107            STORAGE       0.07     2.33     0  01:48    0.000481      0.0157       3.281
  MH4448392            STORAGE       0.14     0.22     0  00:02     0.00103     0.00159       1.839
  MH4448813            STORAGE       0.17     0.39     0  01:06     0.00125      0.0028       3.333
  MH4427309            STORAGE       0.21     0.42     0  00:37     0.00151     0.00297       1.044
  MH4428797            STORAGE       0.18     0.52     0  00:45      0.0013     0.00368       2.050
  MH4449977            STORAGE       0.09     0.68     0  02:00    0.000624      0.0045       0.887
  MH4450193            STORAGE       0.06    23.38     0  02:00    0.000414       0.139       1.067
  MH4428800            STORAGE       0.33     0.33     0  00:00     0.00238     0.00238       1.559
  MH4429411            STORAGE       0.15     0.15     0  00:00     0.00105     0.00105       2.172
  MH4427312            STORAGE       0.10     0.67     0  01:00    0.000693     0.00472       0.986
  MH4450100            STORAGE       0.02     0.13     0  01:04    0.000155    0.000941       1.121
  MH4450180            STORAGE       0.05     0.24     0  01:17    0.000392     0.00166       1.927
  MH4429471            STORAGE       0.15     0.39     0  00:35     0.00105     0.00277       3.751
  MH4429499            STORAGE       0.10     7.06     0  01:16    0.000727       0.049       1.545
  MH4428146            STORAGE       0.15     0.44     0  00:26     0.00105     0.00315       1.342
  MH4450167            STORAGE       0.14     0.51     0  01:30    0.000978     0.00352       2.280
  MH4427714            STORAGE       0.13     0.35     0  00:24     0.00095      0.0025       1.349
  MH4450332            STORAGE       0.05     0.32     0  01:21    0.000352     0.00219       1.303
  MH4426979            STORAGE       0.14     0.34     0  00:54     0.00101     0.00241       1.117
  MH4427849            STORAGE       0.15     0.35     0  00:42     0.00107     0.00247       2.281
  MH4447346            STORAGE       0.02     0.16     0  00:04    0.000115     0.00112       1.536
  MH4427659            STORAGE       0.10     0.10     0  00:00    0.000707    0.000707       0.482
  MH4428583            STORAGE       0.17     0.79     0  00:45     0.00125     0.00551       2.277
  MH4427741            STORAGE       0.06     0.28     0  01:11    0.000456     0.00199       0.699
  MH4428137            STORAGE       0.01     0.49     0  00:45    8.04e-05     0.00342       0.598
  MH4449866            STORAGE       0.09     0.19     0  00:02    0.000631     0.00137       0.973
  MH4448929            STORAGE       0.09     2.41     0  02:00    0.000676      0.0162       0.634
  MH4428067            STORAGE       0.24     0.24     0  00:00     0.00176     0.00176       1.254
  MH4449503            STORAGE       0.20     0.59     0  01:35     0.00141     0.00411       5.482
  MH4428188            STORAGE       0.14     0.62     0  00:45    0.000981     0.00437       0.837
  MH4447452            STORAGE       0.18     3.70     0  01:58     0.00133      0.0228       1.452
  X385                 OUTFALL       0.00     0.02     0  00:32           0    0.000173       0.000
  OUT                  OUTFALL       0.00    23.38     0  02:00           0       0.137       0.000
  X570                 OUTFALL       0.00     0.10     0  00:25           0    0.000698       0.000
  X902                 OUTFALL       0.00     0.01     0  00:45           0    3.61e-05       0.000
  
  
  **********************
  Node Surcharge Summary
  **********************
  
  No nodes were surcharged.
  
  
  *********************
  Node Flooding Summary
  *********************
  
  No nodes were flooded.
  
  
  **********************
  Storage Volume Summary
  **********************
  
  ------------------------------------------------------------------------------------------------
                         Average    Avg   Evap  Exfil     Maximum    Max    Time of Max    Maximum
                          Volume   Pcnt   Pcnt   Pcnt      Volume   Pcnt     Occurrence    Outflow
  Storage Unit           1000 m³   Full   Loss   Loss     1000 m³   Full    days hr:min        LPS
  ------------------------------------------------------------------------------------------------
  MH4428367                0.000    0.3    0.0    0.0       0.000    0.3       0  00:54       0.40
  MH4428606                0.000    0.5    0.0    0.0       0.000    0.5       0  01:36       1.03
  MH4447602                0.000    0.5    0.0    0.0       0.000    0.5       0  02:00       0.16
  MH4429312                0.000    1.6    0.0    0.0       0.000    1.7       0  01:55       4.68
  MH4429136                0.000    1.7    0.0    0.0       0.000    1.7       0  01:37       6.56
  MH4448345                0.000    1.8    0.0    0.0       0.000    2.0       0  02:00      16.45
  MH4448419                0.000    3.1    0.0    0.0       0.000    3.5       0  02:00      16.57
  MH4427688                0.000    0.5    0.0    0.0       0.000    0.5       0  01:02       1.54
  MH4448853                0.000    1.4    0.0    0.0       0.000    1.6       0  02:00       4.06
  MH4428026                0.000    0.4    0.0    0.0       0.000    0.4       0  01:34       0.69
  MH4429035                0.000    0.3    0.0    0.0       0.000    0.3       0  01:04       0.30
  MH4449704                0.000    0.9    0.0    0.0       0.000    1.0       0  02:00       1.14
  MH4449118                0.000    0.9    0.0    0.0       0.000    1.0       0  02:00       1.62
  MH4447128                0.000    0.9    0.0    0.0       0.000    0.9       0  01:43       0.61
  MH4447726                0.000    0.8    0.0    0.0       0.000    0.8       0  01:45       1.11
  MH4428268                0.000    0.9    0.0    0.0       0.000    1.0       0  01:32       2.60
  MH4428636                0.000    1.3    0.0    0.0       0.000    1.4       0  01:23       3.32
  MH4447880                0.000    1.4    0.0    0.0       0.000    1.5       0  02:00       2.18
  MH4449785                0.000    3.1    0.0    0.0       0.000    3.7       0  02:00      22.94
  MH4447416                0.000    0.5    0.0    0.0       0.000    0.5       0  01:11       0.36
  MH4427425                0.000    0.4    0.0    0.0       0.000    0.4       0  01:59       0.22
  MH4449173                0.000    2.7    0.0    0.0       0.000    3.1       0  02:00      18.14
  MH4428713                0.000    0.7    0.0    0.0       0.000    0.7       0  01:19       0.49
  MH4428995                0.000    1.4    0.0    0.0       0.000    1.4       0  01:26       0.62
  MH4429357                0.000    2.6    0.0    0.0       0.000    2.9       0  01:56       3.27
  MH4449860                0.000    1.1    0.0    0.0       0.000    1.2       0  01:04       0.11
  MH4428765                0.000    0.6    0.0    0.0       0.000    0.6       0  01:00       0.18
  MH4429013                0.000    1.6    0.0    0.0       0.000    1.7       0  01:23       4.01
  MH8963773                0.000    2.1    0.0    0.0       0.000    2.4       0  02:00       3.51
  MH4426971                0.000    0.1    0.0    0.0       0.000    0.1       0  00:31       0.07
  MH4429645                0.000    1.2    0.0    0.0       0.000    1.2       0  02:00       1.55
  MH4449103                0.000    2.0    0.0    0.0       0.000    2.3       0  02:00      17.96
  MH4449849                0.000    0.5    0.0    0.0       0.000    0.6       0  00:25       0.55
  MH4447394                0.000    2.6    0.0    0.0       0.000    2.8       0  02:00      14.72
  MH4428426                0.000    0.3    0.0    0.0       0.000    0.3       0  00:41       0.30
  MH4428245                0.000    0.5    0.0    0.0       0.000    0.5       0  01:59       0.64
  MH4449882                0.000    0.8    0.0    0.0       0.000    0.9       0  02:00       0.13
  MH4429320                0.000    0.7    0.0    0.0       0.000    0.7       0  00:33       0.13
  MH4426673                0.000    0.3    0.0    0.0       0.000    0.3       0  00:45       0.13
  MH4428836                0.000    1.2    0.0    0.0       0.000    1.3       0  01:55       1.32
  MH4429107                0.000    1.8    0.0    0.0       0.000    1.9       0  02:00       2.33
  MH4448392                0.000    0.6    0.0    0.0       0.000    0.6       0  01:06       0.22
  MH4448813                0.000    0.8    0.0    0.0       0.000    0.8       0  01:35       0.39
  MH4427309                0.000    0.3    0.0    0.0       0.000    0.3       0  00:43       0.42
  MH4428797                0.000    0.4    0.0    0.0       0.000    0.5       0  01:02       0.52
  MH4449977                0.000    0.8    0.0    0.0       0.000    0.9       0  02:00       0.68
  MH4450193                0.000    3.3    0.0    0.0       0.000    3.8       0  02:00      23.38
  MH4428800                0.000    0.2    0.0    0.0       0.000    0.2       0  00:48       0.33
  MH4429411                0.000    0.3    0.0    0.0       0.000    0.4       0  01:08       0.15
  MH4427312                0.000    0.4    0.0    0.0       0.000    0.4       0  01:00       0.67
  MH4450100                0.000    0.4    0.0    0.0       0.000    0.4       0  01:17       0.13
  MH4450180                0.000    0.6    0.0    0.0       0.000    0.7       0  01:21       0.24
  MH4429471                0.000    0.7    0.0    0.0       0.000    0.8       0  01:41       0.39
  MH4429499                0.000    1.9    0.0    0.0       0.000    2.0       0  01:40       7.06
  MH4428146                0.000    0.5    0.0    0.0       0.000    0.5       0  00:45       0.44
  MH4450167                0.000    0.6    0.0    0.0       0.000    0.7       0  01:30       0.51
  MH4427714                0.000    0.4    0.0    0.0       0.000    0.4       0  00:41       0.35
  MH4450332                0.000    1.1    0.0    0.0       0.000    1.2       0  01:29       0.32
  MH4426979                0.000    0.4    0.0    0.0       0.000    0.4       0  01:00       0.34
  MH4427849                0.000    0.4    0.0    0.0       0.000    0.4       0  01:12       0.35
  MH4447346                0.000    0.5    0.0    0.0       0.000    0.5       0  00:46       0.16
  MH4427659                0.000    0.2    0.0    0.0       0.000    0.2       0  00:25       0.10
  MH4428583                0.000    0.9    0.0    0.0       0.000    1.0       0  01:04       0.79
  MH4427741                0.000    0.3    0.0    0.0       0.000    0.3       0  01:28       0.28
  MH4428137                0.000    0.4    0.0    0.0       0.000    0.4       0  00:46       0.49
  MH4449866                0.000    0.4    0.0    0.0       0.000    0.4       0  00:34       0.19
  MH4448929                0.000    1.2    0.0    0.0       0.000    1.3       0  02:00       2.41
  MH4428067                0.000    0.3    0.0    0.0       0.000    0.3       0  00:42       0.24
  MH4449503                0.000    1.1    0.0    0.0       0.000    1.1       0  02:00       0.59
  MH4428188                0.000    0.5    0.0    0.0       0.000    0.5       0  00:45       0.62
  MH4447452                0.000    1.9    0.0    0.0       0.000    2.1       0  02:00       3.70
  
  
  ***********************
  Outfall Loading Summary
  ***********************
  
  -----------------------------------------------------------
                         Flow       Avg       Max       Total
                         Freq      Flow      Flow      Volume
  Outfall Node           Pcnt       LPS       LPS    10^6 ltr
  -----------------------------------------------------------
  X385                   0.00      0.00      0.00       0.000
  OUT                   99.82     19.13     23.38       0.137
  X570                  99.28      0.10      0.10       0.001
  X902                   0.00      0.00      0.00       0.000
  -----------------------------------------------------------
  System                49.77     19.22     23.51       0.138
  
  
  ********************
  Link Flow Summary
  ********************
  
  -----------------------------------------------------------------------------
                                 Maximum  Time of Max   Maximum    Max/    Max/
                                  |Flow|   Occurrence   |Veloc|    Full    Full
  Link                 Type          LPS  days hr:min     m/sec    Flow   Depth
  -----------------------------------------------------------------------------
  N10>MH4428367        CONDUIT      0.27     0  00:36      0.53    0.01    0.07
  MH4428606>N13        CONDUIT      1.03     0  01:36      0.61    0.05    0.15
  N22>MH4447602        CONDUIT      0.06     0  00:40      0.23    0.00    0.06
  MH4429312>N25        CONDUIT      4.68     0  01:22      0.72    0.34    0.40
  MH4429136>N43        CONDUIT      6.56     0  01:14      0.78    0.52    0.52
  MH4448345>MH4448419  CONDUIT     16.45     0  02:00      0.79    0.30    0.52
  N13>MH4429136        CONDUIT      1.15     0  01:36      0.42    0.05    0.21
  N85>MH4427688        CONDUIT      0.54     0  00:48      0.71    0.02    0.09
  MH4448853>N97        CONDUIT      4.06     0  01:59      0.44    0.17    0.29
  N113>MH4428026       CONDUIT      0.41     0  01:28      0.56    0.01    0.09
  MH4429035>N124       CONDUIT      0.30     0  01:04      0.44    0.01    0.08
  MH4449704>MH4449118  CONDUIT      1.14     0  02:00      0.38    0.09    0.23
  MH4447128>MH4447726  CONDUIT      0.61     0  01:43      0.29    0.05    0.18
  N166>MH4428268       CONDUIT      1.75     0  00:59      0.66    0.06    0.21
  N168>MH4428636       CONDUIT      0.50     0  00:55      0.72    0.01    0.08
  N188>MH4447880       CONDUIT      1.80     0  01:59      0.57    0.13    0.25
  MH4449785>N197       CONDUIT     22.94     0  02:00      0.74    0.87    0.73
  N198>MH4447416       CONDUIT      0.28     0  00:52      0.37    0.02    0.09
  N212>MH4427425       CONDUIT      0.06     0  00:01      0.37    0.00    0.05
  MH4449173>MH4449785  CONDUIT     18.14     0  02:00      0.68    0.69    0.67
  MH4428713>MH4428995  CONDUIT      0.49     0  01:20      0.37    0.03    0.14
  MH4447880>N258       CONDUIT      2.18     0  01:59      0.62    0.16    0.27
  MH4429357>N265       CONDUIT      3.27     0  01:56      0.44    0.12    0.24
  N272>MH4449860       CONDUIT      0.07     0  00:02      0.33    0.00    0.06
  N274>N275            CONDUIT      0.11     0  00:37      0.28    0.00    0.06
  N303>MH4428765       CONDUIT      0.16     0  01:00      0.40    0.01    0.06
  MH4447416>MH4447726  CONDUIT      0.36     0  01:11      0.39    0.02    0.10
  N325>MH4429357       CONDUIT      2.39     0  01:52      0.47    0.22    0.33
  MH4429013>N327       CONDUIT      4.01     0  01:19      0.67    0.29    0.37
  MH4448419>N328       CONDUIT     16.57     0  02:00      0.59    0.77    0.66
  N379>MH8963773       CONDUIT      0.08     0  01:13      0.26    0.00    0.05
  MH4426971>X385       CONDUIT      0.02     0  00:32      0.20    0.00    0.03
  MH4429645>N397       CONDUIT      1.55     0  01:59      0.59    0.11    0.23
  N328>MH4449103       CONDUIT     16.69     0  02:00      0.73    0.78    0.56
  MH4449849>MH4449785  CONDUIT      0.55     0  00:26      0.34    0.05    0.22
  N25>MH4447394        CONDUIT      4.86     0  01:25      0.72    0.35    0.41
  MH4428426>MH4428245  CONDUIT      0.13     0  00:41      0.35    0.01    0.05
  MH4427688>N166       CONDUIT      1.54     0  00:59      0.81    0.06    0.16
  MH4428995>N460       CONDUIT      0.62     0  01:25      0.32    0.06    0.17
  N467>N468            CONDUIT      0.04     0  00:03      0.41    0.00    0.04
  MH4449882>MH4449704  CONDUIT      0.13     0  02:00      0.11    0.04    0.12
  N483>MH4429320       CONDUIT      0.05     0  00:01      0.26    0.00    0.05
  N491>N492            CONDUIT      0.09     0  00:08      0.42    0.00    0.05
  MH4426673>N515       CONDUIT      0.12     0  00:45      0.29    0.01    0.06
  MH4428836>MH4429107  CONDUIT      1.32     0  01:48      0.42    0.10    0.26
  MH4448392>MH4448813  CONDUIT      0.22     0  01:06      0.28    0.01    0.10
  MH4427309>N85        CONDUIT      0.42     0  00:43      0.65    0.01    0.08
  N542>MH4428797       CONDUIT      0.04     0  00:22      0.32    0.00    0.03
  MH4449977>N552       CONDUIT      0.68     0  01:59      0.45    0.04    0.14
  N562>N563            CONDUIT      0.82     0  00:45      0.58    0.04    0.14
  N566>MH4428268       CONDUIT      0.74     0  01:33      0.81    0.02    0.10
  N578>MH4447394       CONDUIT      7.16     0  01:34      0.69    0.67    0.57
  N582>MH4450193       CONDUIT      0.26     0  00:44      0.45    0.01    0.34
  MH4428800>MH4429035  CONDUIT      0.16     0  00:48      0.36    0.01    0.07
  MH4449118>MH4448345  CONDUIT      1.62     0  02:00      0.39    0.13    0.40
  MH4447394>N599       CONDUIT     14.72     0  01:59      0.62    0.63    0.58
  MH4429411>MH4429136  CONDUIT      0.15     0  01:08      0.10    0.01    0.16
  N644>MH4429136       CONDUIT      5.86     0  01:11      4.91    0.06    0.34
  N124>MH4429312       CONDUIT      0.42     0  01:10      0.54    0.02    0.12
  N647>MH4427312       CONDUIT      0.43     0  01:00      0.60    0.01    0.08
  MH4449103>MH4449173  CONDUIT     17.96     0  02:00      0.85    0.39    0.53
  N552>MH4449704       CONDUIT      0.76     0  01:59      0.37    0.04    0.17
  MH4450100>MH4450180  CONDUIT      0.13     0  01:17      0.51    0.00    0.04
  N655>N656            CONDUIT      0.19     0  01:26      0.37    0.01    0.07
  N599>MH4448345       CONDUIT     14.82     0  02:00      0.78    0.64    0.48
  N659>N660            CONDUIT      0.08     0  00:17      0.36    0.00    0.05
  MH4429471>MH4447128  CONDUIT      0.39     0  01:41      0.35    0.03    0.11
  N675>MH4447394       CONDUIT      2.57     0  01:59      0.53    0.18    0.38
  N676>MH4447128       CONDUIT      0.05     0  00:19      0.21    0.00    0.10
  MH4428245>MH4428606  CONDUIT      0.64     0  01:04      0.51    0.02    0.12
  N43>MH4429499        CONDUIT      6.71     0  01:16      0.73    0.54    0.56
  MH4447602>MH4429645  CONDUIT      0.16     0  02:00      0.26    0.01    0.08
  MH4429499>N578       CONDUIT      7.06     0  01:28      0.69    0.65    0.61
  N687>N688            CONDUIT      0.07     0  00:08      0.32    0.00    0.05
  N693>N675            CONDUIT      2.49     0  01:59      0.60    0.18    0.29
  N695>MH4428146       CONDUIT      0.30     0  00:26      0.59    0.01    0.08
  N702>MH4450167       CONDUIT      0.06     0  00:53      0.22    0.00    0.04
  N711>MH4448853       CONDUIT      3.87     0  01:58      0.43    0.16    0.28
  MH4427714>N722       CONDUIT      0.35     0  00:41      0.56    0.01    0.08
  MH4450332>MH4450167  CONDUIT      0.32     0  01:30      0.24    0.03    0.13
  N492>MH4427714       CONDUIT      0.22     0  00:24      0.57    0.01    0.06
  MH4450167>MH4449849  CONDUIT      0.51     0  01:29      0.33    0.04    0.15
  N327>MH4429312       CONDUIT      4.10     0  01:23      0.65    0.30    0.39
  N515>MH4426979       CONDUIT      0.20     0  00:54      0.35    0.01    0.07
  N751>MH4427849       CONDUIT      0.09     0  00:27      0.34    0.00    0.06
  N275>MH4427309       CONDUIT      0.21     0  00:37      0.37    0.01    0.07
  N779>MH4428606       CONDUIT      0.13     0  00:00      0.00    0.00    0.02
  N781>MH4449118       CONDUIT      0.20     0  01:07      0.38    0.01    0.07
  N460>MH4429357       CONDUIT      0.73     0  01:29      0.27    0.07    0.26
  MH4447346>N198       CONDUIT      0.16     0  00:46      0.25    0.01    0.08
  MH4427659>X570       CONDUIT      0.10     0  00:25      0.35    0.00    0.04
  MH4450193>OUT        CONDUIT     23.38     0  02:00      0.72    0.90    0.77
  N563>MH4428836       CONDUIT      0.93     0  01:03      0.60    0.04    0.14
  MH4428026>N566       CONDUIT      0.69     0  01:13      0.77    0.02    0.10
  N799>MH4428836       CONDUIT      0.08     0  01:54      0.20    0.01    0.06
  N816>MH4428797       CONDUIT      0.30     0  00:43      0.51    0.01    0.08
  MH4428426>N816       CONDUIT      0.17     0  00:41      0.40    0.01    0.06
  N829>MH4449882       CONDUIT      0.08     0  00:03      0.28    0.00    0.11
  N842>MH4428583       CONDUIT      0.61     0  00:45      0.51    0.02    0.13
  N849>MH4450180       CONDUIT      0.05     0  00:02      0.26    0.00    0.07
  MH4427425>MH4427741  CONDUIT      0.22     0  01:11      0.47    0.01    0.06
  MH4429320>N853       CONDUIT      0.13     0  00:33      0.22    0.01    0.07
  N857>MH4427688       CONDUIT      0.77     0  00:55      0.56    0.02    0.13
  N862>N863            CONDUIT      0.04     0  00:11      0.16    0.00    0.05
  MH4428268>N870       CONDUIT      2.60     0  01:14      0.76    0.13    0.25
  MH4428146>N842       CONDUIT      0.44     0  00:43      0.52    0.02    0.10
  MH4428800>MH4428606  CONDUIT      0.17     0  00:48      0.42    0.01    0.06
  N97>MH4449785        CONDUIT      4.14     0  02:00      0.49    0.17    0.26
  N722>MH4428137       CONDUIT      0.48     0  00:45      0.68    0.01    0.08
  MH4428765>MH4428713  CONDUIT      0.18     0  01:00      0.29    0.01    0.08
  MH4428797>MH4429013  CONDUIT      0.52     0  01:04      0.66    0.02    0.09
  N197>MH4450193       CONDUIT     23.06     0  02:00      0.73    0.89    0.74
  N863>MH4428836       CONDUIT      0.15     0  00:28      0.37    0.01    0.13
  MH4427741>N113       CONDUIT      0.28     0  01:28      0.53    0.01    0.07
  MH4426673>X902       CONDUIT      0.01     0  00:45      0.00    0.00    0.01
  MH4449866>N582       CONDUIT      0.19     0  00:34      0.40    0.01    0.07
  N468>MH4427312       CONDUIT      0.15     0  00:26      0.45    0.01    0.07
  MH4426971>N274       CONDUIT      0.04     0  00:31      0.19    0.00    0.04
  N853>MH4429471       CONDUIT      0.24     0  00:35      0.36    0.01    0.10
  N258>MH4448929       CONDUIT      2.32     0  02:00      0.58    0.17    0.28
  N660>MH4428713       CONDUIT      0.17     0  00:33      0.41    0.01    0.09
  N914>MH4429107       CONDUIT      0.94     0  01:10      0.37    0.07    0.24
  N915>MH4429499       CONDUIT      0.26     0  00:30      0.49    0.01    0.21
  N916>MH4448392       CONDUIT      0.08     0  00:02      0.24    0.01    0.07
  N924>MH4429645       CONDUIT      1.43     0  00:00      0.98    0.07    0.20
  N870>MH4428636       CONDUIT      2.71     0  01:17      0.63    0.14    0.29
  MH4447726>N930       CONDUIT      1.11     0  01:45      0.42    0.09    0.21
  N931>MH4449704       CONDUIT      0.15     0  01:10      0.33    0.01    0.06
  MH4427312>N857       CONDUIT      0.67     0  00:54      0.73    0.02    0.10
  N688>N915            CONDUIT      0.22     0  00:04      0.58    0.01    0.06
  N930>MH4449103       CONDUIT      1.26     0  01:48      0.40    0.10    0.44
  MH4428067>N10        CONDUIT      0.14     0  00:42      0.38    0.00    0.05
  MH4448813>MH4449503  CONDUIT      0.39     0  01:35      0.30    0.03    0.14
  MH4428188>N562       CONDUIT      0.62     0  00:42      0.49    0.03    0.13
  MH4428636>N954       CONDUIT      3.32     0  01:19      0.64    0.24    0.34
  N956>MH4450332       CONDUIT      0.03     0  00:02      0.21    0.00    0.08
  N957>MH4428026       CONDUIT      0.17     0  00:45      0.46    0.01    0.05
  MH8963773>MH4447452  CONDUIT      3.51     0  01:58      0.41    0.16    0.27
  N656>MH4447880       CONDUIT      0.27     0  01:17      0.35    0.01    0.17
  N954>MH4429013       CONDUIT      3.40     0  01:20      0.61    0.25    0.35
  MH4447452>N711       CONDUIT      3.70     0  01:58      0.43    0.15    0.27
  MH4428583>N914       CONDUIT      0.79     0  01:03      0.41    0.06    0.17
  N975>N976            CONDUIT      0.05     0  00:00      0.26    0.00    0.04
  MH4426979>N647       CONDUIT      0.34     0  01:00      0.52    0.01    0.08
  N978>N695            CONDUIT      0.19     0  00:18      0.58    0.01    0.06
  MH4429107>N325       CONDUIT      2.33     0  01:49      0.50    0.20    0.31
  N265>MH8963773       CONDUIT      3.41     0  01:55      0.42    0.14    0.26
  MH4427849>MH4428245  CONDUIT      0.35     0  01:12      0.44    0.01    0.09
  N397>N188            CONDUIT      1.74     0  01:59      0.58    0.13    0.24
  N984>MH4447346       CONDUIT      0.15     0  00:04      0.39    0.01    0.07
  MH4450180>MH4450332  CONDUIT      0.24     0  01:23      0.28    0.02    0.09
  MH4448929>N693       CONDUIT      2.41     0  02:00      0.58    0.18    0.29
  MH4428137>MH4428188  CONDUIT      0.49     0  00:45      0.53    0.01    0.10
  MH4428067>MH4427849  CONDUIT      0.10     0  00:42      0.36    0.00    0.05
  MH4449860>MH4450100  CONDUIT      0.11     0  01:04      0.27    0.01    0.06
  N976>MH4449866       CONDUIT      0.10     0  00:02      0.34    0.00    0.06
  MH4449503>MH4449977  CONDUIT      0.59     0  02:00      0.36    0.05    0.15
  N1003>N655           CONDUIT      0.06     0  01:40      0.09    0.02    0.08
  N1007>MH4449118      CONDUIT      0.17     0  01:00      0.39    0.01    0.06
  MH4428367>N168       CONDUIT      0.40     0  00:52      0.64    0.01    0.08
  MH4427659>MH4427741  CONDUIT      0.00     0  00:00      0.00    0.00    0.03
  
  
  ***************************
  Flow Classification Summary
  ***************************
  
  -------------------------------------------------------------------------------------
                      Adjusted    ---------- Fraction of Time in Flow Class ---------- 
                       /Actual         Up    Down  Sub   Sup   Up    Down  Norm  Inlet 
  Conduit               Length    Dry  Dry   Dry   Crit  Crit  Crit  Crit  Ltd   Ctrl  
  -------------------------------------------------------------------------------------
  N10>MH4428367           1.00   0.00  0.00  0.00  0.00  1.00  0.00  0.00  0.98  0.00
  MH4428606>N13           1.00   0.00  0.00  0.00  0.00  1.00  0.00  0.00  0.91  0.00
  N22>MH4447602           1.00   0.00  0.00  0.00  0.97  0.03  0.00  0.00  0.97  0.00
  MH4429312>N25           1.00   0.00  0.00  0.00  0.02  0.98  0.00  0.00  0.83  0.00
  MH4429136>N43           1.00   0.00  0.00  0.00  0.97  0.03  0.00  0.00  0.88  0.00
  MH4448345>MH4448419     1.00   0.00  0.00  0.00  0.96  0.04  0.00  0.00  0.98  0.00
  N13>MH4429136           1.00   0.00  0.00  0.00  1.00  0.00  0.00  0.00  1.00  0.00
  N85>MH4427688           1.00   0.00  0.00  0.00  0.00  0.00  0.00  1.00  0.00  0.00
  MH4448853>N97           1.00   0.00  0.00  0.00  1.00  0.00  0.00  0.00  0.75  0.00
  N113>MH4428026          1.00   0.00  0.00  0.00  0.00  1.00  0.00  0.00  0.99  0.00
  MH4429035>N124          1.00   0.00  0.00  0.00  0.00  1.00  0.00  0.00  0.97  0.00
  MH4449704>MH4449118     1.00   0.00  0.00  0.00  1.00  0.00  0.00  0.00  1.00  0.00
  MH4447128>MH4447726     1.00   0.00  0.00  0.00  1.00  0.00  0.00  0.00  0.95  0.00
  N166>MH4428268          1.00   0.00  0.00  0.00  0.00  1.00  0.00  0.00  0.97  0.00
  N168>MH4428636          1.00   0.00  0.00  0.00  0.00  0.00  0.00  1.00  0.00  0.00
  N188>MH4447880          1.00   0.00  0.00  0.00  0.95  0.05  0.00  0.00  0.95  0.00
  MH4449785>N197          1.00   0.00  0.00  0.00  1.00  0.00  0.00  0.00  0.80  0.00
  N198>MH4447416          1.00   0.00  0.00  0.00  0.00  1.00  0.00  0.00  0.93  0.00
  N212>MH4427425          1.00   0.00  0.00  0.00  0.95  0.05  0.00  0.00  0.98  0.00
  MH4449173>MH4449785     1.00   0.00  0.00  0.00  1.00  0.00  0.00  0.00  0.82  0.00
  MH4428713>MH4428995     1.00   0.00  0.00  0.00  0.94  0.06  0.00  0.00  0.94  0.00
  MH4447880>N258          1.00   0.00  0.00  0.00  0.02  0.98  0.00  0.00  0.92  0.00
  MH4429357>N265          1.00   0.00  0.00  0.00  1.00  0.00  0.00  0.00  0.91  0.00
  N272>MH4449860          1.00   0.00  0.00  0.00  0.98  0.02  0.00  0.00  0.98  0.00
  N274>N275               1.00   0.00  0.00  0.00  0.00  1.00  0.00  0.00  1.00  0.00
  N303>MH4428765          1.00   0.00  0.00  0.00  0.00  0.00  0.00  1.00  0.00  0.00
  MH4447416>MH4447726     1.00   0.00  0.00  0.00  0.00  0.00  0.00  1.00  0.00  0.00
  N325>MH4429357          1.00   0.00  0.00  0.00  1.00  0.00  0.00  0.00  0.92  0.00
  MH4429013>N327          1.00   0.00  0.00  0.00  0.03  0.97  0.00  0.00  0.87  0.00
  MH4448419>N328          1.00   0.00  0.00  0.00  1.00  0.00  0.00  0.00  0.90  0.00
  N379>MH8963773          1.00   0.00  0.00  0.00  0.00  0.00  0.00  1.00  0.00  0.00
  MH4426971>X385          1.00   0.00  0.00  0.00  0.00  1.00  0.00  0.00  0.00  0.00
  MH4429645>N397          1.00   0.00  0.00  0.00  0.02  0.98  0.00  0.00  0.98  0.00
  N328>MH4449103          1.00   0.00  0.00  0.00  1.00  0.00  0.00  0.00  0.00  0.00
  MH4449849>MH4449785     1.00   0.00  0.00  0.00  0.79  0.00  0.00  0.21  0.78  0.00
  N25>MH4447394           1.00   0.00  0.00  0.00  0.00  0.00  0.00  1.00  0.00  0.00
  MH4428426>MH4428245     1.00   0.00  0.00  0.00  0.00  0.00  0.00  1.00  0.00  0.00
  MH4427688>N166          1.00   0.00  0.00  0.00  0.00  1.00  0.00  0.00  0.95  0.00
  MH4428995>N460          1.00   0.00  0.00  0.00  1.00  0.00  0.00  0.00  0.92  0.00
  N467>N468               1.00   0.00  0.00  0.00  0.00  1.00  0.00  0.00  1.00  0.00
  MH4449882>MH4449704     1.00   0.00  0.00  0.00  0.00  0.00  0.00  1.00  0.00  0.00
  N483>MH4429320          1.00   0.00  0.00  0.00  0.99  0.01  0.00  0.00  0.99  0.00
  N491>N492               1.00   0.00  0.00  0.00  0.00  1.00  0.00  0.00  0.99  0.00
  MH4426673>N515          1.00   0.00  0.00  0.00  0.00  1.00  0.00  0.00  0.98  0.00
  MH4428836>MH4429107     1.00   0.00  0.00  0.00  0.93  0.07  0.00  0.00  0.92  0.00
  MH4448392>MH4448813     1.00   0.00  0.00  0.00  0.97  0.03  0.00  0.00  0.97  0.00
  MH4427309>N85           1.00   0.00  0.00  0.00  0.00  1.00  0.00  0.00  0.96  0.00
  N542>MH4428797          1.00   0.00  0.00  0.00  0.00  0.00  0.00  1.00  0.00  0.00
  MH4449977>N552          1.00   0.00  0.00  0.00  0.02  0.98  0.00  0.00  0.97  0.00
  N562>N563               1.00   0.00  0.00  0.00  0.00  1.00  0.00  0.00  0.92  0.00
  N566>MH4428268          1.00   0.00  0.00  0.00  0.00  0.00  0.00  1.00  0.00  0.00
  N578>MH4447394          1.00   0.00  0.00  0.00  0.00  0.00  0.00  1.00  0.00  0.00
  N582>MH4450193          1.00   0.00  0.00  0.00  0.83  0.00  0.00  0.16  0.84  0.00
  MH4428800>MH4429035     1.00   0.00  0.00  0.00  0.00  1.00  0.00  0.00  0.97  0.00
  MH4449118>MH4448345     1.00   0.00  0.00  0.00  0.94  0.06  0.00  0.00  0.93  0.00
  MH4447394>N599          1.00   0.00  0.00  0.00  1.00  0.00  0.00  0.00  0.85  0.00
  MH4429411>MH4429136     1.00   0.00  0.00  0.00  1.00  0.00  0.00  0.00  1.00  0.00
  N644>MH4429136          1.00   0.00  0.00  0.00  0.00  1.00  0.00  0.00  0.75  0.00
  N124>MH4429312          1.00   0.00  0.00  0.00  0.80  0.09  0.00  0.11  0.89  0.00
  N647>MH4427312          1.00   0.00  0.00  0.00  0.00  0.00  0.00  1.00  0.00  0.00
  MH4449103>MH4449173     1.00   0.00  0.00  0.00  0.94  0.06  0.00  0.00  0.09  0.00
  N552>MH4449704          1.00   0.00  0.00  0.00  0.97  0.03  0.00  0.00  0.98  0.00
  MH4450100>MH4450180     1.00   0.00  0.00  0.00  0.00  0.00  0.00  1.00  0.00  0.00
  N655>N656               1.00   0.00  0.00  0.00  0.00  1.00  0.00  0.00  0.98  0.00
  N599>MH4448345          1.00   0.00  0.00  0.00  1.00  0.00  0.00  0.00  0.00  0.00
  N659>N660               1.00   0.00  0.00  0.00  0.00  1.00  0.00  0.00  0.99  0.00
  MH4429471>MH4447128     1.00   0.00  0.00  0.00  0.00  0.00  0.00  1.00  0.00  0.00
  N675>MH4447394          1.00   0.00  0.00  0.00  0.89  0.03  0.00  0.08  0.90  0.00
  N676>MH4447128          1.00   0.00  0.00  0.00  0.99  0.01  0.00  0.00  0.99  0.00
  MH4428245>MH4428606     1.00   0.00  0.00  0.00  0.00  1.00  0.00  0.00  1.00  0.00
  N43>MH4429499           1.00   0.00  0.00  0.00  0.96  0.04  0.00  0.00  0.95  0.00
  MH4447602>MH4429645     1.00   0.00  0.00  0.00  0.00  0.00  0.00  1.00  0.00  0.00
  MH4429499>N578          1.00   0.00  0.00  0.00  0.96  0.04  0.00  0.00  0.91  0.00
  N687>N688               1.00   0.00  0.00  0.00  0.02  0.98  0.00  0.00  1.00  0.00
  N693>N675               1.00   0.00  0.00  0.00  0.03  0.97  0.00  0.00  0.87  0.00
  N695>MH4428146          1.00   0.00  0.00  0.00  0.00  1.00  0.00  0.00  0.98  0.00
  N702>MH4450167          1.00   0.00  0.00  0.00  0.00  0.00  0.00  1.00  0.00  0.00
  N711>MH4448853          1.00   0.00  0.00  0.00  1.00  0.00  0.00  0.00  0.86  0.00
  MH4427714>N722          1.00   0.00  0.00  0.00  0.00  1.00  0.00  0.00  1.00  0.00
  MH4450332>MH4450167     1.00   0.00  0.00  0.00  1.00  0.00  0.00  0.00  1.00  0.00
  N492>MH4427714          1.00   0.00  0.00  0.00  0.00  1.00  0.00  0.00  0.98  0.00
  MH4450167>MH4449849     1.00   0.00  0.00  0.00  0.93  0.07  0.00  0.00  0.87  0.00
  N327>MH4429312          1.00   0.00  0.00  0.00  0.07  0.93  0.00  0.00  0.95  0.00
  N515>MH4426979          1.00   0.00  0.00  0.00  0.00  1.00  0.00  0.00  0.99  0.00
  N751>MH4427849          1.00   0.00  0.00  0.00  0.96  0.04  0.00  0.00  0.98  0.00
  N275>MH4427309          1.00   0.00  0.00  0.00  0.00  1.00  0.00  0.00  0.99  0.00
  N779>MH4428606          1.00   0.00  0.00  0.00  0.00  0.00  0.00  1.00  0.00  0.00
  N781>MH4449118          1.00   0.00  0.00  0.00  0.00  0.00  0.00  1.00  0.00  0.00
  N460>MH4429357          1.00   0.00  0.00  0.00  1.00  0.00  0.00  0.00  0.93  0.00
  MH4447346>N198          1.00   0.00  0.00  0.00  1.00  0.00  0.00  0.00  1.00  0.00
  MH4427659>X570          1.00   0.00  0.00  0.00  0.00  1.00  0.00  0.00  0.97  0.00
  MH4450193>OUT           1.00   0.00  0.00  0.00  1.00  0.00  0.00  0.00  0.86  0.00
  N563>MH4428836          1.00   0.00  0.00  0.00  0.00  0.00  0.00  1.00  0.00  0.00
  MH4428026>N566          1.00   0.00  0.00  0.00  0.00  1.00  0.00  0.00  0.95  0.00
  N799>MH4428836          1.00   0.00  0.00  0.00  0.00  0.00  0.00  1.00  0.00  0.00
  N816>MH4428797          1.00   0.00  0.00  0.00  0.00  1.00  0.00  0.00  0.97  0.00
  MH4428426>N816          1.00   0.00  0.00  0.00  0.00  1.00  0.00  0.00  0.99  0.00
  N829>MH4449882          1.00   0.00  0.00  0.00  0.97  0.03  0.00  0.00  0.97  0.00
  N842>MH4428583          1.00   0.00  0.00  0.00  0.00  1.00  0.00  0.00  0.97  0.00
  N849>MH4450180          1.00   0.00  0.00  0.00  0.98  0.02  0.00  0.00  0.98  0.00
  MH4427425>MH4427741     1.00   0.00  0.00  0.00  0.00  0.00  0.00  1.00  0.00  0.00
  MH4429320>N853          1.00   0.00  0.00  0.00  1.00  0.00  0.00  0.00  1.00  0.00
  N857>MH4427688          1.00   0.00  0.00  0.00  0.00  1.00  0.00  0.00  1.00  0.00
  N862>N863               1.00   0.00  0.00  0.00  1.00  0.00  0.00  0.00  0.99  0.00
  MH4428268>N870          1.00   0.00  0.00  0.00  0.01  0.99  0.00  0.00  0.91  0.00
  MH4428146>N842          1.00   0.00  0.00  0.00  0.00  1.00  0.00  0.00  1.00  0.00
  MH4428800>MH4428606     1.00   0.00  0.00  0.00  0.00  0.00  0.00  1.00  0.00  0.00
  N97>MH4449785           1.00   0.00  0.00  0.00  0.00  0.00  0.00  1.00  0.00  0.00
  N722>MH4428137          1.00   0.00  0.00  0.00  0.00  1.00  0.00  0.00  0.94  0.00
  MH4428765>MH4428713     1.00   0.00  0.00  0.00  0.00  0.00  0.00  1.00  0.00  0.00
  MH4428797>MH4429013     1.00   0.00  0.00  0.00  0.00  0.00  0.00  1.00  0.00  0.00
  N197>MH4450193          1.00   0.00  0.00  0.00  1.00  0.00  0.00  0.00  0.84  0.00
  N863>MH4428836          1.00   0.00  0.00  0.00  0.97  0.03  0.00  0.00  0.98  0.00
  MH4427741>N113          1.00   0.00  0.00  0.00  0.01  0.99  0.00  0.00  1.00  0.00
  MH4426673>X902          1.00   0.01  0.00  0.00  0.01  0.98  0.00  0.00  0.00  0.00
  MH4449866>N582          1.00   0.00  0.00  0.00  0.00  1.00  0.00  0.00  0.97  0.00
  N468>MH4427312          1.00   0.00  0.00  0.00  0.94  0.06  0.00  0.00  0.98  0.00
  MH4426971>N274          1.00   0.00  0.00  0.00  1.00  0.00  0.00  0.00  1.00  0.00
  N853>MH4429471          1.00   0.00  0.00  0.00  0.93  0.07  0.00  0.00  0.95  0.00
  N258>MH4448929          1.00   0.00  0.00  0.00  0.00  0.00  0.00  1.00  0.00  0.00
  N660>MH4428713          1.00   0.00  0.00  0.00  0.96  0.04  0.00  0.00  0.98  0.00
  N914>MH4429107          1.00   0.00  0.00  0.00  0.94  0.06  0.00  0.00  0.93  0.00
  N915>MH4429499          1.00   0.00  0.00  0.00  0.96  0.00  0.00  0.03  0.97  0.00
  N916>MH4448392          1.00   0.00  0.00  0.00  0.99  0.01  0.00  0.00  0.98  0.00
  N924>MH4429645          1.00   0.00  0.00  0.00  0.00  1.00  0.00  0.00  0.99  0.00
  N870>MH4428636          1.00   0.00  0.00  0.00  0.00  1.00  0.00  0.00  0.98  0.00
  MH4447726>N930          1.00   0.00  0.00  0.00  1.00  0.00  0.00  0.00  0.93  0.00
  N931>MH4449704          1.00   0.00  0.00  0.00  0.00  0.00  0.00  1.00  0.00  0.00
  MH4427312>N857          1.00   0.00  0.00  0.00  0.00  1.00  0.00  0.00  0.97  0.00
  N688>N915               1.00   0.00  0.00  0.00  0.00  1.00  0.00  0.00  0.96  0.00
  N930>MH4449103          1.00   0.00  0.00  0.00  0.92  0.08  0.00  0.00  0.91  0.00
  MH4428067>N10           1.00   0.00  0.00  0.00  0.00  1.00  0.00  0.00  1.00  0.00
  MH4448813>MH4449503     1.00   0.00  0.00  0.00  1.00  0.00  0.00  0.00  0.90  0.00
  MH4428188>N562          1.00   0.00  0.00  0.00  0.01  0.99  0.00  0.00  1.00  0.00
  MH4428636>N954          1.00   0.00  0.00  0.00  0.02  0.98  0.00  0.00  0.88  0.00
  N956>MH4450332          1.00   0.00  0.00  0.00  0.98  0.02  0.00  0.00  0.98  0.00
  N957>MH4428026          1.00   0.00  0.00  0.00  0.00  0.00  0.00  1.00  0.00  0.00
  MH8963773>MH4447452     1.00   0.00  0.00  0.00  1.00  0.00  0.00  0.00  0.10  0.00
  N656>MH4447880          1.00   0.00  0.00  0.00  0.97  0.03  0.00  0.00  0.98  0.00
  N954>MH4429013          1.00   0.00  0.00  0.00  0.94  0.06  0.00  0.00  0.94  0.00
  MH4447452>N711          1.00   0.00  0.00  0.00  1.00  0.00  0.00  0.00  0.85  0.00
  MH4428583>N914          1.00   0.00  0.00  0.00  0.93  0.07  0.00  0.00  0.93  0.00
  N975>N976               1.00   0.00  0.00  0.00  0.99  0.01  0.00  0.00  0.99  0.00
  MH4426979>N647          1.00   0.00  0.00  0.00  0.00  1.00  0.00  0.00  0.96  0.00
  N978>N695               1.00   0.00  0.00  0.00  0.00  1.00  0.00  0.00  0.98  0.00
  MH4429107>N325          1.00   0.00  0.00  0.00  0.99  0.01  0.00  0.00  0.89  0.00
  N265>MH8963773          1.00   0.00  0.00  0.00  1.00  0.00  0.00  0.00  0.82  0.00
  MH4427849>MH4428245     1.00   0.00  0.00  0.00  0.00  1.00  0.00  0.00  0.96  0.00
  N397>N188               1.00   0.00  0.00  0.00  0.00  1.00  0.00  0.00  0.95  0.00
  N984>MH4447346          1.00   0.00  0.00  0.00  0.00  1.00  0.00  0.00  0.95  0.00
  MH4450180>MH4450332     1.00   0.00  0.00  0.00  0.00  0.00  0.00  1.00  0.00  0.00
  MH4448929>N693          1.00   0.00  0.00  0.00  0.04  0.96  0.00  0.00  0.01  0.00
  MH4428137>MH4428188     1.00   0.00  0.00  0.00  0.02  0.98  0.00  0.00  1.00  0.00
  MH4428067>MH4427849     1.00   0.00  0.00  0.00  0.00  0.00  0.00  1.00  0.00  0.00
  MH4449860>MH4450100     1.00   0.00  0.00  0.00  0.01  0.99  0.00  0.00  0.00  0.00
  N976>MH4449866          1.00   0.00  0.00  0.00  0.00  1.00  0.00  0.00  0.98  0.00
  MH4449503>MH4449977     1.00   0.00  0.00  0.00  0.00  0.00  0.00  1.00  0.00  0.00
  N1003>N655              1.00   0.00  0.00  0.00  1.00  0.00  0.00  0.00  0.00  0.00
  N1007>MH4449118         1.00   0.00  0.00  0.00  0.00  0.00  0.00  1.00  0.00  0.00
  MH4428367>N168          1.00   0.00  0.00  0.00  0.00  1.00  0.00  0.00  0.97  0.00
  MH4427659>MH4427741     1.00   0.00  1.00  0.00  0.00  0.00  0.00  0.00  0.00  0.00
  
  
  *************************
  Conduit Surcharge Summary
  *************************
  
  No conduits were surcharged.
  

  Analysis begun on:  Thu Sep 24 04:46:11 2026
  Analysis ended on:  Thu Sep 24 04:46:13 2026
  Total elapsed time: 00:00:02