
  EPA STORM WATER MANAGEMENT MODEL - VERSION 5.2 (Build 5.2.4)
  PYSWMM TOOLKIT API - VERSION v1.0 (2026-02-26)
  ------------------------------------------------------------

  WARNING 03: negative offset ignored for Link B-J~4
  WARNING 03: negative offset ignored for Link B-J~5
  WARNING 02: maximum depth increased for Node A-J.1
  WARNING 02: maximum depth increased for Node A-J.2
  WARNING 02: maximum depth increased for Node B-J.1
  WARNING 02: maximum depth increased for Node B-J.2
  WARNING 02: maximum depth increased for Node B-J.3
  WARNING 02: maximum depth increased for Node B-J.4
  WARNING 02: maximum depth increased for Node B-J.5
  WARNING 02: maximum depth increased for Node B-J.6
  WARNING 02: maximum depth increased for Node J-D.1
  WARNING 02: maximum depth increased for Node J-D.2
  WARNING 02: maximum depth increased for Node J-D.3
  
  ****************
  Analysis Options
  ****************
  Flow Units ............... LPS
  Process Models:
    Rainfall/Runoff ........ NO
    RDII ................... NO
    Snowmelt ............... NO
    Groundwater ............ NO
    Flow Routing ........... YES
    Ponding Allowed ........ NO
    Water Quality .......... NO
  Flow Routing Method ...... DYNWAVE
  Surcharge Method ......... SLOT
  Starting Date ............ 01/01/2026 00:00:00
  Ending Date .............. 01/01/2026 02:00:00
  Antecedent Dry Days ...... 0.0
  Report Time Step ......... 00:00:10
  Routing Time Step ........ 0.50 sec
  Variable Time Step ....... YES
  Maximum Trials ........... 8
  Number of Threads ........ 1
  Head Tolerance ........... 0.001524 m
  
  
  **************************        Volume        Volume
  Flow Routing Continuity        hectare-m      10^6 ltr
  **************************     ---------     ---------
  Dry Weather Inflow .......         0.000         0.000
  Wet Weather Inflow .......         0.000         0.000
  Groundwater Inflow .......         0.000         0.000
  RDII Inflow ..............         0.000         0.000
  External Inflow ..........         0.838         8.378
  External Outflow .........         0.074         0.738
  Flooding Loss ............         0.762         7.623
  Evaporation Loss .........         0.000         0.000
  Exfiltration Loss ........         0.000         0.000
  Initial Stored Volume ....         0.000         0.000
  Final Stored Volume ......         0.002         0.018
  Continuity Error (%) .....        -0.011
  
  
  ***************************
  Time-Step Critical Elements
  ***************************
  None
  
  
  ********************************
  Highest Flow Instability Indexes
  ********************************
  All links are stable.
  
  
  *********************************
  Most Frequent Nonconverging Nodes
  *********************************
  Node OUT (0.12%)
  Node A-J.1 (0.03%)
  Node B-J.5 (0.02%)
  Node B-J.4 (0.01%)
  Node B-J.2 (0.01%)
  
  
  *************************
  Routing Time Step Summary
  *************************
  Minimum Time Step           :     0.50 sec
  Average Time Step           :     0.50 sec
  Maximum Time Step           :     0.50 sec
  % of Time in Steady State   :     0.00
  Average Iterations per Step :     2.04
  % of Steps Not Converging   :     0.12
  Time Step Frequencies       :
      0.500 -  0.500 sec      :   100.00 %
      0.500 -  0.500 sec      :     0.00 %
      0.500 -  0.500 sec      :     0.00 %
      0.500 -  0.500 sec      :     0.00 %
      0.500 -  0.500 sec      :     0.00 %
  
  
  ******************
  Node Depth Summary
  ******************
  
  ---------------------------------------------------------------------------------
                                 Average  Maximum  Maximum  Time of Max    Reported
                                   Depth    Depth      HGL   Occurrence   Max Depth
  Node                 Type       Meters   Meters   Meters  days hr:min      Meters
  ---------------------------------------------------------------------------------
  A-J.1                JUNCTION     4.15     4.36    41.88     0  00:00        4.23
  A-J.2                JUNCTION     3.89     3.91    41.39     0  00:29        3.91
  B-J.1                JUNCTION     2.42     2.46    41.25     0  01:40        2.46
  B-J.2                JUNCTION     2.63     2.67    41.25     0  00:36        2.67
  B-J.3                JUNCTION     2.84     2.87    41.24     0  01:56        2.87
  B-J.4                JUNCTION     3.03     3.06    41.22     0  00:55        3.06
  B-J.5                JUNCTION     3.21     3.24    41.18     0  00:47        3.24
  B-J.6                JUNCTION     3.39     3.41    41.14     0  00:36        3.41
  J-D.1                JUNCTION     3.18     3.21    40.59     0  00:29        3.21
  J-D.2                JUNCTION     2.70     2.73    40.07     0  00:30        2.73
  J-D.3                JUNCTION     2.18     2.20    39.49     0  00:29        2.20
  A                    STORAGE      4.38     4.38    41.95     0  00:00        4.38
  B                    STORAGE      2.21     2.25    41.26     0  00:29        2.25
  J                    STORAGE      3.62     3.64    41.08     0  00:29        3.64
  D                    STORAGE      1.62     1.64    38.85     0  00:29        1.64
  OUT                  OUTFALL      0.22     0.23    37.33     0  00:01        0.22
  
  
  *******************
  Node Inflow Summary
  *******************
  
  -------------------------------------------------------------------------------------------------
                                  Maximum  Maximum                  Lateral       Total        Flow
                                  Lateral    Total  Time of Max      Inflow      Inflow     Balance
                                   Inflow   Inflow   Occurrence      Volume      Volume       Error
  Node                 Type           LPS      LPS  days hr:min    10^6 ltr    10^6 ltr     Percent
  -------------------------------------------------------------------------------------------------
  A-J.1                JUNCTION      1.97   196.33     0  00:00      0.0142       0.581       0.084
  A-J.2                JUNCTION      1.97   197.15     0  00:00      0.0142       0.595       0.096
  B-J.1                JUNCTION      1.90    25.67     0  00:00      0.0137      0.0285       0.979
  B-J.2                JUNCTION      1.90    31.04     0  00:00      0.0137      0.0418       0.545
  B-J.3                JUNCTION      1.90    31.65     0  00:00      0.0137       0.055       0.381
  B-J.4                JUNCTION      1.90    34.29     0  00:00      0.0137      0.0683       0.397
  B-J.5                JUNCTION      1.90    31.22     0  00:00      0.0137      0.0816       0.341
  B-J.6                JUNCTION      1.90    32.58     0  00:00      0.0137      0.0949       0.253
  J-D.1                JUNCTION      2.10    99.34     0  00:29      0.0152       0.712       0.092
  J-D.2                JUNCTION      2.10   101.44     0  00:29      0.0152       0.727       0.090
  J-D.3                JUNCTION      2.10   103.54     0  00:29      0.0152       0.741       0.122
  A                    STORAGE    1138.02  1138.02     0  00:00        8.19        8.19       0.004
  B                    STORAGE       1.90    24.21     0  00:01      0.0137      0.0153       0.595
  J                    STORAGE       2.10   167.57     0  00:00      0.0152       0.703       0.125
  D                    STORAGE       0.00   103.54     0  00:29           0       0.741       0.110
  OUT                  OUTFALL       0.00   103.54     0  00:29           0       0.738       0.000
  
  
  **********************
  Node Surcharge Summary
  **********************
  
  Surcharging occurs when water rises above the top of the highest conduit.
  ---------------------------------------------------------------------
                                               Max. Height   Min. Depth
                                   Hours       Above Crown    Below Rim
  Node                 Type      Surcharged         Meters       Meters
  ---------------------------------------------------------------------
  A-J.1                JUNCTION        2.00          4.134        0.000
  A-J.2                JUNCTION        2.00          3.685        0.000
  B-J.1                JUNCTION        1.99          2.309        0.000
  B-J.2                JUNCTION        1.99          2.518        0.000
  B-J.3                JUNCTION        1.99          2.720        0.000
  B-J.4                JUNCTION        1.99          2.913        0.000
  B-J.5                JUNCTION        1.99          3.095        0.000
  B-J.6                JUNCTION        1.99          3.265        0.000
  J-D.1                JUNCTION        1.99          2.983        0.000
  J-D.2                JUNCTION        1.99          2.503        0.000
  J-D.3                JUNCTION        1.99          1.971        0.000
  
  
  *********************
  Node Flooding Summary
  *********************
  
  Flooding refers to all water that overflows a node, whether it ponds or not.
  --------------------------------------------------------------------------
                                                             Total   Maximum
                                 Maximum   Time of Max       Flood    Ponded
                        Hours       Rate    Occurrence      Volume     Depth
  Node                 Flooded       LPS   days hr:min    10^6 ltr    Meters
  --------------------------------------------------------------------------
  A                       2.00   1060.13      0  00:29       7.623     0.000
  
  
  **********************
  Storage Volume Summary
  **********************
  
  ------------------------------------------------------------------------------------------------
                         Average    Avg   Evap  Exfil     Maximum    Max    Time of Max    Maximum
                          Volume   Pcnt   Pcnt   Pcnt      Volume   Pcnt     Occurrence    Outflow
  Storage Unit           1000 m³   Full   Loss   Loss     1000 m³   Full    days hr:min        LPS
  ------------------------------------------------------------------------------------------------
  A                        0.004  100.0    0.0    0.0       0.004  100.0       0  00:00     194.37
  B                        0.002   83.3    0.0    0.0       0.002   84.6       0  00:29       1.90
  J                        0.003   80.6    0.0    0.0       0.003   81.2       0  00:29     120.12
  D                        0.001   34.6    0.0    0.0       0.001   34.9       0  00:29     103.54
  
  
  ***********************
  Outfall Loading Summary
  ***********************
  
  -----------------------------------------------------------
                         Flow       Avg       Max       Total
                         Freq      Flow      Flow      Volume
  Outfall Node           Pcnt       LPS       LPS    10^6 ltr
  -----------------------------------------------------------
  OUT                   99.58    102.99    103.54       0.738
  -----------------------------------------------------------
  System                99.58    102.99    103.54       0.738
  
  
  ********************
  Link Flow Summary
  ********************
  
  -----------------------------------------------------------------------------
                                 Maximum  Time of Max   Maximum    Max/    Max/
                                  |Flow|   Occurrence   |Veloc|    Full    Full
  Link                 Type          LPS  days hr:min     m/sec    Flow   Depth
  -----------------------------------------------------------------------------
  A-J~0                CONDUIT    194.37     0  00:00      4.89    7.52    1.00
  A-J~1                CONDUIT    195.18     0  00:00      4.91    7.58    1.00
  A-J~2                CONDUIT    164.78     0  00:00      4.14    6.35    1.00
  B-J~0                CONDUIT     22.31     0  00:01      1.26    1.14    1.00
  B-J~1                CONDUIT     21.99     0  00:00      1.24    1.12    1.00
  B-J~2                CONDUIT     25.93     0  00:00      1.47    1.33    1.00
  B-J~3                CONDUIT     25.11     0  00:00      1.42    1.28    1.00
  B-J~4                CONDUIT     26.92     0  00:00      1.52    1.38    1.00
  B-J~5                CONDUIT     25.17     0  00:00      1.42    1.29    1.00
  B-J~6                CONDUIT     28.33     0  00:00      1.60    1.45    1.00
  J-D~0                CONDUIT     97.23     0  00:29      2.45    3.75    1.00
  J-D~1                CONDUIT     99.34     0  00:29      2.50    3.83    1.00
  J-D~2                CONDUIT    101.44     0  00:29      2.55    3.91    1.00
  J-D~3                CONDUIT    103.54     0  00:29      2.60    4.00    1.00
  D-out                CONDUIT    103.54     0  00:29      2.60    3.98    1.00
  
  
  ***************************
  Flow Classification Summary
  ***************************
  
  -------------------------------------------------------------------------------------
                      Adjusted    ---------- Fraction of Time in Flow Class ---------- 
                       /Actual         Up    Down  Sub   Sup   Up    Down  Norm  Inlet 
  Conduit               Length    Dry  Dry   Dry   Crit  Crit  Crit  Crit  Ltd   Ctrl  
  -------------------------------------------------------------------------------------
  A-J~0                   1.00   0.00  0.00  0.00  1.00  0.00  0.00  0.00  0.00  0.00
  A-J~1                   1.00   0.00  0.00  0.00  1.00  0.00  0.00  0.00  0.00  0.00
  A-J~2                   1.00   0.00  0.00  0.00  1.00  0.00  0.00  0.00  0.00  0.00
  B-J~0                   1.00   0.00  0.00  0.00  1.00  0.00  0.00  0.00  0.00  0.00
  B-J~1                   1.00   0.00  0.00  0.00  0.99  0.00  0.00  0.00  0.00  0.00
  B-J~2                   1.00   0.00  0.00  0.00  1.00  0.00  0.00  0.00  0.00  0.00
  B-J~3                   1.00   0.00  0.00  0.00  1.00  0.00  0.00  0.00  0.00  0.00
  B-J~4                   1.00   0.00  0.00  0.00  1.00  0.00  0.00  0.00  0.00  0.00
  B-J~5                   1.00   0.00  0.00  0.00  1.00  0.00  0.00  0.00  0.00  0.00
  B-J~6                   1.00   0.00  0.00  0.00  1.00  0.00  0.00  0.00  0.00  0.00
  J-D~0                   1.00   0.00  0.00  0.00  1.00  0.00  0.00  0.00  0.00  0.00
  J-D~1                   1.00   0.00  0.00  0.00  1.00  0.00  0.00  0.00  0.00  0.00
  J-D~2                   1.00   0.00  0.00  0.00  1.00  0.00  0.00  0.00  0.00  0.00
  J-D~3                   1.00   0.00  0.00  0.00  0.99  0.00  0.00  0.01  0.00  0.00
  D-out                   1.00   0.00  0.00  0.00  1.00  0.00  0.00  0.00  0.00  0.00
  
  
  *************************
  Conduit Surcharge Summary
  *************************
  
  ----------------------------------------------------------------------------
                                                           Hours        Hours 
                         --------- Hours Full --------   Above Full   Capacity
  Conduit                Both Ends  Upstream  Dnstream   Normal Flow   Limited
  ----------------------------------------------------------------------------
  A-J~0                       2.00      2.00      2.00      2.00         2.00
  A-J~1                       2.00      2.00      2.00      2.00         2.00
  A-J~2                       2.00      2.00      2.00      2.00         2.00
  B-J~0                       1.98      1.98      1.99      0.01         0.01
  B-J~1                       1.99      1.99      1.99      0.01         0.01
  B-J~2                       1.99      1.99      1.99      0.01         0.01
  B-J~3                       1.99      1.99      1.99      0.01         0.01
  B-J~4                       1.99      1.99      1.99      0.01         0.01
  B-J~5                       1.99      1.99      1.99      0.01         0.01
  B-J~6                       1.99      1.99      2.00      0.01         0.01
  J-D~0                       1.99      2.00      1.99      2.00         2.00
  J-D~1                       1.99      1.99      1.99      1.99         1.99
  J-D~2                       1.99      1.99      1.99      1.99         1.99
  J-D~3                       1.99      1.99      1.99      1.99         1.99
  D-out                       1.98      1.99      1.98      1.99         1.99
  

  Analysis begun on:  Wed Sep 16 00:44:06 2026
  Analysis ended on:  Wed Sep 16 00:44:06 2026
  Total elapsed time: < 1 sec