
  EPA STORM WATER MANAGEMENT MODEL - VERSION 5.2 (Build 5.2.4)
  PYSWMM TOOLKIT API - VERSION v1.0 (2026-02-26)
  ------------------------------------------------------------

  
  ****************
  Analysis Options
  ****************
  Flow Units ............... LPS
  Process Models:
    Rainfall/Runoff ........ NO
    RDII ................... NO
    Snowmelt ............... NO
    Groundwater ............ NO
    Flow Routing ........... YES
    Ponding Allowed ........ NO
    Water Quality .......... NO
  Flow Routing Method ...... DYNWAVE
  Surcharge Method ......... SLOT
  Starting Date ............ 01/01/2026 00:00:00
  Ending Date .............. 01/01/2026 02:00:00
  Antecedent Dry Days ...... 0.0
  Report Time Step ......... 00:00:10
  Routing Time Step ........ 0.50 sec
  Variable Time Step ....... YES
  Maximum Trials ........... 8
  Number of Threads ........ 1
  Head Tolerance ........... 0.001524 m
  
  
  **************************        Volume        Volume
  Flow Routing Continuity        hectare-m      10^6 ltr
  **************************     ---------     ---------
  Dry Weather Inflow .......         0.000         0.000
  Wet Weather Inflow .......         0.000         0.000
  Groundwater Inflow .......         0.000         0.000
  RDII Inflow ..............         0.000         0.000
  External Inflow ..........         0.110         1.103
  External Outflow .........         0.068         0.682
  Flooding Loss ............         0.040         0.404
  Evaporation Loss .........         0.000         0.000
  Exfiltration Loss ........         0.000         0.000
  Initial Stored Volume ....         0.000         0.000
  Final Stored Volume ......         0.002         0.017
  Continuity Error (%) .....         0.036
  
  
  ***************************
  Time-Step Critical Elements
  ***************************
  None
  
  
  ********************************
  Highest Flow Instability Indexes
  ********************************
  All links are stable.
  
  
  *********************************
  Most Frequent Nonconverging Nodes
  *********************************
  Convergence obtained at all time steps.
  
  
  *************************
  Routing Time Step Summary
  *************************
  Minimum Time Step           :     0.50 sec
  Average Time Step           :     0.50 sec
  Maximum Time Step           :     0.50 sec
  % of Time in Steady State   :     0.00
  Average Iterations per Step :     2.00
  % of Steps Not Converging   :     0.00
  Time Step Frequencies       :
      0.500 -  0.500 sec      :   100.00 %
      0.500 -  0.500 sec      :     0.00 %
      0.500 -  0.500 sec      :     0.00 %
      0.500 -  0.500 sec      :     0.00 %
      0.500 -  0.500 sec      :     0.00 %
  
  
  ******************
  Node Depth Summary
  ******************
  
  ---------------------------------------------------------------------------------
                                 Average  Maximum  Maximum  Time of Max    Reported
                                   Depth    Depth      HGL   Occurrence   Max Depth
  Node                 Type       Meters   Meters   Meters  days hr:min      Meters
  ---------------------------------------------------------------------------------
  A                    STORAGE      4.35     4.38    41.95     0  00:01        4.38
  B                    STORAGE      1.70     1.75    40.76     0  00:11        1.75
  J                    STORAGE      3.27     3.31    40.75     0  00:13        3.31
  D                    STORAGE      1.42     1.44    38.65     0  00:17        1.44
  OUT                  OUTFALL      0.22     0.23    37.33     0  00:02        0.22
  
  
  *******************
  Node Inflow Summary
  *******************
  
  -------------------------------------------------------------------------------------------------
                                  Maximum  Maximum                  Lateral       Total        Flow
                                  Lateral    Total  Time of Max      Inflow      Inflow     Balance
                                   Inflow   Inflow   Occurrence      Volume      Volume       Error
  Node                 Type           LPS      LPS  days hr:min    10^6 ltr    10^6 ltr     Percent
  -------------------------------------------------------------------------------------------------
  A                    STORAGE     150.38   150.38     0  00:00        1.08        1.08       0.133
  B                    STORAGE       1.75    19.15     0  00:02      0.0126      0.0143       4.357
  J                    STORAGE       1.11   136.36     0  00:01     0.00798       0.694       0.746
  D                    STORAGE       0.00    96.03     0  00:06           0       0.684       0.136
  OUT                  OUTFALL       0.00    96.03     0  00:17           0       0.682       0.000
  
  
  **********************
  Node Surcharge Summary
  **********************
  
  No nodes were surcharged.
  
  
  *********************
  Node Flooding Summary
  *********************
  
  Flooding refers to all water that overflows a node, whether it ponds or not.
  --------------------------------------------------------------------------
                                                             Total   Maximum
                                 Maximum   Time of Max       Flood    Ponded
                        Hours       Rate    Occurrence      Volume     Depth
  Node                 Flooded       LPS   days hr:min    10^6 ltr    Meters
  --------------------------------------------------------------------------
  A                       1.97     57.21      0  00:13       0.404     0.000
  
  
  **********************
  Storage Volume Summary
  **********************
  
  ------------------------------------------------------------------------------------------------
                         Average    Avg   Evap  Exfil     Maximum    Max    Time of Max    Maximum
                          Volume   Pcnt   Pcnt   Pcnt      Volume   Pcnt     Occurrence    Outflow
  Storage Unit           1000 m³   Full   Loss   Loss     1000 m³   Full    days hr:min        LPS
  ------------------------------------------------------------------------------------------------
  A                        0.004   99.4    0.0    0.0       0.004  100.0       0  00:01     134.63
  B                        0.001   64.2    0.0    0.0       0.002   65.8       0  00:11       1.77
  J                        0.003   72.8    0.0    0.0       0.003   73.8       0  00:13     105.50
  D                        0.001   30.2    0.0    0.0       0.001   30.7       0  00:17      96.03
  
  
  ***********************
  Outfall Loading Summary
  ***********************
  
  -----------------------------------------------------------
                         Flow       Avg       Max       Total
                         Freq      Flow      Flow      Volume
  Outfall Node           Pcnt       LPS       LPS    10^6 ltr
  -----------------------------------------------------------
  OUT                   99.66     95.01     96.03       0.682
  -----------------------------------------------------------
  System                99.66     95.01     96.03       0.682
  
  
  ********************
  Link Flow Summary
  ********************
  
  -----------------------------------------------------------------------------
                                 Maximum  Time of Max   Maximum    Max/    Max/
                                  |Flow|   Occurrence   |Veloc|    Full    Full
  Link                 Type          LPS  days hr:min     m/sec    Flow   Depth
  -----------------------------------------------------------------------------
  A-J                  CONDUIT    134.63     0  00:01      3.39    5.21    1.00
  B-J                  CONDUIT     17.40     0  00:02      0.98    0.89    1.00
  J-D                  CONDUIT     96.03     0  00:06      2.42    3.71    1.00
  D-out                CONDUIT     96.03     0  00:17      2.42    3.69    1.00
  
  
  ***************************
  Flow Classification Summary
  ***************************
  
  -------------------------------------------------------------------------------------
                      Adjusted    ---------- Fraction of Time in Flow Class ---------- 
                       /Actual         Up    Down  Sub   Sup   Up    Down  Norm  Inlet 
  Conduit               Length    Dry  Dry   Dry   Crit  Crit  Crit  Crit  Ltd   Ctrl  
  -------------------------------------------------------------------------------------
  A-J                     1.00   0.00  0.00  0.00  1.00  0.00  0.00  0.00  0.00  0.00
  B-J                     1.00   0.00  0.00  0.00  1.00  0.00  0.00  0.00  0.01  0.00
  J-D                     1.00   0.00  0.00  0.00  0.99  0.00  0.00  0.01  0.00  0.00
  D-out                   1.00   0.00  0.00  0.00  1.00  0.00  0.00  0.00  0.00  0.00
  
  
  *************************
  Conduit Surcharge Summary
  *************************
  
  ----------------------------------------------------------------------------
                                                           Hours        Hours 
                         --------- Hours Full --------   Above Full   Capacity
  Conduit                Both Ends  Upstream  Dnstream   Normal Flow   Limited
  ----------------------------------------------------------------------------
  A-J                         1.98      2.00      1.98      2.00         2.00
  B-J                         1.97      1.97      1.98      0.01         0.01
  J-D                         1.98      1.98      1.98      1.98         1.98
  D-out                       1.96      1.98      1.96      1.98         1.98
  

  Analysis begun on:  Wed Sep 16 00:43:14 2026
  Analysis ended on:  Wed Sep 16 00:43:14 2026
  Total elapsed time: < 1 sec