
  EPA STORM WATER MANAGEMENT MODEL - VERSION 5.2 (Build 5.2.4)
  PYSWMM TOOLKIT API - VERSION v1.0 (2026-02-26)
  ------------------------------------------------------------

  WARNING 08: elevation drop exceeds length for Conduit N779>MH4428606
  
  ****************
  Analysis Options
  ****************
  Flow Units ............... LPS
  Process Models:
    Rainfall/Runoff ........ NO
    RDII ................... NO
    Snowmelt ............... NO
    Groundwater ............ NO
    Flow Routing ........... YES
    Ponding Allowed ........ NO
    Water Quality .......... NO
  Flow Routing Method ...... DYNWAVE
  Surcharge Method ......... SLOT
  Starting Date ............ 01/01/2026 00:00:00
  Ending Date .............. 01/01/2026 08:00:00
  Antecedent Dry Days ...... 0.0
  Report Time Step ......... 00:00:10
  Routing Time Step ........ 0.50 sec
  Variable Time Step ....... YES
  Maximum Trials ........... 8
  Number of Threads ........ 1
  Head Tolerance ........... 0.001524 m
  
  
  **************************        Volume        Volume
  Flow Routing Continuity        hectare-m      10^6 ltr
  **************************     ---------     ---------
  Dry Weather Inflow .......         0.000         0.000
  Wet Weather Inflow .......         0.000         0.000
  Groundwater Inflow .......         0.000         0.000
  RDII Inflow ..............         0.000         0.000
  External Inflow ..........         0.166         1.662
  External Outflow .........         0.081         0.806
  Flooding Loss ............         0.064         0.642
  Evaporation Loss .........         0.000         0.000
  Exfiltration Loss ........         0.000         0.000
  Initial Stored Volume ....         0.000         0.001
  Final Stored Volume ......         0.021         0.206
  Continuity Error (%) .....         0.540
  
  
  *************************
  Highest Continuity Errors
  *************************
  Node MH4449882 (8.94%)
  Node MH4447602 (7.62%)
  Node MH4447346 (7.39%)
  Node N915 (6.40%)
  Node MH4428765 (5.94%)
  
  
  ***************************
  Time-Step Critical Elements
  ***************************
  Link N779>MH4428606 (11.14%)
  Link N644>MH4429136 (1.87%)
  
  
  ********************************
  Highest Flow Instability Indexes
  ********************************
  Link N644>MH4429136 (4)
  
  
  *********************************
  Most Frequent Nonconverging Nodes
  *********************************
  Convergence obtained at all time steps.
  
  
  *************************
  Routing Time Step Summary
  *************************
  Minimum Time Step           :     0.50 sec
  Average Time Step           :     0.50 sec
  Maximum Time Step           :     0.50 sec
  % of Time in Steady State   :     0.00
  Average Iterations per Step :     2.03
  % of Steps Not Converging   :     0.00
  Time Step Frequencies       :
      0.500 -  0.500 sec      :   100.00 %
      0.500 -  0.500 sec      :     0.00 %
      0.500 -  0.500 sec      :     0.00 %
      0.500 -  0.500 sec      :     0.00 %
      0.500 -  0.500 sec      :     0.00 %
  
  
  ******************
  Node Depth Summary
  ******************
  
  ---------------------------------------------------------------------------------
                                 Average  Maximum  Maximum  Time of Max    Reported
                                   Depth    Depth      HGL   Occurrence   Max Depth
  Node                 Type       Meters   Meters   Meters  days hr:min      Meters
  ---------------------------------------------------------------------------------
  N10                  JUNCTION     0.01     0.01    49.80     0  01:41        0.01
  N13                  JUNCTION     2.07     2.37    44.42     0  08:00        2.37
  N22                  JUNCTION     0.01     0.01    43.36     0  02:37        0.01
  N25                  JUNCTION     3.02     3.32    42.96     0  08:00        3.32
  N43                  JUNCTION     3.65     3.98    43.98     0  08:00        3.98
  N85                  JUNCTION     0.02     0.02    51.82     0  00:37        0.02
  N97                  JUNCTION     2.77     2.87    41.04     0  08:00        2.87
  N113                 JUNCTION     0.02     0.02    50.51     0  01:18        0.02
  N124                 JUNCTION     1.20     1.42    43.19     0  08:00        1.42
  N166                 JUNCTION     0.04     0.04    46.15     0  07:57        0.04
  N168                 JUNCTION     0.02     0.02    44.38     0  01:44        0.02
  N188                 JUNCTION     1.35     1.59    43.01     0  08:00        1.59
  N197                 JUNCTION     3.09     3.14    40.83     0  08:00        3.14
  N198                 JUNCTION     1.31     1.47    41.78     0  08:00        1.47
  N212                 JUNCTION     0.01     0.01    56.46     0  00:01        0.01
  N258                 JUNCTION     1.89     2.15    42.95     0  08:00        2.15
  N265                 JUNCTION     1.98     2.08    41.04     0  08:00        2.08
  N272                 JUNCTION     0.01     0.01    40.76     0  00:01        0.01
  N274                 JUNCTION     0.01     0.01    56.75     0  00:27        0.01
  N275                 JUNCTION     0.01     0.01    55.99     0  00:30        0.01
  N303                 JUNCTION     0.01     0.01    42.64     0  00:42        0.01
  N325                 JUNCTION     1.52     1.60    41.08     0  02:54        1.60
  N327                 JUNCTION     2.35     2.64    43.30     0  08:00        2.64
  N328                 JUNCTION     3.31     3.54    41.98     0  08:00        3.54
  N379                 JUNCTION     1.23     1.30    41.04     0  08:00        1.30
  N397                 JUNCTION     0.89     1.09    43.05     0  08:00        1.09
  N460                 JUNCTION     1.42     1.50    41.04     0  01:02        1.50
  N467                 JUNCTION     0.00     0.00    57.63     0  00:02        0.00
  N468                 JUNCTION     0.01     0.01    55.81     0  00:25        0.01
  N483                 JUNCTION     0.48     0.57    41.79     0  08:00        0.57
  N491                 JUNCTION     0.01     0.01    53.97     0  00:07        0.01
  N492                 JUNCTION     0.01     0.01    52.82     0  00:21        0.01
  N515                 JUNCTION     0.02     0.02    58.32     0  00:36        0.02
  N542                 JUNCTION     0.01     0.01    45.29     0  01:22        0.01
  N552                 JUNCTION     1.73     1.95    42.35     0  08:00        1.95
  N562                 JUNCTION     0.03     0.03    42.90     0  00:42        0.03
  N563                 JUNCTION     0.03     0.03    41.46     0  00:24        0.03
  N566                 JUNCTION     0.02     0.02    45.78     0  01:20        0.02
  N578                 JUNCTION     3.55     3.86    43.13     0  08:00        3.86
  N582                 JUNCTION     2.04     2.07    40.72     0  08:00        2.07
  N599                 JUNCTION     3.42     3.70    42.46     0  08:00        3.70
  N644                 JUNCTION     3.35     3.69    44.41     0  08:00        3.69
  N647                 JUNCTION     0.02     0.02    55.81     0  00:39        0.02
  N655                 JUNCTION     0.01     0.01    43.33     0  02:06        0.01
  N656                 JUNCTION     0.51     0.65    42.99     0  08:00        0.65
  N659                 JUNCTION     0.01     0.01    44.09     0  00:14        0.01
  N660                 JUNCTION     0.01     0.01    42.43     0  00:55        0.01
  N675                 JUNCTION     3.03     3.32    42.79     0  08:00        3.32
  N676                 JUNCTION     1.61     1.78    41.79     0  08:00        1.78
  N687                 JUNCTION     0.01     0.01    43.67     0  00:09        0.01
  N688                 JUNCTION     0.41     0.54    43.54     0  08:00        0.54
  N693                 JUNCTION     2.68     2.97    42.84     0  08:00        2.97
  N695                 JUNCTION     0.01     0.01    47.88     0  00:23        0.01
  N702                 JUNCTION     0.21     0.22    40.50     0  08:00        0.22
  N711                 JUNCTION     2.40     2.50    41.04     0  08:00        2.50
  N722                 JUNCTION     0.02     0.02    46.68     0  00:32        0.02
  N751                 JUNCTION     0.01     0.01    52.37     0  00:23        0.01
  N779                 JUNCTION     0.00     0.00    44.72     0  00:00        0.00
  N781                 JUNCTION     1.38     1.58    42.32     0  08:00        1.58
  N799                 JUNCTION     0.16     0.18    41.16     0  02:07        0.18
  N816                 JUNCTION     0.01     0.01    46.54     0  00:43        0.01
  N829                 JUNCTION     1.78     2.00    42.34     0  08:00        2.00
  N842                 JUNCTION     0.02     0.02    42.99     0  00:33        0.02
  N849                 JUNCTION     1.01     1.10    40.34     0  00:20        1.10
  N853                 JUNCTION     0.81     0.94    41.79     0  08:00        0.94
  N857                 JUNCTION     0.02     0.02    51.40     0  01:02        0.02
  N862                 JUNCTION     0.01     0.01    41.63     0  00:10        0.01
  N863                 JUNCTION     0.01     0.01    41.51     0  00:40        0.01
  N870                 JUNCTION     0.70     0.87    43.68     0  08:00        0.87
  N914                 JUNCTION     0.73     0.79    41.14     0  03:05        0.79
  N915                 JUNCTION     2.26     2.55    43.54     0  08:00        2.55
  N916                 JUNCTION     0.01     0.01    42.99     0  00:15        0.01
  N924                 JUNCTION     0.55     0.71    43.07     0  08:00        0.71
  N930                 JUNCTION     2.81     3.01    41.77     0  08:00        3.01
  N931                 JUNCTION     1.15     1.33    42.34     0  08:00        1.33
  N954                 JUNCTION     1.72     1.99    43.52     0  08:00        1.99
  N956                 JUNCTION     1.30     1.35    40.30     0  00:19        1.35
  N957                 JUNCTION     0.01     0.01    50.57     0  00:37        0.01
  N975                 JUNCTION     0.54     0.57    40.72     0  08:00        0.57
  N976                 JUNCTION     0.73     0.76    40.72     0  08:00        0.76
  N978                 JUNCTION     0.01     0.01    51.14     0  00:13        0.01
  N984                 JUNCTION     0.59     0.69    41.78     0  08:00        0.69
  N1003                JUNCTION     0.02     0.02    43.36     0  02:06        0.02
  N1007                JUNCTION     1.42     1.62    42.32     0  08:00        1.62
  MH4428367            STORAGE      0.02     0.02    47.08     0  01:42        0.02
  MH4428606            STORAGE      0.70     0.88    44.44     0  08:00        0.88
  MH4447602            STORAGE      0.30     0.41    43.06     0  08:00        0.41
  MH4429312            STORAGE      2.61     2.91    43.19     0  08:00        2.91
  MH4429136            STORAGE      3.61     3.96    44.41     0  08:00        3.96
  MH4448345            STORAGE      3.37     3.63    42.29     0  08:00        3.63
  MH4448419            STORAGE      3.44     3.69    42.25     0  08:00        3.69
  MH4427688            STORAGE      0.03     0.04    48.70     0  03:52        0.04
  MH4448853            STORAGE      2.59     2.69    41.04     0  08:00        2.69
  MH4428026            STORAGE      0.02     0.02    48.11     0  01:17        0.02
  MH4429035            STORAGE      0.02     0.02    43.31     0  01:20        0.02
  MH4449704            STORAGE      2.38     2.63    42.34     0  08:00        2.63
  MH4449118            STORAGE      2.87     3.13    42.32     0  08:00        3.13
  MH4447128            STORAGE      1.89     2.07    41.79     0  08:00        2.07
  MH4447726            STORAGE      2.42     2.61    41.78     0  08:00        2.61
  MH4428268            STORAGE      0.05     0.06    43.74     0  08:00        0.06
  MH4428636            STORAGE      1.41     1.66    43.61     0  08:00        1.66
  MH4447880            STORAGE      1.55     1.80    42.99     0  08:00        1.80
  MH4449785            STORAGE      3.02     3.12    41.04     0  08:00        3.12
  MH4447416            STORAGE      1.77     1.95    41.78     0  08:00        1.95
  MH4427425            STORAGE      0.01     0.01    55.81     0  01:00        0.01
  MH4449173            STORAGE      3.26     3.44    41.70     0  08:00        3.44
  MH4428713            STORAGE      0.38     0.41    41.05     0  01:01        0.41
  MH4428995            STORAGE      1.13     1.20    41.05     0  01:02        1.20
  MH4429357            STORAGE      1.71     1.79    41.03     0  00:58        1.79
  MH4449860            STORAGE      0.02     0.02    40.57     0  00:47        0.02
  MH4428765            STORAGE      0.19     0.21    41.05     0  01:01        0.21
  MH4429013            STORAGE      2.03     2.31    43.43     0  08:00        2.31
  MH8963773            STORAGE      2.18     2.28    41.04     0  08:00        2.28
  MH4426971            STORAGE      0.01     0.01    57.44     0  00:26        0.01
  MH4429645            STORAGE      0.73     0.90    43.06     0  08:00        0.90
  MH4449103            STORAGE      3.21     3.41    41.76     0  08:00        3.41
  MH4449849            STORAGE      2.67     2.76    40.92     0  08:00        2.76
  MH4447394            STORAGE      3.50     3.79    42.73     0  08:00        3.79
  MH4428426            STORAGE      0.01     0.01    49.23     0  00:43        0.01
  MH4428245            STORAGE      0.02     0.02    47.77     0  01:32        0.02
  MH4449882            STORAGE      2.32     2.57    42.34     0  08:00        2.57
  MH4429320            STORAGE      0.56     0.67    41.79     0  08:00        0.67
  MH4426673            STORAGE      0.01     0.01    59.15     0  00:34        0.01
  MH4428836            STORAGE      0.64     0.69    41.16     0  02:29        0.69
  MH4429107            STORAGE      1.29     1.37    41.13     0  02:54        1.37
  MH4448392            STORAGE      0.02     0.02    42.78     0  00:46        0.02
  MH4448813            STORAGE      0.14     0.19    42.36     0  08:00        0.19
  MH4427309            STORAGE      0.02     0.02    54.82     0  00:31        0.02
  MH4428797            STORAGE      0.02     0.02    44.06     0  01:24        0.02
  MH4449977            STORAGE      1.08     1.27    42.35     0  08:00        1.27
  MH4450193            STORAGE      3.12     3.15    40.72     0  08:00        3.15
  MH4428800            STORAGE      0.01     0.01    45.26     0  01:27        0.01
  MH4429411            STORAGE      1.92     2.21    44.41     0  08:00        2.21
  MH4427312            STORAGE      0.02     0.02    54.04     0  01:10        0.02
  MH4450100            STORAGE      0.01     0.01    40.33     0  00:48        0.01
  MH4450180            STORAGE      1.27     1.33    40.31     0  00:19        1.33
  MH4429471            STORAGE      1.25     1.40    41.79     0  08:00        1.40
  MH4429499            STORAGE      3.66     3.99    43.54     0  08:00        3.99
  MH4428146            STORAGE      0.02     0.02    45.05     0  00:31        0.02
  MH4450167            STORAGE      1.83     1.89    40.50     0  08:00        1.89
  MH4427714            STORAGE      0.02     0.02    49.74     0  00:30        0.02
  MH4450332            STORAGE      1.46     1.51    40.29     0  00:19        1.51
  MH4426979            STORAGE      0.02     0.02    57.48     0  00:39        0.02
  MH4427849            STORAGE      0.02     0.02    50.28     0  00:46        0.02
  MH4447346            STORAGE      1.14     1.28    41.78     0  08:00        1.28
  MH4427659            STORAGE      0.01     0.01    54.08     0  00:29        0.01
  MH4428583            STORAGE      0.16     0.17    41.15     0  03:19        0.17
  MH4427741            STORAGE      0.01     0.01    52.40     0  01:01        0.01
  MH4428137            STORAGE      0.02     0.02    44.45     0  00:32        0.02
  MH4449866            STORAGE      1.23     1.26    40.72     0  08:00        1.26
  MH4448929            STORAGE      2.35     2.63    42.89     0  08:00        2.63
  MH4428067            STORAGE      0.01     0.01    52.16     0  00:39        0.01
  MH4449503            STORAGE      0.58     0.72    42.36     0  08:00        0.72
  MH4428188            STORAGE      0.03     0.03    43.95     0  00:43        0.03
  MH4447452            STORAGE      2.19     2.29    41.04     0  08:00        2.29
  X385                 OUTFALL      0.01     0.01    57.02     0  00:28        0.01
  OUT                  OUTFALL      3.15     3.15    40.58     0  00:00        3.15
  X570                 OUTFALL      0.01     0.01    53.31     0  00:29        0.01
  X902                 OUTFALL      0.00     0.00    58.34     0  00:34        0.00
  
  
  *******************
  Node Inflow Summary
  *******************
  
  -------------------------------------------------------------------------------------------------
                                  Maximum  Maximum                  Lateral       Total        Flow
                                  Lateral    Total  Time of Max      Inflow      Inflow     Balance
                                   Inflow   Inflow   Occurrence      Volume      Volume       Error
  Node                 Type           LPS      LPS  days hr:min    10^6 ltr    10^6 ltr     Percent
  -------------------------------------------------------------------------------------------------
  N10                  JUNCTION      0.27     0.59     0  00:39     0.00786      0.0169       0.202
  N13                  JUNCTION      0.35     3.44     0  00:25      0.0101      0.0814       2.163
  N22                  JUNCTION      0.22     0.22     0  00:00     0.00634     0.00634       0.267
  N25                  JUNCTION      0.40    10.85     0  08:00      0.0115       0.294       0.628
  N43                  JUNCTION      0.34    16.47     0  08:00     0.00983       0.459       0.354
  N85                  JUNCTION      0.30     1.13     0  00:28     0.00864      0.0323       0.360
  N97                  JUNCTION      0.22    28.70     0  00:03      0.0062      0.0682       4.402
  N113                 JUNCTION      0.25     0.94     0  01:01     0.00721      0.0269       0.150
  N124                 JUNCTION      0.27     2.26     0  00:45     0.00789      0.0267       4.548
  N166                 JUNCTION      0.42     3.77     0  00:56      0.0122       0.108       0.241
  N168                 JUNCTION      0.22     1.08     0  01:41     0.00643      0.0311       0.253
  N188                 JUNCTION      0.13     4.45     0  00:45     0.00382       0.124       0.893
  N197                 JUNCTION      0.23    83.00     0  00:00     0.00648       0.835       0.336
  N198                 JUNCTION      0.23     3.73     0  00:22      0.0066      0.0163       2.678
  N212                 JUNCTION      0.12     0.12     0  00:00     0.00343     0.00343       0.080
  N258                 JUNCTION      0.31     5.62     0  08:00     0.00893       0.152       0.910
  N265                 JUNCTION      0.34    22.99     0  00:12     0.00969      0.0834       4.113
  N272                 JUNCTION      0.11     0.11     0  00:00     0.00319     0.00319       0.081
  N274                 JUNCTION      0.15     0.23     0  00:26     0.00419     0.00653       0.188
  N275                 JUNCTION      0.21     0.44     0  00:27     0.00619      0.0127       0.207
  N303                 JUNCTION      0.35     0.35     0  00:00      0.0101      0.0101       0.433
  N325                 JUNCTION      0.20    12.34     0  00:16     0.00572       0.149       0.680
  N327                 JUNCTION      0.22     9.15     0  08:00     0.00643       0.252       0.466
  N328                 JUNCTION      0.24    39.72     0  08:00     0.00683        1.05       0.223
  N379                 JUNCTION      0.25     4.42     0  00:17     0.00732     0.00769       4.579
  N397                 JUNCTION      0.38     4.31     0  00:54      0.0109       0.121       0.637
  N460                 JUNCTION      0.28    10.47     0  00:17     0.00814      0.0504       2.590
  N467                 JUNCTION      0.06     0.06     0  00:00     0.00187     0.00187       0.027
  N468                 JUNCTION      0.27     0.33     0  00:02     0.00769     0.00956       0.192
  N483                 JUNCTION      0.08     0.41     0  00:50     0.00219     0.00223       3.458
  N491                 JUNCTION      0.15     0.15     0  00:00     0.00441     0.00441       0.074
  N492                 JUNCTION      0.30     0.45     0  00:07     0.00856       0.013       0.191
  N515                 JUNCTION      0.21     0.44     0  00:34     0.00601      0.0126       0.333
  N542                 JUNCTION      0.11     0.11     0  00:00     0.00313     0.00313       0.175
  N552                 JUNCTION      0.24     6.74     0  00:24     0.00697      0.0484       2.506
  N562                 JUNCTION      0.40     1.75     0  00:42      0.0117      0.0501       0.290
  N563                 JUNCTION      0.24     1.99     0  00:35       0.007       0.057       0.391
  N566                 JUNCTION      0.16     1.68     0  01:16      0.0046      0.0481       0.195
  N578                 JUNCTION      0.24    17.53     0  08:00     0.00698       0.481       0.370
  N582                 JUNCTION      0.19    21.41     0  00:01     0.00539      0.0178       4.310
  N599                 JUNCTION      0.21    35.21     0  08:00     0.00608       0.946       0.279
  N644                 JUNCTION     12.43    12.43     0  00:00       0.358       0.358       0.017
  N647                 JUNCTION      0.23     0.93     0  00:37     0.00649      0.0267       0.314
  N655                 JUNCTION      0.25     0.40     0  01:22     0.00716      0.0114       0.238
  N656                 JUNCTION      0.21     0.89     0  01:16     0.00607      0.0176       4.839
  N659                 JUNCTION      0.20     0.20     0  00:00     0.00569     0.00569       0.133
  N660                 JUNCTION      0.21     0.41     0  00:14       0.006      0.0117       0.230
  N675                 JUNCTION      0.25     9.41     0  00:11     0.00716       0.167       0.734
  N676                 JUNCTION      0.12     3.06     0  00:20     0.00347     0.00364       4.358
  N687                 JUNCTION      0.12     0.12     0  00:00     0.00349     0.00349       0.071
  N688                 JUNCTION      0.29     0.60     0  01:31      0.0084       0.012       4.435
  N693                 JUNCTION      0.21     6.70     0  00:15     0.00607       0.161       0.698
  N695                 JUNCTION      0.25     0.59     0  00:13     0.00706      0.0171       0.230
  N702                 JUNCTION      0.17     1.08     0  00:20     0.00483     0.00489       3.894
  N711                 JUNCTION      0.37    20.40     0  00:08      0.0105      0.0736       4.793
  N722                 JUNCTION      0.26     1.02     0  00:29     0.00739      0.0291       0.204
  N751                 JUNCTION      0.27     0.27     0  00:00     0.00782     0.00782       0.200
  N779                 JUNCTION      0.21     0.21     0  00:00     0.00594     0.00594       0.000
  N781                 JUNCTION      0.42     4.22     0  00:28      0.0121      0.0125       4.087
  N799                 JUNCTION      0.26     0.39     0  00:42     0.00757     0.00758       4.337
  N816                 JUNCTION      0.28     0.66     0  00:43     0.00815      0.0189       0.264
  N829                 JUNCTION      0.21     3.91     0  00:23     0.00594     0.00625       4.721
  N842                 JUNCTION      0.34     1.26     0  00:31     0.00985      0.0363       0.263
  N849                 JUNCTION      0.11     2.60     0  00:12     0.00311     0.00329       3.838
  N853                 JUNCTION      0.22     1.73     0  00:34     0.00643      0.0126       4.330
  N857                 JUNCTION      0.26     1.77     0  00:54     0.00742      0.0506       0.185
  N862                 JUNCTION      0.08     0.08     0  00:00     0.00225     0.00225       0.097
  N863                 JUNCTION      0.23     0.31     0  00:10     0.00657     0.00882       0.192
  N870                 JUNCTION      0.26     5.96     0  01:13     0.00736        0.17       0.611
  N914                 JUNCTION      0.37     7.13     0  00:23      0.0106      0.0575       2.635
  N915                 JUNCTION      0.14     3.93     0  00:21     0.00407      0.0162       6.838
  N916                 JUNCTION      0.15     0.15     0  00:00     0.00428     0.00428       0.148
  N924                 JUNCTION      3.30     3.30     0  00:00      0.0951      0.0951       0.085
  N930                 JUNCTION      0.32     9.09     0  00:09     0.00928      0.0778       1.814
  N931                 JUNCTION      0.36     1.68     0  00:33      0.0105      0.0107       4.553
  N954                 JUNCTION      0.23     7.53     0  00:34     0.00655       0.211       0.524
  N956                 JUNCTION      0.08     2.97     0  00:09     0.00224     0.00239       5.697
  N957                 JUNCTION      0.35     0.35     0  00:00     0.00998     0.00998       0.354
  N975                 JUNCTION      0.08     0.58     0  00:08     0.00222     0.00227       2.735
  N976                 JUNCTION      0.13     3.04     0  00:03     0.00363     0.00606       4.251
  N978                 JUNCTION      0.35     0.35     0  00:00      0.0101      0.0101       0.136
  N984                 JUNCTION      0.27     0.71     0  00:43     0.00786     0.00795       3.130
  N1003                JUNCTION      0.15     0.15     0  00:00     0.00427     0.00427       0.568
  N1007                JUNCTION      0.34     2.98     0  00:27     0.00965     0.00993       3.836
  MH4428367            STORAGE       0.27     0.86     0  01:41     0.00787      0.0247       0.198
  MH4428606            STORAGE       0.35     2.61     0  00:49      0.0102      0.0746       3.737
  MH4447602            STORAGE       0.31     0.66     0  01:45      0.0088      0.0152       8.247
  MH4429312            STORAGE       0.38    10.45     0  08:00       0.011       0.287       0.742
  MH4429136            STORAGE       0.34    17.71     0  00:11     0.00991       0.457       0.764
  MH4448345            STORAGE       0.03    39.22     0  08:00    0.000763        1.04       0.250
  MH4448419            STORAGE       0.27    39.48     0  08:00     0.00766        1.04       0.114
  MH4427688            STORAGE       0.45     3.35     0  01:58       0.013      0.0958       0.214
  MH4448853            STORAGE       0.37    25.38     0  00:05      0.0108      0.0725       4.414
  MH4428026            STORAGE       0.24     1.52     0  01:16     0.00678      0.0435       0.146
  MH4429035            STORAGE       0.30     0.64     0  01:12     0.00859      0.0185       0.379
  MH4449704            STORAGE       0.33    11.19     0  00:20     0.00961      0.0797       3.873
  MH4449118            STORAGE       0.35    14.79     0  00:14      0.0101        0.11       3.708
  MH4447128            STORAGE       0.41     6.39     0  00:16      0.0117      0.0388       5.327
  MH4447726            STORAGE       0.32    10.93     0  00:13     0.00935      0.0707       3.567
  MH4428268            STORAGE       0.26     5.71     0  01:17     0.00748       0.163       0.226
  MH4428636            STORAGE       0.26     7.30     0  00:56     0.00735       0.207       0.829
  MH4447880            STORAGE       0.25     5.31     0  08:00     0.00723       0.146       0.975
  MH4449785            STORAGE       0.32    61.16     0  00:01     0.00917         1.2       0.517
  MH4447416            STORAGE       0.22     4.59     0  00:22     0.00638      0.0236       4.089
  MH4427425            STORAGE       0.41     0.53     0  00:01      0.0117      0.0151       0.529
  MH4449173            STORAGE       0.47    42.99     0  08:00      0.0136        1.13       0.155
  MH4428713            STORAGE       0.37     2.32     0  00:34      0.0107      0.0342       3.727
  MH4428995            STORAGE       0.31     8.26     0  00:21     0.00889      0.0429       3.703
  MH4429357            STORAGE       0.37    24.56     0  00:14      0.0106       0.268       0.988
  MH4449860            STORAGE       0.16     0.28     0  00:01     0.00469     0.00788       0.373
  MH4428765            STORAGE       0.07     1.09     0  00:43     0.00193      0.0124       6.314
  MH4429013            STORAGE       0.25     8.93     0  00:29     0.00712       0.249       0.875
  MH8963773            STORAGE       0.03    19.45     0  00:11     0.00097      0.0803       3.940
  MH4426971            STORAGE       0.14     0.14     0  00:00     0.00392     0.00392       0.168
  MH4429645            STORAGE       0.11     3.95     0  00:54     0.00315       0.112       1.175
  MH4449103            STORAGE       0.04    42.52     0  08:00     0.00113        1.12       0.209
  MH4449849            STORAGE       0.09    14.69     0  00:03     0.00268       0.372       0.368
  MH4447394            STORAGE       0.31    36.40     0  00:10     0.00892       0.946       0.359
  MH4428426            STORAGE       0.65     0.65     0  00:00      0.0186      0.0186       0.283
  MH4428245            STORAGE       0.46     1.67     0  00:46      0.0132      0.0479       0.381
  MH4449882            STORAGE       0.15     6.05     0  00:19     0.00444      0.0125       9.812
  MH4429320            STORAGE       0.14     1.20     0  00:45     0.00409     0.00655       3.482
  MH4426673            STORAGE       0.26     0.26     0  00:00      0.0076      0.0076       0.245
  MH4428836            STORAGE       0.44     7.52     0  00:26      0.0126      0.0859       3.043
  MH4429107            STORAGE       0.21    11.46     0  00:18     0.00601       0.147       1.894
  MH4448392            STORAGE       0.31     0.46     0  00:15     0.00899      0.0133       0.367
  MH4448813            STORAGE       0.43     0.89     0  00:46      0.0123      0.0255       4.520
  MH4427309            STORAGE       0.38     0.83     0  00:27      0.0111      0.0238       0.213
  MH4428797            STORAGE       0.38     1.15     0  01:22       0.011       0.033       0.395
  MH4449977            STORAGE       0.25     3.56     0  00:38      0.0071      0.0429       3.386
  MH4450193            STORAGE       0.17   126.12     0  00:00     0.00504       0.862       0.288
  MH4428800            STORAGE       0.72     0.72     0  00:00      0.0208      0.0208       0.312
  MH4429411            STORAGE       0.40     2.91     0  00:30      0.0114      0.0124       4.821
  MH4427312            STORAGE       0.25     1.51     0  00:39     0.00712      0.0433       0.189
  MH4450100            STORAGE       0.08     0.35     0  00:47     0.00225      0.0101       0.206
  MH4450180            STORAGE       0.13     5.79     0  00:11     0.00373      0.0186       4.369
  MH4429471            STORAGE       0.36     4.49     0  00:25      0.0104      0.0233       4.743
  MH4429499            STORAGE       0.26    17.29     0  08:00     0.00762        0.48       0.445
  MH4428146            STORAGE       0.33     0.92     0  00:23     0.00941      0.0265       0.265
  MH4450167            STORAGE       0.36    13.92     0  08:00      0.0103       0.383       0.380
  MH4427714            STORAGE       0.31     0.76     0  00:20     0.00887      0.0218       0.263
  MH4450332            STORAGE       0.14    14.73     0  08:00     0.00413       0.403       0.193
  MH4426979            STORAGE       0.27     0.71     0  00:36     0.00776      0.0203       0.223
  MH4427849            STORAGE       0.44     0.94     0  00:39      0.0126       0.027       0.416
  MH4447346            STORAGE       0.06     3.07     0  00:28     0.00168      0.0105       7.980
  MH4427659            STORAGE       0.19     0.19     0  00:00     0.00535     0.00535       0.103
  MH4428583            STORAGE       0.39     1.66     0  00:33      0.0113      0.0474       2.182
  MH4427741            STORAGE       0.16     0.69     0  01:00     0.00465      0.0197       0.131
  MH4428137            STORAGE       0.04     1.06     0  00:32     0.00117      0.0302       0.115
  MH4449866            STORAGE       0.18    14.20     0  00:01     0.00523      0.0123       4.701
  MH4448929            STORAGE       0.24     5.85     0  08:00     0.00687       0.158       0.669
  MH4428067            STORAGE       0.55     0.55     0  00:00      0.0157      0.0157       0.253
  MH4449503            STORAGE       0.44     2.40     0  00:58      0.0126      0.0373       5.165
  MH4428188            STORAGE       0.29     1.35     0  00:32     0.00834      0.0385       0.162
  MH4447452            STORAGE       0.40    20.32     0  00:13      0.0114      0.0778       1.632
  X385                 OUTFALL       0.00     0.05     0  00:28           0     0.00157       0.000
  OUT                  OUTFALL       0.00   125.94     0  00:00           0       0.861       0.000
  X570                 OUTFALL       0.00     0.19     0  00:29           0     0.00534       0.000
  X902                 OUTFALL       0.00     0.03     0  00:34           0    0.000999       0.000
  
  
  **********************
  Node Surcharge Summary
  **********************
  
  Surcharging occurs when water rises above the top of the highest conduit.
  ---------------------------------------------------------------------
                                               Max. Height   Min. Depth
                                   Hours       Above Crown    Below Rim
  Node                 Type      Surcharged         Meters       Meters
  ---------------------------------------------------------------------
  N13                  JUNCTION        7.56          2.219        1.760
  N25                  JUNCTION        7.77          3.170        1.472
  N43                  JUNCTION        7.86          3.834        0.617
  N97                  JUNCTION        7.94          2.644        1.037
  N124                 JUNCTION        7.24          1.273        1.590
  N188                 JUNCTION        7.36          1.436        1.092
  N197                 JUNCTION        7.99          2.918        1.107
  N198                 JUNCTION        7.61          1.318        0.781
  N258                 JUNCTION        7.59          2.002        0.823
  N265                 JUNCTION        7.77          1.850        0.097
  N325                 JUNCTION        7.73          1.449        0.458
  N327                 JUNCTION        7.66          2.490        0.861
  N328                 JUNCTION        7.88          3.311        0.686
  N379                 JUNCTION        7.71          1.159        0.793
  N397                 JUNCTION        7.13          0.939        1.629
  N460                 JUNCTION        7.71          1.350        0.404
  N483                 JUNCTION        7.09          0.432        1.286
  N552                 JUNCTION        7.58          1.805        1.069
  N578                 JUNCTION        7.83          3.709        0.971
  N582                 JUNCTION        7.98          1.918        1.253
  N599                 JUNCTION        7.84          3.471        0.487
  N644                 JUNCTION        7.77          3.541        0.543
  N656                 JUNCTION        6.65          0.502        0.981
  N675                 JUNCTION        7.80          3.167        0.717
  N676                 JUNCTION        7.65          1.627        0.238
  N688                 JUNCTION        6.42          0.394        1.559
  N693                 JUNCTION        7.74          2.818        0.655
  N702                 JUNCTION        7.38          0.079        0.904
  N711                 JUNCTION        7.86          2.277        0.969
  N781                 JUNCTION        7.52          1.435        0.482
  N799                 JUNCTION        7.00          0.038        1.937
  N829                 JUNCTION        7.61          1.853        0.220
  N849                 JUNCTION        7.78          0.948        0.858
  N853                 JUNCTION        7.39          0.789        0.893
  N870                 JUNCTION        6.88          0.717        2.743
  N914                 JUNCTION        7.60          0.637        1.082
  N915                 JUNCTION        7.63          2.396        0.481
  N924                 JUNCTION        6.71          0.556        2.027
  N930                 JUNCTION        7.84          2.860        1.199
  N931                 JUNCTION        7.42          1.183        1.282
  N954                 JUNCTION        7.47          1.838        1.675
  N956                 JUNCTION        7.82          1.201        0.000
  N975                 JUNCTION        7.80          0.425        1.252
  N976                 JUNCTION        7.91          0.608        1.250
  N984                 JUNCTION        7.19          0.544        0.748
  N1007                JUNCTION        7.54          1.474        0.554
  
  
  *********************
  Node Flooding Summary
  *********************
  
  Flooding refers to all water that overflows a node, whether it ponds or not.
  --------------------------------------------------------------------------
                                                             Total   Maximum
                                 Maximum   Time of Max       Flood    Ponded
                        Hours       Rate    Occurrence      Volume     Depth
  Node                 Flooded       LPS   days hr:min    10^6 ltr    Meters
  --------------------------------------------------------------------------
  MH4429357               7.02     10.46      0  08:00       0.243     0.000
  MH4450332               7.67     14.73      0  08:00       0.399     0.000
  
  
  **********************
  Storage Volume Summary
  **********************
  
  ------------------------------------------------------------------------------------------------
                         Average    Avg   Evap  Exfil     Maximum    Max    Time of Max    Maximum
                          Volume   Pcnt   Pcnt   Pcnt      Volume   Pcnt     Occurrence    Outflow
  Storage Unit           1000 m³   Full   Loss   Loss     1000 m³   Full    days hr:min        LPS
  ------------------------------------------------------------------------------------------------
  MH4428367                0.000    0.5    0.0    0.0       0.000    0.5       0  01:42       0.86
  MH4428606                0.001   15.4    0.0    0.0       0.001   19.4       0  08:00       2.61
  MH4447602                0.000   12.7    0.0    0.0       0.000   17.2       0  08:00       0.54
  MH4429312                0.002   76.2    0.0    0.0       0.003   84.9       0  08:00      10.45
  MH4429136                0.003   80.2    0.0    0.0       0.003   87.9       0  08:00      16.13
  MH4448345                0.003   80.1    0.0    0.0       0.003   86.2       0  08:00      39.22
  MH4448419                0.003   80.5    0.0    0.0       0.003   86.4       0  08:00      39.48
  MH4427688                0.000    0.8    0.0    0.0       0.000    0.8       0  03:52       3.35
  MH4448853                0.002   66.1    0.0    0.0       0.002   68.7       0  08:00      19.73
  MH4428026                0.000    0.6    0.0    0.0       0.000    0.6       0  01:17       1.52
  MH4429035                0.000    0.5    0.0    0.0       0.000    0.5       0  01:20       0.64
  MH4449704                0.002   77.1    0.0    0.0       0.002   85.2       0  08:00       6.31
  MH4449118                0.002   77.5    0.0    0.0       0.003   84.5       0  08:00       8.72
  MH4447128                0.002   76.5    0.0    0.0       0.002   83.8       0  08:00       4.03
  MH4447726                0.002   64.7    0.0    0.0       0.002   69.9       0  08:00       7.77
  MH4428268                0.000    1.4    0.0    0.0       0.000    1.5       0  08:00       5.71
  MH4428636                0.001   39.0    0.0    0.0       0.001   45.8       0  08:00       7.30
  MH4447880                0.001   56.6    0.0    0.0       0.002   65.6       0  08:00       5.31
  MH4449785                0.003   68.3    0.0    0.0       0.003   70.5       0  08:00      58.17
  MH4447416                0.002   56.8    0.0    0.0       0.002   62.5       0  08:00       3.17
  MH4427425                0.000    0.6    0.0    0.0       0.000    0.6       0  01:00       0.53
  MH4449173                0.003   73.0    0.0    0.0       0.003   77.2       0  08:00      42.99
  MH4428713                0.000   14.6    0.0    0.0       0.000   16.0       0  01:01       1.35
  MH4428995                0.001   66.9    0.0    0.0       0.001   71.0       0  01:02       1.75
  MH4429357                0.001   95.2    0.0    0.0       0.002  100.0       0  00:58      12.64
  MH4449860                0.000    1.8    0.0    0.0       0.000    1.8       0  00:47       0.27
  MH4428765                0.000    9.8    0.0    0.0       0.000   10.9       0  01:01       0.47
  MH4429013                0.002   62.5    0.0    0.0       0.002   71.1       0  08:00       8.93
  MH8963773                0.002   86.2    0.0    0.0       0.002   90.1       0  08:00      17.50
  MH4426971                0.000    0.2    0.0    0.0       0.000    0.2       0  00:26       0.14
  MH4429645                0.001   26.8    0.0    0.0       0.001   33.3       0  08:00       3.94
  MH4449103                0.003   74.2    0.0    0.0       0.003   78.7       0  08:00      42.52
  MH4449849                0.002   65.2    0.0    0.0       0.002   67.4       0  08:00      13.40
  MH4447394                0.003   77.0    0.0    0.0       0.003   83.5       0  08:00      35.00
  MH4428426                0.000    0.4    0.0    0.0       0.000    0.4       0  00:43       0.65
  MH4428245                0.000    0.8    0.0    0.0       0.000    0.8       0  01:32       1.67
  MH4449882                0.002   78.6    0.0    0.0       0.002   87.0       0  08:00       3.71
  MH4429320                0.000   40.6    0.0    0.0       0.001   48.3       0  08:00       0.33
  MH4426673                0.000    0.4    0.0    0.0       0.000    0.4       0  00:34       0.26
  MH4428836                0.001   25.0    0.0    0.0       0.001   27.0       0  02:29       3.00
  MH4429107                0.001   54.1    0.0    0.0       0.001   57.3       0  02:54       5.23
  MH4448392                0.000    0.8    0.0    0.0       0.000    0.8       0  00:46       0.46
  MH4448813                0.000    5.9    0.0    0.0       0.000    8.2       0  08:00       0.89
  MH4427309                0.000    0.4    0.0    0.0       0.000    0.4       0  00:31       0.83
  MH4428797                0.000    0.7    0.0    0.0       0.000    0.7       0  01:24       1.15
  MH4449977                0.001   47.2    0.0    0.0       0.001   55.3       0  08:00       1.57
  MH4450193                0.003   71.2    0.0    0.0       0.003   71.9       0  08:00      97.40
  MH4428800                0.000    0.3    0.0    0.0       0.000    0.3       0  01:27       0.72
  MH4429411                0.002   76.8    0.0    0.0       0.002   88.4       0  08:00       0.40
  MH4427312                0.000    0.6    0.0    0.0       0.000    0.6       0  01:10       1.51
  MH4450100                0.000    0.6    0.0    0.0       0.000    0.6       0  00:48       0.35
  MH4450180                0.001   56.7    0.0    0.0       0.001   59.5       0  00:19       2.50
  MH4429471                0.001   55.9    0.0    0.0       0.001   62.7       0  08:00       1.29
  MH4429499                0.003   81.2    0.0    0.0       0.003   88.5       0  08:00      17.29
  MH4428146                0.000    0.7    0.0    0.0       0.000    0.7       0  00:31       0.92
  MH4450167                0.002   57.9    0.0    0.0       0.002   59.8       0  08:00      13.92
  MH4427714                0.000    0.5    0.0    0.0       0.000    0.5       0  00:30       0.76
  MH4450332                0.001   97.1    0.0    0.0       0.001  100.0       0  00:19       5.85
  MH4426979                0.000    0.5    0.0    0.0       0.000    0.5       0  00:39       0.71
  MH4427849                0.000    0.6    0.0    0.0       0.000    0.6       0  00:46       0.94
  MH4447346                0.001   56.5    0.0    0.0       0.001   63.7       0  08:00       0.45
  MH4427659                0.000    0.3    0.0    0.0       0.000    0.3       0  00:29       0.19
  MH4428583                0.000    6.3    0.0    0.0       0.000    6.9       0  03:19       1.66
  MH4427741                0.000    0.4    0.0    0.0       0.000    0.4       0  01:01       0.69
  MH4428137                0.000    0.6    0.0    0.0       0.000    0.6       0  00:32       1.06
  MH4449866                0.001   49.4    0.0    0.0       0.001   50.5       0  08:00       2.84
  MH4448929                0.002   68.9    0.0    0.0       0.002   77.1       0  08:00       5.85
  MH4428067                0.000    0.4    0.0    0.0       0.000    0.4       0  00:39       0.55
  MH4449503                0.001   28.7    0.0    0.0       0.001   35.3       0  08:00       1.35
  MH4428188                0.000    0.8    0.0    0.0       0.000    0.8       0  00:43       1.35
  MH4447452                0.002   77.1    0.0    0.0       0.002   80.6       0  08:00      18.63
  
  
  ***********************
  Outfall Loading Summary
  ***********************
  
  -----------------------------------------------------------
                         Flow       Avg       Max       Total
                         Freq      Flow      Flow      Volume
  Outfall Node           Pcnt       LPS       LPS    10^6 ltr
  -----------------------------------------------------------
  X385                  99.72      0.05      0.05       0.002
  OUT                  100.00     29.90    125.94       0.861
  X570                  99.91      0.19      0.19       0.005
  X902                  99.21      0.03      0.03       0.001
  -----------------------------------------------------------
  System                99.71     30.17    125.95       0.869
  
  
  ********************
  Link Flow Summary
  ********************
  
  -----------------------------------------------------------------------------
                                 Maximum  Time of Max   Maximum    Max/    Max/
                                  |Flow|   Occurrence   |Veloc|    Full    Full
  Link                 Type          LPS  days hr:min     m/sec    Flow   Depth
  -----------------------------------------------------------------------------
  N10>MH4428367        CONDUIT      0.59     0  01:41      0.67    0.02    0.10
  MH4428606>N13        CONDUIT      2.61     0  00:50      0.80    0.12    1.00
  N22>MH4447602        CONDUIT      0.22     0  00:31      0.33    0.01    1.00
  MH4429312>N25        CONDUIT     10.45     0  08:00      0.82    0.75    1.00
  MH4429136>N43        CONDUIT     16.13     0  08:00      0.91    1.29    1.00
  MH4448345>MH4448419  CONDUIT     39.22     0  08:00      0.99    0.72    1.00
  N13>MH4429136        CONDUIT      2.96     0  08:00      0.29    0.14    1.00
  N85>MH4427688        CONDUIT      1.13     0  00:37      0.89    0.03    0.12
  MH4448853>N97        CONDUIT     24.61     0  00:05      0.62    1.03    1.00
  N113>MH4428026       CONDUIT      0.94     0  01:16      0.73    0.03    0.13
  MH4429035>N124       CONDUIT      0.64     0  01:20      0.55    0.03    1.00
  MH4449704>MH4449118  CONDUIT      8.72     0  00:20      0.49    0.71    1.00
  MH4447128>MH4447726  CONDUIT      5.07     0  00:16      0.37    0.41    1.00
  N166>MH4428268       CONDUIT      3.77     0  00:43      0.81    0.14    0.31
  N168>MH4428636       CONDUIT      1.08     0  00:33      0.90    0.03    1.00
  N188>MH4447880       CONDUIT      4.45     0  08:00      0.73    0.31    1.00
  MH4449785>N197       CONDUIT     60.65     0  00:01      1.53    2.31    1.00
  N198>MH4447416       CONDUIT      3.17     0  00:22      0.44    0.19    1.00
  N212>MH4427425       CONDUIT      0.12     0  00:01      0.44    0.00    0.07
  MH4449173>MH4449785  CONDUIT     42.99     0  08:00      1.08    1.64    1.00
  MH4428713>MH4428995  CONDUIT      1.35     0  00:27      0.48    0.09    1.00
  MH4447880>N258       CONDUIT      5.31     0  08:00      0.79    0.38    1.00
  MH4429357>N265       CONDUIT     17.48     0  00:14      0.53    0.63    1.00
  N272>MH4449860       CONDUIT      0.12     0  00:01      0.33    0.01    0.09
  N274>N275            CONDUIT      0.23     0  00:27      0.35    0.01    0.08
  N303>MH4428765       CONDUIT      0.35     0  00:42      0.50    0.01    0.61
  MH4447416>MH4447726  CONDUIT      4.37     0  00:22      0.49    0.25    1.00
  N325>MH4429357       CONDUIT      7.09     0  00:16      0.59    0.64    1.00
  MH4429013>N327       CONDUIT      8.93     0  08:00      0.82    0.64    1.00
  MH4448419>N328       CONDUIT     39.48     0  08:00      0.99    1.83    1.00
  N379>MH8963773       CONDUIT      4.16     0  00:17      0.37    0.25    1.00
  MH4426971>X385       CONDUIT      0.05     0  00:28      0.22    0.00    0.04
  MH4429645>N397       CONDUIT      3.94     0  00:54      0.76    0.28    1.00
  N328>MH4449103       CONDUIT     39.72     0  08:00      1.00    1.85    1.00
  MH4449849>MH4449785  CONDUIT     14.23     0  00:03      0.81    1.26    1.00
  N25>MH4447394        CONDUIT     10.85     0  08:00      0.62    0.78    1.00
  MH4428426>MH4428245  CONDUIT      0.27     0  00:43      0.45    0.01    0.08
  MH4427688>N166       CONDUIT      3.35     0  00:56      1.02    0.12    0.24
  MH4428995>N460       CONDUIT      6.75     0  00:21      0.42    0.62    1.00
  N467>N468            CONDUIT      0.06     0  00:02      0.49    0.00    0.05
  MH4449882>MH4449704  CONDUIT      5.69     0  00:19      0.33    1.70    1.00
  N483>MH4429320       CONDUIT      0.33     0  00:50      0.28    0.02    1.00
  N491>N492            CONDUIT      0.15     0  00:07      0.46    0.00    0.07
  MH4426673>N515       CONDUIT      0.23     0  00:34      0.32    0.01    0.09
  MH4428836>MH4429107  CONDUIT      4.52     0  00:26      0.53    0.34    1.00
  MH4448392>MH4448813  CONDUIT      0.46     0  00:46      0.33    0.03    0.71
  MH4427309>N85        CONDUIT      0.83     0  00:28      0.78    0.02    0.12
  N542>MH4428797       CONDUIT      0.11     0  01:22      0.44    0.00    0.04
  MH4449977>N552       CONDUIT      1.98     0  00:38      0.57    0.12    1.00
  N562>N563            CONDUIT      1.75     0  00:35      0.73    0.08    0.20
  N566>MH4428268       CONDUIT      1.68     0  01:17      1.03    0.05    0.15
  N578>MH4447394       CONDUIT     17.53     0  08:00      0.99    1.64    1.00
  N582>MH4450193       CONDUIT     21.11     0  00:01      1.19    0.88    1.00
  MH4428800>MH4429035  CONDUIT      0.34     0  01:12      0.45    0.01    0.10
  MH4449118>MH4448345  CONDUIT     11.24     0  00:14      0.64    0.91    1.00
  MH4447394>N599       CONDUIT     35.00     0  08:00      0.88    1.49    1.00
  MH4429411>MH4429136  CONDUIT      2.51     0  00:30      0.14    0.12    1.00
  N644>MH4429136       CONDUIT     14.70     0  00:00      6.17    0.16    1.00
  N124>MH4429312       CONDUIT      1.34     0  00:45      0.67    0.05    1.00
  N647>MH4427312       CONDUIT      0.93     0  00:39      0.76    0.03    0.12
  MH4449103>MH4449173  CONDUIT     42.52     0  08:00      1.07    0.93    1.00
  N552>MH4449704       CONDUIT      4.93     0  00:24      0.46    0.29    1.00
  MH4450100>MH4450180  CONDUIT      0.35     0  00:47      0.69    0.01    1.00
  N655>N656            CONDUIT      0.40     0  00:56      0.43    0.02    1.00
  N599>MH4448345       CONDUIT     35.21     0  08:00      0.89    1.51    1.00
  N659>N660            CONDUIT      0.20     0  00:14      0.46    0.01    0.07
  MH4429471>MH4447128  CONDUIT      3.69     0  00:25      0.43    0.26    1.00
  N675>MH4447394       CONDUIT      7.34     0  00:12      0.56    0.52    1.00
  N676>MH4447128       CONDUIT      2.94     0  00:20      0.25    0.17    1.00
  MH4428245>MH4428606  CONDUIT      1.67     0  00:49      0.68    0.05    1.00
  N43>MH4429499        CONDUIT     16.47     0  08:00      0.93    1.31    1.00
  MH4447602>MH4429645  CONDUIT      0.54     0  00:54      0.36    0.04    1.00
  MH4429499>N578       CONDUIT     17.29     0  08:00      0.98    1.60    1.00
  N687>N688            CONDUIT      0.12     0  00:08      0.36    0.00    1.00
  N693>N675            CONDUIT      6.22     0  00:12      0.76    0.44    1.00
  N695>MH4428146       CONDUIT      0.59     0  00:23      0.70    0.02    0.11
  N702>MH4450167       CONDUIT      0.91     0  00:20      0.31    0.06    1.00
  N711>MH4448853       CONDUIT     19.73     0  00:13      0.50    0.83    1.00
  MH4427714>N722       CONDUIT      0.76     0  00:29      0.71    0.02    0.11
  MH4450332>MH4450167  CONDUIT     13.92     0  08:00      0.79    1.28    1.00
  N492>MH4427714       CONDUIT      0.45     0  00:20      0.69    0.01    0.09
  MH4450167>MH4449849  CONDUIT     13.40     0  08:00      0.76    1.14    1.00
  N327>MH4429312       CONDUIT      9.15     0  08:00      0.80    0.66    1.00
  N515>MH4426979       CONDUIT      0.44     0  00:36      0.45    0.02    0.10
  N751>MH4427849       CONDUIT      0.27     0  00:23      0.47    0.01    0.10
  N275>MH4427309       CONDUIT      0.44     0  00:27      0.49    0.02    0.10
  N779>MH4428606       CONDUIT      0.29     0  00:00      2.30    0.00    1.00
  N781>MH4449118       CONDUIT      3.79     0  00:28      0.48    0.18    1.00
  N460>MH4429357       CONDUIT      8.69     0  00:17      0.49    0.81    1.00
  MH4447346>N198       CONDUIT      2.74     0  00:28      0.31    0.16    1.00
  MH4427659>X570       CONDUIT      0.19     0  00:29      0.42    0.01    0.06
  MH4450193>OUT        CONDUIT    125.94     0  00:00      3.17    4.87    1.00
  N563>MH4428836       CONDUIT      1.99     0  00:24      0.75    0.09    1.00
  MH4428026>N566       CONDUIT      1.52     0  01:16      0.97    0.04    0.14
  N799>MH4428836       CONDUIT      0.28     0  00:27      0.28    0.03    1.00
  N816>MH4428797       CONDUIT      0.66     0  00:34      0.65    0.02    0.11
  MH4428426>N816       CONDUIT      0.38     0  00:43      0.51    0.01    0.09
  N829>MH4449882       CONDUIT      3.71     0  00:23      0.37    0.22    1.00
  N842>MH4428583       CONDUIT      1.26     0  00:33      0.62    0.05    0.65
  N849>MH4450180       CONDUIT      2.50     0  00:12      0.32    0.14    1.00
  MH4427425>MH4427741  CONDUIT      0.53     0  01:00      0.61    0.02    0.10
  MH4429320>N853       CONDUIT      0.98     0  00:45      0.25    0.06    1.00
  N857>MH4427688       CONDUIT      1.77     0  00:54      0.73    0.05    0.19
  N862>N863            CONDUIT      0.08     0  00:10      0.20    0.01    0.07
  MH4428268>N870       CONDUIT      5.71     0  01:13      0.95    0.29    1.00
  MH4428146>N842       CONDUIT      0.92     0  00:31      0.66    0.03    0.13
  MH4428800>MH4428606  CONDUIT      0.38     0  00:35      0.53    0.01    1.00
  N97>MH4449785        CONDUIT     28.31     0  00:03      0.71    1.19    1.00
  N722>MH4428137       CONDUIT      1.02     0  00:32      0.85    0.03    0.12
  MH4428765>MH4428713  CONDUIT      0.68     0  00:43      0.37    0.05    1.00
  MH4428797>MH4429013  CONDUIT      1.15     0  00:35      0.83    0.04    1.00
  N197>MH4450193       CONDUIT     82.77     0  00:00      2.08    3.20    1.00
  N863>MH4428836       CONDUIT      0.31     0  00:22      0.42    0.01    1.00
  MH4427741>N113       CONDUIT      0.69     0  01:01      0.71    0.02    0.10
  MH4426673>X902       CONDUIT      0.03     0  00:34      0.21    0.00    0.03
  MH4449866>N582       CONDUIT     13.83     0  00:01      0.78    0.57    1.00
  N468>MH4427312       CONDUIT      0.33     0  00:25      0.55    0.01    0.11
  MH4426971>N274       CONDUIT      0.08     0  00:26      0.22    0.00    0.05
  N853>MH4429471       CONDUIT      1.29     0  00:34      0.41    0.07    1.00
  N258>MH4448929       CONDUIT      5.62     0  08:00      0.74    0.41    1.00
  N660>MH4428713       CONDUIT      0.41     0  00:24      0.50    0.01    1.00
  N914>MH4429107       CONDUIT      5.11     0  00:23      0.43    0.37    1.00
  N915>MH4429499       CONDUIT      3.37     0  00:21      0.59    0.11    1.00
  N916>MH4448392       CONDUIT      0.15     0  00:15      0.27    0.01    0.10
  N924>MH4429645       CONDUIT      3.53     0  00:00      1.25    0.18    1.00
  N870>MH4428636       CONDUIT      5.96     0  00:56      0.78    0.30    1.00
  MH4447726>N930       CONDUIT      8.55     0  00:19      0.49    0.69    1.00
  N931>MH4449704       CONDUIT      1.32     0  00:33      0.43    0.07    1.00
  MH4427312>N857       CONDUIT      1.51     0  00:54      0.92    0.04    0.15
  N688>N915            CONDUIT      0.42     0  00:02      0.66    0.01    1.00
  N930>MH4449103       CONDUIT      8.35     0  00:19      0.47    0.67    1.00
  MH4428067>N10        CONDUIT      0.31     0  00:39      0.50    0.01    0.08
  MH4448813>MH4449503  CONDUIT      0.89     0  01:12      0.39    0.07    1.00
  MH4428188>N562       CONDUIT      1.35     0  00:42      0.62    0.06    0.18
  MH4428636>N954       CONDUIT      7.30     0  00:34      0.79    0.53    1.00
  N956>MH4450332       CONDUIT      2.89     0  00:09      0.26    0.19    1.00
  N957>MH4428026       CONDUIT      0.35     0  00:37      0.57    0.01    0.08
  MH8963773>MH4447452  CONDUIT     18.63     0  00:13      0.76    0.83    1.00
  N656>MH4447880       CONDUIT      0.61     0  00:57      0.44    0.03    1.00
  N954>MH4429013       CONDUIT      7.53     0  00:29      0.75    0.54    1.00
  MH4447452>N711       CONDUIT     19.92     0  00:13      0.50    0.83    1.00
  MH4428583>N914       CONDUIT      1.66     0  03:04      0.51    0.12    1.00
  N975>N976            CONDUIT      0.50     0  00:08      0.28    0.03    1.00
  MH4426979>N647       CONDUIT      0.71     0  00:37      0.64    0.02    0.11
  N978>N695            CONDUIT      0.35     0  00:13      0.67    0.01    0.08
  MH4429107>N325       CONDUIT      6.24     0  00:18      0.61    0.55    1.00
  N265>MH8963773       CONDUIT     17.50     0  00:14      0.44    0.71    1.00
  MH4427849>MH4428245  CONDUIT      0.94     0  00:46      0.61    0.04    0.15
  N397>N188            CONDUIT      4.31     0  00:45      0.74    0.31    1.00
  N984>MH4447346       CONDUIT      0.44     0  00:43      0.46    0.03    1.00
  MH4450180>MH4450332  CONDUIT      5.21     0  00:11      0.35    0.44    1.00
  MH4448929>N693       CONDUIT      5.85     0  08:00      0.73    0.44    1.00
  MH4428137>MH4428188  CONDUIT      1.06     0  00:32      0.67    0.03    0.15
  MH4428067>MH4427849  CONDUIT      0.23     0  00:39      0.46    0.01    0.07
  MH4449860>MH4450100  CONDUIT      0.27     0  00:47      0.34    0.02    0.09
  N976>MH4449866       CONDUIT      2.84     0  00:03      0.41    0.13    1.00
  MH4449503>MH4449977  CONDUIT      1.35     0  00:35      0.46    0.11    1.00
  N1003>N655           CONDUIT      0.15     0  01:22      0.13    0.04    0.13
  N1007>MH4449118      CONDUIT      2.64     0  00:27      0.49    0.11    1.00
  MH4428367>N168       CONDUIT      0.86     0  01:41      0.81    0.02    0.11
  MH4427659>MH4427741  CONDUIT      0.00     0  00:00      0.00    0.00    0.05
  
  
  ***************************
  Flow Classification Summary
  ***************************
  
  -------------------------------------------------------------------------------------
                      Adjusted    ---------- Fraction of Time in Flow Class ---------- 
                       /Actual         Up    Down  Sub   Sup   Up    Down  Norm  Inlet 
  Conduit               Length    Dry  Dry   Dry   Crit  Crit  Crit  Crit  Ltd   Ctrl  
  -------------------------------------------------------------------------------------
  N10>MH4428367           1.00   0.00  0.00  0.00  0.00  1.00  0.00  0.00  1.00  0.00
  MH4428606>N13           1.00   0.00  0.00  0.00  0.95  0.05  0.00  0.00  0.09  0.00
  N22>MH4447602           1.00   0.00  0.00  0.00  0.99  0.01  0.00  0.00  0.99  0.00
  MH4429312>N25           1.00   0.00  0.00  0.00  0.98  0.02  0.00  0.00  0.00  0.00
  MH4429136>N43           1.00   0.00  0.00  0.00  1.00  0.00  0.00  0.00  0.00  0.00
  MH4448345>MH4448419     1.00   0.00  0.00  0.00  0.99  0.01  0.00  0.00  0.01  0.00
  N13>MH4429136           1.00   0.00  0.00  0.00  1.00  0.00  0.00  0.00  0.04  0.00
  N85>MH4427688           1.00   0.00  0.00  0.00  0.00  0.00  0.00  1.00  0.00  0.00
  MH4448853>N97           1.00   0.00  0.00  0.00  1.00  0.00  0.00  0.00  0.00  0.00
  N113>MH4428026          1.00   0.00  0.00  0.00  0.00  1.00  0.00  0.00  1.00  0.00
  MH4429035>N124          1.00   0.00  0.00  0.00  0.92  0.08  0.00  0.00  0.99  0.00
  MH4449704>MH4449118     1.00   0.00  0.00  0.00  1.00  0.00  0.00  0.00  0.03  0.00
  MH4447128>MH4447726     1.00   0.00  0.00  0.00  1.00  0.00  0.00  0.00  0.02  0.00
  N166>MH4428268          1.00   0.00  0.00  0.00  0.00  1.00  0.00  0.00  1.00  0.00
  N168>MH4428636          1.00   0.00  0.00  0.00  0.93  0.06  0.00  0.01  0.99  0.00
  N188>MH4447880          1.00   0.00  0.00  0.00  0.99  0.01  0.00  0.00  0.06  0.00
  MH4449785>N197          1.00   0.00  0.00  0.00  1.00  0.00  0.00  0.00  0.00  0.00
  N198>MH4447416          1.00   0.00  0.00  0.00  0.97  0.03  0.00  0.00  0.03  0.00
  N212>MH4427425          1.00   0.00  0.00  0.00  0.99  0.01  0.00  0.00  1.00  0.00
  MH4449173>MH4449785     1.00   0.00  0.00  0.00  1.00  0.00  0.00  0.00  0.00  0.00
  MH4428713>MH4428995     1.00   0.00  0.00  0.00  0.99  0.01  0.00  0.00  0.04  0.00
  MH4447880>N258          1.00   0.00  0.00  0.00  0.96  0.04  0.00  0.00  0.04  0.00
  MH4429357>N265          1.00   0.00  0.00  0.00  1.00  0.00  0.00  0.00  0.01  0.00
  N272>MH4449860          1.00   0.00  0.00  0.00  1.00  0.00  0.00  0.00  1.00  0.00
  N274>N275               1.00   0.00  0.00  0.00  0.00  1.00  0.00  0.00  1.00  0.00
  N303>MH4428765          1.00   0.00  0.00  0.00  0.91  0.00  0.00  0.09  0.91  0.00
  MH4447416>MH4447726     1.00   0.00  0.00  0.00  0.98  0.00  0.00  0.02  0.01  0.00
  N325>MH4429357          1.00   0.00  0.00  0.00  1.00  0.00  0.00  0.00  0.01  0.00
  MH4429013>N327          1.00   0.00  0.00  0.00  0.98  0.02  0.00  0.00  0.01  0.00
  MH4448419>N328          1.00   0.00  0.00  0.00  1.00  0.00  0.00  0.00  0.01  0.00
  N379>MH8963773          1.00   0.00  0.00  0.00  0.98  0.00  0.00  0.02  0.01  0.00
  MH4426971>X385          1.00   0.00  0.00  0.00  0.00  1.00  0.00  0.00  0.99  0.00
  MH4429645>N397          1.00   0.00  0.00  0.00  0.90  0.10  0.00  0.00  0.11  0.00
  N328>MH4449103          1.00   0.00  0.00  0.00  1.00  0.00  0.00  0.00  0.00  0.00
  MH4449849>MH4449785     1.00   0.00  0.00  0.00  1.00  0.00  0.00  0.00  0.00  0.00
  N25>MH4447394           1.00   0.00  0.00  0.00  0.98  0.00  0.00  0.02  0.01  0.00
  MH4428426>MH4428245     1.00   0.00  0.00  0.00  0.00  0.00  0.00  1.00  0.00  0.00
  MH4427688>N166          1.00   0.00  0.00  0.00  0.00  1.00  0.00  0.00  0.99  0.00
  MH4428995>N460          1.00   0.00  0.00  0.00  1.00  0.00  0.00  0.00  0.02  0.00
  N467>N468               1.00   0.00  0.00  0.00  1.00  0.00  0.00  0.00  1.00  0.00
  MH4449882>MH4449704     1.00   0.00  0.00  0.00  0.97  0.00  0.00  0.03  0.00  0.00
  N483>MH4429320          1.00   0.00  0.00  0.00  1.00  0.00  0.00  0.00  0.10  0.00
  N491>N492               1.00   0.00  0.00  0.00  0.00  1.00  0.00  0.00  1.00  0.00
  MH4426673>N515          1.00   0.00  0.00  0.00  0.00  1.00  0.00  0.00  1.00  0.00
  MH4428836>MH4429107     1.00   0.00  0.00  0.00  0.99  0.01  0.00  0.00  0.03  0.00
  MH4448392>MH4448813     1.00   0.00  0.00  0.00  1.00  0.00  0.00  0.00  0.99  0.00
  MH4427309>N85           1.00   0.00  0.00  0.00  0.00  1.00  0.00  0.00  0.99  0.00
  N542>MH4428797          1.00   0.00  0.00  0.00  0.00  0.00  0.00  1.00  0.00  0.00
  MH4449977>N552          1.00   0.00  0.00  0.00  0.95  0.05  0.00  0.00  0.06  0.00
  N562>N563               1.00   0.00  0.00  0.00  0.00  1.00  0.00  0.00  0.98  0.00
  N566>MH4428268          1.00   0.00  0.00  0.00  0.00  0.00  0.00  1.00  0.00  0.00
  N578>MH4447394          1.00   0.00  0.00  0.00  0.98  0.00  0.00  0.02  0.00  0.00
  N582>MH4450193          1.00   0.00  0.00  0.00  1.00  0.00  0.00  0.00  0.00  0.00
  MH4428800>MH4429035     1.00   0.00  0.00  0.00  0.00  1.00  0.00  0.00  0.99  0.00
  MH4449118>MH4448345     1.00   0.00  0.00  0.00  0.99  0.01  0.00  0.00  0.01  0.00
  MH4447394>N599          1.00   0.00  0.00  0.00  1.00  0.00  0.00  0.00  0.00  0.00
  MH4429411>MH4429136     1.00   0.00  0.00  0.00  1.00  0.00  0.00  0.00  0.06  0.00
  N644>MH4429136          1.00   0.00  0.00  0.00  0.98  0.02  0.00  0.00  0.02  0.00
  N124>MH4429312          1.00   0.00  0.00  0.00  0.98  0.00  0.00  0.02  0.06  0.00
  N647>MH4427312          1.00   0.00  0.00  0.00  0.00  0.00  0.00  1.00  0.00  0.00
  MH4449103>MH4449173     1.00   0.00  0.00  0.00  1.00  0.00  0.00  0.00  0.01  0.00
  N552>MH4449704          1.00   0.00  0.00  0.00  0.99  0.01  0.00  0.00  0.04  0.00
  MH4450100>MH4450180     1.00   0.00  0.00  0.00  0.98  0.00  0.00  0.02  0.98  0.00
  N655>N656               1.00   0.00  0.00  0.00  0.85  0.15  0.00  0.00  1.00  0.00
  N599>MH4448345          1.00   0.00  0.00  0.00  1.00  0.00  0.00  0.00  0.00  0.00
  N659>N660               1.00   0.00  0.00  0.00  0.00  1.00  0.00  0.00  1.00  0.00
  MH4429471>MH4447128     1.00   0.00  0.00  0.00  0.97  0.00  0.00  0.03  0.01  0.00
  N675>MH4447394          1.00   0.00  0.00  0.00  0.99  0.00  0.00  0.01  0.01  0.00
  N676>MH4447128          1.00   0.00  0.00  0.00  1.00  0.00  0.00  0.00  0.04  0.00
  MH4428245>MH4428606     1.00   0.00  0.00  0.00  0.88  0.12  0.00  0.00  1.00  0.00
  N43>MH4429499           1.00   0.00  0.00  0.00  0.99  0.01  0.00  0.00  0.00  0.00
  MH4447602>MH4429645     1.00   0.00  0.00  0.00  0.90  0.00  0.00  0.10  0.08  0.00
  MH4429499>N578          1.00   0.00  0.00  0.00  0.99  0.01  0.00  0.00  0.00  0.00
  N687>N688               1.00   0.00  0.00  0.00  0.83  0.17  0.00  0.00  1.00  0.00
  N693>N675               1.00   0.00  0.00  0.00  0.98  0.02  0.00  0.00  0.00  0.00
  N695>MH4428146          1.00   0.00  0.00  0.00  0.00  1.00  0.00  0.00  1.00  0.00
  N702>MH4450167          1.00   0.00  0.00  0.00  0.97  0.00  0.00  0.03  0.01  0.00
  N711>MH4448853          1.00   0.00  0.00  0.00  1.00  0.00  0.00  0.00  0.00  0.00
  MH4427714>N722          1.00   0.00  0.00  0.00  0.00  1.00  0.00  0.00  1.00  0.00
  MH4450332>MH4450167     1.00   0.00  0.00  0.00  1.00  0.00  0.00  0.00  0.01  0.00
  N492>MH4427714          1.00   0.00  0.00  0.00  0.00  1.00  0.00  0.00  1.00  0.00
  MH4450167>MH4449849     1.00   0.00  0.00  0.00  1.00  0.00  0.00  0.00  0.00  0.00
  N327>MH4429312          1.00   0.00  0.00  0.00  0.99  0.01  0.00  0.00  0.02  0.00
  N515>MH4426979          1.00   0.00  0.00  0.00  0.00  1.00  0.00  0.00  0.99  0.00
  N751>MH4427849          1.00   0.00  0.00  0.00  0.99  0.01  0.00  0.00  1.00  0.00
  N275>MH4427309          1.00   0.00  0.00  0.00  0.00  1.00  0.00  0.00  1.00  0.00
  N779>MH4428606          1.00   0.00  0.00  0.00  0.88  0.01  0.00  0.12  0.88  0.00
  N781>MH4449118          1.00   0.00  0.00  0.00  0.98  0.00  0.00  0.02  0.03  0.00
  N460>MH4429357          1.00   0.00  0.00  0.00  1.00  0.00  0.00  0.00  0.02  0.00
  MH4447346>N198          1.00   0.00  0.00  0.00  1.00  0.00  0.00  0.00  0.05  0.00
  MH4427659>X570          1.00   0.00  0.00  0.00  0.00  1.00  0.00  0.00  0.00  0.00
  MH4450193>OUT           1.00   0.00  0.00  0.00  1.00  0.00  0.00  0.00  0.00  0.00
  N563>MH4428836          1.00   0.00  0.00  0.00  0.95  0.00  0.00  0.05  0.95  0.00
  MH4428026>N566          1.00   0.00  0.00  0.00  0.00  1.00  0.00  0.00  0.99  0.00
  N799>MH4428836          1.00   0.00  0.00  0.00  0.94  0.00  0.00  0.06  0.03  0.00
  N816>MH4428797          1.00   0.00  0.00  0.00  0.00  1.00  0.00  0.00  0.99  0.00
  MH4428426>N816          1.00   0.00  0.00  0.00  0.00  1.00  0.00  0.00  1.00  0.00
  N829>MH4449882          1.00   0.00  0.00  0.00  0.99  0.01  0.00  0.00  0.04  0.00
  N842>MH4428583          1.00   0.00  0.00  0.00  0.90  0.10  0.00  0.00  1.00  0.00
  N849>MH4450180          1.00   0.00  0.00  0.00  1.00  0.00  0.00  0.00  0.02  0.00
  MH4427425>MH4427741     1.00   0.00  0.00  0.00  0.00  0.00  0.00  1.00  0.00  0.00
  MH4429320>N853          1.00   0.00  0.00  0.00  1.00  0.00  0.00  0.00  0.09  0.00
  N857>MH4427688          1.00   0.00  0.00  0.00  0.00  1.00  0.00  0.00  1.00  0.00
  N862>N863               1.00   0.00  0.00  0.00  1.00  0.00  0.00  0.00  1.00  0.00
  MH4428268>N870          1.00   0.00  0.00  0.00  0.87  0.13  0.00  0.00  0.65  0.00
  MH4428146>N842          1.00   0.00  0.00  0.00  0.00  1.00  0.00  0.00  1.00  0.00
  MH4428800>MH4428606     1.00   0.00  0.00  0.00  0.88  0.00  0.00  0.11  0.89  0.00
  N97>MH4449785           1.00   0.00  0.00  0.00  1.00  0.00  0.00  0.00  0.00  0.00
  N722>MH4428137          1.00   0.00  0.00  0.00  0.00  1.00  0.00  0.00  0.99  0.00
  MH4428765>MH4428713     1.00   0.00  0.00  0.00  0.94  0.00  0.00  0.06  0.02  0.00
  MH4428797>MH4429013     1.00   0.00  0.00  0.00  0.97  0.02  0.00  0.02  0.98  0.00
  N197>MH4450193          1.00   0.00  0.00  0.00  1.00  0.00  0.00  0.00  0.00  0.00
  N863>MH4428836          1.00   0.00  0.00  0.00  0.99  0.01  0.00  0.00  1.00  0.00
  MH4427741>N113          1.00   0.00  0.00  0.00  0.00  1.00  0.00  0.00  1.00  0.00
  MH4426673>X902          1.00   0.00  0.00  0.00  0.00  1.00  0.00  0.00  0.00  0.00
  MH4449866>N582          1.00   0.00  0.00  0.00  1.00  0.00  0.00  0.00  0.00  0.00
  N468>MH4427312          1.00   0.00  0.00  0.00  0.99  0.01  0.00  0.00  1.00  0.00
  MH4426971>N274          1.00   0.00  0.00  0.00  1.00  0.00  0.00  0.00  1.00  0.00
  N853>MH4429471          1.00   0.00  0.00  0.00  0.99  0.01  0.00  0.00  0.06  0.00
  N258>MH4448929          1.00   0.00  0.00  0.00  0.96  0.00  0.00  0.03  0.01  0.00
  N660>MH4428713          1.00   0.00  0.00  0.00  0.99  0.01  0.00  0.00  1.00  0.00
  N914>MH4429107          1.00   0.00  0.00  0.00  0.99  0.01  0.00  0.00  0.03  0.00
  N915>MH4429499          1.00   0.00  0.00  0.00  0.99  0.00  0.00  0.01  0.03  0.00
  N916>MH4448392          1.00   0.00  0.00  0.00  1.00  0.00  0.00  0.00  1.00  0.00
  N924>MH4429645          1.00   0.00  0.00  0.00  0.89  0.11  0.00  0.00  0.14  0.00
  N870>MH4428636          1.00   0.00  0.00  0.00  0.93  0.07  0.00  0.00  0.12  0.00
  MH4447726>N930          1.00   0.00  0.00  0.00  1.00  0.00  0.00  0.00  0.01  0.00
  N931>MH4449704          1.00   0.00  0.00  0.00  0.97  0.00  0.00  0.03  0.03  0.00
  MH4427312>N857          1.00   0.00  0.00  0.00  0.00  1.00  0.00  0.00  0.99  0.00
  N688>N915               1.00   0.00  0.00  0.00  0.96  0.04  0.00  0.00  0.16  0.00
  N930>MH4449103          1.00   0.00  0.00  0.00  0.99  0.01  0.00  0.00  0.01  0.00
  MH4428067>N10           1.00   0.00  0.00  0.00  0.00  1.00  0.00  0.00  1.00  0.00
  MH4448813>MH4449503     1.00   0.00  0.00  0.00  0.99  0.01  0.00  0.00  0.21  0.00
  MH4428188>N562          1.00   0.00  0.00  0.00  0.00  1.00  0.00  0.00  1.00  0.00
  MH4428636>N954          1.00   0.00  0.00  0.00  0.94  0.06  0.00  0.00  0.05  0.00
  N956>MH4450332          1.00   0.00  0.00  0.00  1.00  0.00  0.00  0.00  0.02  0.00
  N957>MH4428026          1.00   0.00  0.00  0.00  0.00  0.00  0.00  1.00  0.00  0.00
  MH8963773>MH4447452     1.00   0.00  0.00  0.00  1.00  0.00  0.00  0.00  0.02  0.00
  N656>MH4447880          1.00   0.00  0.00  0.00  0.99  0.01  0.00  0.00  0.14  0.00
  N954>MH4429013          1.00   0.00  0.00  0.00  0.99  0.01  0.00  0.00  0.05  0.00
  MH4447452>N711          1.00   0.00  0.00  0.00  1.00  0.00  0.00  0.00  0.00  0.00
  MH4428583>N914          1.00   0.00  0.00  0.00  0.98  0.02  0.00  0.00  0.08  0.00
  N975>N976               1.00   0.00  0.00  0.00  1.00  0.00  0.00  0.00  0.01  0.00
  MH4426979>N647          1.00   0.00  0.00  0.00  0.00  1.00  0.00  0.00  0.99  0.00
  N978>N695               1.00   0.00  0.00  0.00  0.00  1.00  0.00  0.00  1.00  0.00
  MH4429107>N325          1.00   0.00  0.00  0.00  1.00  0.00  0.00  0.00  0.01  0.00
  N265>MH8963773          1.00   0.00  0.00  0.00  1.00  0.00  0.00  0.00  0.01  0.00
  MH4427849>MH4428245     1.00   0.00  0.00  0.00  0.00  1.00  0.00  0.00  0.99  0.00
  N397>N188               1.00   0.00  0.00  0.00  0.93  0.07  0.00  0.00  0.08  0.00
  N984>MH4447346          1.00   0.00  0.00  0.00  0.95  0.05  0.00  0.00  0.08  0.00
  MH4450180>MH4450332     1.00   0.00  0.00  0.00  0.98  0.00  0.00  0.02  0.00  0.00
  MH4448929>N693          1.00   0.00  0.00  0.00  0.98  0.02  0.00  0.00  0.01  0.00
  MH4428137>MH4428188     1.00   0.00  0.00  0.00  0.00  1.00  0.00  0.00  1.00  0.00
  MH4428067>MH4427849     1.00   0.00  0.00  0.00  0.00  0.00  0.00  1.00  0.00  0.00
  MH4449860>MH4450100     1.00   0.00  0.00  0.00  0.00  1.00  0.00  0.00  0.00  0.00
  N976>MH4449866          1.00   0.00  0.00  0.00  1.00  0.00  0.00  0.00  0.00  0.00
  MH4449503>MH4449977     1.00   0.00  0.00  0.00  0.93  0.00  0.00  0.07  0.04  0.00
  N1003>N655              1.00   0.00  0.00  0.00  1.00  0.00  0.00  0.00  0.00  0.00
  N1007>MH4449118         1.00   0.00  0.00  0.00  0.98  0.00  0.00  0.02  0.03  0.00
  MH4428367>N168          1.00   0.00  0.00  0.00  0.00  1.00  0.00  0.00  0.99  0.00
  MH4427659>MH4427741     1.00   0.00  1.00  0.00  0.00  0.00  0.00  0.00  0.00  0.00
  
  
  *************************
  Conduit Surcharge Summary
  *************************
  
  ----------------------------------------------------------------------------
                                                           Hours        Hours 
                         --------- Hours Full --------   Above Full   Capacity
  Conduit                Both Ends  Upstream  Dnstream   Normal Flow   Limited
  ----------------------------------------------------------------------------
  MH4428606>N13               6.76      6.76      7.56      0.01         0.01
  N22>MH4447602               0.01      0.01      6.10      0.01         0.01
  MH4429312>N25               7.71      7.71      7.77      0.01         0.01
  MH4429136>N43               7.86      7.86      7.86      7.72         0.05
  MH4448345>MH4448419         7.85      7.85      7.86      0.01         0.01
  N13>MH4429136               7.56      7.56      7.82      0.01         0.01
  MH4448853>N97               7.90      7.90      7.94      0.01         0.01
  MH4429035>N124              0.01      0.01      7.24      0.01         0.01
  MH4449704>MH4449118         7.69      7.69      7.77      0.01         0.01
  MH4447128>MH4447726         7.70      7.70      7.78      0.01         0.01
  N168>MH4428636              0.01      0.01      7.29      0.01         0.01
  N188>MH4447880              7.36      7.36      7.46      0.01         0.01
  MH4449785>N197              7.97      7.97      7.99      7.35         0.01
  N198>MH4447416              7.61      7.61      7.68      0.01         0.01
  MH4449173>MH4449785         7.92      7.92      7.97      7.30         7.15
  MH4428713>MH4428995         7.39      7.39      7.66      0.01         0.01
  MH4447880>N258              7.46      7.46      7.59      0.01         0.01
  MH4429357>N265              7.74      7.74      7.77      0.01         0.01
  N303>MH4428765              0.01      0.01      7.04      0.01         0.01
  MH4447416>MH4447726         7.68      7.68      7.77      0.01         0.01
  N325>MH4429357              7.73      7.73      7.75      0.01         0.01
  MH4429013>N327              7.58      7.58      7.66      0.01         0.01
  MH4448419>N328              7.86      7.86      7.88      7.49         7.32
  N379>MH8963773              7.71      7.71      7.81      0.01         0.01
  MH4429645>N397              6.95      6.95      7.13      0.01         0.01
  N328>MH4449103              7.88      7.88      7.90      7.50         7.33
  MH4449849>MH4449785         7.94      7.94      7.96      7.34         0.01
  N25>MH4447394               7.77      7.77      7.82      0.01         0.01
  MH4428995>N460              7.66      7.66      7.71      0.01         0.01
  MH4449882>MH4449704         7.66      7.66      7.68      0.09         0.01
  N483>MH4429320              7.09      7.09      7.17      0.01         0.01
  MH4428836>MH4429107         7.55      7.55      7.68      0.01         0.01
  MH4448392>MH4448813         0.01      0.01      5.18      0.01         0.01
  MH4449977>N552              7.36      7.36      7.58      0.01         0.01
  N578>MH4447394              7.82      7.83      7.82      7.77         7.60
  N582>MH4450193              7.98      7.98      8.00      0.01         0.01
  MH4449118>MH4448345         7.77      7.77      7.86      0.01         0.01
  MH4447394>N599              7.82      7.82      7.84      7.42         7.21
  MH4429411>MH4429136         7.49      7.49      7.82      0.01         0.01
  N644>MH4429136              7.77      7.77      7.86      0.01         0.01
  N124>MH4429312              7.24      7.24      7.70      0.01         0.01
  MH4449103>MH4449173         7.90      7.90      7.92      0.01         0.01
  N552>MH4449704              7.58      7.58      7.69      0.01         0.01
  MH4450100>MH4450180         0.01      0.01      7.81      0.01         0.01
  N655>N656                   0.01      0.01      6.65      0.01         0.01
  N599>MH4448345              7.84      7.84      7.85      7.43         7.24
  MH4429471>MH4447128         7.57      7.57      7.69      0.01         0.01
  N675>MH4447394              7.80      7.80      7.82      0.01         0.01
  N676>MH4447128              7.65      7.65      7.70      0.01         0.01
  MH4428245>MH4428606         0.01      0.01      6.76      0.01         0.01
  N43>MH4429499               7.86      7.86      7.88      7.71         0.06
  MH4447602>MH4429645         6.10      6.10      6.90      0.01         0.01
  MH4429499>N578              7.83      7.88      7.83      7.78         7.53
  N687>N688                   0.01      0.01      6.42      0.01         0.01
  N693>N675                   7.74      7.74      7.80      0.01         0.01
  N702>MH4450167              7.38      7.38      7.72      0.01         0.01
  N711>MH4448853              7.86      7.86      7.90      0.01         0.01
  MH4450332>MH4450167         7.86      7.86      7.89      7.40         0.01
  MH4450167>MH4449849         7.89      7.89      7.94      7.24         0.01
  N327>MH4429312              7.66      7.66      7.71      0.01         0.01
  N779>MH4428606              0.01      0.01      6.70      0.01         0.01
  N781>MH4449118              7.52      7.52      7.76      0.01         0.01
  N460>MH4429357              7.71      7.71      7.75      0.01         0.01
  MH4447346>N198              7.53      7.53      7.61      0.01         0.01
  MH4450193>OUT               8.00      8.00      8.00      7.45         0.01
  N563>MH4428836              0.01      0.01      7.54      0.01         0.01
  N799>MH4428836              7.00      7.00      7.45      0.01         0.01
  N829>MH4449882              7.61      7.61      7.66      0.01         0.01
  N842>MH4428583              0.01      0.01      6.94      0.01         0.01
  N849>MH4450180              7.78      7.78      7.81      0.01         0.01
  MH4429320>N853              7.16      7.16      7.39      0.01         0.01
  MH4428268>N870              0.01      0.01      6.88      0.01         0.01
  MH4428800>MH4428606         0.01      0.01      6.72      0.01         0.01
  N97>MH4449785               7.94      7.94      7.96      0.03         0.01
  MH4428765>MH4428713         7.12      7.12      7.37      0.01         0.01
  MH4428797>MH4429013         0.01      0.01      7.55      0.01         0.01
  N197>MH4450193              7.99      7.99      8.00      7.40         0.01
  N863>MH4428836              0.01      0.01      7.55      0.01         0.01
  MH4449866>N582              7.96      7.96      7.98      0.01         0.01
  N853>MH4429471              7.39      7.39      7.57      0.01         0.01
  N258>MH4448929              7.59      7.59      7.68      0.01         0.01
  N660>MH4428713              0.01      0.01      7.39      0.01         0.01
  N914>MH4429107              7.60      7.60      7.68      0.01         0.01
  N915>MH4429499              7.63      7.63      7.85      0.01         0.01
  N924>MH4429645              6.71      6.71      6.95      0.01         0.01
  N870>MH4428636              6.88      6.88      7.33      0.01         0.01
  MH4447726>N930              7.78      7.78      7.84      0.01         0.01
  N931>MH4449704              7.42      7.42      7.68      0.01         0.01
  N688>N915                   6.42      6.42      7.63      0.01         0.01
  N930>MH4449103              7.84      7.84      7.91      0.01         0.01
  MH4448813>MH4449503         5.18      5.18      6.96      0.01         0.01
  MH4428636>N954              7.33      7.33      7.47      0.01         0.01
  N956>MH4450332              7.82      7.82      7.86      0.01         0.01
  MH8963773>MH4447452         7.81      7.81      7.81      0.01         0.01
  N656>MH4447880              6.65      6.65      7.46      0.01         0.01
  N954>MH4429013              7.47      7.47      7.58      0.01         0.01
  MH4447452>N711              7.81      7.81      7.86      0.01         0.01
  MH4428583>N914              6.94      6.94      7.60      0.01         0.01
  N975>N976                   7.80      7.80      7.91      0.01         0.01
  MH4429107>N325              7.68      7.68      7.73      0.01         0.01
  N265>MH8963773              7.77      7.77      7.81      0.01         0.01
  N397>N188                   7.13      7.13      7.36      0.01         0.01
  N984>MH4447346              7.19      7.19      7.53      0.01         0.01
  MH4450180>MH4450332         7.81      7.81      7.85      0.01         0.01
  MH4448929>N693              7.69      7.69      7.74      0.01         0.01
  N976>MH4449866              7.91      7.91      7.96      0.01         0.01
  MH4449503>MH4449977         6.96      6.96      7.34      0.01         0.01
  N1007>MH4449118             7.54      7.54      7.76      0.01         0.01
  

  Analysis begun on:  Thu Sep 24 05:06:32 2026
  Analysis ended on:  Thu Sep 24 05:06:35 2026
  Total elapsed time: 00:00:03